
> my-baptist-hymnal@0.1.0 test
> react-scripts test src/components/VerifyYorubaHymns_341_400.test.js

  console.error
    Warning: `ReactDOMTestUtils.act` is deprecated in favor of `React.act`. Import `act` from `react` instead of `react-dom/test-utils`. See https://react.dev/warnings/react-dom-test-utils for more info.

    [0m [90m  5 |[39m
     [90m  6 |[39m [36mconst[39m renderHymn [33m=[39m (id) [33m=>[39m {
    [31m[1m>[22m[39m[90m  7 |[39m     [36mreturn[39m render(
     [90m    |[39m                  [31m[1m^[22m[39m
     [90m  8 |[39m         [33m<[39m[33mMemoryRouter[39m initialEntries[33m=[39m{[[32m`/yoruba-hymn/${id}`[39m]}[33m>[39m
     [90m  9 |[39m             [33m<[39m[33mRoutes[39m[33m>[39m
     [90m 10 |[39m                 [33m<[39m[33mRoute[39m path[33m=[39m[32m"/yoruba-hymn/:id"[39m element[33m=[39m{[33m<[39m[33mYorubaHymnDetail[39m [35m/>} /[39m[33m>[39m[0m

      at printWarning (node_modules/react-dom/cjs/react-dom-test-utils.development.js:71:30)
      at error (node_modules/react-dom/cjs/react-dom-test-utils.development.js:45:7)
      at actWithWarning (node_modules/react-dom/cjs/react-dom-test-utils.development.js:1736:7)
      at node_modules/@testing-library/react/dist/act-compat.js:63:25
      at renderRoot (node_modules/@testing-library/react/dist/pure.js:159:26)
      at render (node_modules/@testing-library/react/dist/pure.js:246:10)
      at renderHymn (src/components/VerifyYorubaHymns_341_400.test.js:7:18)
      at Object.<anonymous> (src/components/VerifyYorubaHymns_341_400.test.js:30:13)

  console.warn
    ΓÜá∩╕Å React Router Future Flag Warning: React Router will begin wrapping state updates in `React.startTransition` in v7. You can use the `v7_startTransition` future flag to opt-in early. For more information, see https://reactrouter.com/v6/upgrading/future#v7_starttransition.

    [0m [90m  5 |[39m
     [90m  6 |[39m [36mconst[39m renderHymn [33m=[39m (id) [33m=>[39m {
    [31m[1m>[22m[39m[90m  7 |[39m     [36mreturn[39m render(
     [90m    |[39m                  [31m[1m^[22m[39m
     [90m  8 |[39m         [33m<[39m[33mMemoryRouter[39m initialEntries[33m=[39m{[[32m`/yoruba-hymn/${id}`[39m]}[33m>[39m
     [90m  9 |[39m             [33m<[39m[33mRoutes[39m[33m>[39m
     [90m 10 |[39m                 [33m<[39m[33mRoute[39m path[33m=[39m[32m"/yoruba-hymn/:id"[39m element[33m=[39m{[33m<[39m[33mYorubaHymnDetail[39m [35m/>} /[39m[33m>[39m[0m

      at warnOnce (node_modules/react-router/lib/deprecations.ts:9:13)
      at logDeprecation (node_modules/react-router/lib/deprecations.ts:14:3)
      at logV6DeprecationWarnings (node_modules/react-router/lib/deprecations.ts:26:5)
      at node_modules/react-router/lib/components.tsx:257:25
      at commitHookEffectListMount (node_modules/react-dom/cjs/react-dom.development.js:23189:26)
      at commitPassiveMountOnFiber (node_modules/react-dom/cjs/react-dom.development.js:24970:11)
      at commitPassiveMountEffects_complete (node_modules/react-dom/cjs/react-dom.development.js:24930:9)
      at commitPassiveMountEffects_begin (node_modules/react-dom/cjs/react-dom.development.js:24917:7)
      at commitPassiveMountEffects (node_modules/react-dom/cjs/react-dom.development.js:24905:3)
      at flushPassiveEffectsImpl (node_modules/react-dom/cjs/react-dom.development.js:27078:3)
      at flushPassiveEffects (node_modules/react-dom/cjs/react-dom.development.js:27023:14)
      at node_modules/react-dom/cjs/react-dom.development.js:26808:9
      at flushActQueue (node_modules/react/cjs/react.development.js:2667:24)
      at act (node_modules/react/cjs/react.development.js:2582:11)
      at actWithWarning (node_modules/react-dom/cjs/react-dom-test-utils.development.js:1740:10)
      at node_modules/@testing-library/react/dist/act-compat.js:63:25
      at renderRoot (node_modules/@testing-library/react/dist/pure.js:159:26)
      at render (node_modules/@testing-library/react/dist/pure.js:246:10)
      at renderHymn (src/components/VerifyYorubaHymns_341_400.test.js:7:18)
      at Object.<anonymous> (src/components/VerifyYorubaHymns_341_400.test.js:30:13)

  console.warn
    ΓÜá∩╕Å React Router Future Flag Warning: Relative route resolution within Splat routes is changing in v7. You can use the `v7_relativeSplatPath` future flag to opt-in early. For more information, see https://reactrouter.com/v6/upgrading/future#v7_relativesplatpath.

    [0m [90m  5 |[39m
     [90m  6 |[39m [36mconst[39m renderHymn [33m=[39m (id) [33m=>[39m {
    [31m[1m>[22m[39m[90m  7 |[39m     [36mreturn[39m render(
     [90m    |[39m                  [31m[1m^[22m[39m
     [90m  8 |[39m         [33m<[39m[33mMemoryRouter[39m initialEntries[33m=[39m{[[32m`/yoruba-hymn/${id}`[39m]}[33m>[39m
     [90m  9 |[39m             [33m<[39m[33mRoutes[39m[33m>[39m
     [90m 10 |[39m                 [33m<[39m[33mRoute[39m path[33m=[39m[32m"/yoruba-hymn/:id"[39m element[33m=[39m{[33m<[39m[33mYorubaHymnDetail[39m [35m/>} /[39m[33m>[39m[0m

      at warnOnce (node_modules/react-router/lib/deprecations.ts:9:13)
      at logDeprecation (node_modules/react-router/lib/deprecations.ts:14:3)
      at logV6DeprecationWarnings (node_modules/react-router/lib/deprecations.ts:37:5)
      at node_modules/react-router/lib/components.tsx:257:25
      at commitHookEffectListMount (node_modules/react-dom/cjs/react-dom.development.js:23189:26)
      at commitPassiveMountOnFiber (node_modules/react-dom/cjs/react-dom.development.js:24970:11)
      at commitPassiveMountEffects_complete (node_modules/react-dom/cjs/react-dom.development.js:24930:9)
      at commitPassiveMountEffects_begin (node_modules/react-dom/cjs/react-dom.development.js:24917:7)
      at commitPassiveMountEffects (node_modules/react-dom/cjs/react-dom.development.js:24905:3)
      at flushPassiveEffectsImpl (node_modules/react-dom/cjs/react-dom.development.js:27078:3)
      at flushPassiveEffects (node_modules/react-dom/cjs/react-dom.development.js:27023:14)
      at node_modules/react-dom/cjs/react-dom.development.js:26808:9
      at flushActQueue (node_modules/react/cjs/react.development.js:2667:24)
      at act (node_modules/react/cjs/react.development.js:2582:11)
      at actWithWarning (node_modules/react-dom/cjs/react-dom-test-utils.development.js:1740:10)
      at node_modules/@testing-library/react/dist/act-compat.js:63:25
      at renderRoot (node_modules/@testing-library/react/dist/pure.js:159:26)
      at render (node_modules/@testing-library/react/dist/pure.js:246:10)
      at renderHymn (src/components/VerifyYorubaHymns_341_400.test.js:7:18)
      at Object.<anonymous> (src/components/VerifyYorubaHymns_341_400.test.js:30:13)

node.exe : FAIL src/components/Ve
rifyYorubaHymns_341_400.test.js 
(6.165 s)
At C:\Program 
Files\nodejs\npm.ps1:29 char:3
+   & $NODE_EXE $NPM_CLI_JS $args
+   ~~~~~~~~~~~~~~~~~~~~~~~~~~~~~
    + CategoryInfo          : No 
   tSpecified: (FAIL src/compon  
  ...st.js (6.165 s):String) [   
 ], RemoteException
    + FullyQualifiedErrorId : Na 
   tiveCommandError
 
  YorubaHymnDetail Verification 
(Hymns 341-400)
    ├ù renders hymn 341 
correctly (875 ms)
    ├ù renders hymn 350 
correctly (99 ms)
    ├ù renders hymn 360 
correctly (56 ms)
    ├ù renders hymn 361 
correctly (61 ms)
    ├ù renders hymn 370 
correctly (101 ms)
    ├ù renders hymn 380 
correctly (43 ms)
    ├ù renders hymn 390 
correctly (39 ms)
    ├ù renders hymn 400 
correctly (45 ms)
    ├ù verifies specific content 
for hymn 361 (59 ms)
    ├ù verifies specific content 
for hymn 400 (32 ms)

  ΓùÅ YorubaHymnDetail 
Verification (Hymns 341-400) ΓÇ║ 
renders hymn 341 correctly

    TestingLibraryElementError: 
Unable to find an element with 
the text: /OL├ÜWA, r├án w├í 
lß╗ì╠üwß╗ì╠ü/i. This could be 
because the text is broken up by 
multiple elements. In this case, 
you can provide a function for 
your text matcher to make your 
matcher more flexible.

    Ignored nodes: comments, 
script, style
    [36m<body>[39m
      [36m<div>[39m
        [36m<div[39m
          [33mclass[39m=[32m"h
ymn-detail-page 
theme-undefined"[39m
        [36m>[39m
          [36m<div[39m
            [33mclass[39m=[32m
"header-top-row"[39m
          [36m>[39m
            [36m<div[39m
              [33mclass[39m=[3
2m"header-spacer"[39m
            [36m/>[39m
          [36m</div>[39m
          [36m<div[39m
            [33mclass[39m=[32m
"hymn-topic-section"[39m
          [36m>[39m
            [36m<h1>[39m
              [0mOrin Ko Si[0m
            [36m</h1>[39m
            [36m<div[39m
              [33mclass[39m=[3
2m"hymn-topic"[39m
            [36m>[39m
              [0mAimß╗ì[0m
            [36m</div>[39m
            [36m<div[39m
              [33mclass[39m=[3
2m"hymn-source"[39m
            [36m>[39m
              [0mYoruba Baptist 
Hymnal[0m
            [36m</div>[39m
          [36m</div>[39m
          [36m<div[39m
            [33mclass[39m=[32m
"hymn-content"[39m
          [36m>[39m
            [36m<div[39m
              [33mclass[39m=[3
2m"navigation-arrows"[39m
            [36m>[39m
              [36m<button[39m
                
[33mclass[39m=[32m"nav-arrow 
prev-arrow"[39m
              [36m>[39m
                [36m<span[39m
                  
[33mclass[39m=[32m"icon"[39m
                [36m>[39m
                  [0mΓåÉ[0m
                [36m</span>[39m
              [36m</button>[39m
              [36m<button[39m
                
[33mclass[39m=[32m"nav-arrow 
next-arrow"[39m
              [36m>[39m
                [36m<span[39m
                  
[33mclass[39m=[32m"icon"[39m
                [36m>[39m
                  [0mΓåÆ[0m
                [36m</span>[39m
              [36m</button>[39m
            [36m</div>[39m
            [36m<div[39m
              [33mclass[39m=[3
2m"floating-share"[39m
            [36m>[39m
              [36m<button[39m
                
[33maria-label[39m=[32m"P├¡n 
orin"[39m
                [33mclass[39m=
[32m"share-button"[39m
              [36m>[39m
                [36m<span[39m
                  
[33mclass[39m=[32m"icon"[39m
                [36m>[39m
                  [0mΓåù∩╕Å[0m
                [36m</span>[39m
              [36m</button>[39m
            [36m</div>[39m
            [36m<div[39m
              [33mclass[39m=[3
2m"metadata-box"[39m
            [36m>[39m
              [36m<div[39m
                [33mclass[39m=
[32m"metadata-item"[39m
              [36m>[39m
                [36m<span[39m
                  
[33mclass[39m=[32m"label"[39m
                [36m>[39m
                  
[0mNß╗ì╠ümb├á:[0m
                [36m</span>[39m
                [36m<span[39m
                  
[33mclass[39m=[32m"value"[39m
                [36m>[39m
                  [0mN/A[0m
                [36m</span>[39m
              [36m</div>[39m
              [36m<div[39m
                [33mclass[39m=
[32m"metadata-item"[39m
              [36m>[39m
                [36m<span[39m
                  
[33mclass[39m=[32m"label"[39m
                [36m>[39m
                  
[0mOnkß╗ì╠Çw├⌐:[0m
                [36m</span>[39m
                [36m<span[39m
                  
[33mclass[39m=[32m"value"[39m
                [36m>[39m
                  [0mAimß╗ì[0m
                [36m</span>[39m
              [36m</div>[39m
              [36m<div[39m
                [33mclass[39m=
[32m"metadata-item"[39m
              [36m>[39m
                [36m<span[39m
                  
[33mclass[39m=[32m"label"[39m
                [36m>[39m
                  
[0mAkß╗ì╠ümpose:[0m
                [36m</span>[39m
                [36m<span[39m
                  
[33mclass[39m=[32m"value"[39m
                [36m>[39m
                  [0mAimß╗ì[0m
                [36m</span>[39m
              [36m</div>[39m
              [36m<div[39m
                [33mclass[39m=
[32m"metadata-item"[39m
              [36m>[39m
                [36m<span[39m
                  
[33mclass[39m=[32m"label"[39m
                [36m>[39m
                  [0mTune:[0m
                [36m</span>[39m
                [36m<span[39m
                  
[33mclass[39m=[32m"value"[39m
                [36m>[39m
                  [0mAimß╗ì[0m
                [36m</span>[39m
              [36m</div>[39m
              [36m<div[39m
                [33mclass[39m=
[32m"metadata-item"[39m
              [36m>[39m
                [36m<span[39m
                  
[33mclass[39m=[32m"label"[39m
                [36m>[39m
                  [0mMeter:[0m
                [36m</span>[39m
                [36m<span[39m
                  
[33mclass[39m=[32m"value"[39m
                [36m>[39m
                  [0mAimß╗ì[0m
                [36m</span>[39m
              [36m</div>[39m
              [36m<div[39m
                [33mclass[39m=
[32m"metadata-item"[39m
              [36m>[39m
                [36m<span[39m
                  
[33mclass[39m=[32m"label"[39m
                [36m>[39m
                  [0mKey:[0m
                [36m</span>[39m
                [36m<span[39m
                  
[33mclass[39m=[32m"value"[39m
                [36m>[39m
                  [0mAimß╗ì[0m
                [36m</span>[39m
              [36m</div>[39m
              [36m<div[39m
                [33mclass[39m=
[32m"metadata-item"[39m
              [36m>[39m
                [36m<span[39m
                  
[33mclass[39m=[32m"label"[39m
                [36m>[39m
                  
[0mß╗îd├║n:[0m
                [36m</span>[39m
                [36m<span[39m
                  
[33mclass[39m=[32m"value"[39m
                [36m>[39m
                  [0mAimß╗ì[0m
                [36m</span>[39m
              [36m</div>[39m
              [36m<div[39m
                [33mclass[39m=
[32m"metadata-item"[39m
                [33mdata-type[3
9m=[32m"scripture"[39m
              [36m>[39m
                [36m<span[39m
                  
[33mclass[39m=[32m"label"[39m
                [36m>[39m
                  [0m├îw├⌐ 
M├¡mß╗ì╠ü:[0m
                [36m</span>[39m
                [36m<span[39m
                  
[33mclass[39m=[32m"value"[39m
                [36m>[39m
                  [0mAimß╗ì[0m
                [36m</span>[39m
              [36m</div>[39m
            [36m</div>[39m
            [36m<div[39m
              [33mclass[39m=[3
2m"lyrics"[39m
              [33mstyle[39m=[3
2m"user-select: text;"[39m
            [36m>[39m
              [36m<div[39m
                [33mclass[39m=
[32m"stanza-container"[39m
                [33mstyle[39m=
[32m"margin-top: 0px; 
margin-bottom: 0px;"[39m
              [36m>[39m
                [36m<div[39m
                  [33mclass[39m
=[32m"stanza"[39m
                  [33mstyle[39m
=[32m"margin-top: 0px; 
margin-bottom: 1px;"[39m
                [36m>[39m
                  [36m<div[39m
                    [33mclass[3
9m=[32m"music-signs 
transparent"[39m
                  [36m>[39m
                    [0mx[0m
                  
[36m</div>[39m
                  [36m<div[39m
                    [33mclass[3
9m=[32m"stanza-number"[39m
                  [36m>[39m
                    [0m1.[0m
                  
[36m</div>[39m
                  [36m<div[39m
                    [33mclass[3
9m=[32m"stanza-text"[39m
                  [36m>[39m
                    
[36m<div[39m
                      
[33mclass[39m=[32m"line "[39m
                      [33mstyle
[39m=[32m"margin-top: 0px; 
margin-bottom: 1px;"[39m
                    [36m>[39m
                      [0mAlaye 
orin ko si.[0m
                    
[36m</div>[39m
                  
[36m</div>[39m
                [36m</div>[39m
              [36m</div>[39m
            [36m</div>[39m
            [36m<div[39m
              [33mclass[39m=[3
2m"hymn-history"[39m
            [36m>[39m
              [36m<h3>[39m
                [0m├ît├án[0m
              [36m</h3>[39m
              [36m<p>[39m
                [0mKo si itan 
fun orin yii.[0m
              [36m</p>[39m
            [36m</div>[39m
          [36m</div>[39m
          [36m<div[39m
            [33mclass[39m=[32m
"highlight-toolbar "[39m
          [36m>[39m
            [36m<div[39m
              [33mclass[39m=[3
2m"color-picker-title"[39m
            [36m>[39m
              [0mYan ├Çwß╗ì╠Ç 
Underline[0m
            [36m</div>[39m
            [36m<div[39m
              [33mclass[39m=[3
2m"color-grid"[39m
            [36m>[39m
              [36m<button[39m
                [33mclass[39m=
[32m"color-button yellow 
active"[39m
                [33mdata-color[
39m=[32m"Yellow"[39m
                
[33mtitle[39m=[32m"Yellow 
underline"[39m
              [36m/>[39m
              [36m<button[39m
                [33mclass[39m=
[32m"color-button red "[39m
                [33mdata-color[
39m=[32m"Red"[39m
                
[33mtitle[39m=[32m"Red 
underline"[39m
              [36m/>[39m
              [36m<button[39m
                [33mclass[39m=
[32m"color-button blue "[39m
                [33mdata-color[
39m=[32m"Blue"[39m
                
[33mtitle[39m=[32m"Blue 
underline"[39m
              [36m/>[39m
              [36m<button[39m
                [33mclass[39m=
[32m"color-button orange "[39m
                [33mdata-color[
39m=[32m"Orange"[39m
                
[33mtitle[39m=[32m"Orange 
underline"[39m
              [36m/>[39m
              [36m<button[39m
                [33mclass[39m=
[32m"color-button ash "[39m
                [33mdata-color[
39m=[32m"Ash"[39m
                
[33mtitle[39m=[32m"Ash 
underline"[39m
              [36m/>[39m
              [36m<button[39m
                [33mclass[39m=
[32m"color-button black "[39m
                [33mdata-color[
39m=[32m"Black"[39m
                
[33mtitle[39m=[32m"Black 
underline"[39m
              [36m/>[39m
            [36m</div>[39m
            [36m<div[39m
              [33mclass[39m=[3
2m"undo-redo-buttons"[39m
            [36m>[39m
              [36m<button[39m
                [33mclass[39m=
[32m"undo-redo-button"[39m
                
[33mdisabled[39m=[32m""[39m
                
[33mtitle[39m=[32m"Pad├á 
sß║╣╠üy├¼n"[39m
              [36m>[39m
                [36m<span[39m
                  
[33mclass[39m=[32m"icon"[39m
                [36m>[39m
                  [0mΓå⌐[0m
                [36m</span>[39m
                [0m Pad├á[0m
              [36m</button>[39m
              [36m<button[39m
                [33mclass[39m=
[32m"undo-redo-button"[39m
                
[33mdisabled[39m=[32m""[39m
                
[33mtitle[39m=[32m"T├║n 
ß╣úe"[39m
              [36m>[39m
                [36m<span[39m
                  
[33mclass[39m=[32m"icon"[39m
                [36m>[39m
                  [0mΓå¬[0m
                [36m</span>[39m
                [0m T├║n 
ß╣úe[0m
              [36m</button>[39m
            [36m</div>[39m
          [36m</div>[39m
        [36m</div>[39m
      [36m</div>[39m
    [36m</body>[39m

    [0m [90m 31 |[39m
     [90m 32 |[39m             
[90m// Check title (ignoring 
case for flexibility)[39m
    [31m[1m>[22m[39m[90m 33 
|[39m             
[36mconst[39m titleElement 
[33m=[39m screen[33m.[39mgetB
yText([36mnew[39m [33mRegExp[
39m(title[33m,[39m 
[32m'i'[39m))[33m;[39m
     [90m    |[39m             
                            
[31m[1m^[22m[39m
     [90m 34 |[39m             
expect(titleElement)[33m.[39mto
BeInTheDocument()[33m;[39m
     [90m 35 |[39m
     [90m 36 |[39m             
[90m// Check for presence of 
"Yoruba Baptist Hymnal"[39m[0m

      at Object.getElementError (
node_modules/@testing-library/rea
ct/node_modules/@testing-library/
dom/dist/config.js:37:19)
      at node_modules/@testing-li
brary/react/node_modules/@testing
-library/dom/dist/query-helpers.j
s:76:38
      at node_modules/@testing-li
brary/react/node_modules/@testing
-library/dom/dist/query-helpers.j
s:52:17
      at getByText (node_modules/
@testing-library/react/node_modul
es/@testing-library/dom/dist/quer
y-helpers.js:95:19)
      at Object.<anonymous> (src/
components/VerifyYorubaHymns_341_
400.test.js:33:41)

  ΓùÅ YorubaHymnDetail 
Verification (Hymns 341-400) ΓÇ║ 
renders hymn 350 correctly

    TestingLibraryElementError: 
Unable to find an element with 
the text: /OL├ÜWA, fΓÇÖ 
al├á├íf├¡├á Rß║╣ f├║n wa/i. This 
could be because the text is 
broken up by multiple elements. 
In this case, you can provide a 
function for your text matcher 
to make your matcher more 
flexible.

    Ignored nodes: comments, 
script, style
    [36m<body>[39m
      [36m<div>[39m
        [36m<div[39m
          [33mclass[39m=[32m"h
ymn-detail-page 
theme-undefined"[39m
        [36m>[39m
          [36m<div[39m
            [33mclass[39m=[32m
"header-top-row"[39m
          [36m>[39m
            [36m<div[39m
              [33mclass[39m=[3
2m"header-spacer"[39m
            [36m/>[39m
          [36m</div>[39m
          [36m<div[39m
            [33mclass[39m=[32m
"hymn-topic-section"[39m
          [36m>[39m
            [36m<h1>[39m
              [0mOrin Ko Si[0m
            [36m</h1>[39m
            [36m<div[39m
              [33mclass[39m=[3
2m"hymn-topic"[39m
            [36m>[39m
              [0mAimß╗ì[0m
            [36m</div>[39m
            [36m<div[39m
              [33mclass[39m=[3
2m"hymn-source"[39m
            [36m>[39m
              [0mYoruba Baptist 
Hymnal[0m
            [36m</div>[39m
          [36m</div>[39m
          [36m<div[39m
            [33mclass[39m=[32m
"hymn-content"[39m
          [36m>[39m
            [36m<div[39m
              [33mclass[39m=[3
2m"navigation-arrows"[39m
            [36m>[39m
              [36m<button[39m
                
[33mclass[39m=[32m"nav-arrow 
prev-arrow"[39m
              [36m>[39m
                [36m<span[39m
                  
[33mclass[39m=[32m"icon"[39m
                [36m>[39m
                  [0mΓåÉ[0m
                [36m</span>[39m
              [36m</button>[39m
              [36m<button[39m
                
[33mclass[39m=[32m"nav-arrow 
next-arrow"[39m
              [36m>[39m
                [36m<span[39m
                  
[33mclass[39m=[32m"icon"[39m
                [36m>[39m
                  [0mΓåÆ[0m
                [36m</span>[39m
              [36m</button>[39m
            [36m</div>[39m
            [36m<div[39m
              [33mclass[39m=[3
2m"floating-share"[39m
            [36m>[39m
              [36m<button[39m
                
[33maria-label[39m=[32m"P├¡n 
orin"[39m
                [33mclass[39m=
[32m"share-button"[39m
              [36m>[39m
                [36m<span[39m
                  
[33mclass[39m=[32m"icon"[39m
                [36m>[39m
                  [0mΓåù∩╕Å[0m
                [36m</span>[39m
              [36m</button>[39m
            [36m</div>[39m
            [36m<div[39m
              [33mclass[39m=[3
2m"metadata-box"[39m
            [36m>[39m
              [36m<div[39m
                [33mclass[39m=
[32m"metadata-item"[39m
              [36m>[39m
                [36m<span[39m
                  
[33mclass[39m=[32m"label"[39m
                [36m>[39m
                  
[0mNß╗ì╠ümb├á:[0m
                [36m</span>[39m
                [36m<span[39m
                  
[33mclass[39m=[32m"value"[39m
                [36m>[39m
                  [0mN/A[0m
                [36m</span>[39m
              [36m</div>[39m
              [36m<div[39m
                [33mclass[39m=
[32m"metadata-item"[39m
              [36m>[39m
                [36m<span[39m
                  
[33mclass[39m=[32m"label"[39m
                [36m>[39m
                  
[0mOnkß╗ì╠Çw├⌐:[0m
                [36m</span>[39m
                [36m<span[39m
                  
[33mclass[39m=[32m"value"[39m
                [36m>[39m
                  [0mAimß╗ì[0m
                [36m</span>[39m
              [36m</div>[39m
              [36m<div[39m
                [33mclass[39m=
[32m"metadata-item"[39m
              [36m>[39m
                [36m<span[39m
                  
[33mclass[39m=[32m"label"[39m
                [36m>[39m
                  
[0mAkß╗ì╠ümpose:[0m
                [36m</span>[39m
                [36m<span[39m
                  
[33mclass[39m=[32m"value"[39m
                [36m>[39m
                  [0mAimß╗ì[0m
                [36m</span>[39m
              [36m</div>[39m
              [36m<div[39m
                [33mclass[39m=
[32m"metadata-item"[39m
              [36m>[39m
                [36m<span[39m
                  
[33mclass[39m=[32m"label"[39m
                [36m>[39m
                  [0mTune:[0m
                [36m</span>[39m
                [36m<span[39m
                  
[33mclass[39m=[32m"value"[39m
                [36m>[39m
                  [0mAimß╗ì[0m
                [36m</span>[39m
              [36m</div>[39m
              [36m<div[39m
                [33mclass[39m=
[32m"metadata-item"[39m
              [36m>[39m
                [36m<span[39m
                  
[33mclass[39m=[32m"label"[39m
                [36m>[39m
                  [0mMeter:[0m
                [36m</span>[39m
                [36m<span[39m
                  
[33mclass[39m=[32m"value"[39m
                [36m>[39m
                  [0mAimß╗ì[0m
                [36m</span>[39m
              [36m</div>[39m
              [36m<div[39m
                [33mclass[39m=
[32m"metadata-item"[39m
              [36m>[39m
                [36m<span[39m
                  
[33mclass[39m=[32m"label"[39m
                [36m>[39m
                  [0mKey:[0m
                [36m</span>[39m
                [36m<span[39m
                  
[33mclass[39m=[32m"value"[39m
                [36m>[39m
                  [0mAimß╗ì[0m
                [36m</span>[39m
              [36m</div>[39m
              [36m<div[39m
                [33mclass[39m=
[32m"metadata-item"[39m
              [36m>[39m
                [36m<span[39m
                  
[33mclass[39m=[32m"label"[39m
                [36m>[39m
                  
[0mß╗îd├║n:[0m
                [36m</span>[39m
                [36m<span[39m
                  
[33mclass[39m=[32m"value"[39m
                [36m>[39m
                  [0mAimß╗ì[0m
                [36m</span>[39m
              [36m</div>[39m
              [36m<div[39m
                [33mclass[39m=
[32m"metadata-item"[39m
                [33mdata-type[3
9m=[32m"scripture"[39m
              [36m>[39m
                [36m<span[39m
                  
[33mclass[39m=[32m"label"[39m
                [36m>[39m
                  [0m├îw├⌐ 
M├¡mß╗ì╠ü:[0m
                [36m</span>[39m
                [36m<span[39m
                  
[33mclass[39m=[32m"value"[39m
                [36m>[39m
                  [0mAimß╗ì[0m
                [36m</span>[39m
              [36m</div>[39m
            [36m</div>[39m
            [36m<div[39m
              [33mclass[39m=[3
2m"lyrics"[39m
              [33mstyle[39m=[3
2m"user-select: text;"[39m
            [36m>[39m
              [36m<div[39m
                [33mclass[39m=
[32m"stanza-container"[39m
                [33mstyle[39m=
[32m"margin-top: 0px; 
margin-bottom: 0px;"[39m
              [36m>[39m
                [36m<div[39m
                  [33mclass[39m
=[32m"stanza"[39m
                  [33mstyle[39m
=[32m"margin-top: 0px; 
margin-bottom: 1px;"[39m
                [36m>[39m
                  [36m<div[39m
                    [33mclass[3
9m=[32m"music-signs 
transparent"[39m
                  [36m>[39m
                    [0mx[0m
                  
[36m</div>[39m
                  [36m<div[39m
                    [33mclass[3
9m=[32m"stanza-number"[39m
                  [36m>[39m
                    [0m1.[0m
                  
[36m</div>[39m
                  [36m<div[39m
                    [33mclass[3
9m=[32m"stanza-text"[39m
                  [36m>[39m
                    
[36m<div[39m
                      
[33mclass[39m=[32m"line "[39m
                      [33mstyle
[39m=[32m"margin-top: 0px; 
margin-bottom: 1px;"[39m
                    [36m>[39m
                      [0mAlaye 
orin ko si.[0m
                    
[36m</div>[39m
                  
[36m</div>[39m
                [36m</div>[39m
              [36m</div>[39m
            [36m</div>[39m
            [36m<div[39m
              [33mclass[39m=[3
2m"hymn-history"[39m
            [36m>[39m
              [36m<h3>[39m
                [0m├ît├án[0m
              [36m</h3>[39m
              [36m<p>[39m
                [0mKo si itan 
fun orin yii.[0m
              [36m</p>[39m
            [36m</div>[39m
          [36m</div>[39m
          [36m<div[39m
            [33mclass[39m=[32m
"highlight-toolbar "[39m
          [36m>[39m
            [36m<div[39m
              [33mclass[39m=[3
2m"color-picker-title"[39m
            [36m>[39m
              [0mYan ├Çwß╗ì╠Ç 
Underline[0m
            [36m</div>[39m
            [36m<div[39m
              [33mclass[39m=[3
2m"color-grid"[39m
            [36m>[39m
              [36m<button[39m
                [33mclass[39m=
[32m"color-button yellow 
active"[39m
                [33mdata-color[
39m=[32m"Yellow"[39m
                
[33mtitle[39m=[32m"Yellow 
underline"[39m
              [36m/>[39m
              [36m<button[39m
                [33mclass[39m=
[32m"color-button red "[39m
                [33mdata-color[
39m=[32m"Red"[39m
                
[33mtitle[39m=[32m"Red 
underline"[39m
              [36m/>[39m
              [36m<button[39m
                [33mclass[39m=
[32m"color-button blue "[39m
                [33mdata-color[
39m=[32m"Blue"[39m
                
[33mtitle[39m=[32m"Blue 
underline"[39m
              [36m/>[39m
              [36m<button[39m
                [33mclass[39m=
[32m"color-button orange "[39m
                [33mdata-color[
39m=[32m"Orange"[39m
                
[33mtitle[39m=[32m"Orange 
underline"[39m
              [36m/>[39m
              [36m<button[39m
                [33mclass[39m=
[32m"color-button ash "[39m
                [33mdata-color[
39m=[32m"Ash"[39m
                
[33mtitle[39m=[32m"Ash 
underline"[39m
              [36m/>[39m
              [36m<button[39m
                [33mclass[39m=
[32m"color-button black "[39m
                [33mdata-color[
39m=[32m"Black"[39m
                
[33mtitle[39m=[32m"Black 
underline"[39m
              [36m/>[39m
            [36m</div>[39m
            [36m<div[39m
              [33mclass[39m=[3
2m"undo-redo-buttons"[39m
            [36m>[39m
              [36m<button[39m
                [33mclass[39m=
[32m"undo-redo-button"[39m
                
[33mdisabled[39m=[32m""[39m
                
[33mtitle[39m=[32m"Pad├á 
sß║╣╠üy├¼n"[39m
              [36m>[39m
                [36m<span[39m
                  
[33mclass[39m=[32m"icon"[39m
                [36m>[39m
                  [0mΓå⌐[0m
                [36m</span>[39m
                [0m Pad├á[0m
              [36m</button>[39m
              [36m<button[39m
                [33mclass[39m=
[32m"undo-redo-button"[39m
                
[33mdisabled[39m=[32m""[39m
                
[33mtitle[39m=[32m"T├║n 
ß╣úe"[39m
              [36m>[39m
                [36m<span[39m
                  
[33mclass[39m=[32m"icon"[39m
                [36m>[39m
                  [0mΓå¬[0m
                [36m</span>[39m
                [0m T├║n 
ß╣úe[0m
              [36m</button>[39m
            [36m</div>[39m
          [36m</div>[39m
        [36m</div>[39m
      [36m</div>[39m
    [36m</body>[39m

    [0m [90m 31 |[39m
     [90m 32 |[39m             
[90m// Check title (ignoring 
case for flexibility)[39m
    [31m[1m>[22m[39m[90m 33 
|[39m             
[36mconst[39m titleElement 
[33m=[39m screen[33m.[39mgetB
yText([36mnew[39m [33mRegExp[
39m(title[33m,[39m 
[32m'i'[39m))[33m;[39m
     [90m    |[39m             
                            
[31m[1m^[22m[39m
     [90m 34 |[39m             
expect(titleElement)[33m.[39mto
BeInTheDocument()[33m;[39m
     [90m 35 |[39m
     [90m 36 |[39m             
[90m// Check for presence of 
"Yoruba Baptist Hymnal"[39m[0m

      at Object.getElementError (
node_modules/@testing-library/rea
ct/node_modules/@testing-library/
dom/dist/config.js:37:19)
      at node_modules/@testing-li
brary/react/node_modules/@testing
-library/dom/dist/query-helpers.j
s:76:38
      at node_modules/@testing-li
brary/react/node_modules/@testing
-library/dom/dist/query-helpers.j
s:52:17
      at getByText (node_modules/
@testing-library/react/node_modul
es/@testing-library/dom/dist/quer
y-helpers.js:95:19)
      at Object.<anonymous> (src/
components/VerifyYorubaHymns_341_
400.test.js:33:41)

  ΓùÅ YorubaHymnDetail 
Verification (Hymns 341-400) ΓÇ║ 
renders hymn 360 correctly

    TestingLibraryElementError: 
Unable to find an element with 
the text: /B├ÇB├ü ß╗ì╠Çrun, t├¡ 
├¼fß║╣╠ü Rß║╣/i. This could be 
because the text is broken up by 
multiple elements. In this case, 
you can provide a function for 
your text matcher to make your 
matcher more flexible.

    Ignored nodes: comments, 
script, style
    [36m<body>[39m
      [36m<div>[39m
        [36m<div[39m
          [33mclass[39m=[32m"h
ymn-detail-page 
theme-undefined"[39m
        [36m>[39m
          [36m<div[39m
            [33mclass[39m=[32m
"header-top-row"[39m
          [36m>[39m
            [36m<div[39m
              [33mclass[39m=[3
2m"header-spacer"[39m
            [36m/>[39m
          [36m</div>[39m
          [36m<div[39m
            [33mclass[39m=[32m
"hymn-topic-section"[39m
          [36m>[39m
            [36m<h1>[39m
              [0mOrin Ko Si[0m
            [36m</h1>[39m
            [36m<div[39m
              [33mclass[39m=[3
2m"hymn-topic"[39m
            [36m>[39m
              [0mAimß╗ì[0m
            [36m</div>[39m
            [36m<div[39m
              [33mclass[39m=[3
2m"hymn-source"[39m
            [36m>[39m
              [0mYoruba Baptist 
Hymnal[0m
            [36m</div>[39m
          [36m</div>[39m
          [36m<div[39m
            [33mclass[39m=[32m
"hymn-content"[39m
          [36m>[39m
            [36m<div[39m
              [33mclass[39m=[3
2m"navigation-arrows"[39m
            [36m>[39m
              [36m<button[39m
                
[33mclass[39m=[32m"nav-arrow 
prev-arrow"[39m
              [36m>[39m
                [36m<span[39m
                  
[33mclass[39m=[32m"icon"[39m
                [36m>[39m
                  [0mΓåÉ[0m
                [36m</span>[39m
              [36m</button>[39m
              [36m<button[39m
                
[33mclass[39m=[32m"nav-arrow 
next-arrow"[39m
              [36m>[39m
                [36m<span[39m
                  
[33mclass[39m=[32m"icon"[39m
                [36m>[39m
                  [0mΓåÆ[0m
                [36m</span>[39m
              [36m</button>[39m
            [36m</div>[39m
            [36m<div[39m
              [33mclass[39m=[3
2m"floating-share"[39m
            [36m>[39m
              [36m<button[39m
                
[33maria-label[39m=[32m"P├¡n 
orin"[39m
                [33mclass[39m=
[32m"share-button"[39m
              [36m>[39m
                [36m<span[39m
                  
[33mclass[39m=[32m"icon"[39m
                [36m>[39m
                  [0mΓåù∩╕Å[0m
                [36m</span>[39m
              [36m</button>[39m
            [36m</div>[39m
            [36m<div[39m
              [33mclass[39m=[3
2m"metadata-box"[39m
            [36m>[39m
              [36m<div[39m
                [33mclass[39m=
[32m"metadata-item"[39m
              [36m>[39m
                [36m<span[39m
                  
[33mclass[39m=[32m"label"[39m
                [36m>[39m
                  
[0mNß╗ì╠ümb├á:[0m
                [36m</span>[39m
                [36m<span[39m
                  
[33mclass[39m=[32m"value"[39m
                [36m>[39m
                  [0mN/A[0m
                [36m</span>[39m
              [36m</div>[39m
              [36m<div[39m
                [33mclass[39m=
[32m"metadata-item"[39m
              [36m>[39m
                [36m<span[39m
                  
[33mclass[39m=[32m"label"[39m
                [36m>[39m
                  
[0mOnkß╗ì╠Çw├⌐:[0m
                [36m</span>[39m
                [36m<span[39m
                  
[33mclass[39m=[32m"value"[39m
                [36m>[39m
                  [0mAimß╗ì[0m
                [36m</span>[39m
              [36m</div>[39m
              [36m<div[39m
                [33mclass[39m=
[32m"metadata-item"[39m
              [36m>[39m
                [36m<span[39m
                  
[33mclass[39m=[32m"label"[39m
                [36m>[39m
                  
[0mAkß╗ì╠ümpose:[0m
                [36m</span>[39m
                [36m<span[39m
                  
[33mclass[39m=[32m"value"[39m
                [36m>[39m
                  [0mAimß╗ì[0m
                [36m</span>[39m
              [36m</div>[39m
              [36m<div[39m
                [33mclass[39m=
[32m"metadata-item"[39m
              [36m>[39m
                [36m<span[39m
                  
[33mclass[39m=[32m"label"[39m
                [36m>[39m
                  [0mTune:[0m
                [36m</span>[39m
                [36m<span[39m
                  
[33mclass[39m=[32m"value"[39m
                [36m>[39m
                  [0mAimß╗ì[0m
                [36m</span>[39m
              [36m</div>[39m
              [36m<div[39m
                [33mclass[39m=
[32m"metadata-item"[39m
              [36m>[39m
                [36m<span[39m
                  
[33mclass[39m=[32m"label"[39m
                [36m>[39m
                  [0mMeter:[0m
                [36m</span>[39m
                [36m<span[39m
                  
[33mclass[39m=[32m"value"[39m
                [36m>[39m
                  [0mAimß╗ì[0m
                [36m</span>[39m
              [36m</div>[39m
              [36m<div[39m
                [33mclass[39m=
[32m"metadata-item"[39m
              [36m>[39m
                [36m<span[39m
                  
[33mclass[39m=[32m"label"[39m
                [36m>[39m
                  [0mKey:[0m
                [36m</span>[39m
                [36m<span[39m
                  
[33mclass[39m=[32m"value"[39m
                [36m>[39m
                  [0mAimß╗ì[0m
                [36m</span>[39m
              [36m</div>[39m
              [36m<div[39m
                [33mclass[39m=
[32m"metadata-item"[39m
              [36m>[39m
                [36m<span[39m
                  
[33mclass[39m=[32m"label"[39m
                [36m>[39m
                  
[0mß╗îd├║n:[0m
                [36m</span>[39m
                [36m<span[39m
                  
[33mclass[39m=[32m"value"[39m
                [36m>[39m
                  [0mAimß╗ì[0m
                [36m</span>[39m
              [36m</div>[39m
              [36m<div[39m
                [33mclass[39m=
[32m"metadata-item"[39m
                [33mdata-type[3
9m=[32m"scripture"[39m
              [36m>[39m
                [36m<span[39m
                  
[33mclass[39m=[32m"label"[39m
                [36m>[39m
                  [0m├îw├⌐ 
M├¡mß╗ì╠ü:[0m
                [36m</span>[39m
                [36m<span[39m
                  
[33mclass[39m=[32m"value"[39m
                [36m>[39m
                  [0mAimß╗ì[0m
                [36m</span>[39m
              [36m</div>[39m
            [36m</div>[39m
            [36m<div[39m
              [33mclass[39m=[3
2m"lyrics"[39m
              [33mstyle[39m=[3
2m"user-select: text;"[39m
            [36m>[39m
              [36m<div[39m
                [33mclass[39m=
[32m"stanza-container"[39m
                [33mstyle[39m=
[32m"margin-top: 0px; 
margin-bottom: 0px;"[39m
              [36m>[39m
                [36m<div[39m
                  [33mclass[39m
=[32m"stanza"[39m
                  [33mstyle[39m
=[32m"margin-top: 0px; 
margin-bottom: 1px;"[39m
                [36m>[39m
                  [36m<div[39m
                    [33mclass[3
9m=[32m"music-signs 
transparent"[39m
                  [36m>[39m
                    [0mx[0m
                  
[36m</div>[39m
                  [36m<div[39m
                    [33mclass[3
9m=[32m"stanza-number"[39m
                  [36m>[39m
                    [0m1.[0m
                  
[36m</div>[39m
                  [36m<div[39m
                    [33mclass[3
9m=[32m"stanza-text"[39m
                  [36m>[39m
                    
[36m<div[39m
                      
[33mclass[39m=[32m"line "[39m
                      [33mstyle
[39m=[32m"margin-top: 0px; 
margin-bottom: 1px;"[39m
                    [36m>[39m
                      [0mAlaye 
orin ko si.[0m
                    
[36m</div>[39m
                  
[36m</div>[39m
                [36m</div>[39m
              [36m</div>[39m
            [36m</div>[39m
            [36m<div[39m
              [33mclass[39m=[3
2m"hymn-history"[39m
            [36m>[39m
              [36m<h3>[39m
                [0m├ît├án[0m
              [36m</h3>[39m
              [36m<p>[39m
                [0mKo si itan 
fun orin yii.[0m
              [36m</p>[39m
            [36m</div>[39m
          [36m</div>[39m
          [36m<div[39m
            [33mclass[39m=[32m
"highlight-toolbar "[39m
          [36m>[39m
            [36m<div[39m
              [33mclass[39m=[3
2m"color-picker-title"[39m
            [36m>[39m
              [0mYan ├Çwß╗ì╠Ç 
Underline[0m
            [36m</div>[39m
            [36m<div[39m
              [33mclass[39m=[3
2m"color-grid"[39m
            [36m>[39m
              [36m<button[39m
                [33mclass[39m=
[32m"color-button yellow 
active"[39m
                [33mdata-color[
39m=[32m"Yellow"[39m
                
[33mtitle[39m=[32m"Yellow 
underline"[39m
              [36m/>[39m
              [36m<button[39m
                [33mclass[39m=
[32m"color-button red "[39m
                [33mdata-color[
39m=[32m"Red"[39m
                
[33mtitle[39m=[32m"Red 
underline"[39m
              [36m/>[39m
              [36m<button[39m
                [33mclass[39m=
[32m"color-button blue "[39m
                [33mdata-color[
39m=[32m"Blue"[39m
                
[33mtitle[39m=[32m"Blue 
underline"[39m
              [36m/>[39m
              [36m<button[39m
                [33mclass[39m=
[32m"color-button orange "[39m
                [33mdata-color[
39m=[32m"Orange"[39m
                
[33mtitle[39m=[32m"Orange 
underline"[39m
              [36m/>[39m
              [36m<button[39m
                [33mclass[39m=
[32m"color-button ash "[39m
                [33mdata-color[
39m=[32m"Ash"[39m
                
[33mtitle[39m=[32m"Ash 
underline"[39m
              [36m/>[39m
              [36m<button[39m
                [33mclass[39m=
[32m"color-button black "[39m
                [33mdata-color[
39m=[32m"Black"[39m
                
[33mtitle[39m=[32m"Black 
underline"[39m
              [36m/>[39m
            [36m</div>[39m
            [36m<div[39m
              [33mclass[39m=[3
2m"undo-redo-buttons"[39m
            [36m>[39m
              [36m<button[39m
                [33mclass[39m=
[32m"undo-redo-button"[39m
                
[33mdisabled[39m=[32m""[39m
                
[33mtitle[39m=[32m"Pad├á 
sß║╣╠üy├¼n"[39m
              [36m>[39m
                [36m<span[39m
                  
[33mclass[39m=[32m"icon"[39m
                [36m>[39m
                  [0mΓå⌐[0m
                [36m</span>[39m
                [0m Pad├á[0m
              [36m</button>[39m
              [36m<button[39m
                [33mclass[39m=
[32m"undo-redo-button"[39m
                
[33mdisabled[39m=[32m""[39m
                
[33mtitle[39m=[32m"T├║n 
ß╣úe"[39m
              [36m>[39m
                [36m<span[39m
                  
[33mclass[39m=[32m"icon"[39m
                [36m>[39m
                  [0mΓå¬[0m
                [36m</span>[39m
                [0m T├║n 
ß╣úe[0m
              [36m</button>[39m
            [36m</div>[39m
          [36m</div>[39m
        [36m</div>[39m
      [36m</div>[39m
    [36m</body>[39m

    [0m [90m 31 |[39m
     [90m 32 |[39m             
[90m// Check title (ignoring 
case for flexibility)[39m
    [31m[1m>[22m[39m[90m 33 
|[39m             
[36mconst[39m titleElement 
[33m=[39m screen[33m.[39mgetB
yText([36mnew[39m [33mRegExp[
39m(title[33m,[39m 
[32m'i'[39m))[33m;[39m
     [90m    |[39m             
                            
[31m[1m^[22m[39m
     [90m 34 |[39m             
expect(titleElement)[33m.[39mto
BeInTheDocument()[33m;[39m
     [90m 35 |[39m
     [90m 36 |[39m             
[90m// Check for presence of 
"Yoruba Baptist Hymnal"[39m[0m

      at Object.getElementError (
node_modules/@testing-library/rea
ct/node_modules/@testing-library/
dom/dist/config.js:37:19)
      at node_modules/@testing-li
brary/react/node_modules/@testing
-library/dom/dist/query-helpers.j
s:76:38
      at node_modules/@testing-li
brary/react/node_modules/@testing
-library/dom/dist/query-helpers.j
s:52:17
      at getByText (node_modules/
@testing-library/react/node_modul
es/@testing-library/dom/dist/quer
y-helpers.js:95:19)
      at Object.<anonymous> (src/
components/VerifyYorubaHymns_341_
400.test.js:33:41)

  ΓùÅ YorubaHymnDetail 
Verification (Hymns 341-400) ΓÇ║ 
renders hymn 361 correctly

    TestingLibraryElementError: 
Unable to find an element with 
the text: /OL├ÜWA, m├íß╣úe 
jß║╣╠ü kΓÇÖ ├í l├╣ ΓÇÿlß║╣╠Ç/i. 
This could be because the text 
is broken up by multiple 
elements. In this case, you can 
provide a function for your text 
matcher to make your matcher 
more flexible.

    Ignored nodes: comments, 
script, style
    [36m<body>[39m
      [36m<div>[39m
        [36m<div[39m
          [33mclass[39m=[32m"h
ymn-detail-page 
theme-undefined"[39m
        [36m>[39m
          [36m<div[39m
            [33mclass[39m=[32m
"header-top-row"[39m
          [36m>[39m
            [36m<div[39m
              [33mclass[39m=[3
2m"header-spacer"[39m
            [36m/>[39m
          [36m</div>[39m
          [36m<div[39m
            [33mclass[39m=[32m
"hymn-topic-section"[39m
          [36m>[39m
            [36m<h1>[39m
              [0mOrin Ko Si[0m
            [36m</h1>[39m
            [36m<div[39m
              [33mclass[39m=[3
2m"hymn-topic"[39m
            [36m>[39m
              [0mAimß╗ì[0m
            [36m</div>[39m
            [36m<div[39m
              [33mclass[39m=[3
2m"hymn-source"[39m
            [36m>[39m
              [0mYoruba Baptist 
Hymnal[0m
            [36m</div>[39m
          [36m</div>[39m
          [36m<div[39m
            [33mclass[39m=[32m
"hymn-content"[39m
          [36m>[39m
            [36m<div[39m
              [33mclass[39m=[3
2m"navigation-arrows"[39m
            [36m>[39m
              [36m<button[39m
                
[33mclass[39m=[32m"nav-arrow 
prev-arrow"[39m
              [36m>[39m
                [36m<span[39m
                  
[33mclass[39m=[32m"icon"[39m
                [36m>[39m
                  [0mΓåÉ[0m
                [36m</span>[39m
              [36m</button>[39m
              [36m<button[39m
                
[33mclass[39m=[32m"nav-arrow 
next-arrow"[39m
              [36m>[39m
                [36m<span[39m
                  
[33mclass[39m=[32m"icon"[39m
                [36m>[39m
                  [0mΓåÆ[0m
                [36m</span>[39m
              [36m</button>[39m
            [36m</div>[39m
            [36m<div[39m
              [33mclass[39m=[3
2m"floating-share"[39m
            [36m>[39m
              [36m<button[39m
                
[33maria-label[39m=[32m"P├¡n 
orin"[39m
                [33mclass[39m=
[32m"share-button"[39m
              [36m>[39m
                [36m<span[39m
                  
[33mclass[39m=[32m"icon"[39m
                [36m>[39m
                  [0mΓåù∩╕Å[0m
                [36m</span>[39m
              [36m</button>[39m
            [36m</div>[39m
            [36m<div[39m
              [33mclass[39m=[3
2m"metadata-box"[39m
            [36m>[39m
              [36m<div[39m
                [33mclass[39m=
[32m"metadata-item"[39m
              [36m>[39m
                [36m<span[39m
                  
[33mclass[39m=[32m"label"[39m
                [36m>[39m
                  
[0mNß╗ì╠ümb├á:[0m
                [36m</span>[39m
                [36m<span[39m
                  
[33mclass[39m=[32m"value"[39m
                [36m>[39m
                  [0mN/A[0m
                [36m</span>[39m
              [36m</div>[39m
              [36m<div[39m
                [33mclass[39m=
[32m"metadata-item"[39m
              [36m>[39m
                [36m<span[39m
                  
[33mclass[39m=[32m"label"[39m
                [36m>[39m
                  
[0mOnkß╗ì╠Çw├⌐:[0m
                [36m</span>[39m
                [36m<span[39m
                  
[33mclass[39m=[32m"value"[39m
                [36m>[39m
                  [0mAimß╗ì[0m
                [36m</span>[39m
              [36m</div>[39m
              [36m<div[39m
                [33mclass[39m=
[32m"metadata-item"[39m
              [36m>[39m
                [36m<span[39m
                  
[33mclass[39m=[32m"label"[39m
                [36m>[39m
                  
[0mAkß╗ì╠ümpose:[0m
                [36m</span>[39m
                [36m<span[39m
                  
[33mclass[39m=[32m"value"[39m
                [36m>[39m
                  [0mAimß╗ì[0m
                [36m</span>[39m
              [36m</div>[39m
              [36m<div[39m
                [33mclass[39m=
[32m"metadata-item"[39m
              [36m>[39m
                [36m<span[39m
                  
[33mclass[39m=[32m"label"[39m
                [36m>[39m
                  [0mTune:[0m
                [36m</span>[39m
                [36m<span[39m
                  
[33mclass[39m=[32m"value"[39m
                [36m>[39m
                  [0mAimß╗ì[0m
                [36m</span>[39m
              [36m</div>[39m
              [36m<div[39m
                [33mclass[39m=
[32m"metadata-item"[39m
              [36m>[39m
                [36m<span[39m
                  
[33mclass[39m=[32m"label"[39m
                [36m>[39m
                  [0mMeter:[0m
                [36m</span>[39m
                [36m<span[39m
                  
[33mclass[39m=[32m"value"[39m
                [36m>[39m
                  [0mAimß╗ì[0m
                [36m</span>[39m
              [36m</div>[39m
              [36m<div[39m
                [33mclass[39m=
[32m"metadata-item"[39m
              [36m>[39m
                [36m<span[39m
                  
[33mclass[39m=[32m"label"[39m
                [36m>[39m
                  [0mKey:[0m
                [36m</span>[39m
                [36m<span[39m
                  
[33mclass[39m=[32m"value"[39m
                [36m>[39m
                  [0mAimß╗ì[0m
                [36m</span>[39m
              [36m</div>[39m
              [36m<div[39m
                [33mclass[39m=
[32m"metadata-item"[39m
              [36m>[39m
                [36m<span[39m
                  
[33mclass[39m=[32m"label"[39m
                [36m>[39m
                  
[0mß╗îd├║n:[0m
                [36m</span>[39m
                [36m<span[39m
                  
[33mclass[39m=[32m"value"[39m
                [36m>[39m
                  [0mAimß╗ì[0m
                [36m</span>[39m
              [36m</div>[39m
              [36m<div[39m
                [33mclass[39m=
[32m"metadata-item"[39m
                [33mdata-type[3
9m=[32m"scripture"[39m
              [36m>[39m
                [36m<span[39m
                  
[33mclass[39m=[32m"label"[39m
                [36m>[39m
                  [0m├îw├⌐ 
M├¡mß╗ì╠ü:[0m
                [36m</span>[39m
                [36m<span[39m
                  
[33mclass[39m=[32m"value"[39m
                [36m>[39m
                  [0mAimß╗ì[0m
                [36m</span>[39m
              [36m</div>[39m
            [36m</div>[39m
            [36m<div[39m
              [33mclass[39m=[3
2m"lyrics"[39m
              [33mstyle[39m=[3
2m"user-select: text;"[39m
            [36m>[39m
              [36m<div[39m
                [33mclass[39m=
[32m"stanza-container"[39m
                [33mstyle[39m=
[32m"margin-top: 0px; 
margin-bottom: 0px;"[39m
              [36m>[39m
                [36m<div[39m
                  [33mclass[39m
=[32m"stanza"[39m
                  [33mstyle[39m
=[32m"margin-top: 0px; 
margin-bottom: 1px;"[39m
                [36m>[39m
                  [36m<div[39m
                    [33mclass[3
9m=[32m"music-signs 
transparent"[39m
                  [36m>[39m
                    [0mx[0m
                  
[36m</div>[39m
                  [36m<div[39m
                    [33mclass[3
9m=[32m"stanza-number"[39m
                  [36m>[39m
                    [0m1.[0m
                  
[36m</div>[39m
                  [36m<div[39m
                    [33mclass[3
9m=[32m"stanza-text"[39m
                  [36m>[39m
                    
[36m<div[39m
                      
[33mclass[39m=[32m"line "[39m
                      [33mstyle
[39m=[32m"margin-top: 0px; 
margin-bottom: 1px;"[39m
                    [36m>[39m
                      [0mAlaye 
orin ko si.[0m
                    
[36m</div>[39m
                  
[36m</div>[39m
                [36m</div>[39m
              [36m</div>[39m
            [36m</div>[39m
            [36m<div[39m
              [33mclass[39m=[3
2m"hymn-history"[39m
            [36m>[39m
              [36m<h3>[39m
                [0m├ît├án[0m
              [36m</h3>[39m
              [36m<p>[39m
                [0mKo si itan 
fun orin yii.[0m
              [36m</p>[39m
            [36m</div>[39m
          [36m</div>[39m
          [36m<div[39m
            [33mclass[39m=[32m
"highlight-toolbar "[39m
          [36m>[39m
            [36m<div[39m
              [33mclass[39m=[3
2m"color-picker-title"[39m
            [36m>[39m
              [0mYan ├Çwß╗ì╠Ç 
Underline[0m
            [36m</div>[39m
            [36m<div[39m
              [33mclass[39m=[3
2m"color-grid"[39m
            [36m>[39m
              [36m<button[39m
                [33mclass[39m=
[32m"color-button yellow 
active"[39m
                [33mdata-color[
39m=[32m"Yellow"[39m
                
[33mtitle[39m=[32m"Yellow 
underline"[39m
              [36m/>[39m
              [36m<button[39m
                [33mclass[39m=
[32m"color-button red "[39m
                [33mdata-color[
39m=[32m"Red"[39m
                
[33mtitle[39m=[32m"Red 
underline"[39m
              [36m/>[39m
              [36m<button[39m
                [33mclass[39m=
[32m"color-button blue "[39m
                [33mdata-color[
39m=[32m"Blue"[39m
                
[33mtitle[39m=[32m"Blue 
underline"[39m
              [36m/>[39m
              [36m<button[39m
                [33mclass[39m=
[32m"color-button orange "[39m
                [33mdata-color[
39m=[32m"Orange"[39m
                
[33mtitle[39m=[32m"Orange 
underline"[39m
              [36m/>[39m
              [36m<button[39m
                [33mclass[39m=
[32m"color-button ash "[39m
                [33mdata-color[
39m=[32m"Ash"[39m
                
[33mtitle[39m=[32m"Ash 
underline"[39m
              [36m/>[39m
              [36m<button[39m
                [33mclass[39m=
[32m"color-button black "[39m
                [33mdata-color[
39m=[32m"Black"[39m
                
[33mtitle[39m=[32m"Black 
underline"[39m
              [36m/>[39m
            [36m</div>[39m
            [36m<div[39m
              [33mclass[39m=[3
2m"undo-redo-buttons"[39m
            [36m>[39m
              [36m<button[39m
                [33mclass[39m=
[32m"undo-redo-button"[39m
                
[33mdisabled[39m=[32m""[39m
                
[33mtitle[39m=[32m"Pad├á 
sß║╣╠üy├¼n"[39m
              [36m>[39m
                [36m<span[39m
                  
[33mclass[39m=[32m"icon"[39m
                [36m>[39m
                  [0mΓå⌐[0m
                [36m</span>[39m
                [0m Pad├á[0m
              [36m</button>[39m
              [36m<button[39m
                [33mclass[39m=
[32m"undo-redo-button"[39m
                
[33mdisabled[39m=[32m""[39m
                
[33mtitle[39m=[32m"T├║n 
ß╣úe"[39m
              [36m>[39m
                [36m<span[39m
                  
[33mclass[39m=[32m"icon"[39m
                [36m>[39m
                  [0mΓå¬[0m
                [36m</span>[39m
                [0m T├║n 
ß╣úe[0m
              [36m</button>[39m
            [36m</div>[39m
          [36m</div>[39m
        [36m</div>[39m
      [36m</div>[39m
    [36m</body>[39m

    [0m [90m 31 |[39m
     [90m 32 |[39m             
[90m// Check title (ignoring 
case for flexibility)[39m
    [31m[1m>[22m[39m[90m 33 
|[39m             
[36mconst[39m titleElement 
[33m=[39m screen[33m.[39mgetB
yText([36mnew[39m [33mRegExp[
39m(title[33m,[39m 
[32m'i'[39m))[33m;[39m
     [90m    |[39m             
                            
[31m[1m^[22m[39m
     [90m 34 |[39m             
expect(titleElement)[33m.[39mto
BeInTheDocument()[33m;[39m
     [90m 35 |[39m
     [90m 36 |[39m             
[90m// Check for presence of 
"Yoruba Baptist Hymnal"[39m[0m

      at Object.getElementError (
node_modules/@testing-library/rea
ct/node_modules/@testing-library/
dom/dist/config.js:37:19)
      at node_modules/@testing-li
brary/react/node_modules/@testing
-library/dom/dist/query-helpers.j
s:76:38
      at node_modules/@testing-li
brary/react/node_modules/@testing
-library/dom/dist/query-helpers.j
s:52:17
      at getByText (node_modules/
@testing-library/react/node_modul
es/@testing-library/dom/dist/quer
y-helpers.js:95:19)
      at Object.<anonymous> (src/
components/VerifyYorubaHymns_341_
400.test.js:33:41)

  ΓùÅ YorubaHymnDetail 
Verification (Hymns 341-400) ΓÇ║ 
renders hymn 370 correctly

    TestingLibraryElementError: 
Unable to find an element with 
the text: /├ÇW├ü jß║╣╠ü ajagun 
J├ëS├Ö/i. This could be because 
the text is broken up by 
multiple elements. In this case, 
you can provide a function for 
your text matcher to make your 
matcher more flexible.

    Ignored nodes: comments, 
script, style
    [36m<body>[39m
      [36m<div>[39m
        [36m<div[39m
          [33mclass[39m=[32m"h
ymn-detail-page 
theme-undefined"[39m
        [36m>[39m
          [36m<div[39m
            [33mclass[39m=[32m
"header-top-row"[39m
          [36m>[39m
            [36m<div[39m
              [33mclass[39m=[3
2m"header-spacer"[39m
            [36m/>[39m
          [36m</div>[39m
          [36m<div[39m
            [33mclass[39m=[32m
"hymn-topic-section"[39m
          [36m>[39m
            [36m<h1>[39m
              [0mOrin Ko Si[0m
            [36m</h1>[39m
            [36m<div[39m
              [33mclass[39m=[3
2m"hymn-topic"[39m
            [36m>[39m
              [0mAimß╗ì[0m
            [36m</div>[39m
            [36m<div[39m
              [33mclass[39m=[3
2m"hymn-source"[39m
            [36m>[39m
              [0mYoruba Baptist 
Hymnal[0m
            [36m</div>[39m
          [36m</div>[39m
          [36m<div[39m
            [33mclass[39m=[32m
"hymn-content"[39m
          [36m>[39m
            [36m<div[39m
              [33mclass[39m=[3
2m"navigation-arrows"[39m
            [36m>[39m
              [36m<button[39m
                
[33mclass[39m=[32m"nav-arrow 
prev-arrow"[39m
              [36m>[39m
                [36m<span[39m
                  
[33mclass[39m=[32m"icon"[39m
                [36m>[39m
                  [0mΓåÉ[0m
                [36m</span>[39m
              [36m</button>[39m
              [36m<button[39m
                
[33mclass[39m=[32m"nav-arrow 
next-arrow"[39m
              [36m>[39m
                [36m<span[39m
                  
[33mclass[39m=[32m"icon"[39m
                [36m>[39m
                  [0mΓåÆ[0m
                [36m</span>[39m
              [36m</button>[39m
            [36m</div>[39m
            [36m<div[39m
              [33mclass[39m=[3
2m"floating-share"[39m
            [36m>[39m
              [36m<button[39m
                
[33maria-label[39m=[32m"P├¡n 
orin"[39m
                [33mclass[39m=
[32m"share-button"[39m
              [36m>[39m
                [36m<span[39m
                  
[33mclass[39m=[32m"icon"[39m
                [36m>[39m
                  [0mΓåù∩╕Å[0m
                [36m</span>[39m
              [36m</button>[39m
            [36m</div>[39m
            [36m<div[39m
              [33mclass[39m=[3
2m"metadata-box"[39m
            [36m>[39m
              [36m<div[39m
                [33mclass[39m=
[32m"metadata-item"[39m
              [36m>[39m
                [36m<span[39m
                  
[33mclass[39m=[32m"label"[39m
                [36m>[39m
                  
[0mNß╗ì╠ümb├á:[0m
                [36m</span>[39m
                [36m<span[39m
                  
[33mclass[39m=[32m"value"[39m
                [36m>[39m
                  [0mN/A[0m
                [36m</span>[39m
              [36m</div>[39m
              [36m<div[39m
                [33mclass[39m=
[32m"metadata-item"[39m
              [36m>[39m
                [36m<span[39m
                  
[33mclass[39m=[32m"label"[39m
                [36m>[39m
                  
[0mOnkß╗ì╠Çw├⌐:[0m
                [36m</span>[39m
                [36m<span[39m
                  
[33mclass[39m=[32m"value"[39m
                [36m>[39m
                  [0mAimß╗ì[0m
                [36m</span>[39m
              [36m</div>[39m
              [36m<div[39m
                [33mclass[39m=
[32m"metadata-item"[39m
              [36m>[39m
                [36m<span[39m
                  
[33mclass[39m=[32m"label"[39m
                [36m>[39m
                  
[0mAkß╗ì╠ümpose:[0m
                [36m</span>[39m
                [36m<span[39m
                  
[33mclass[39m=[32m"value"[39m
                [36m>[39m
                  [0mAimß╗ì[0m
                [36m</span>[39m
              [36m</div>[39m
              [36m<div[39m
                [33mclass[39m=
[32m"metadata-item"[39m
              [36m>[39m
                [36m<span[39m
                  
[33mclass[39m=[32m"label"[39m
                [36m>[39m
                  [0mTune:[0m
                [36m</span>[39m
                [36m<span[39m
                  
[33mclass[39m=[32m"value"[39m
                [36m>[39m
                  [0mAimß╗ì[0m
                [36m</span>[39m
              [36m</div>[39m
              [36m<div[39m
                [33mclass[39m=
[32m"metadata-item"[39m
              [36m>[39m
                [36m<span[39m
                  
[33mclass[39m=[32m"label"[39m
                [36m>[39m
                  [0mMeter:[0m
                [36m</span>[39m
                [36m<span[39m
                  
[33mclass[39m=[32m"value"[39m
                [36m>[39m
                  [0mAimß╗ì[0m
                [36m</span>[39m
              [36m</div>[39m
              [36m<div[39m
                [33mclass[39m=
[32m"metadata-item"[39m
              [36m>[39m
                [36m<span[39m
                  
[33mclass[39m=[32m"label"[39m
                [36m>[39m
                  [0mKey:[0m
                [36m</span>[39m
                [36m<span[39m
                  
[33mclass[39m=[32m"value"[39m
                [36m>[39m
                  [0mAimß╗ì[0m
                [36m</span>[39m
              [36m</div>[39m
              [36m<div[39m
                [33mclass[39m=
[32m"metadata-item"[39m
              [36m>[39m
                [36m<span[39m
                  
[33mclass[39m=[32m"label"[39m
                [36m>[39m
                  
[0mß╗îd├║n:[0m
                [36m</span>[39m
                [36m<span[39m
                  
[33mclass[39m=[32m"value"[39m
                [36m>[39m
                  [0mAimß╗ì[0m
                [36m</span>[39m
              [36m</div>[39m
              [36m<div[39m
                [33mclass[39m=
[32m"metadata-item"[39m
                [33mdata-type[3
9m=[32m"scripture"[39m
              [36m>[39m
                [36m<span[39m
                  
[33mclass[39m=[32m"label"[39m
                [36m>[39m
                  [0m├îw├⌐ 
M├¡mß╗ì╠ü:[0m
                [36m</span>[39m
                [36m<span[39m
                  
[33mclass[39m=[32m"value"[39m
                [36m>[39m
                  [0mAimß╗ì[0m
                [36m</span>[39m
              [36m</div>[39m
            [36m</div>[39m
            [36m<div[39m
              [33mclass[39m=[3
2m"lyrics"[39m
              [33mstyle[39m=[3
2m"user-select: text;"[39m
            [36m>[39m
              [36m<div[39m
                [33mclass[39m=
[32m"stanza-container"[39m
                [33mstyle[39m=
[32m"margin-top: 0px; 
margin-bottom: 0px;"[39m
              [36m>[39m
                [36m<div[39m
                  [33mclass[39m
=[32m"stanza"[39m
                  [33mstyle[39m
=[32m"margin-top: 0px; 
margin-bottom: 1px;"[39m
                [36m>[39m
                  [36m<div[39m
                    [33mclass[3
9m=[32m"music-signs 
transparent"[39m
                  [36m>[39m
                    [0mx[0m
                  
[36m</div>[39m
                  [36m<div[39m
                    [33mclass[3
9m=[32m"stanza-number"[39m
                  [36m>[39m
                    [0m1.[0m
                  
[36m</div>[39m
                  [36m<div[39m
                    [33mclass[3
9m=[32m"stanza-text"[39m
                  [36m>[39m
                    
[36m<div[39m
                      
[33mclass[39m=[32m"line "[39m
                      [33mstyle
[39m=[32m"margin-top: 0px; 
margin-bottom: 1px;"[39m
                    [36m>[39m
                      [0mAlaye 
orin ko si.[0m
                    
[36m</div>[39m
                  
[36m</div>[39m
                [36m</div>[39m
              [36m</div>[39m
            [36m</div>[39m
            [36m<div[39m
              [33mclass[39m=[3
2m"hymn-history"[39m
            [36m>[39m
              [36m<h3>[39m
                [0m├ît├án[0m
              [36m</h3>[39m
              [36m<p>[39m
                [0mKo si itan 
fun orin yii.[0m
              [36m</p>[39m
            [36m</div>[39m
          [36m</div>[39m
          [36m<div[39m
            [33mclass[39m=[32m
"highlight-toolbar "[39m
          [36m>[39m
            [36m<div[39m
              [33mclass[39m=[3
2m"color-picker-title"[39m
            [36m>[39m
              [0mYan ├Çwß╗ì╠Ç 
Underline[0m
            [36m</div>[39m
            [36m<div[39m
              [33mclass[39m=[3
2m"color-grid"[39m
            [36m>[39m
              [36m<button[39m
                [33mclass[39m=
[32m"color-button yellow 
active"[39m
                [33mdata-color[
39m=[32m"Yellow"[39m
                
[33mtitle[39m=[32m"Yellow 
underline"[39m
              [36m/>[39m
              [36m<button[39m
                [33mclass[39m=
[32m"color-button red "[39m
                [33mdata-color[
39m=[32m"Red"[39m
                
[33mtitle[39m=[32m"Red 
underline"[39m
              [36m/>[39m
              [36m<button[39m
                [33mclass[39m=
[32m"color-button blue "[39m
                [33mdata-color[
39m=[32m"Blue"[39m
                
[33mtitle[39m=[32m"Blue 
underline"[39m
              [36m/>[39m
              [36m<button[39m
                [33mclass[39m=
[32m"color-button orange "[39m
                [33mdata-color[
39m=[32m"Orange"[39m
                
[33mtitle[39m=[32m"Orange 
underline"[39m
              [36m/>[39m
              [36m<button[39m
                [33mclass[39m=
[32m"color-button ash "[39m
                [33mdata-color[
39m=[32m"Ash"[39m
                
[33mtitle[39m=[32m"Ash 
underline"[39m
              [36m/>[39m
              [36m<button[39m
                [33mclass[39m=
[32m"color-button black "[39m
                [33mdata-color[
39m=[32m"Black"[39m
                
[33mtitle[39m=[32m"Black 
underline"[39m
              [36m/>[39m
            [36m</div>[39m
            [36m<div[39m
              [33mclass[39m=[3
2m"undo-redo-buttons"[39m
            [36m>[39m
              [36m<button[39m
                [33mclass[39m=
[32m"undo-redo-button"[39m
                
[33mdisabled[39m=[32m""[39m
                
[33mtitle[39m=[32m"Pad├á 
sß║╣╠üy├¼n"[39m
              [36m>[39m
                [36m<span[39m
                  
[33mclass[39m=[32m"icon"[39m
                [36m>[39m
                  [0mΓå⌐[0m
                [36m</span>[39m
                [0m Pad├á[0m
              [36m</button>[39m
              [36m<button[39m
                [33mclass[39m=
[32m"undo-redo-button"[39m
                
[33mdisabled[39m=[32m""[39m
                
[33mtitle[39m=[32m"T├║n 
ß╣úe"[39m
              [36m>[39m
                [36m<span[39m
                  
[33mclass[39m=[32m"icon"[39m
                [36m>[39m
                  [0mΓå¬[0m
                [36m</span>[39m
                [0m T├║n 
ß╣úe[0m
              [36m</button>[39m
            [36m</div>[39m
          [36m</div>[39m
        [36m</div>[39m
      [36m</div>[39m
    [36m</body>[39m

    [0m [90m 31 |[39m
     [90m 32 |[39m             
[90m// Check title (ignoring 
case for flexibility)[39m
    [31m[1m>[22m[39m[90m 33 
|[39m             
[36mconst[39m titleElement 
[33m=[39m screen[33m.[39mgetB
yText([36mnew[39m [33mRegExp[
39m(title[33m,[39m 
[32m'i'[39m))[33m;[39m
     [90m    |[39m             
                            
[31m[1m^[22m[39m
     [90m 34 |[39m             
expect(titleElement)[33m.[39mto
BeInTheDocument()[33m;[39m
     [90m 35 |[39m
     [90m 36 |[39m             
[90m// Check for presence of 
"Yoruba Baptist Hymnal"[39m[0m

      at Object.getElementError (
node_modules/@testing-library/rea
ct/node_modules/@testing-library/
dom/dist/config.js:37:19)
      at node_modules/@testing-li
brary/react/node_modules/@testing
-library/dom/dist/query-helpers.j
s:76:38
      at node_modules/@testing-li
brary/react/node_modules/@testing
-library/dom/dist/query-helpers.j
s:52:17
      at getByText (node_modules/
@testing-library/react/node_modul
es/@testing-library/dom/dist/quer
y-helpers.js:95:19)
      at Object.<anonymous> (src/
components/VerifyYorubaHymns_341_
400.test.js:33:41)

  ΓùÅ YorubaHymnDetail 
Verification (Hymns 341-400) ΓÇ║ 
renders hymn 380 correctly

    TestingLibraryElementError: 
Unable to find an element with 
the text: /M├üß╣óE jß║╣╠ü kΓÇÖ 
├í dß║╣╠übi/i. This could be 
because the text is broken up by 
multiple elements. In this case, 
you can provide a function for 
your text matcher to make your 
matcher more flexible.

    Ignored nodes: comments, 
script, style
    [36m<body>[39m
      [36m<div>[39m
        [36m<div[39m
          [33mclass[39m=[32m"h
ymn-detail-page 
theme-undefined"[39m
        [36m>[39m
          [36m<div[39m
            [33mclass[39m=[32m
"header-top-row"[39m
          [36m>[39m
            [36m<div[39m
              [33mclass[39m=[3
2m"header-spacer"[39m
            [36m/>[39m
          [36m</div>[39m
          [36m<div[39m
            [33mclass[39m=[32m
"hymn-topic-section"[39m
          [36m>[39m
            [36m<h1>[39m
              [0mOrin Ko Si[0m
            [36m</h1>[39m
            [36m<div[39m
              [33mclass[39m=[3
2m"hymn-topic"[39m
            [36m>[39m
              [0mAimß╗ì[0m
            [36m</div>[39m
            [36m<div[39m
              [33mclass[39m=[3
2m"hymn-source"[39m
            [36m>[39m
              [0mYoruba Baptist 
Hymnal[0m
            [36m</div>[39m
          [36m</div>[39m
          [36m<div[39m
            [33mclass[39m=[32m
"hymn-content"[39m
          [36m>[39m
            [36m<div[39m
              [33mclass[39m=[3
2m"navigation-arrows"[39m
            [36m>[39m
              [36m<button[39m
                
[33mclass[39m=[32m"nav-arrow 
prev-arrow"[39m
              [36m>[39m
                [36m<span[39m
                  
[33mclass[39m=[32m"icon"[39m
                [36m>[39m
                  [0mΓåÉ[0m
                [36m</span>[39m
              [36m</button>[39m
              [36m<button[39m
                
[33mclass[39m=[32m"nav-arrow 
next-arrow"[39m
              [36m>[39m
                [36m<span[39m
                  
[33mclass[39m=[32m"icon"[39m
                [36m>[39m
                  [0mΓåÆ[0m
                [36m</span>[39m
              [36m</button>[39m
            [36m</div>[39m
            [36m<div[39m
              [33mclass[39m=[3
2m"floating-share"[39m
            [36m>[39m
              [36m<button[39m
                
[33maria-label[39m=[32m"P├¡n 
orin"[39m
                [33mclass[39m=
[32m"share-button"[39m
              [36m>[39m
                [36m<span[39m
                  
[33mclass[39m=[32m"icon"[39m
                [36m>[39m
                  [0mΓåù∩╕Å[0m
                [36m</span>[39m
              [36m</button>[39m
            [36m</div>[39m
            [36m<div[39m
              [33mclass[39m=[3
2m"metadata-box"[39m
            [36m>[39m
              [36m<div[39m
                [33mclass[39m=
[32m"metadata-item"[39m
              [36m>[39m
                [36m<span[39m
                  
[33mclass[39m=[32m"label"[39m
                [36m>[39m
                  
[0mNß╗ì╠ümb├á:[0m
                [36m</span>[39m
                [36m<span[39m
                  
[33mclass[39m=[32m"value"[39m
                [36m>[39m
                  [0mN/A[0m
                [36m</span>[39m
              [36m</div>[39m
              [36m<div[39m
                [33mclass[39m=
[32m"metadata-item"[39m
              [36m>[39m
                [36m<span[39m
                  
[33mclass[39m=[32m"label"[39m
                [36m>[39m
                  
[0mOnkß╗ì╠Çw├⌐:[0m
                [36m</span>[39m
                [36m<span[39m
                  
[33mclass[39m=[32m"value"[39m
                [36m>[39m
                  [0mAimß╗ì[0m
                [36m</span>[39m
              [36m</div>[39m
              [36m<div[39m
                [33mclass[39m=
[32m"metadata-item"[39m
              [36m>[39m
                [36m<span[39m
                  
[33mclass[39m=[32m"label"[39m
                [36m>[39m
                  
[0mAkß╗ì╠ümpose:[0m
                [36m</span>[39m
                [36m<span[39m
                  
[33mclass[39m=[32m"value"[39m
                [36m>[39m
                  [0mAimß╗ì[0m
                [36m</span>[39m
              [36m</div>[39m
              [36m<div[39m
                [33mclass[39m=
[32m"metadata-item"[39m
              [36m>[39m
                [36m<span[39m
                  
[33mclass[39m=[32m"label"[39m
                [36m>[39m
                  [0mTune:[0m
                [36m</span>[39m
                [36m<span[39m
                  
[33mclass[39m=[32m"value"[39m
                [36m>[39m
                  [0mAimß╗ì[0m
                [36m</span>[39m
              [36m</div>[39m
              [36m<div[39m
                [33mclass[39m=
[32m"metadata-item"[39m
              [36m>[39m
                [36m<span[39m
                  
[33mclass[39m=[32m"label"[39m
                [36m>[39m
                  [0mMeter:[0m
                [36m</span>[39m
                [36m<span[39m
                  
[33mclass[39m=[32m"value"[39m
                [36m>[39m
                  [0mAimß╗ì[0m
                [36m</span>[39m
              [36m</div>[39m
              [36m<div[39m
                [33mclass[39m=
[32m"metadata-item"[39m
              [36m>[39m
                [36m<span[39m
                  
[33mclass[39m=[32m"label"[39m
                [36m>[39m
                  [0mKey:[0m
                [36m</span>[39m
                [36m<span[39m
                  
[33mclass[39m=[32m"value"[39m
                [36m>[39m
                  [0mAimß╗ì[0m
                [36m</span>[39m
              [36m</div>[39m
              [36m<div[39m
                [33mclass[39m=
[32m"metadata-item"[39m
              [36m>[39m
                [36m<span[39m
                  
[33mclass[39m=[32m"label"[39m
                [36m>[39m
                  
[0mß╗îd├║n:[0m
                [36m</span>[39m
                [36m<span[39m
                  
[33mclass[39m=[32m"value"[39m
                [36m>[39m
                  [0mAimß╗ì[0m
                [36m</span>[39m
              [36m</div>[39m
              [36m<div[39m
                [33mclass[39m=
[32m"metadata-item"[39m
                [33mdata-type[3
9m=[32m"scripture"[39m
              [36m>[39m
                [36m<span[39m
                  
[33mclass[39m=[32m"label"[39m
                [36m>[39m
                  [0m├îw├⌐ 
M├¡mß╗ì╠ü:[0m
                [36m</span>[39m
                [36m<span[39m
                  
[33mclass[39m=[32m"value"[39m
                [36m>[39m
                  [0mAimß╗ì[0m
                [36m</span>[39m
              [36m</div>[39m
            [36m</div>[39m
            [36m<div[39m
              [33mclass[39m=[3
2m"lyrics"[39m
              [33mstyle[39m=[3
2m"user-select: text;"[39m
            [36m>[39m
              [36m<div[39m
                [33mclass[39m=
[32m"stanza-container"[39m
                [33mstyle[39m=
[32m"margin-top: 0px; 
margin-bottom: 0px;"[39m
              [36m>[39m
                [36m<div[39m
                  [33mclass[39m
=[32m"stanza"[39m
                  [33mstyle[39m
=[32m"margin-top: 0px; 
margin-bottom: 1px;"[39m
                [36m>[39m
                  [36m<div[39m
                    [33mclass[3
9m=[32m"music-signs 
transparent"[39m
                  [36m>[39m
                    [0mx[0m
                  
[36m</div>[39m
                  [36m<div[39m
                    [33mclass[3
9m=[32m"stanza-number"[39m
                  [36m>[39m
                    [0m1.[0m
                  
[36m</div>[39m
                  [36m<div[39m
                    [33mclass[3
9m=[32m"stanza-text"[39m
                  [36m>[39m
                    
[36m<div[39m
                      
[33mclass[39m=[32m"line "[39m
                      [33mstyle
[39m=[32m"margin-top: 0px; 
margin-bottom: 1px;"[39m
                    [36m>[39m
                      [0mAlaye 
orin ko si.[0m
                    
[36m</div>[39m
                  
[36m</div>[39m
                [36m</div>[39m
              [36m</div>[39m
            [36m</div>[39m
            [36m<div[39m
              [33mclass[39m=[3
2m"hymn-history"[39m
            [36m>[39m
              [36m<h3>[39m
                [0m├ît├án[0m
              [36m</h3>[39m
              [36m<p>[39m
                [0mKo si itan 
fun orin yii.[0m
              [36m</p>[39m
            [36m</div>[39m
          [36m</div>[39m
          [36m<div[39m
            [33mclass[39m=[32m
"highlight-toolbar "[39m
          [36m>[39m
            [36m<div[39m
              [33mclass[39m=[3
2m"color-picker-title"[39m
            [36m>[39m
              [0mYan ├Çwß╗ì╠Ç 
Underline[0m
            [36m</div>[39m
            [36m<div[39m
              [33mclass[39m=[3
2m"color-grid"[39m
            [36m>[39m
              [36m<button[39m
                [33mclass[39m=
[32m"color-button yellow 
active"[39m
                [33mdata-color[
39m=[32m"Yellow"[39m
                
[33mtitle[39m=[32m"Yellow 
underline"[39m
              [36m/>[39m
              [36m<button[39m
                [33mclass[39m=
[32m"color-button red "[39m
                [33mdata-color[
39m=[32m"Red"[39m
                
[33mtitle[39m=[32m"Red 
underline"[39m
              [36m/>[39m
              [36m<button[39m
                [33mclass[39m=
[32m"color-button blue "[39m
                [33mdata-color[
39m=[32m"Blue"[39m
                
[33mtitle[39m=[32m"Blue 
underline"[39m
              [36m/>[39m
              [36m<button[39m
                [33mclass[39m=
[32m"color-button orange "[39m
                [33mdata-color[
39m=[32m"Orange"[39m
                
[33mtitle[39m=[32m"Orange 
underline"[39m
              [36m/>[39m
              [36m<button[39m
                [33mclass[39m=
[32m"color-button ash "[39m
                [33mdata-color[
39m=[32m"Ash"[39m
                
[33mtitle[39m=[32m"Ash 
underline"[39m
              [36m/>[39m
              [36m<button[39m
                [33mclass[39m=
[32m"color-button black "[39m
                [33mdata-color[
39m=[32m"Black"[39m
                
[33mtitle[39m=[32m"Black 
underline"[39m
              [36m/>[39m
            [36m</div>[39m
            [36m<div[39m
              [33mclass[39m=[3
2m"undo-redo-buttons"[39m
            [36m>[39m
              [36m<button[39m
                [33mclass[39m=
[32m"undo-redo-button"[39m
                
[33mdisabled[39m=[32m""[39m
                
[33mtitle[39m=[32m"Pad├á 
sß║╣╠üy├¼n"[39m
              [36m>[39m
                [36m<span[39m
                  
[33mclass[39m=[32m"icon"[39m
                [36m>[39m
                  [0mΓå⌐[0m
                [36m</span>[39m
                [0m Pad├á[0m
              [36m</button>[39m
              [36m<button[39m
                [33mclass[39m=
[32m"undo-redo-button"[39m
                
[33mdisabled[39m=[32m""[39m
                
[33mtitle[39m=[32m"T├║n 
ß╣úe"[39m
              [36m>[39m
                [36m<span[39m
                  
[33mclass[39m=[32m"icon"[39m
                [36m>[39m
                  [0mΓå¬[0m
                [36m</span>[39m
                [0m T├║n 
ß╣úe[0m
              [36m</button>[39m
            [36m</div>[39m
          [36m</div>[39m
        [36m</div>[39m
      [36m</div>[39m
    [36m</body>[39m

    [0m [90m 31 |[39m
     [90m 32 |[39m             
[90m// Check title (ignoring 
case for flexibility)[39m
    [31m[1m>[22m[39m[90m 33 
|[39m             
[36mconst[39m titleElement 
[33m=[39m screen[33m.[39mgetB
yText([36mnew[39m [33mRegExp[
39m(title[33m,[39m 
[32m'i'[39m))[33m;[39m
     [90m    |[39m             
                            
[31m[1m^[22m[39m
     [90m 34 |[39m             
expect(titleElement)[33m.[39mto
BeInTheDocument()[33m;[39m
     [90m 35 |[39m
     [90m 36 |[39m             
[90m// Check for presence of 
"Yoruba Baptist Hymnal"[39m[0m

      at Object.getElementError (
node_modules/@testing-library/rea
ct/node_modules/@testing-library/
dom/dist/config.js:37:19)
      at node_modules/@testing-li
brary/react/node_modules/@testing
-library/dom/dist/query-helpers.j
s:76:38
      at node_modules/@testing-li
brary/react/node_modules/@testing
-library/dom/dist/query-helpers.j
s:52:17
      at getByText (node_modules/
@testing-library/react/node_modul
es/@testing-library/dom/dist/quer
y-helpers.js:95:19)
      at Object.<anonymous> (src/
components/VerifyYorubaHymns_341_
400.test.js:33:41)

  ΓùÅ YorubaHymnDetail 
Verification (Hymns 341-400) ΓÇ║ 
renders hymn 390 correctly

    TestingLibraryElementError: 
Unable to find an element with 
the text: /├îWß╗î lΓÇÖ 
ß╗îlß╗ì╠ürun Al├í├á├ín├║/i. This 
could be because the text is 
broken up by multiple elements. 
In this case, you can provide a 
function for your text matcher 
to make your matcher more 
flexible.

    Ignored nodes: comments, 
script, style
    [36m<body>[39m
      [36m<div>[39m
        [36m<div[39m
          [33mclass[39m=[32m"h
ymn-detail-page 
theme-undefined"[39m
        [36m>[39m
          [36m<div[39m
            [33mclass[39m=[32m
"header-top-row"[39m
          [36m>[39m
            [36m<div[39m
              [33mclass[39m=[3
2m"header-spacer"[39m
            [36m/>[39m
          [36m</div>[39m
          [36m<div[39m
            [33mclass[39m=[32m
"hymn-topic-section"[39m
          [36m>[39m
            [36m<h1>[39m
              [0mOrin Ko Si[0m
            [36m</h1>[39m
            [36m<div[39m
              [33mclass[39m=[3
2m"hymn-topic"[39m
            [36m>[39m
              [0mAimß╗ì[0m
            [36m</div>[39m
            [36m<div[39m
              [33mclass[39m=[3
2m"hymn-source"[39m
            [36m>[39m
              [0mYoruba Baptist 
Hymnal[0m
            [36m</div>[39m
          [36m</div>[39m
          [36m<div[39m
            [33mclass[39m=[32m
"hymn-content"[39m
          [36m>[39m
            [36m<div[39m
              [33mclass[39m=[3
2m"navigation-arrows"[39m
            [36m>[39m
              [36m<button[39m
                
[33mclass[39m=[32m"nav-arrow 
prev-arrow"[39m
              [36m>[39m
                [36m<span[39m
                  
[33mclass[39m=[32m"icon"[39m
                [36m>[39m
                  [0mΓåÉ[0m
                [36m</span>[39m
              [36m</button>[39m
              [36m<button[39m
                
[33mclass[39m=[32m"nav-arrow 
next-arrow"[39m
              [36m>[39m
                [36m<span[39m
                  
[33mclass[39m=[32m"icon"[39m
                [36m>[39m
                  [0mΓåÆ[0m
                [36m</span>[39m
              [36m</button>[39m
            [36m</div>[39m
            [36m<div[39m
              [33mclass[39m=[3
2m"floating-share"[39m
            [36m>[39m
              [36m<button[39m
                
[33maria-label[39m=[32m"P├¡n 
orin"[39m
                [33mclass[39m=
[32m"share-button"[39m
              [36m>[39m
                [36m<span[39m
                  
[33mclass[39m=[32m"icon"[39m
                [36m>[39m
                  [0mΓåù∩╕Å[0m
                [36m</span>[39m
              [36m</button>[39m
            [36m</div>[39m
            [36m<div[39m
              [33mclass[39m=[3
2m"metadata-box"[39m
            [36m>[39m
              [36m<div[39m
                [33mclass[39m=
[32m"metadata-item"[39m
              [36m>[39m
                [36m<span[39m
                  
[33mclass[39m=[32m"label"[39m
                [36m>[39m
                  
[0mNß╗ì╠ümb├á:[0m
                [36m</span>[39m
                [36m<span[39m
                  
[33mclass[39m=[32m"value"[39m
                [36m>[39m
                  [0mN/A[0m
                [36m</span>[39m
              [36m</div>[39m
              [36m<div[39m
                [33mclass[39m=
[32m"metadata-item"[39m
              [36m>[39m
                [36m<span[39m
                  
[33mclass[39m=[32m"label"[39m
                [36m>[39m
                  
[0mOnkß╗ì╠Çw├⌐:[0m
                [36m</span>[39m
                [36m<span[39m
                  
[33mclass[39m=[32m"value"[39m
                [36m>[39m
                  [0mAimß╗ì[0m
                [36m</span>[39m
              [36m</div>[39m
              [36m<div[39m
                [33mclass[39m=
[32m"metadata-item"[39m
              [36m>[39m
                [36m<span[39m
                  
[33mclass[39m=[32m"label"[39m
                [36m>[39m
                  
[0mAkß╗ì╠ümpose:[0m
                [36m</span>[39m
                [36m<span[39m
                  
[33mclass[39m=[32m"value"[39m
                [36m>[39m
                  [0mAimß╗ì[0m
                [36m</span>[39m
              [36m</div>[39m
              [36m<div[39m
                [33mclass[39m=
[32m"metadata-item"[39m
              [36m>[39m
                [36m<span[39m
                  
[33mclass[39m=[32m"label"[39m
                [36m>[39m
                  [0mTune:[0m
                [36m</span>[39m
                [36m<span[39m
                  
[33mclass[39m=[32m"value"[39m
                [36m>[39m
                  [0mAimß╗ì[0m
                [36m</span>[39m
              [36m</div>[39m
              [36m<div[39m
                [33mclass[39m=
[32m"metadata-item"[39m
              [36m>[39m
                [36m<span[39m
                  
[33mclass[39m=[32m"label"[39m
                [36m>[39m
                  [0mMeter:[0m
                [36m</span>[39m
                [36m<span[39m
                  
[33mclass[39m=[32m"value"[39m
                [36m>[39m
                  [0mAimß╗ì[0m
                [36m</span>[39m
              [36m</div>[39m
              [36m<div[39m
                [33mclass[39m=
[32m"metadata-item"[39m
              [36m>[39m
                [36m<span[39m
                  
[33mclass[39m=[32m"label"[39m
                [36m>[39m
                  [0mKey:[0m
                [36m</span>[39m
                [36m<span[39m
                  
[33mclass[39m=[32m"value"[39m
                [36m>[39m
                  [0mAimß╗ì[0m
                [36m</span>[39m
              [36m</div>[39m
              [36m<div[39m
                [33mclass[39m=
[32m"metadata-item"[39m
              [36m>[39m
                [36m<span[39m
                  
[33mclass[39m=[32m"label"[39m
                [36m>[39m
                  
[0mß╗îd├║n:[0m
                [36m</span>[39m
                [36m<span[39m
                  
[33mclass[39m=[32m"value"[39m
                [36m>[39m
                  [0mAimß╗ì[0m
                [36m</span>[39m
              [36m</div>[39m
              [36m<div[39m
                [33mclass[39m=
[32m"metadata-item"[39m
                [33mdata-type[3
9m=[32m"scripture"[39m
              [36m>[39m
                [36m<span[39m
                  
[33mclass[39m=[32m"label"[39m
                [36m>[39m
                  [0m├îw├⌐ 
M├¡mß╗ì╠ü:[0m
                [36m</span>[39m
                [36m<span[39m
                  
[33mclass[39m=[32m"value"[39m
                [36m>[39m
                  [0mAimß╗ì[0m
                [36m</span>[39m
              [36m</div>[39m
            [36m</div>[39m
            [36m<div[39m
              [33mclass[39m=[3
2m"lyrics"[39m
              [33mstyle[39m=[3
2m"user-select: text;"[39m
            [36m>[39m
              [36m<div[39m
                [33mclass[39m=
[32m"stanza-container"[39m
                [33mstyle[39m=
[32m"margin-top: 0px; 
margin-bottom: 0px;"[39m
              [36m>[39m
                [36m<div[39m
                  [33mclass[39m
=[32m"stanza"[39m
                  [33mstyle[39m
=[32m"margin-top: 0px; 
margin-bottom: 1px;"[39m
                [36m>[39m
                  [36m<div[39m
                    [33mclass[3
9m=[32m"music-signs 
transparent"[39m
                  [36m>[39m
                    [0mx[0m
                  
[36m</div>[39m
                  [36m<div[39m
                    [33mclass[3
9m=[32m"stanza-number"[39m
                  [36m>[39m
                    [0m1.[0m
                  
[36m</div>[39m
                  [36m<div[39m
                    [33mclass[3
9m=[32m"stanza-text"[39m
                  [36m>[39m
                    
[36m<div[39m
                      
[33mclass[39m=[32m"line "[39m
                      [33mstyle
[39m=[32m"margin-top: 0px; 
margin-bottom: 1px;"[39m
                    [36m>[39m
                      [0mAlaye 
orin ko si.[0m
                    
[36m</div>[39m
                  
[36m</div>[39m
                [36m</div>[39m
              [36m</div>[39m
            [36m</div>[39m
            [36m<div[39m
              [33mclass[39m=[3
2m"hymn-history"[39m
            [36m>[39m
              [36m<h3>[39m
                [0m├ît├án[0m
              [36m</h3>[39m
              [36m<p>[39m
                [0mKo si itan 
fun orin yii.[0m
              [36m</p>[39m
            [36m</div>[39m
          [36m</div>[39m
          [36m<div[39m
            [33mclass[39m=[32m
"highlight-toolbar "[39m
          [36m>[39m
            [36m<div[39m
              [33mclass[39m=[3
2m"color-picker-title"[39m
            [36m>[39m
              [0mYan ├Çwß╗ì╠Ç 
Underline[0m
            [36m</div>[39m
            [36m<div[39m
              [33mclass[39m=[3
2m"color-grid"[39m
            [36m>[39m
              [36m<button[39m
                [33mclass[39m=
[32m"color-button yellow 
active"[39m
                [33mdata-color[
39m=[32m"Yellow"[39m
                
[33mtitle[39m=[32m"Yellow 
underline"[39m
              [36m/>[39m
              [36m<button[39m
                [33mclass[39m=
[32m"color-button red "[39m
                [33mdata-color[
39m=[32m"Red"[39m
                
[33mtitle[39m=[32m"Red 
underline"[39m
              [36m/>[39m
              [36m<button[39m
                [33mclass[39m=
[32m"color-button blue "[39m
                [33mdata-color[
39m=[32m"Blue"[39m
                
[33mtitle[39m=[32m"Blue 
underline"[39m
              [36m/>[39m
              [36m<button[39m
                [33mclass[39m=
[32m"color-button orange "[39m
                [33mdata-color[
39m=[32m"Orange"[39m
                
[33mtitle[39m=[32m"Orange 
underline"[39m
              [36m/>[39m
              [36m<button[39m
                [33mclass[39m=
[32m"color-button ash "[39m
                [33mdata-color[
39m=[32m"Ash"[39m
                
[33mtitle[39m=[32m"Ash 
underline"[39m
              [36m/>[39m
              [36m<button[39m
                [33mclass[39m=
[32m"color-button black "[39m
                [33mdata-color[
39m=[32m"Black"[39m
                
[33mtitle[39m=[32m"Black 
underline"[39m
              [36m/>[39m
            [36m</div>[39m
            [36m<div[39m
              [33mclass[39m=[3
2m"undo-redo-buttons"[39m
            [36m>[39m
              [36m<button[39m
                [33mclass[39m=
[32m"undo-redo-button"[39m
                
[33mdisabled[39m=[32m""[39m
                
[33mtitle[39m=[32m"Pad├á 
sß║╣╠üy├¼n"[39m
              [36m>[39m
                [36m<span[39m
                  
[33mclass[39m=[32m"icon"[39m
                [36m>[39m
                  [0mΓå⌐[0m
                [36m</span>[39m
                [0m Pad├á[0m
              [36m</button>[39m
              [36m<button[39m
                [33mclass[39m=
[32m"undo-redo-button"[39m
                
[33mdisabled[39m=[32m""[39m
                
[33mtitle[39m=[32m"T├║n 
ß╣úe"[39m
              [36m>[39m
                [36m<span[39m
                  
[33mclass[39m=[32m"icon"[39m
                [36m>[39m
                  [0mΓå¬[0m
                [36m</span>[39m
                [0m T├║n 
ß╣úe[0m
              [36m</button>[39m
            [36m</div>[39m
          [36m</div>[39m
        [36m</div>[39m
      [36m</div>[39m
    [36m</body>[39m

    [0m [90m 31 |[39m
     [90m 32 |[39m             
[90m// Check title (ignoring 
case for flexibility)[39m
    [31m[1m>[22m[39m[90m 33 
|[39m             
[36mconst[39m titleElement 
[33m=[39m screen[33m.[39mgetB
yText([36mnew[39m [33mRegExp[
39m(title[33m,[39m 
[32m'i'[39m))[33m;[39m
     [90m    |[39m             
                            
[31m[1m^[22m[39m
     [90m 34 |[39m             
expect(titleElement)[33m.[39mto
BeInTheDocument()[33m;[39m
     [90m 35 |[39m
     [90m 36 |[39m             
[90m// Check for presence of 
"Yoruba Baptist Hymnal"[39m[0m

      at Object.getElementError (
node_modules/@testing-library/rea
ct/node_modules/@testing-library/
dom/dist/config.js:37:19)
      at node_modules/@testing-li
brary/react/node_modules/@testing
-library/dom/dist/query-helpers.j
s:76:38
      at node_modules/@testing-li
brary/react/node_modules/@testing
-library/dom/dist/query-helpers.j
s:52:17
      at getByText (node_modules/
@testing-library/react/node_modul
es/@testing-library/dom/dist/quer
y-helpers.js:95:19)
      at Object.<anonymous> (src/
components/VerifyYorubaHymns_341_
400.test.js:33:41)

  ΓùÅ YorubaHymnDetail 
Verification (Hymns 341-400) ΓÇ║ 
renders hymn 400 correctly

    TestingLibraryElementError: 
Unable to find an element with 
the text: /├ÇW├ü fΓÇÖ ├▓go f├║n 
ß╗îl├í Rß║╣/i. This could be 
because the text is broken up by 
multiple elements. In this case, 
you can provide a function for 
your text matcher to make your 
matcher more flexible.

    Ignored nodes: comments, 
script, style
    [36m<body>[39m
      [36m<div>[39m
        [36m<div[39m
          [33mclass[39m=[32m"h
ymn-detail-page 
theme-undefined"[39m
        [36m>[39m
          [36m<div[39m
            [33mclass[39m=[32m
"header-top-row"[39m
          [36m>[39m
            [36m<div[39m
              [33mclass[39m=[3
2m"header-spacer"[39m
            [36m/>[39m
          [36m</div>[39m
          [36m<div[39m
            [33mclass[39m=[32m
"hymn-topic-section"[39m
          [36m>[39m
            [36m<h1>[39m
              [0mOrin Ko Si[0m
            [36m</h1>[39m
            [36m<div[39m
              [33mclass[39m=[3
2m"hymn-topic"[39m
            [36m>[39m
              [0mAimß╗ì[0m
            [36m</div>[39m
            [36m<div[39m
              [33mclass[39m=[3
2m"hymn-source"[39m
            [36m>[39m
              [0mYoruba Baptist 
Hymnal[0m
            [36m</div>[39m
          [36m</div>[39m
          [36m<div[39m
            [33mclass[39m=[32m
"hymn-content"[39m
          [36m>[39m
            [36m<div[39m
              [33mclass[39m=[3
2m"navigation-arrows"[39m
            [36m>[39m
              [36m<button[39m
                
[33mclass[39m=[32m"nav-arrow 
prev-arrow"[39m
              [36m>[39m
                [36m<span[39m
                  
[33mclass[39m=[32m"icon"[39m
                [36m>[39m
                  [0mΓåÉ[0m
                [36m</span>[39m
              [36m</button>[39m
              [36m<button[39m
                
[33mclass[39m=[32m"nav-arrow 
next-arrow"[39m
              [36m>[39m
                [36m<span[39m
                  
[33mclass[39m=[32m"icon"[39m
                [36m>[39m
                  [0mΓåÆ[0m
                [36m</span>[39m
              [36m</button>[39m
            [36m</div>[39m
            [36m<div[39m
              [33mclass[39m=[3
2m"floating-share"[39m
            [36m>[39m
              [36m<button[39m
                
[33maria-label[39m=[32m"P├¡n 
orin"[39m
                [33mclass[39m=
[32m"share-button"[39m
              [36m>[39m
                [36m<span[39m
                  
[33mclass[39m=[32m"icon"[39m
                [36m>[39m
                  [0mΓåù∩╕Å[0m
                [36m</span>[39m
              [36m</button>[39m
            [36m</div>[39m
            [36m<div[39m
              [33mclass[39m=[3
2m"metadata-box"[39m
            [36m>[39m
              [36m<div[39m
                [33mclass[39m=
[32m"metadata-item"[39m
              [36m>[39m
                [36m<span[39m
                  
[33mclass[39m=[32m"label"[39m
                [36m>[39m
                  
[0mNß╗ì╠ümb├á:[0m
                [36m</span>[39m
                [36m<span[39m
                  
[33mclass[39m=[32m"value"[39m
                [36m>[39m
                  [0mN/A[0m
                [36m</span>[39m
              [36m</div>[39m
              [36m<div[39m
                [33mclass[39m=
[32m"metadata-item"[39m
              [36m>[39m
                [36m<span[39m
                  
[33mclass[39m=[32m"label"[39m
                [36m>[39m
                  
[0mOnkß╗ì╠Çw├⌐:[0m
                [36m</span>[39m
                [36m<span[39m
                  
[33mclass[39m=[32m"value"[39m
                [36m>[39m
                  [0mAimß╗ì[0m
                [36m</span>[39m
              [36m</div>[39m
              [36m<div[39m
                [33mclass[39m=
[32m"metadata-item"[39m
              [36m>[39m
                [36m<span[39m
                  
[33mclass[39m=[32m"label"[39m
                [36m>[39m
                  
[0mAkß╗ì╠ümpose:[0m
                [36m</span>[39m
                [36m<span[39m
                  
[33mclass[39m=[32m"value"[39m
                [36m>[39m
                  [0mAimß╗ì[0m
                [36m</span>[39m
              [36m</div>[39m
              [36m<div[39m
                [33mclass[39m=
[32m"metadata-item"[39m
              [36m>[39m
                [36m<span[39m
                  
[33mclass[39m=[32m"label"[39m
                [36m>[39m
                  [0mTune:[0m
                [36m</span>[39m
                [36m<span[39m
                  
[33mclass[39m=[32m"value"[39m
                [36m>[39m
                  [0mAimß╗ì[0m
                [36m</span>[39m
              [36m</div>[39m
              [36m<div[39m
                [33mclass[39m=
[32m"metadata-item"[39m
              [36m>[39m
                [36m<span[39m
                  
[33mclass[39m=[32m"label"[39m
                [36m>[39m
                  [0mMeter:[0m
                [36m</span>[39m
                [36m<span[39m
                  
[33mclass[39m=[32m"value"[39m
                [36m>[39m
                  [0mAimß╗ì[0m
                [36m</span>[39m
              [36m</div>[39m
              [36m<div[39m
                [33mclass[39m=
[32m"metadata-item"[39m
              [36m>[39m
                [36m<span[39m
                  
[33mclass[39m=[32m"label"[39m
                [36m>[39m
                  [0mKey:[0m
                [36m</span>[39m
                [36m<span[39m
                  
[33mclass[39m=[32m"value"[39m
                [36m>[39m
                  [0mAimß╗ì[0m
                [36m</span>[39m
              [36m</div>[39m
              [36m<div[39m
                [33mclass[39m=
[32m"metadata-item"[39m
              [36m>[39m
                [36m<span[39m
                  
[33mclass[39m=[32m"label"[39m
                [36m>[39m
                  
[0mß╗îd├║n:[0m
                [36m</span>[39m
                [36m<span[39m
                  
[33mclass[39m=[32m"value"[39m
                [36m>[39m
                  [0mAimß╗ì[0m
                [36m</span>[39m
              [36m</div>[39m
              [36m<div[39m
                [33mclass[39m=
[32m"metadata-item"[39m
                [33mdata-type[3
9m=[32m"scripture"[39m
              [36m>[39m
                [36m<span[39m
                  
[33mclass[39m=[32m"label"[39m
                [36m>[39m
                  [0m├îw├⌐ 
M├¡mß╗ì╠ü:[0m
                [36m</span>[39m
                [36m<span[39m
                  
[33mclass[39m=[32m"value"[39m
                [36m>[39m
                  [0mAimß╗ì[0m
                [36m</span>[39m
              [36m</div>[39m
            [36m</div>[39m
            [36m<div[39m
              [33mclass[39m=[3
2m"lyrics"[39m
              [33mstyle[39m=[3
2m"user-select: text;"[39m
            [36m>[39m
              [36m<div[39m
                [33mclass[39m=
[32m"stanza-container"[39m
                [33mstyle[39m=
[32m"margin-top: 0px; 
margin-bottom: 0px;"[39m
              [36m>[39m
                [36m<div[39m
                  [33mclass[39m
=[32m"stanza"[39m
                  [33mstyle[39m
=[32m"margin-top: 0px; 
margin-bottom: 1px;"[39m
                [36m>[39m
                  [36m<div[39m
                    [33mclass[3
9m=[32m"music-signs 
transparent"[39m
                  [36m>[39m
                    [0mx[0m
                  
[36m</div>[39m
                  [36m<div[39m
                    [33mclass[3
9m=[32m"stanza-number"[39m
                  [36m>[39m
                    [0m1.[0m
                  
[36m</div>[39m
                  [36m<div[39m
                    [33mclass[3
9m=[32m"stanza-text"[39m
                  [36m>[39m
                    
[36m<div[39m
                      
[33mclass[39m=[32m"line "[39m
                      [33mstyle
[39m=[32m"margin-top: 0px; 
margin-bottom: 1px;"[39m
                    [36m>[39m
                      [0mAlaye 
orin ko si.[0m
                    
[36m</div>[39m
                  
[36m</div>[39m
                [36m</div>[39m
              [36m</div>[39m
            [36m</div>[39m
            [36m<div[39m
              [33mclass[39m=[3
2m"hymn-history"[39m
            [36m>[39m
              [36m<h3>[39m
                [0m├ît├án[0m
              [36m</h3>[39m
              [36m<p>[39m
                [0mKo si itan 
fun orin yii.[0m
              [36m</p>[39m
            [36m</div>[39m
          [36m</div>[39m
          [36m<div[39m
            [33mclass[39m=[32m
"highlight-toolbar "[39m
          [36m>[39m
            [36m<div[39m
              [33mclass[39m=[3
2m"color-picker-title"[39m
            [36m>[39m
              [0mYan ├Çwß╗ì╠Ç 
Underline[0m
            [36m</div>[39m
            [36m<div[39m
              [33mclass[39m=[3
2m"color-grid"[39m
            [36m>[39m
              [36m<button[39m
                [33mclass[39m=
[32m"color-button yellow 
active"[39m
                [33mdata-color[
39m=[32m"Yellow"[39m
                
[33mtitle[39m=[32m"Yellow 
underline"[39m
              [36m/>[39m
              [36m<button[39m
                [33mclass[39m=
[32m"color-button red "[39m
                [33mdata-color[
39m=[32m"Red"[39m
                
[33mtitle[39m=[32m"Red 
underline"[39m
              [36m/>[39m
              [36m<button[39m
                [33mclass[39m=
[32m"color-button blue "[39m
                [33mdata-color[
39m=[32m"Blue"[39m
                
[33mtitle[39m=[32m"Blue 
underline"[39m
              [36m/>[39m
              [36m<button[39m
                [33mclass[39m=
[32m"color-button orange "[39m
                [33mdata-color[
39m=[32m"Orange"[39m
                
[33mtitle[39m=[32m"Orange 
underline"[39m
              [36m/>[39m
              [36m<button[39m
                [33mclass[39m=
[32m"color-button ash "[39m
                [33mdata-color[
39m=[32m"Ash"[39m
                
[33mtitle[39m=[32m"Ash 
underline"[39m
              [36m/>[39m
              [36m<button[39m
                [33mclass[39m=
[32m"color-button black "[39m
                [33mdata-color[
39m=[32m"Black"[39m
                
[33mtitle[39m=[32m"Black 
underline"[39m
              [36m/>[39m
            [36m</div>[39m
            [36m<div[39m
              [33mclass[39m=[3
2m"undo-redo-buttons"[39m
            [36m>[39m
              [36m<button[39m
                [33mclass[39m=
[32m"undo-redo-button"[39m
                
[33mdisabled[39m=[32m""[39m
                
[33mtitle[39m=[32m"Pad├á 
sß║╣╠üy├¼n"[39m
              [36m>[39m
                [36m<span[39m
                  
[33mclass[39m=[32m"icon"[39m
                [36m>[39m
                  [0mΓå⌐[0m
                [36m</span>[39m
                [0m Pad├á[0m
              [36m</button>[39m
              [36m<button[39m
                [33mclass[39m=
[32m"undo-redo-button"[39m
                
[33mdisabled[39m=[32m""[39m
                
[33mtitle[39m=[32m"T├║n 
ß╣úe"[39m
              [36m>[39m
                [36m<span[39m
                  
[33mclass[39m=[32m"icon"[39m
                [36m>[39m
                  [0mΓå¬[0m
                [36m</span>[39m
                [0m T├║n 
ß╣úe[0m
              [36m</button>[39m
            [36m</div>[39m
          [36m</div>[39m
        [36m</div>[39m
      [36m</div>[39m
    [36m</body>[39m

    [0m [90m 31 |[39m
     [90m 32 |[39m             
[90m// Check title (ignoring 
case for flexibility)[39m
    [31m[1m>[22m[39m[90m 33 
|[39m             
[36mconst[39m titleElement 
[33m=[39m screen[33m.[39mgetB
yText([36mnew[39m [33mRegExp[
39m(title[33m,[39m 
[32m'i'[39m))[33m;[39m
     [90m    |[39m             
                            
[31m[1m^[22m[39m
     [90m 34 |[39m             
expect(titleElement)[33m.[39mto
BeInTheDocument()[33m;[39m
     [90m 35 |[39m
     [90m 36 |[39m             
[90m// Check for presence of 
"Yoruba Baptist Hymnal"[39m[0m

      at Object.getElementError (
node_modules/@testing-library/rea
ct/node_modules/@testing-library/
dom/dist/config.js:37:19)
      at node_modules/@testing-li
brary/react/node_modules/@testing
-library/dom/dist/query-helpers.j
s:76:38
      at node_modules/@testing-li
brary/react/node_modules/@testing
-library/dom/dist/query-helpers.j
s:52:17
      at getByText (node_modules/
@testing-library/react/node_modul
es/@testing-library/dom/dist/quer
y-helpers.js:95:19)
      at Object.<anonymous> (src/
components/VerifyYorubaHymns_341_
400.test.js:33:41)

  ΓùÅ YorubaHymnDetail 
Verification (Hymns 341-400) ΓÇ║ 
verifies specific content for 
hymn 361

    TestingLibraryElementError: 
Unable to find an element with 
the text: /OL├ÜWA, m├íß╣úe 
jß║╣╠ü kΓÇÖ ├í l├╣ ΓÇÿlß║╣╠Ç/i. 
This could be because the text 
is broken up by multiple 
elements. In this case, you can 
provide a function for your text 
matcher to make your matcher 
more flexible.

    Ignored nodes: comments, 
script, style
    [36m<body>[39m
      [36m<div>[39m
        [36m<div[39m
          [33mclass[39m=[32m"h
ymn-detail-page 
theme-undefined"[39m
        [36m>[39m
          [36m<div[39m
            [33mclass[39m=[32m
"header-top-row"[39m
          [36m>[39m
            [36m<div[39m
              [33mclass[39m=[3
2m"header-spacer"[39m
            [36m/>[39m
          [36m</div>[39m
          [36m<div[39m
            [33mclass[39m=[32m
"hymn-topic-section"[39m
          [36m>[39m
            [36m<h1>[39m
              [0mOrin Ko Si[0m
            [36m</h1>[39m
            [36m<div[39m
              [33mclass[39m=[3
2m"hymn-topic"[39m
            [36m>[39m
              [0mAimß╗ì[0m
            [36m</div>[39m
            [36m<div[39m
              [33mclass[39m=[3
2m"hymn-source"[39m
            [36m>[39m
              [0mYoruba Baptist 
Hymnal[0m
            [36m</div>[39m
          [36m</div>[39m
          [36m<div[39m
            [33mclass[39m=[32m
"hymn-content"[39m
          [36m>[39m
            [36m<div[39m
              [33mclass[39m=[3
2m"navigation-arrows"[39m
            [36m>[39m
              [36m<button[39m
                
[33mclass[39m=[32m"nav-arrow 
prev-arrow"[39m
              [36m>[39m
                [36m<span[39m
                  
[33mclass[39m=[32m"icon"[39m
                [36m>[39m
                  [0mΓåÉ[0m
                [36m</span>[39m
              [36m</button>[39m
              [36m<button[39m
                
[33mclass[39m=[32m"nav-arrow 
next-arrow"[39m
              [36m>[39m
                [36m<span[39m
                  
[33mclass[39m=[32m"icon"[39m
                [36m>[39m
                  [0mΓåÆ[0m
                [36m</span>[39m
              [36m</button>[39m
            [36m</div>[39m
            [36m<div[39m
              [33mclass[39m=[3
2m"floating-share"[39m
            [36m>[39m
              [36m<button[39m
                
[33maria-label[39m=[32m"P├¡n 
orin"[39m
                [33mclass[39m=
[32m"share-button"[39m
              [36m>[39m
                [36m<span[39m
                  
[33mclass[39m=[32m"icon"[39m
                [36m>[39m
                  [0mΓåù∩╕Å[0m
                [36m</span>[39m
              [36m</button>[39m
            [36m</div>[39m
            [36m<div[39m
              [33mclass[39m=[3
2m"metadata-box"[39m
            [36m>[39m
              [36m<div[39m
                [33mclass[39m=
[32m"metadata-item"[39m
              [36m>[39m
                [36m<span[39m
                  
[33mclass[39m=[32m"label"[39m
                [36m>[39m
                  
[0mNß╗ì╠ümb├á:[0m
                [36m</span>[39m
                [36m<span[39m
                  
[33mclass[39m=[32m"value"[39m
                [36m>[39m
                  [0mN/A[0m
                [36m</span>[39m
              [36m</div>[39m
              [36m<div[39m
                [33mclass[39m=
[32m"metadata-item"[39m
              [36m>[39m
                [36m<span[39m
                  
[33mclass[39m=[32m"label"[39m
                [36m>[39m
                  
[0mOnkß╗ì╠Çw├⌐:[0m
                [36m</span>[39m
                [36m<span[39m
                  
[33mclass[39m=[32m"value"[39m
                [36m>[39m
                  [0mAimß╗ì[0m
                [36m</span>[39m
              [36m</div>[39m
              [36m<div[39m
                [33mclass[39m=
[32m"metadata-item"[39m
              [36m>[39m
                [36m<span[39m
                  
[33mclass[39m=[32m"label"[39m
                [36m>[39m
                  
[0mAkß╗ì╠ümpose:[0m
                [36m</span>[39m
                [36m<span[39m
                  
[33mclass[39m=[32m"value"[39m
                [36m>[39m
                  [0mAimß╗ì[0m
                [36m</span>[39m
              [36m</div>[39m
              [36m<div[39m
                [33mclass[39m=
[32m"metadata-item"[39m
              [36m>[39m
                [36m<span[39m
                  
[33mclass[39m=[32m"label"[39m
                [36m>[39m
                  [0mTune:[0m
                [36m</span>[39m
                [36m<span[39m
                  
[33mclass[39m=[32m"value"[39m
                [36m>[39m
                  [0mAimß╗ì[0m
                [36m</span>[39m
              [36m</div>[39m
              [36m<div[39m
                [33mclass[39m=
[32m"metadata-item"[39m
              [36m>[39m
                [36m<span[39m
                  
[33mclass[39m=[32m"label"[39m
                [36m>[39m
                  [0mMeter:[0m
                [36m</span>[39m
                [36m<span[39m
                  
[33mclass[39m=[32m"value"[39m
                [36m>[39m
                  [0mAimß╗ì[0m
                [36m</span>[39m
              [36m</div>[39m
              [36m<div[39m
                [33mclass[39m=
[32m"metadata-item"[39m
              [36m>[39m
                [36m<span[39m
                  
[33mclass[39m=[32m"label"[39m
                [36m>[39m
                  [0mKey:[0m
                [36m</span>[39m
                [36m<span[39m
                  
[33mclass[39m=[32m"value"[39m
                [36m>[39m
                  [0mAimß╗ì[0m
                [36m</span>[39m
              [36m</div>[39m
              [36m<div[39m
                [33mclass[39m=
[32m"metadata-item"[39m
              [36m>[39m
                [36m<span[39m
                  
[33mclass[39m=[32m"label"[39m
                [36m>[39m
                  
[0mß╗îd├║n:[0m
                [36m</span>[39m
                [36m<span[39m
                  
[33mclass[39m=[32m"value"[39m
                [36m>[39m
                  [0mAimß╗ì[0m
                [36m</span>[39m
              [36m</div>[39m
              [36m<div[39m
                [33mclass[39m=
[32m"metadata-item"[39m
                [33mdata-type[3
9m=[32m"scripture"[39m
              [36m>[39m
                [36m<span[39m
                  
[33mclass[39m=[32m"label"[39m
                [36m>[39m
                  [0m├îw├⌐ 
M├¡mß╗ì╠ü:[0m
                [36m</span>[39m
                [36m<span[39m
                  
[33mclass[39m=[32m"value"[39m
                [36m>[39m
                  [0mAimß╗ì[0m
                [36m</span>[39m
              [36m</div>[39m
            [36m</div>[39m
            [36m<div[39m
              [33mclass[39m=[3
2m"lyrics"[39m
              [33mstyle[39m=[3
2m"user-select: text;"[39m
            [36m>[39m
              [36m<div[39m
                [33mclass[39m=
[32m"stanza-container"[39m
                [33mstyle[39m=
[32m"margin-top: 0px; 
margin-bottom: 0px;"[39m
              [36m>[39m
                [36m<div[39m
                  [33mclass[39m
=[32m"stanza"[39m
                  [33mstyle[39m
=[32m"margin-top: 0px; 
margin-bottom: 1px;"[39m
                [36m>[39m
                  [36m<div[39m
                    [33mclass[3
9m=[32m"music-signs 
transparent"[39m
                  [36m>[39m
                    [0mx[0m
                  
[36m</div>[39m
                  [36m<div[39m
                    [33mclass[3
9m=[32m"stanza-number"[39m
                  [36m>[39m
                    [0m1.[0m
                  
[36m</div>[39m
                  [36m<div[39m
                    [33mclass[3
9m=[32m"stanza-text"[39m
                  [36m>[39m
                    
[36m<div[39m
                      
[33mclass[39m=[32m"line "[39m
                      [33mstyle
[39m=[32m"margin-top: 0px; 
margin-bottom: 1px;"[39m
                    [36m>[39m
                      [0mAlaye 
orin ko si.[0m
                    
[36m</div>[39m
                  
[36m</div>[39m
                [36m</div>[39m
              [36m</div>[39m
            [36m</div>[39m
            [36m<div[39m
              [33mclass[39m=[3
2m"hymn-history"[39m
            [36m>[39m
              [36m<h3>[39m
                [0m├ît├án[0m
              [36m</h3>[39m
              [36m<p>[39m
                [0mKo si itan 
fun orin yii.[0m
              [36m</p>[39m
            [36m</div>[39m
          [36m</div>[39m
          [36m<div[39m
            [33mclass[39m=[32m
"highlight-toolbar "[39m
          [36m>[39m
            [36m<div[39m
              [33mclass[39m=[3
2m"color-picker-title"[39m
            [36m>[39m
              [0mYan ├Çwß╗ì╠Ç 
Underline[0m
            [36m</div>[39m
            [36m<div[39m
              [33mclass[39m=[3
2m"color-grid"[39m
            [36m>[39m
              [36m<button[39m
                [33mclass[39m=
[32m"color-button yellow 
active"[39m
                [33mdata-color[
39m=[32m"Yellow"[39m
                
[33mtitle[39m=[32m"Yellow 
underline"[39m
              [36m/>[39m
              [36m<button[39m
                [33mclass[39m=
[32m"color-button red "[39m
                [33mdata-color[
39m=[32m"Red"[39m
                
[33mtitle[39m=[32m"Red 
underline"[39m
              [36m/>[39m
              [36m<button[39m
                [33mclass[39m=
[32m"color-button blue "[39m
                [33mdata-color[
39m=[32m"Blue"[39m
                
[33mtitle[39m=[32m"Blue 
underline"[39m
              [36m/>[39m
              [36m<button[39m
                [33mclass[39m=
[32m"color-button orange "[39m
                [33mdata-color[
39m=[32m"Orange"[39m
                
[33mtitle[39m=[32m"Orange 
underline"[39m
              [36m/>[39m
              [36m<button[39m
                [33mclass[39m=
[32m"color-button ash "[39m
                [33mdata-color[
39m=[32m"Ash"[39m
                
[33mtitle[39m=[32m"Ash 
underline"[39m
              [36m/>[39m
              [36m<button[39m
                [33mclass[39m=
[32m"color-button black "[39m
                [33mdata-color[
39m=[32m"Black"[39m
                
[33mtitle[39m=[32m"Black 
underline"[39m
              [36m/>[39m
            [36m</div>[39m
            [36m<div[39m
              [33mclass[39m=[3
2m"undo-redo-buttons"[39m
            [36m>[39m
              [36m<button[39m
                [33mclass[39m=
[32m"undo-redo-button"[39m
                
[33mdisabled[39m=[32m""[39m
                
[33mtitle[39m=[32m"Pad├á 
sß║╣╠üy├¼n"[39m
              [36m>[39m
                [36m<span[39m
                  
[33mclass[39m=[32m"icon"[39m
                [36m>[39m
                  [0mΓå⌐[0m
                [36m</span>[39m
                [0m Pad├á[0m
              [36m</button>[39m
              [36m<button[39m
                [33mclass[39m=
[32m"undo-redo-button"[39m
                
[33mdisabled[39m=[32m""[39m
                
[33mtitle[39m=[32m"T├║n 
ß╣úe"[39m
              [36m>[39m
                [36m<span[39m
                  
[33mclass[39m=[32m"icon"[39m
                [36m>[39m
                  [0mΓå¬[0m
                [36m</span>[39m
                [0m T├║n 
ß╣úe[0m
              [36m</button>[39m
            [36m</div>[39m
          [36m</div>[39m
        [36m</div>[39m
      [36m</div>[39m
    [36m</body>[39m

    [0m [90m 49 |[39m     
test([32m'verifies specific 
content for hymn 
361'[39m[33m,[39m () 
[33m=>[39m {
     [90m 50 |[39m         rend
erHymn([32m'361'[39m)[33m;[39
m
    [31m[1m>[22m[39m[90m 51 
|[39m         expect(screen[33m
.[39mgetByText([35m/OL├ÜWA, 
m├íß╣úe jß║╣╠ü kΓÇÖ ├í l├╣ ΓÇÿlß║
╣╠Ç/i[39m))[33m.[39mtoBeInTheD
ocument()[33m;[39m
     [90m    |[39m             
          [31m[1m^[22m[39m
     [90m 52 |[39m         expe
ct(screen[33m.[39mgetByText([3
5m/N├¡n├║ ├¼d├ínw├▓ ay├⌐ y├¼├¡/i
[39m))[33m.[39mtoBeInTheDocumen
t()[33m;[39m
     [90m 53 |[39m     
})[33m;[39m
     [90m 54 |[39m[0m

      at Object.getElementError (
node_modules/@testing-library/rea
ct/node_modules/@testing-library/
dom/dist/config.js:37:19)
      at node_modules/@testing-li
brary/react/node_modules/@testing
-library/dom/dist/query-helpers.j
s:76:38
      at node_modules/@testing-li
brary/react/node_modules/@testing
-library/dom/dist/query-helpers.j
s:52:17
      at getByText (node_modules/
@testing-library/react/node_modul
es/@testing-library/dom/dist/quer
y-helpers.js:95:19)
      at Object.<anonymous> (src/
components/VerifyYorubaHymns_341_
400.test.js:51:23)

  ΓùÅ YorubaHymnDetail 
Verification (Hymns 341-400) ΓÇ║ 
verifies specific content for 
hymn 400

    TestingLibraryElementError: 
Unable to find an element with 
the text: /├ÇW├ü fΓÇÖ ├▓go f├║n 
ß╗îl├í Rß║╣/i. This could be 
because the text is broken up by 
multiple elements. In this case, 
you can provide a function for 
your text matcher to make your 
matcher more flexible.

    Ignored nodes: comments, 
script, style
    [36m<body>[39m
      [36m<div>[39m
        [36m<div[39m
          [33mclass[39m=[32m"h
ymn-detail-page 
theme-undefined"[39m
        [36m>[39m
          [36m<div[39m
            [33mclass[39m=[32m
"header-top-row"[39m
          [36m>[39m
            [36m<div[39m
              [33mclass[39m=[3
2m"header-spacer"[39m
            [36m/>[39m
          [36m</div>[39m
          [36m<div[39m
            [33mclass[39m=[32m
"hymn-topic-section"[39m
          [36m>[39m
            [36m<h1>[39m
              [0mOrin Ko Si[0m
            [36m</h1>[39m
            [36m<div[39m
              [33mclass[39m=[3
2m"hymn-topic"[39m
            [36m>[39m
              [0mAimß╗ì[0m
            [36m</div>[39m
            [36m<div[39m
              [33mclass[39m=[3
2m"hymn-source"[39m
            [36m>[39m
              [0mYoruba Baptist 
Hymnal[0m
            [36m</div>[39m
          [36m</div>[39m
          [36m<div[39m
            [33mclass[39m=[32m
"hymn-content"[39m
          [36m>[39m
            [36m<div[39m
              [33mclass[39m=[3
2m"navigation-arrows"[39m
            [36m>[39m
              [36m<button[39m
                
[33mclass[39m=[32m"nav-arrow 
prev-arrow"[39m
              [36m>[39m
                [36m<span[39m
                  
[33mclass[39m=[32m"icon"[39m
                [36m>[39m
                  [0mΓåÉ[0m
                [36m</span>[39m
              [36m</button>[39m
              [36m<button[39m
                
[33mclass[39m=[32m"nav-arrow 
next-arrow"[39m
              [36m>[39m
                [36m<span[39m
                  
[33mclass[39m=[32m"icon"[39m
                [36m>[39m
                  [0mΓåÆ[0m
                [36m</span>[39m
              [36m</button>[39m
            [36m</div>[39m
            [36m<div[39m
              [33mclass[39m=[3
2m"floating-share"[39m
            [36m>[39m
              [36m<button[39m
                
[33maria-label[39m=[32m"P├¡n 
orin"[39m
                [33mclass[39m=
[32m"share-button"[39m
              [36m>[39m
                [36m<span[39m
                  
[33mclass[39m=[32m"icon"[39m
                [36m>[39m
                  [0mΓåù∩╕Å[0m
                [36m</span>[39m
              [36m</button>[39m
            [36m</div>[39m
            [36m<div[39m
              [33mclass[39m=[3
2m"metadata-box"[39m
            [36m>[39m
              [36m<div[39m
                [33mclass[39m=
[32m"metadata-item"[39m
              [36m>[39m
                [36m<span[39m
                  
[33mclass[39m=[32m"label"[39m
                [36m>[39m
                  
[0mNß╗ì╠ümb├á:[0m
                [36m</span>[39m
                [36m<span[39m
                  
[33mclass[39m=[32m"value"[39m
                [36m>[39m
                  [0mN/A[0m
                [36m</span>[39m
              [36m</div>[39m
              [36m<div[39m
                [33mclass[39m=
[32m"metadata-item"[39m
              [36m>[39m
                [36m<span[39m
                  
[33mclass[39m=[32m"label"[39m
                [36m>[39m
                  
[0mOnkß╗ì╠Çw├⌐:[0m
                [36m</span>[39m
                [36m<span[39m
                  
[33mclass[39m=[32m"value"[39m
                [36m>[39m
                  [0mAimß╗ì[0m
                [36m</span>[39m
              [36m</div>[39m
              [36m<div[39m
                [33mclass[39m=
[32m"metadata-item"[39m
              [36m>[39m
                [36m<span[39m
                  
[33mclass[39m=[32m"label"[39m
                [36m>[39m
                  
[0mAkß╗ì╠ümpose:[0m
                [36m</span>[39m
                [36m<span[39m
                  
[33mclass[39m=[32m"value"[39m
                [36m>[39m
                  [0mAimß╗ì[0m
                [36m</span>[39m
              [36m</div>[39m
              [36m<div[39m
                [33mclass[39m=
[32m"metadata-item"[39m
              [36m>[39m
                [36m<span[39m
                  
[33mclass[39m=[32m"label"[39m
                [36m>[39m
                  [0mTune:[0m
                [36m</span>[39m
                [36m<span[39m
                  
[33mclass[39m=[32m"value"[39m
                [36m>[39m
                  [0mAimß╗ì[0m
                [36m</span>[39m
              [36m</div>[39m
              [36m<div[39m
                [33mclass[39m=
[32m"metadata-item"[39m
              [36m>[39m
                [36m<span[39m
                  
[33mclass[39m=[32m"label"[39m
                [36m>[39m
                  [0mMeter:[0m
                [36m</span>[39m
                [36m<span[39m
                  
[33mclass[39m=[32m"value"[39m
                [36m>[39m
                  [0mAimß╗ì[0m
                [36m</span>[39m
              [36m</div>[39m
              [36m<div[39m
                [33mclass[39m=
[32m"metadata-item"[39m
              [36m>[39m
                [36m<span[39m
                  
[33mclass[39m=[32m"label"[39m
                [36m>[39m
                  [0mKey:[0m
                [36m</span>[39m
                [36m<span[39m
                  
[33mclass[39m=[32m"value"[39m
                [36m>[39m
                  [0mAimß╗ì[0m
                [36m</span>[39m
              [36m</div>[39m
              [36m<div[39m
                [33mclass[39m=
[32m"metadata-item"[39m
              [36m>[39m
                [36m<span[39m
                  
[33mclass[39m=[32m"label"[39m
                [36m>[39m
                  
[0mß╗îd├║n:[0m
                [36m</span>[39m
                [36m<span[39m
                  
[33mclass[39m=[32m"value"[39m
                [36m>[39m
                  [0mAimß╗ì[0m
                [36m</span>[39m
              [36m</div>[39m
              [36m<div[39m
                [33mclass[39m=
[32m"metadata-item"[39m
                [33mdata-type[3
9m=[32m"scripture"[39m
              [36m>[39m
                [36m<span[39m
                  
[33mclass[39m=[32m"label"[39m
                [36m>[39m
                  [0m├îw├⌐ 
M├¡mß╗ì╠ü:[0m
                [36m</span>[39m
                [36m<span[39m
                  
[33mclass[39m=[32m"value"[39m
                [36m>[39m
                  [0mAimß╗ì[0m
                [36m</span>[39m
              [36m</div>[39m
            [36m</div>[39m
            [36m<div[39m
              [33mclass[39m=[3
2m"lyrics"[39m
              [33mstyle[39m=[3
2m"user-select: text;"[39m
            [36m>[39m
              [36m<div[39m
                [33mclass[39m=
[32m"stanza-container"[39m
                [33mstyle[39m=
[32m"margin-top: 0px; 
margin-bottom: 0px;"[39m
              [36m>[39m
                [36m<div[39m
                  [33mclass[39m
=[32m"stanza"[39m
                  [33mstyle[39m
=[32m"margin-top: 0px; 
margin-bottom: 1px;"[39m
                [36m>[39m
                  [36m<div[39m
                    [33mclass[3
9m=[32m"music-signs 
transparent"[39m
                  [36m>[39m
                    [0mx[0m
                  
[36m</div>[39m
                  [36m<div[39m
                    [33mclass[3
9m=[32m"stanza-number"[39m
                  [36m>[39m
                    [0m1.[0m
                  
[36m</div>[39m
                  [36m<div[39m
                    [33mclass[3
9m=[32m"stanza-text"[39m
                  [36m>[39m
                    
[36m<div[39m
                      
[33mclass[39m=[32m"line "[39m
                      [33mstyle
[39m=[32m"margin-top: 0px; 
margin-bottom: 1px;"[39m
                    [36m>[39m
                      [0mAlaye 
orin ko si.[0m
                    
[36m</div>[39m
                  
[36m</div>[39m
                [36m</div>[39m
              [36m</div>[39m
            [36m</div>[39m
            [36m<div[39m
              [33mclass[39m=[3
2m"hymn-history"[39m
            [36m>[39m
              [36m<h3>[39m
                [0m├ît├án[0m
              [36m</h3>[39m
              [36m<p>[39m
                [0mKo si itan 
fun orin yii.[0m
              [36m</p>[39m
            [36m</div>[39m
          [36m</div>[39m
          [36m<div[39m
            [33mclass[39m=[32m
"highlight-toolbar "[39m
          [36m>[39m
            [36m<div[39m
              [33mclass[39m=[3
2m"color-picker-title"[39m
            [36m>[39m
              [0mYan ├Çwß╗ì╠Ç 
Underline[0m
            [36m</div>[39m
            [36m<div[39m
              [33mclass[39m=[3
2m"color-grid"[39m
            [36m>[39m
              [36m<button[39m
                [33mclass[39m=
[32m"color-button yellow 
active"[39m
                [33mdata-color[
39m=[32m"Yellow"[39m
                
[33mtitle[39m=[32m"Yellow 
underline"[39m
              [36m/>[39m
              [36m<button[39m
                [33mclass[39m=
[32m"color-button red "[39m
                [33mdata-color[
39m=[32m"Red"[39m
                
[33mtitle[39m=[32m"Red 
underline"[39m
              [36m/>[39m
              [36m<button[39m
                [33mclass[39m=
[32m"color-button blue "[39m
                [33mdata-color[
39m=[32m"Blue"[39m
                
[33mtitle[39m=[32m"Blue 
underline"[39m
              [36m/>[39m

              [36m<button[39m
                [33mclass[39m=
[32m"color-button orange "[39m
                [33mdata-color[
39m=[32m"Orange"[39m
                
[33mtitle[39m=[32m"Orange 
underline"[39m
              [36m/>[39m
              [36m<button[39m
                [33mclass[39m=
[32m"color-button ash "[39m
                [33mdata-color[
39m=[32m"Ash"[39m
                
[33mtitle[39m=[32m"Ash 
underline"[39m
              [36m/>[39m
              [36m<button[39m
                [33mclass[39m=
[32m"color-button black "[39m
                [33mdata-color[
39m=[32m"Black"[39m
                
[33mtitle[39m=[32m"Black 
underline"[39m
              [36m/>[39m
            [36m</div>[39m
            [36m<div[39m
              [33mclass[39m=[3
2m"undo-redo-buttons"[39m
            [36m>[39m
              [36m<button[39m
                [33mclass[39m=
[32m"undo-redo-button"[39m
                
[33mdisabled[39m=[32m""[39m
                
[33mtitle[39m=[32m"Pad├á 
sß║╣╠üy├¼n"[39m
              [36m>[39m
                [36m<span[39m
                  
[33mclass[39m=[32m"icon"[39m
                [36m>[39m
                  [0mΓå⌐[0m
                [36m</span>[39m
                [0m Pad├á[0m
              [36m</button>[39m
              [36m<button[39m
                [33mclass[39m=
[32m"undo-redo-button"[39m
                
[33mdisabled[39m=[32m""[39m
                
[33mtitle[39m=[32m"T├║n 
ß╣úe"[39m
              [36m>[39m
                [36m<span[39m
                  
[33mclass[39m=[32m"icon"[39m
                [36m>[39m
                  [0mΓå¬[0m
                [36m</span>[39m
                [0m T├║n 
ß╣úe[0m
              [36m</button>[39m
            [36m</div>[39m
          [36m</div>[39m
        [36m</div>[39m
      [36m</div>[39m
    [36m</body>[39m

    [0m [90m 55 |[39m     
test([32m'verifies specific 
content for hymn 
400'[39m[33m,[39m () 
[33m=>[39m {
     [90m 56 |[39m         rend
erHymn([32m'400'[39m)[33m;[39
m
    [31m[1m>[22m[39m[90m 57 
|[39m         expect(screen[33m
.[39mgetByText([35m/├ÇW├ü fΓÇÖ 
├▓go f├║n ß╗îl├í Rß║╣/i[39m))[3
3m.[39mtoBeInTheDocument()[33m;
[39m
     [90m    |[39m             
          [31m[1m^[22m[39m
     [90m 58 |[39m         expe
ct(screen[33m.[39mgetByText([3
5m/Ol├║wa ├¼gb├ál├á wa/i[39m))[
33m.[39mtoBeInTheDocument()[33m
;[39m
     [90m 59 |[39m     
})[33m;[39m
     [90m 60 |[39m 
})[33m;[39m[0m

      at Object.getElementError (
node_modules/@testing-library/rea
ct/node_modules/@testing-library/
dom/dist/config.js:37:19)
      at node_modules/@testing-li
brary/react/node_modules/@testing
-library/dom/dist/query-helpers.j
s:76:38
      at node_modules/@testing-li
brary/react/node_modules/@testing
-library/dom/dist/query-helpers.j
s:52:17
      at getByText (node_modules/
@testing-library/react/node_modul
es/@testing-library/dom/dist/quer
y-helpers.js:95:19)
      at Object.<anonymous> (src/
components/VerifyYorubaHymns_341_
400.test.js:57:23)

Test Suites: 1 failed, 1 total
Tests:       10 failed, 10 total
Snapshots:   0 total
Time:        21.323 s
Ran all test suites matching /src
\\components\\VerifyYorubaHymns_3
41_400.test.js/i.
  console.error
    Warning: `ReactDOMTestUtils.act` is deprecated in favor of `React.act`. Import `act` from `react` instead of `react-dom/test-utils`. See https://react.dev/warnings/react-dom-test-utils for more info.

    [0m [90m  5 |[39m
     [90m  6 |[39m [36mconst[39m renderHymn [33m=[39m (id) [33m=>[39m {
    [31m[1m>[22m[39m[90m  7 |[39m     [36mreturn[39m render(
     [90m    |[39m                  [31m[1m^[22m[39m
     [90m  8 |[39m         [33m<[39m[33mMemoryRouter[39m initialEntries[33m=[39m{[[32m`/yoruba-hymn/${id}`[39m]}[33m>[39m
     [90m  9 |[39m             [33m<[39m[33mRoutes[39m[33m>[39m
     [90m 10 |[39m                 [33m<[39m[33mRoute[39m path[33m=[39m[32m"/yoruba-hymn/:id"[39m element[33m=[39m{[33m<[39m[33mYorubaHymnDetail[39m [35m/>} /[39m[33m>[39m[0m

      at printWarning (node_modules/react-dom/cjs/react-dom-test-utils.development.js:71:30)
      at error (node_modules/react-dom/cjs/react-dom-test-utils.development.js:45:7)
      at actWithWarning (node_modules/react-dom/cjs/react-dom-test-utils.development.js:1736:7)
      at node_modules/@testing-library/react/dist/act-compat.js:63:25
      at renderRoot (node_modules/@testing-library/react/dist/pure.js:159:26)
      at render (node_modules/@testing-library/react/dist/pure.js:246:10)
      at renderHymn (src/components/VerifyYorubaHymns_341_400.test.js:7:18)
      at Object.<anonymous> (src/components/VerifyYorubaHymns_341_400.test.js:30:13)

  console.warn
    ΓÜá∩╕Å React Router Future Flag Warning: React Router will begin wrapping state updates in `React.startTransition` in v7. You can use the `v7_startTransition` future flag to opt-in early. For more information, see https://reactrouter.com/v6/upgrading/future#v7_starttransition.

    [0m [90m  5 |[39m
     [90m  6 |[39m [36mconst[39m renderHymn [33m=[39m (id) [33m=>[39m {
    [31m[1m>[22m[39m[90m  7 |[39m     [36mreturn[39m render(
     [90m    |[39m                  [31m[1m^[22m[39m
     [90m  8 |[39m         [33m<[39m[33mMemoryRouter[39m initialEntries[33m=[39m{[[32m`/yoruba-hymn/${id}`[39m]}[33m>[39m
     [90m  9 |[39m             [33m<[39m[33mRoutes[39m[33m>[39m
     [90m 10 |[39m                 [33m<[39m[33mRoute[39m path[33m=[39m[32m"/yoruba-hymn/:id"[39m element[33m=[39m{[33m<[39m[33mYorubaHymnDetail[39m [35m/>} /[39m[33m>[39m[0m

      at warnOnce (node_modules/react-router/lib/deprecations.ts:9:13)
      at logDeprecation (node_modules/react-router/lib/deprecations.ts:14:3)
      at logV6DeprecationWarnings (node_modules/react-router/lib/deprecations.ts:26:5)
      at node_modules/react-router/lib/components.tsx:257:25
      at commitHookEffectListMount (node_modules/react-dom/cjs/react-dom.development.js:23189:26)
      at commitPassiveMountOnFiber (node_modules/react-dom/cjs/react-dom.development.js:24970:11)
      at commitPassiveMountEffects_complete (node_modules/react-dom/cjs/react-dom.development.js:24930:9)
      at commitPassiveMountEffects_begin (node_modules/react-dom/cjs/react-dom.development.js:24917:7)
      at commitPassiveMountEffects (node_modules/react-dom/cjs/react-dom.development.js:24905:3)
      at flushPassiveEffectsImpl (node_modules/react-dom/cjs/react-dom.development.js:27078:3)
      at flushPassiveEffects (node_modules/react-dom/cjs/react-dom.development.js:27023:14)
      at node_modules/react-dom/cjs/react-dom.development.js:26808:9
      at flushActQueue (node_modules/react/cjs/react.development.js:2667:24)
      at act (node_modules/react/cjs/react.development.js:2582:11)
      at actWithWarning (node_modules/react-dom/cjs/react-dom-test-utils.development.js:1740:10)
      at node_modules/@testing-library/react/dist/act-compat.js:63:25
      at renderRoot (node_modules/@testing-library/react/dist/pure.js:159:26)
      at render (node_modules/@testing-library/react/dist/pure.js:246:10)
      at renderHymn (src/components/VerifyYorubaHymns_341_400.test.js:7:18)
      at Object.<anonymous> (src/components/VerifyYorubaHymns_341_400.test.js:30:13)

  console.warn
    ΓÜá∩╕Å React Router Future Flag Warning: Relative route resolution within Splat routes is changing in v7. You can use the `v7_relativeSplatPath` future flag to opt-in early. For more information, see https://reactrouter.com/v6/upgrading/future#v7_relativesplatpath.

    [0m [90m  5 |[39m
     [90m  6 |[39m [36mconst[39m renderHymn [33m=[39m (id) [33m=>[39m {
    [31m[1m>[22m[39m[90m  7 |[39m     [36mreturn[39m render(
     [90m    |[39m                  [31m[1m^[22m[39m
     [90m  8 |[39m         [33m<[39m[33mMemoryRouter[39m initialEntries[33m=[39m{[[32m`/yoruba-hymn/${id}`[39m]}[33m>[39m
     [90m  9 |[39m             [33m<[39m[33mRoutes[39m[33m>[39m
     [90m 10 |[39m                 [33m<[39m[33mRoute[39m path[33m=[39m[32m"/yoruba-hymn/:id"[39m element[33m=[39m{[33m<[39m[33mYorubaHymnDetail[39m [35m/>} /[39m[33m>[39m[0m

      at warnOnce (node_modules/react-router/lib/deprecations.ts:9:13)
      at logDeprecation (node_modules/react-router/lib/deprecations.ts:14:3)
      at logV6DeprecationWarnings (node_modules/react-router/lib/deprecations.ts:37:5)
      at node_modules/react-router/lib/components.tsx:257:25
      at commitHookEffectListMount (node_modules/react-dom/cjs/react-dom.development.js:23189:26)
      at commitPassiveMountOnFiber (node_modules/react-dom/cjs/react-dom.development.js:24970:11)
      at commitPassiveMountEffects_complete (node_modules/react-dom/cjs/react-dom.development.js:24930:9)
      at commitPassiveMountEffects_begin (node_modules/react-dom/cjs/react-dom.development.js:24917:7)
      at commitPassiveMountEffects (node_modules/react-dom/cjs/react-dom.development.js:24905:3)
      at flushPassiveEffectsImpl (node_modules/react-dom/cjs/react-dom.development.js:27078:3)
      at flushPassiveEffects (node_modules/react-dom/cjs/react-dom.development.js:27023:14)
      at node_modules/react-dom/cjs/react-dom.development.js:26808:9
      at flushActQueue (node_modules/react/cjs/react.development.js:2667:24)
      at act (node_modules/react/cjs/react.development.js:2582:11)
      at actWithWarning (node_modules/react-dom/cjs/react-dom-test-utils.development.js:1740:10)
      at node_modules/@testing-library/react/dist/act-compat.js:63:25
      at renderRoot (node_modules/@testing-library/react/dist/pure.js:159:26)
      at render (node_modules/@testing-library/react/dist/pure.js:246:10)
      at renderHymn (src/components/VerifyYorubaHymns_341_400.test.js:7:18)
      at Object.<anonymous> (src/components/VerifyYorubaHymns_341_400.test.js:30:13)

FAIL src/components/VerifyYorubaH
ymns_341_400.test.js (42.136 s)
  YorubaHymnDetail Verification 
(Hymns 341-400)
    ├ù renders hymn 341 
correctly (940 ms)
    ├ù renders hymn 350 
correctly (211 ms)
    ├ù renders hymn 360 
correctly (132 ms)
    ├ù renders hymn 361 
correctly (1876 ms)
    ├ù renders hymn 370 
correctly (208 ms)
    ├ù renders hymn 380 
correctly (118 ms)
    ├ù renders hymn 390 
correctly (211 ms)
    ├ù renders hymn 400 
correctly (550 ms)
    ΓêÜ verifies specific 
content for hymn 361 (158 ms)
    ├ù verifies specific content 
for hymn 400 (363 ms)

  ΓùÅ YorubaHymnDetail 
Verification (Hymns 341-400) ΓÇ║ 
renders hymn 341 correctly

    TestingLibraryElementError: 
Unable to find an element with 
the text: /OL├ÜWA, r├án w├í 
lß╗ì╠üwß╗ì╠ü/i. This could be 
because the text is broken up by 
multiple elements. In this case, 
you can provide a function for 
your text matcher to make your 
matcher more flexible.

    Ignored nodes: comments, 
script, style
    [36m<body>[39m
      [36m<div>[39m
        [36m<div[39m
          [33mclass[39m=[32m"h
ymn-detail-page 
theme-undefined"[39m
        [36m>[39m
          [36m<div[39m
            [33mclass[39m=[32m
"header-top-row"[39m
          [36m>[39m
            [36m<div[39m
              [33mclass[39m=[3
2m"header-spacer"[39m
            [36m/>[39m
          [36m</div>[39m
          [36m<div[39m
            [33mclass[39m=[32m
"hymn-topic-section"[39m
          [36m>[39m
            [36m<h1>[39m
              [0mKß╗ì╠ü Mi, 
Ol├║wa Mi[0m
            [36m</h1>[39m
            [36m<div[39m
              [33mclass[39m=[3
2m"hymn-topic"[39m
            [36m>[39m
              
[0m├îy├ás├¡m├¡mß╗ì╠ü[0m
            [36m</div>[39m
            [36m<div[39m
              [33mclass[39m=[3
2m"hymn-source"[39m
            [36m>[39m
              [0mYoruba Baptist 
Hymnal[0m
            [36m</div>[39m
          [36m</div>[39m
          [36m<div[39m
            [33mclass[39m=[32m
"hymn-content"[39m
          [36m>[39m
            [36m<div[39m
              [33mclass[39m=[3
2m"navigation-arrows"[39m
            [36m>[39m
              [36m<button[39m
                
[33mclass[39m=[32m"nav-arrow 
prev-arrow"[39m
              [36m>[39m
                [36m<span[39m
                  
[33mclass[39m=[32m"icon"[39m
                [36m>[39m
                  [0mΓåÉ[0m
                [36m</span>[39m
              [36m</button>[39m
              [36m<button[39m
                
[33mclass[39m=[32m"nav-arrow 
next-arrow"[39m
              [36m>[39m
                [36m<span[39m
                  
[33mclass[39m=[32m"icon"[39m
                [36m>[39m
                  [0mΓåÆ[0m
                [36m</span>[39m
              [36m</button>[39m
            [36m</div>[39m
            [36m<div[39m
              [33mclass[39m=[3
2m"floating-share"[39m
            [36m>[39m
              [36m<button[39m
                
[33maria-label[39m=[32m"P├¡n 
orin"[39m
                [33mclass[39m=
[32m"share-button"[39m
              [36m>[39m
                [36m<span[39m
                  
[33mclass[39m=[32m"icon"[39m
                [36m>[39m
                  [0mΓåù∩╕Å[0m
                [36m</span>[39m
              [36m</button>[39m
            [36m</div>[39m
            [36m<div[39m
              [33mclass[39m=[3
2m"metadata-box"[39m
            [36m>[39m
              [36m<div[39m
                [33mclass[39m=
[32m"metadata-item"[39m
              [36m>[39m
                [36m<span[39m
                  
[33mclass[39m=[32m"label"[39m
                [36m>[39m
                  
[0mNß╗ì╠ümb├á:[0m
                [36m</span>[39m
                [36m<span[39m
                  
[33mclass[39m=[32m"value"[39m
                [36m>[39m
                  [0mYBH341[0m
                [36m</span>[39m
              [36m</div>[39m
              [36m<div[39m
                [33mclass[39m=
[32m"metadata-item"[39m
              [36m>[39m
                [36m<span[39m
                  
[33mclass[39m=[32m"label"[39m
                [36m>[39m
                  
[0mOnkß╗ì╠Çw├⌐:[0m
                [36m</span>[39m
                [36m<span[39m
                  
[33mclass[39m=[32m"value"[39m
                [36m>[39m
                  [0mUnknown[0m
                [36m</span>[39m
              [36m</div>[39m
              [36m<div[39m
                [33mclass[39m=
[32m"metadata-item"[39m
              [36m>[39m
                [36m<span[39m
                  
[33mclass[39m=[32m"label"[39m
                [36m>[39m
                  
[0mAkß╗ì╠ümpose:[0m
                [36m</span>[39m
                [36m<span[39m
                  
[33mclass[39m=[32m"value"[39m
                [36m>[39m
                  [0mUnknown[0m
                [36m</span>[39m
              [36m</div>[39m
              [36m<div[39m
                [33mclass[39m=
[32m"metadata-item"[39m
              [36m>[39m
                [36m<span[39m
                  
[33mclass[39m=[32m"label"[39m
                [36m>[39m
                  [0mTune:[0m
                [36m</span>[39m
                [36m<span[39m
                  
[33mclass[39m=[32m"value"[39m
                [36m>[39m
                  [0mUnknown[0m
                [36m</span>[39m
              [36m</div>[39m
              [36m<div[39m
                [33mclass[39m=
[32m"metadata-item"[39m
              [36m>[39m
                [36m<span[39m
                  
[33mclass[39m=[32m"label"[39m
                [36m>[39m
                  [0mMeter:[0m
                [36m</span>[39m
                [36m<span[39m
                  
[33mclass[39m=[32m"value"[39m
                [36m>[39m
                  [0mS.M.[0m
                [36m</span>[39m
              [36m</div>[39m
              [36m<div[39m
                [33mclass[39m=
[32m"metadata-item"[39m
              [36m>[39m
                [36m<span[39m
                  
[33mclass[39m=[32m"label"[39m
                [36m>[39m
                  [0mKey:[0m
                [36m</span>[39m
                [36m<span[39m
                  
[33mclass[39m=[32m"value"[39m
                [36m>[39m
                  [0mUnknown[0m
                [36m</span>[39m
              [36m</div>[39m
              [36m<div[39m
                [33mclass[39m=
[32m"metadata-item"[39m
              [36m>[39m
                [36m<span[39m
                  
[33mclass[39m=[32m"label"[39m
                [36m>[39m
                  
[0mß╗îd├║n:[0m
                [36m</span>[39m
                [36m<span[39m
                  
[33mclass[39m=[32m"value"[39m
                [36m>[39m
                  
[0mTraditional[0m
                [36m</span>[39m
              [36m</div>[39m
              [36m<div[39m
                [33mclass[39m=
[32m"metadata-item"[39m
                [33mdata-type[3
9m=[32m"scripture"[39m
              [36m>[39m
                [36m<span[39m
                  
[33mclass[39m=[32m"label"[39m
                [36m>[39m
                  [0m├îw├⌐ 
M├¡mß╗ì╠ü:[0m
                [36m</span>[39m
                [36m<span[39m
                  
[33mclass[39m=[32m"value"[39m
                [36m>[39m
                  [0mUnknown[0m
                [36m</span>[39m
              [36m</div>[39m
            [36m</div>[39m
            [36m<div[39m
              [33mclass[39m=[3
2m"lyrics"[39m
              [33mstyle[39m=[3
2m"user-select: text;"[39m
            [36m>[39m
              [36m<div[39m
                [33mclass[39m=
[32m"stanza-container"[39m
                [33mstyle[39m=
[32m"margin-top: 0px; 
margin-bottom: 0px;"[39m
              [36m>[39m
                [36m<div[39m
                  [33mclass[39m
=[32m"stanza"[39m
                  [33mstyle[39m
=[32m"margin-top: 0px; 
margin-bottom: 1px;"[39m
                [36m>[39m
                  [36m<div[39m
                    [33mclass[3
9m=[32m"music-signs "[39m
                  [36m>[39m
                    [0mf[0m
                  
[36m</div>[39m
                  [36m<div[39m
                    [33mclass[3
9m=[32m"stanza-number"[39m
                  [36m>[39m
                    [0m1.[0m
                  
[36m</div>[39m
                  [36m<div[39m
                    [33mclass[3
9m=[32m"stanza-text"[39m
                  [36m>[39m
                    
[36m<div[39m
                      
[33mclass[39m=[32m"line "[39m
                      [33mstyle
[39m=[32m"margin-top: 0px; 
margin-bottom: 1px;"[39m
                    [36m>[39m
                      [0mKß╗î╠ü 
mi, Ol├║wa mi,[0m
                    
[36m</div>[39m
                  
[36m</div>[39m
                [36m</div>[39m
                [36m<div[39m
                  [33mclass[39m
=[32m"stanza"[39m
                  [33mstyle[39m
=[32m"margin-top: 0px; 
margin-bottom: 1px;"[39m
                [36m>[39m
                  [36m<div[39m
                    [33mclass[3
9m=[32m"music-signs 
transparent"[39m
                  [36m>[39m
                    [0mx[0m
                  
[36m</div>[39m
                  [36m<div[39m
                    [33mclass[3
9m=[32m"stanza-number"[39m
                  [36m/>[39m
                  [36m<div[39m
                    [33mclass[3
9m=[32m"stanza-text"[39m
                  [36m>[39m
                    
[36m<div[39m
                      
[33mclass[39m=[32m"line "[39m
                      [33mstyle
[39m=[32m"margin-top: 0px; 
margin-bottom: 1px;"[39m
                    [36m>[39m
                      [0mK├¡ 
nrΓÇÖ ß╗ìwß╗ì╠ü Rß║╣ y├¡ka,[0m
                    
[36m</div>[39m
                  
[36m</div>[39m
                [36m</div>[39m
                [36m<div[39m
                  [33mclass[39m
=[32m"stanza"[39m
                  [33mstyle[39m
=[32m"margin-top: 0px; 
margin-bottom: 1px;"[39m
                [36m>[39m
                  [36m<div[39m
                    [33mclass[3
9m=[32m"music-signs 
transparent"[39m
                  [36m>[39m
                    [0mx[0m
                  
[36m</div>[39m
                  [36m<div[39m
                    [33mclass[3
9m=[32m"stanza-number"[39m
                  [36m/>[39m
                  [36m<div[39m
                    [33mclass[3
9m=[32m"stanza-text"[39m
                  [36m>[39m
                    
[36m<div[39m
                      
[33mclass[39m=[32m"line "[39m
                      [33mstyle
[39m=[32m"margin-top: 0px; 
margin-bottom: 1px;"[39m
                    [36m>[39m
                      [0mK├¡ 
nß╣ú├¼ m├í ß╣úe ohun gbogbo,[0m
                    
[36m</div>[39m
                  
[36m</div>[39m
                [36m</div>[39m
                [36m<div[39m
                  [33mclass[39m
=[32m"stanza"[39m
                  [33mstyle[39m
=[32m"margin-top: 0px; 
margin-bottom: 1px;"[39m
                [36m>[39m
                  [36m<div[39m
                    [33mclass[3
9m=[32m"music-signs 
transparent"[39m
                  [36m>[39m
                    [0mx[0m
                  
[36m</div>[39m
                  [36m<div[39m
                    [33mclass[3
9m=[32m"stanza-number"[39m
                  [36m/>[39m
                  [36m<div[39m
                    [33mclass[3
9m=[32m"stanza-text"[39m
                  [36m>[39m
                    
[36m<div[39m
                      
[33mclass[39m=[32m"line "[39m
                      [33mstyle
[39m=[32m"margin-top: 0px; 
margin-bottom: 1px;"[39m
                    [36m>[39m
                      [0mB├¡ 
ß║╣nipe f├║n ß╗î.[0m
                    
[36m</div>[39m
                  
[36m</div>[39m
                [36m</div>[39m
              [36m</div>[39m
              [36m<div[39m
                [33mclass[39m=
[32m"stanza-break"[39m
                [33mstyle[39m=
[32m"margin-top: 0px; 
margin-bottom: 2px;"[39m
              [36m/>[39m
              [36m<div[39m
                [33mclass[39m=
[32m"stanza-container"[39m
                [33mstyle[39m=
[32m"margin-top: 0px; 
margin-bottom: 0px;"[39m
              [36m>[39m
                [36m<div[39m
                  [33mclass[39m
=[32m"stanza"[39m
                  [33mstyle[39m
=[32m"margin-top: 0px; 
margin-bottom: 1px;"[39m
                [36m>[39m
                  [36m<div[39m
                    [33mclass[3
9m=[32m"music-signs "[39m
                  [36m>[39m
                    [0mf[0m
                  
[36m</div>[39m
                  [36m<div[39m
                    [33mclass[3
9m=[32m"stanza-number"[39m
                  [36m>[39m
                    [0m2.[0m
                  
[36m</div>[39m
                  [36m<div[39m
                    [33mclass[3
9m=[32m"stanza-text"[39m
                  [36m>[39m
                    
[36m<div[39m
                      
[33mclass[39m=[32m"line "[39m
                      [33mstyle
[39m=[32m"margin-top: 0px; 
margin-bottom: 1px;"[39m
                    [36m>[39m
                      [0mGbogbo 
ay├⌐ l├¿ ß╣úe[0m
                    
[36m</div>[39m
                  
[36m</div>[39m
                [36m</div>[39m
                [36m<div[39m
                  [33mclass[39m
=[32m"stanza"[39m
                  [33mstyle[39m
=[32m"margin-top: 0px; 
margin-bottom: 1px;"[39m
                [36m>[39m
                  [36m<div[39m
                    [33mclass[3
9m=[32m"music-signs 
transparent"[39m
                  [36m>[39m
                    [0mx[0m
                  
[36m</div>[39m
                  [36m<div[39m
                    [33mclass[3
9m=[32m"stanza-number"[39m
                  [36m/>[39m
                  [36m<div[39m
                    [33mclass[3
9m=[32m"stanza-text"[39m
                  [36m>[39m
                    
[36m<div[39m
                      
[33mclass[39m=[32m"line "[39m
                      [33mstyle
[39m=[32m"margin-top: 0px; 
margin-bottom: 1px;"[39m
                    [36m>[39m
                      
[0mAl├íb├á├íp├¼n nΓÇÖnu 
Rß║╣,[0m
                    
[36m</div>[39m
                  
[36m</div>[39m
                [36m</div>[39m
                [36m<div[39m
                  [33mclass[39m
=[32m"stanza"[39m
                  [33mstyle[39m
=[32m"margin-top: 0px; 
margin-bottom: 1px;"[39m
                [36m>[39m
                  [36m<div[39m
                    [33mclass[3
9m=[32m"music-signs 
transparent"[39m
                  [36m>[39m
                    [0mx[0m
                  
[36m</div>[39m
                  [36m<div[39m
                    [33mclass[3
9m=[32m"stanza-number"[39m
                  [36m/>[39m
                  [36m<div[39m
                    [33mclass[3
9m=[32m"stanza-text"[39m
                  [36m>[39m
                    
[36m<div[39m
                      
[33mclass[39m=[32m"line "[39m
                      [33mstyle
[39m=[32m"margin-top: 0px; 
margin-bottom: 1px;"[39m
                    [36m>[39m
                      [0mK├▓ 
s├¡ iß╣úß║╣╠ü t├¡ k├▓ nΓÇÖ 
iyi,[0m
                    
[36m</div>[39m
                  
[36m</div>[39m
                [36m</div>[39m
                [36m<div[39m
                  [33mclass[39m
=[32m"stanza"[39m
                  [33mstyle[39m
=[32m"margin-top: 0px; 
margin-bottom: 1px;"[39m
                [36m>[39m
                  [36m<div[39m
                    [33mclass[3
9m=[32m"music-signs 
transparent"[39m
                  [36m>[39m
                    [0mx[0m
                  
[36m</div>[39m
                  [36m<div[39m
                    [33mclass[3
9m=[32m"stanza-number"[39m
                  [36m/>[39m
                  [36m<div[39m
                    [33mclass[3
9m=[32m"stanza-text"[39m
                  [36m>[39m
                    
[36m<div[39m
                      
[33mclass[39m=[32m"line "[39m
                      [33mstyle
[39m=[32m"margin-top: 0px; 
margin-bottom: 1px;"[39m
                    [36m>[39m
                      [0mTΓÇÖ a 
ß╣úe n├¡tor├¡ Rß║╣.[0m
                    
[36m</div>[39m
                  
[36m</div>[39m
                [36m</div>[39m
              [36m</div>[39m
              [36m<div[39m
                [33mclass[39m=
[32m"stanza-break"[39m
                [33mstyle[39m=
[32m"margin-top: 0px; 
margin-bottom: 2px;"[39m
              [36m/>[39m
              [36m<div[39m
                [33mclass[39m=
[32m"stanza-container"[39m
                [33mstyle[39m=
[32m"margin-top: 0px; 
margin-bottom: 0px;"[39m
              [36m>[39m
                [36m<div[39m
                  [33mclass[39m
=[32m"stanza"[39m
                  [33mstyle[39m
=[32m"margin-top: 0px; 
margin-bottom: 1px;"[39m
                [36m>[39m
                  [36m<div[39m
                    [33mclass[3
9m=[32m"music-signs "[39m
                  [36m>[39m
                    [0mf[0m
                  
[36m</div>[39m
                  [36m<div[39m
                    [33mclass[3
9m=[32m"stanza-number"[39m
                  [36m>[39m
                    [0m3.[0m
                  
[36m</div>[39m
                  [36m<div[39m
                    [33mclass[3
9m=[32m"stanza-text"[39m
                  [36m>[39m
                    
[36m<div[39m
                      
[33mclass[39m=[32m"line "[39m
                      [33mstyle
[39m=[32m"margin-top: 0px; 
margin-bottom: 1px;"[39m
                    [36m>[39m
                      
[0m├îtß║╣╠Çl├⌐ ├▓fin Rß║╣[0m
                    
[36m</div>[39m
                  
[36m</div>[39m
                [36m</div>[39m
                [36m<div[39m
                  [33mclass[39m
=[32m"stanza"[39m
                  [33mstyle[39m
=[32m"margin-top: 0px; 
margin-bottom: 1px;"[39m
                [36m>[39m
                  [36m<div[39m
                    [33mclass[3
9m=[32m"music-signs 
transparent"[39m
                  [36m>[39m
                    [0mx[0m
                  
[36m</div>[39m
                  [36m<div[39m
                    [33mclass[3
9m=[32m"stanza-number"[39m
                  [36m/>[39m
                  [36m<div[39m
                    [33mclass[3
9m=[32m"stanza-text"[39m
                  [36m>[39m
                    
[36m<div[39m
                      
[33mclass[39m=[32m"line "[39m
                      [33mstyle
[39m=[32m"margin-top: 0px; 
margin-bottom: 1px;"[39m
                    [36m>[39m
                      [0mM├║ 
ΓÇÿß╣úß║╣╠ü as├ín lΓÇÖ ├▓go,[0m
                    
[36m</div>[39m
                  
[36m</div>[39m
                [36m</div>[39m
                [36m<div[39m
                  [33mclass[39m
=[32m"stanza"[39m
                  [33mstyle[39m
=[32m"margin-top: 0px; 
margin-bottom: 1px;"[39m
                [36m>[39m
                  [36m<div[39m
                    [33mclass[3
9m=[32m"music-signs 
transparent"[39m
                  [36m>[39m
                    [0mx[0m
                  
[36m</div>[39m
                  [36m<div[39m
                    [33mclass[3
9m=[32m"stanza-number"[39m
                  [36m/>[39m
                  [36m<div[39m
                    [33mclass[3
9m=[32m"stanza-text"[39m
                  [36m>[39m
                    
[36m<div[39m
                      
[33mclass[39m=[32m"line "[39m
                      [33mstyle
[39m=[32m"margin-top: 0px; 
margin-bottom: 1px;"[39m
                    [36m>[39m
                      
[0m├îß╣úß║╣╠ü nΓÇÖ iyi, ├│ nΓÇÖ 
├¼b├╣k├║n,[0m
                    
[36m</div>[39m
                  
[36m</div>[39m
                [36m</div>[39m
                [36m<div[39m
                  [33mclass[39m
=[32m"stanza"[39m
                  [33mstyle[39m
=[32m"margin-top: 0px; 
margin-bottom: 1px;"[39m
                [36m>[39m
                  [36m<div[39m
                    [33mclass[3
9m=[32m"music-signs 
transparent"[39m
                  [36m>[39m
                    [0mx[0m
                  
[36m</div>[39m
                  [36m<div[39m
                    [33mclass[3
9m=[32m"stanza-number"[39m
                  [36m/>[39m
                  [36m<div[39m
                    [33mclass[3
9m=[32m"stanza-text"[39m
                  [36m>[39m
                    
[36m<div[39m
                      
[33mclass[39m=[32m"line "[39m
                      [33mstyle
[39m=[32m"margin-top: 0px; 
margin-bottom: 1px;"[39m
                    [36m>[39m
                      [0mTΓÇÖ 
├│ nΓÇÖ ir├║ ΓÇÿp├¼lß║╣╠Ç 
y├¼├¡.[0m
                    
[36m</div>[39m
                  
[36m</div>[39m
                [36m</div>[39m
              [36m</div>[39m
            [36m</div>[39m
            [36m<div[39m
              [33mclass[39m=[3
2m"hymn-history"[39m
            [36m>[39m
              [36m<h3>[39m
                [0m├ît├án[0m
              [36m</h3>[39m
              [36m<p>[39m
                [0mTraditional 
Yoruba hymn about doing 
everything for God.[0m
              [36m</p>[39m
            [36m</div>[39m
          [36m</div>[39m
          [36m<div[39m
            [33mclass[39m=[32m
"highlight-toolbar "[39m
          [36m>[39m
            [36m<div[39m
              [33mclass[39m=[3
2m"color-picker-title"[39m
            [36m>[39m
              [0mYan ├Çwß╗ì╠Ç 
Underline[0m
            [36m</div>[39m
            [36m<div[39m
              [33mclass[39m=[3
2m"color-grid"[39m
            [36m>[39m
              [36m<button[39m
                [33mclass[39m=
[32m"color-button yellow 
active"[39m
                [33mdata-color[
39m=[32m"Yellow"[39m
                
[33mtitle[39m=[32m"Yellow 
underline"[39m
              [36m/>[39m
              [36m<button[39m
                [33mclass[39m=
[32m"color-button red "[39m
                [33mdata-color[
39m=[32m"Red"[39m
                
[33mtitle[39m=[32m"Red 
underline"[39m
              [36m/>[39m
              [36m<button[39m
                [33mclass[39m=
[32m"color-button blue "[39m
                [33mdata-color[
39m=[32m"Blue"[39m
                
[33mtitle[39m=[32m"Blue 
underline"[39m
              [36m/>[39m
              [36m<button[39m
                [33mclass[39m=
[32m"color-button orange "[39m
                [33mdata-color[
39m=[32m"Orange"[39m
                
[33mtitle[39m=[32m"Orange 
underline"[39m
              [36m/>[39m
              [36m<button[39m
                [33mclass[39m=
[32m"color-button ash "[39m
                [33mdata-color[
39m=[32m"Ash"[39m
                
[33mtitle[39m=[32m"Ash 
underline"[39m
              [36m/>[39m
              [36m<button[39m
                [33mclass[39m=
[32m"color-button black "[39m
                [33mdata-color[
39m=[32m"Black"[39m
                
[33mtitle[39m=[32m"Black 
underline"[39m
              [36m/>[39m
            [36m</div>[39m
            [36m<div[39m
              [33mclass[39m=[3
2m"undo-redo-buttons"[39m
            [36m>[39m
              [36m<button[39m
                [33mclass[39m=
[32m"undo-redo-button"[39m
                
[33mdisabled[39m=[32m""[39m
                
[33mtitle[39m=[32m"Pad├á 
sß║╣╠üy├¼n"[39m
              [36m>[39m
                [36m<span[39m
                  
[33mclass[39m=[32m"icon"[39m
                [36m>[39m
                  [0mΓå⌐[0m
                [36m</span>[39m
                [0m Pad├á[0m
              [36m</button>[39m
              [36m<button[39m
                [33mclass[39m=
[32m"undo-redo-button"[39m
                
[33mdisabled[39m=[32m""[39m
                
[33mtitle[39m=[32m"T├║n 
ß╣úe"[39m
              [36m>[39m
                [36m<span[39m
                  
[33mclass[39m=[32m"icon"[39m
                [36m>[39m
                  [0mΓå¬[0m
                [36m</span>[39m
                [0m T├║n 
ß╣úe[0m
              [36m</button>[39m
            [36m</div>[39m
          [36m</div>[39m
        [36m</div>[39m
      [36m</div>[39m
    [36m</body>[39m

    [0m [90m 31 |[39m
     [90m 32 |[39m             
[90m// Check title (ignoring 
case for flexibility)[39m
    [31m[1m>[22m[39m[90m 33 
|[39m             
[36mconst[39m titleElement 
[33m=[39m screen[33m.[39mgetB
yText([36mnew[39m [33mRegExp[
39m(title[33m,[39m 
[32m'i'[39m))[33m;[39m
     [90m    |[39m             
                            
[31m[1m^[22m[39m
     [90m 34 |[39m             
expect(titleElement)[33m.[39mto
BeInTheDocument()[33m;[39m
     [90m 35 |[39m
     [90m 36 |[39m             
[90m// Check for presence of 
"Yoruba Baptist Hymnal"[39m[0m

      at Object.getElementError (
node_modules/@testing-library/rea
ct/node_modules/@testing-library/
dom/dist/config.js:37:19)
      at node_modules/@testing-li
brary/react/node_modules/@testing
-library/dom/dist/query-helpers.j
s:76:38
      at node_modules/@testing-li
brary/react/node_modules/@testing
-library/dom/dist/query-helpers.j
s:52:17
      at getByText (node_modules/
@testing-library/react/node_modul
es/@testing-library/dom/dist/quer
y-helpers.js:95:19)
      at Object.<anonymous> (src/
components/VerifyYorubaHymns_341_
400.test.js:33:41)

  ΓùÅ YorubaHymnDetail 
Verification (Hymns 341-400) ΓÇ║ 
renders hymn 350 correctly

    TestingLibraryElementError: 
Unable to find an element with 
the text: /OL├ÜWA, fΓÇÖ 
al├á├íf├¡├á Rß║╣ f├║n wa/i. This 
could be because the text is 
broken up by multiple elements. 
In this case, you can provide a 
function for your text matcher 
to make your matcher more 
flexible.

    Ignored nodes: comments, 
script, style
    [36m<body>[39m
      [36m<div>[39m
        [36m<div[39m
          [33mclass[39m=[32m"h
ymn-detail-page 
theme-undefined"[39m
        [36m>[39m
          [36m<div[39m
            [33mclass[39m=[32m
"header-top-row"[39m
          [36m>[39m
            [36m<div[39m
              [33mclass[39m=[3
2m"header-spacer"[39m
            [36m/>[39m
          [36m</div>[39m
          [36m<div[39m
            [33mclass[39m=[32m
"hymn-topic-section"[39m
          [36m>[39m
            [36m<h1>[39m
              [0mJ├⌐s├╣ W├¡p├⌐ 
KΓÇÖ ├ü M├í ß╣óß╗ì╠üra[0m
            [36m</h1>[39m
            [36m<div[39m
              [33mclass[39m=[3
2m"hymn-topic"[39m
            [36m>[39m
              
[0m├îy├ás├¡m├¡mß╗ì╠ü[0m
            [36m</div>[39m
            [36m<div[39m
              [33mclass[39m=[3
2m"hymn-source"[39m
            [36m>[39m
              [0mYoruba Baptist 
Hymnal[0m
            [36m</div>[39m
          [36m</div>[39m
          [36m<div[39m
            [33mclass[39m=[32m
"hymn-content"[39m
          [36m>[39m
            [36m<div[39m
              [33mclass[39m=[3
2m"navigation-arrows"[39m
            [36m>[39m
              [36m<button[39m
                
[33mclass[39m=[32m"nav-arrow 
prev-arrow"[39m
              [36m>[39m
                [36m<span[39m
                  
[33mclass[39m=[32m"icon"[39m
                [36m>[39m
                  [0mΓåÉ[0m
                [36m</span>[39m
              [36m</button>[39m
              [36m<button[39m
                
[33mclass[39m=[32m"nav-arrow 
next-arrow"[39m
              [36m>[39m
                [36m<span[39m
                  
[33mclass[39m=[32m"icon"[39m
                [36m>[39m
                  [0mΓåÆ[0m
                [36m</span>[39m
              [36m</button>[39m
            [36m</div>[39m
            [36m<div[39m
              [33mclass[39m=[3
2m"floating-share"[39m
            [36m>[39m
              [36m<button[39m
                
[33maria-label[39m=[32m"P├¡n 
orin"[39m
                [33mclass[39m=
[32m"share-button"[39m
              [36m>[39m
                [36m<span[39m
                  
[33mclass[39m=[32m"icon"[39m
                [36m>[39m
                  [0mΓåù∩╕Å[0m
                [36m</span>[39m
              [36m</button>[39m
            [36m</div>[39m
            [36m<div[39m
              [33mclass[39m=[3
2m"metadata-box"[39m
            [36m>[39m
              [36m<div[39m
                [33mclass[39m=
[32m"metadata-item"[39m
              [36m>[39m
                [36m<span[39m
                  
[33mclass[39m=[32m"label"[39m
                [36m>[39m
                  
[0mNß╗ì╠ümb├á:[0m
                [36m</span>[39m
                [36m<span[39m
                  
[33mclass[39m=[32m"value"[39m
                [36m>[39m
                  [0mYBH350[0m
                [36m</span>[39m
              [36m</div>[39m
              [36m<div[39m
                [33mclass[39m=
[32m"metadata-item"[39m
              [36m>[39m
                [36m<span[39m
                  
[33mclass[39m=[32m"label"[39m
                [36m>[39m
                  
[0mOnkß╗ì╠Çw├⌐:[0m
                [36m</span>[39m
                [36m<span[39m
                  
[33mclass[39m=[32m"value"[39m
                [36m>[39m
                  [0mUnknown[0m
                [36m</span>[39m
              [36m</div>[39m
              [36m<div[39m
                [33mclass[39m=
[32m"metadata-item"[39m
              [36m>[39m
                [36m<span[39m
                  
[33mclass[39m=[32m"label"[39m
                [36m>[39m
                  
[0mAkß╗ì╠ümpose:[0m
                [36m</span>[39m
                [36m<span[39m
                  
[33mclass[39m=[32m"value"[39m
                [36m>[39m
                  [0mUnknown[0m
                [36m</span>[39m
              [36m</div>[39m
              [36m<div[39m
                [33mclass[39m=
[32m"metadata-item"[39m
              [36m>[39m
                [36m<span[39m
                  
[33mclass[39m=[32m"label"[39m
                [36m>[39m
                  [0mTune:[0m
                [36m</span>[39m
                [36m<span[39m
                  
[33mclass[39m=[32m"value"[39m
                [36m>[39m
                  [0mUnknown[0m
                [36m</span>[39m
              [36m</div>[39m
              [36m<div[39m
                [33mclass[39m=
[32m"metadata-item"[39m
              [36m>[39m
                [36m<span[39m
                  
[33mclass[39m=[32m"label"[39m
                [36m>[39m
                  [0mMeter:[0m
                [36m</span>[39m
                [36m<span[39m
                  
[33mclass[39m=[32m"value"[39m
                [36m>[39m
                  [0m8.6.8.6[0m
                [36m</span>[39m
              [36m</div>[39m
              [36m<div[39m
                [33mclass[39m=
[32m"metadata-item"[39m
              [36m>[39m
                [36m<span[39m
                  
[33mclass[39m=[32m"label"[39m
                [36m>[39m
                  [0mKey:[0m
                [36m</span>[39m
                [36m<span[39m
                  
[33mclass[39m=[32m"value"[39m
                [36m>[39m
                  [0mUnknown[0m
                [36m</span>[39m
              [36m</div>[39m
              [36m<div[39m
                [33mclass[39m=
[32m"metadata-item"[39m
              [36m>[39m
                [36m<span[39m
                  
[33mclass[39m=[32m"label"[39m
                [36m>[39m
                  
[0mß╗îd├║n:[0m
                [36m</span>[39m
                [36m<span[39m
                  
[33mclass[39m=[32m"value"[39m
                [36m>[39m
                  
[0mTraditional[0m
                [36m</span>[39m
              [36m</div>[39m
              [36m<div[39m
                [33mclass[39m=
[32m"metadata-item"[39m
                [33mdata-type[3
9m=[32m"scripture"[39m
              [36m>[39m
                [36m<span[39m
                  
[33mclass[39m=[32m"label"[39m
                [36m>[39m
                  [0m├îw├⌐ 
M├¡mß╗ì╠ü:[0m
                [36m</span>[39m
                [36m<span[39m
                  
[33mclass[39m=[32m"value"[39m
                [36m>[39m
                  [0mUnknown[0m
                [36m</span>[39m
              [36m</div>[39m
            [36m</div>[39m
            [36m<div[39m
              [33mclass[39m=[3
2m"lyrics"[39m
              [33mstyle[39m=[3
2m"user-select: text;"[39m
            [36m>[39m
              [36m<div[39m
                [33mclass[39m=
[32m"stanza-container"[39m
                [33mstyle[39m=
[32m"margin-top: 0px; 
margin-bottom: 0px;"[39m
              [36m>[39m
                [36m<div[39m
                  [33mclass[39m
=[32m"stanza"[39m
                  [33mstyle[39m
=[32m"margin-top: 0px; 
margin-bottom: 1px;"[39m
                [36m>[39m
                  [36m<div[39m
                    [33mclass[3
9m=[32m"music-signs "[39m
                  [36m>[39m
                    [0mf[0m
                  
[36m</div>[39m
                  [36m<div[39m
                    [33mclass[3
9m=[32m"stanza-number"[39m
                  [36m>[39m
                    [0m1.[0m
                  
[36m</div>[39m
                  [36m<div[39m
                    [33mclass[3
9m=[32m"stanza-text"[39m
                  [36m>[39m
                    
[36m<div[39m
                      
[33mclass[39m=[32m"line "[39m
                      [33mstyle
[39m=[32m"margin-top: 0px; 
margin-bottom: 1px;"[39m
     ...

    [0m [90m 31 |[39m
     [90m 32 |[39m             
[90m// Check title (ignoring 
case for flexibility)[39m
    [31m[1m>[22m[39m[90m 33 
|[39m             
[36mconst[39m titleElement 
[33m=[39m screen[33m.[39mgetB
yText([36mnew[39m [33mRegExp[
39m(title[33m,[39m 
[32m'i'[39m))[33m;[39m
     [90m    |[39m             
                            
[31m[1m^[22m[39m
     [90m 34 |[39m             
expect(titleElement)[33m.[39mto
BeInTheDocument()[33m;[39m
     [90m 35 |[39m
     [90m 36 |[39m             
[90m// Check for presence of 
"Yoruba Baptist Hymnal"[39m[0m

      at Object.getElementError (
node_modules/@testing-library/rea
ct/node_modules/@testing-library/
dom/dist/config.js:37:19)
      at node_modules/@testing-li
brary/react/node_modules/@testing
-library/dom/dist/query-helpers.j
s:76:38
      at node_modules/@testing-li
brary/react/node_modules/@testing
-library/dom/dist/query-helpers.j
s:52:17
      at getByText (node_modules/
@testing-library/react/node_modul
es/@testing-library/dom/dist/quer
y-helpers.js:95:19)
      at Object.<anonymous> (src/
components/VerifyYorubaHymns_341_
400.test.js:33:41)

  ΓùÅ YorubaHymnDetail 
Verification (Hymns 341-400) ΓÇ║ 
renders hymn 360 correctly

    TestingLibraryElementError: 
Found multiple elements with the 
text: /B├ÇB├ü ß╗ì╠Çrun, t├¡ 
├¼fß║╣╠ü Rß║╣/i

    Here are the matching 
elements:

    Ignored nodes: comments, 
script, style
    [36m<h1>[39m
      [0mB├áb├í ß╗î╠Çrun, T├¡ 
├îfß║╣╠ü Rß║╣[0m
    [36m</h1>[39m

    Ignored nodes: comments, 
script, style
    [36m<div[39m
      [33mclass[39m=[32m"line 
"[39m
      [33mstyle[39m=[32m"margi
n-top: 0px; margin-bottom: 
1px;"[39m
    [36m>[39m
      [0mB├ÇB├ü ß╗ì╠Çrun, t├¡ 
├¼fß║╣╠ü Rß║╣[0m
    [36m</div>[39m

    (If this is intentional, 
then use the `*AllBy*` variant 
of the query (like 
`queryAllByText`, 
`getAllByText`, or 
`findAllByText`)).

    Ignored nodes: comments, 
script, style
    [36m<body>[39m
      [36m<div>[39m
        [36m<div[39m
          [33mclass[39m=[32m"h
ymn-detail-page 
theme-undefined"[39m
        [36m>[39m
          [36m<div[39m
            [33mclass[39m=[32m
"header-top-row"[39m
          [36m>[39m
            [36m<div[39m
              [33mclass[39m=[3
2m"header-spacer"[39m
            [36m/>[39m
          [36m</div>[39m
          [36m<div[39m
            [33mclass[39m=[32m
"hymn-topic-section"[39m
          [36m>[39m
            [36m<h1>[39m
              [0mB├áb├í 
ß╗î╠Çrun, T├¡ ├îfß║╣╠ü Rß║╣[0m
            [36m</h1>[39m
            [36m<div[39m
              [33mclass[39m=[3
2m"hymn-topic"[39m
            [36m>[39m
              
[0m├îy├ás├¡m├¡mß╗ì╠ü[0m
            [36m</div>[39m
            [36m<div[39m
              [33mclass[39m=[3
2m"hymn-source"[39m
            [36m>[39m
              [0mYoruba Baptist 
Hymnal[0m
            [36m</div>[39m
          [36m</div>[39m
          [36m<div[39m
            [33mclass[39m=[32m
"hymn-content"[39m
          [36m>[39m
            [36m<div[39m
              [33mclass[39m=[3
2m"navigation-arrows"[39m
            [36m>[39m
              [36m<button[39m
                
[33mclass[39m=[32m"nav-arrow 
prev-arrow"[39m
              [36m>[39m
                [36m<span[39m
                  
[33mclass[39m=[32m"icon"[39m
                [36m>[39m
                  [0mΓåÉ[0m
                [36m</span>[39m
              [36m</button>[39m
              [36m<button[39m
                
[33mclass[39m=[32m"nav-arrow 
next-arrow"[39m
              [36m>[39m
                [36m<span[39m
                  
[33mclass[39m=[32m"icon"[39m
                [36m>[39m
                  [0mΓåÆ[0m
                [36m</span>[39m
              [36m</button>[39m
            [36m</div>[39m
            [36m<div[39m
              [33mclass[39m=[3
2m"floating-share"[39m
            [36m>[39m
              [36m<button[39m
                
[33maria-label[39m=[32m"P├¡n 
orin"[39m
                [33mclass[39m=
[32m"share-button"[39m
              [36m>[39m
                [36m<span[39m
                  
[33mclass[39m=[32m"icon"[39m
                [36m>[39m
                  [0mΓåù∩╕Å[0m
                [36m</span>[39m
              [36m</button>[39m
            [36m</div>[39m
            [36m<div[39m
              [33mclass[39m=[3
2m"metadata-box"[39m
            [36m>[39m
              [36m<div[39m
                [33mclass[39m=
[32m"metadata-item"[39m
              [36m>[39m
                [36m<span[39m
                  
[33mclass[39m=[32m"label"[39m
                [36m>[39m
                  
[0mNß╗ì╠ümb├á:[0m
                [36m</span>[39m
                [36m<span[39m
                  
[33mclass[39m=[32m"value"[39m
                [36m>[39m
                  [0mYBH360[0m
                [36m</span>[39m
              [36m</div>[39m
              [36m<div[39m
                [33mclass[39m=
[32m"metadata-item"[39m
              [36m>[39m
                [36m<span[39m
                  
[33mclass[39m=[32m"label"[39m
                [36m>[39m
                  
[0mOnkß╗ì╠Çw├⌐:[0m
                [36m</span>[39m
                [36m<span[39m
                  
[33mclass[39m=[32m"value"[39m
                [36m>[39m
                  [0mUnknown[0m
                [36m</span>[39m
              [36m</div>[39m
              [36m<div[39m
                [33mclass[39m=
[32m"metadata-item"[39m
              [36m>[39m
                [36m<span[39m
                  
[33mclass[39m=[32m"label"[39m
                [36m>[39m
                  
[0mAkß╗ì╠ümpose:[0m
                [36m</span>[39m
                [36m<span[39m
                  
[33mclass[39m=[32m"value"[39m
                [36m>[39m
                  [0mUnknown[0m
                [36m</span>[39m
              [36m</div>[39m
              [36m<div[39m
                [33mclass[39m=
[32m"metadata-item"[39m
              [36m>[39m
                [36m<span[39m
                  
[33mclass[39m=[32m"label"[39m
                [36m>[39m
                  [0mTune:[0m
                [36m</span>[39m
                [36m<span[39m
                  
[33mclass[39m=[32m"value"[39m
                [36m>[39m
                  [0mUnknown[0m
                [36m</span>[39m
              [36m</div>[39m
              [36m<div[39m
                [33mclass[39m=
[32m"metadata-item"[39m
              [36m>[39m
                [36m<span[39m
                  
[33mclass[39m=[32m"label"[39m
                [36m>[39m
                  [0mMeter:[0m
                [36m</span>[39m
                [36m<span[39m
                  
[33mclass[39m=[32m"value"[39m
                [36m>[39m
                  [0mL.M.[0m
                [36m</span>[39m
              [36m</div>[39m
              [36m<div[39m
                [33mclass[39m=
[32m"metadata-item"[39m
              [36m>[39m
                [36m<span[39m
                  
[33mclass[39m=[32m"label"[39m
                [36m>[39m
                  [0mKey:[0m
                [36m</span>[39m
                [36m<span[39m
                  
[33mclass[39m=[32m"value"[39m
                [36m>[39m
                  [0mUnknown[0m
                [36m</span>[39m
              [36m</div>[39m
              [36m<div[39m
                [33mclass[39m=
[32m"metadata-item"[39m
              [36m>[39m
                [36m<span[39m
                  
[33mclass[39m=[32m"label"[39m
                [36m>[39m
                  
[0mß╗îd├║n:[0m
                [36m</span>[39m
                [36m<span[39m
                  
[33mclass[39m=[32m"value"[39m
                [36m>[39m
                  
[0mTraditional[0m
                [36m</span>[39m
              [36m</div>[39m
              [36m<div[39m
                [33mclass[39m=
[32m"metadata-item"[39m
                [33mdata-type[3
9m=[32m"scripture"[39m
              [36m>[39m
                [36m<span[39m
                  
[33mclass[39m=[32m"label"[39m
                [36m>[39m
                  [0m├îw├⌐ 
M├¡mß╗ì╠ü:[0m
                [36m</span>[39m
                [36m<span[39m
                  
[33mclass[39m=[32m"value"[39m
                [36m>[39m
                  [0mUnknown[0m
                [36m</span>[39m
              [36m</div>[39m
            [36m</div>[39m
            [36m<div[39m
              [33mclass[39m=[3
2m"lyrics"[39m
              [33mstyle[39m=[3
2m"user-select: text;"[39m
            [36m>[39m
              [36m<div[39m
                [33mclass[39m=
[32m"stanza-container"[39m
                [33mstyle[39m=
[32m"margin-top: 0px; 
margin-bottom: 0px;"[39m
              [36m>[39m
                [36m<div[39m
                  [33mclass[39m
=[32m"stanza"[39m
                  [33mstyle[39m
=[32m"margin-top: 0px; 
margin-bottom: 1px;"[39m
                [36m>[39m
                  [36m<div[39m
                    [33mclass[3
9m=[32m"music-signs "[39m
                  [36m>[39m
                    [0mf[0m
                  
[36m</div>[39m
                  [36m<div[39m
                    [33mclass[3
9m=[32m"stanza-number"[39m
                  [36m>[39m
                    [0m1.[0m
                  
[36m</div>[39m
                  [36m<div[39m
                    [33mclass[3
9m=[32m"stanza-text"[39m
                  [36m>[39m
                    
[36m<div[39m
                      
[33mclass[39m=[32m"line "[39m
                      [33mstyle
[39m=[32m"margin-top: 0px; 
margin-bottom: 1px;"[39m
         ...

    [0m [90m 31 |[39m
     [90m 32 |[39m             
[90m// Check title (ignoring 
case for flexibility)[39m
    [31m[1m>[22m[39m[90m 33 
|[39m             
[36mconst[39m titleElement 
[33m=[39m screen[33m.[39mgetB
yText([36mnew[39m [33mRegExp[
39m(title[33m,[39m 
[32m'i'[39m))[33m;[39m
     [90m    |[39m             
                            
[31m[1m^[22m[39m
     [90m 34 |[39m             
expect(titleElement)[33m.[39mto
BeInTheDocument()[33m;[39m
     [90m 35 |[39m
     [90m 36 |[39m             
[90m// Check for presence of 
"Yoruba Baptist Hymnal"[39m[0m

      at Object.getElementError (
node_modules/@testing-library/rea
ct/node_modules/@testing-library/
dom/dist/config.js:37:19)
      at getElementError (node_mo
dules/@testing-library/react/node
_modules/@testing-library/dom/dis
t/query-helpers.js:20:35)
      at 
getMultipleElementsFoundError (no
de_modules/@testing-library/react
/node_modules/@testing-library/do
m/dist/query-helpers.js:23:10)
      at node_modules/@testing-li
brary/react/node_modules/@testing
-library/dom/dist/query-helpers.j
s:55:13
      at getByText (node_modules/
@testing-library/react/node_modul
es/@testing-library/dom/dist/quer
y-helpers.js:95:19)
      at Object.<anonymous> (src/
components/VerifyYorubaHymns_341_
400.test.js:33:41)

  ΓùÅ YorubaHymnDetail 
Verification (Hymns 341-400) ΓÇ║ 
renders hymn 361 correctly

    TestingLibraryElementError: 
Found multiple elements with the 
role "generic" and name ""

    Here are the matching 
elements:

    Ignored nodes: comments, 
script, style
    [36m<div>[39m
      [36m<div[39m
        [33mclass[39m=[32m"hym
n-detail-page 
theme-undefined"[39m
      [36m>[39m
        [36m<div[39m
          [33mclass[39m=[32m"h
eader-top-row"[39m
        [36m>[39m
          [36m<div[39m
            [33mclass[39m=[32m
"header-spacer"[39m
          [36m/>[39m
        [36m</div>[39m
        [36m<div[39m
          [33mclass[39m=[32m"h
ymn-topic-section"[39m
        [36m>[39m
          [36m<h1 />[39m
          [36m<div[39m
            [33mclass[39m=[32m
"hymn-topic"[39m
          [36m>[39m
            
[0m├îy├ás├¡m├¡mß╗ì╠ü[0m
          [36m</div>[39m
          [36m<div[39m
            [33mclass[39m=[32m
"hymn-source"[39m
          [36m>[39m
            [0mYoruba Baptist 
Hymnal[0m
          [36m</div>[39m
        [36m</div>[39m
        [36m<div[39m
          [33mclass[39m=[32m"h
ymn-content"[39m
        [36m>[39m
          [36m<div[39m
            [33mclass[39m=[32m
"navigation-arrows"[39m
          [36m>[39m
            [36m<button[39m
              
[33mclass[39m=[32m"nav-arrow 
prev-arrow"[39m
            [36m>[39m
              [36m<span[39m
                
[33mclass[39m=[32m"icon"[39m
              [36m>[39m
                [0mΓåÉ[0m
              [36m</span>[39m
            [36m</button>[39m
            [36m<button[39m
              
[33mclass[39m=[32m"nav-arrow 
next-arrow"[39m
            [36m>[39m
              [36m<span[39m
                
[33mclass[39m=[32m"icon"[39m
              [36m>[39m
                [0mΓåÆ[0m
              [36m</span>[39m
            [36m</button>[39m
          [36m</div>[39m
          [36m<div[39m
            [33mclass[39m=[32m
"floating-share"[39m
          [36m>[39m
            [36m<button[39m
              
[33maria-label[39m=[32m"P├¡n 
orin"[39m
              [33mclass[39m=[3
2m"share-button"[39m
            [36m>[39m
              [36m<span[39m
                
[33mclass[39m=[32m"icon"[39m
              [36m>[39m
                [0mΓåù∩╕Å[0m
              [36m</span>[39m
            [36m</button>[39m
          [36m</div>[39m
          [36m<div[39m
            [33mclass[39m=[32m
"metadata-box"[39m
          [36m>[39m
            [36m<div[39m
              [33mclass[39m=[3
2m"metadata-item"[39m
            [36m>[39m
              [36m<span[39m
                
[33mclass[39m=[32m"label"[39m
              [36m>[39m
                
[0mNß╗ì╠ümb├á:[0m
              [36m</span>[39m
              [36m<span[39m
                
[33mclass[39m=[32m"value"[39m
              [36m>[39m
                [0mYBH361[0m
              [36m</span>[39m
            [36m</div>[39m
            [36m<div[39m
              [33mclass[39m=[3
2m"metadata-item"[39m
            [36m>[39m
              [36m<span[39m
                
[33mclass[39m=[32m"label"[39m
              [36m>[39m
                
[0mOnkß╗ì╠Çw├⌐:[0m
              [36m</span>[39m
              [36m<span[39m
                
[33mclass[39m=[32m"value"[39m
              [36m>[39m
                [0mUnknown[0m
              [36m</span>[39m
            [36m</div>[39m
            [36m<div[39m
              [33mclass[39m=[3
2m"metadata-item"[39m
            [36m>[39m
              [36m<span[39m
                
[33mclass[39m=[32m"label"[39m
              [36m>[39m
                
[0mAkß╗ì╠ümpose:[0m
              [36m</span>[39m
              [36m<span[39m
                
[33mclass[39m=[32m"value"[39m
              [36m>[39m
                [0mUnknown[0m
              [36m</span>[39m
            [36m</div>[39m
            [36m<div[39m
              [33mclass[39m=[3
2m"metadata-item"[39m
            [36m>[39m
              [36m<span[39m
                
[33mclass[39m=[32m"label"[39m
              [36m>[39m
                [0mTune:[0m
              [36m</span>[39m
              [36m<span[39m
                
[33mclass[39m=[32m"value"[39m
              [36m>[39m
                [0mUnknown[0m
              [36m</span>[39m
            [36m</div>[39m
            [36m<div[39m
              [33mclass[39m=[3
2m"metadata-item"[39m
            [36m>[39m
              [36m<span[39m
                
[33mclass[39m=[32m"label"[39m
              [36m>[39m
                [0mMeter:[0m
              [36m</span>[39m
              [36m<span[39m
                
[33mclass[39m=[32m"value"[39m
              [36m>[39m
                
[0m8.7.8.7.D.[0m
              [36m</span>[39m
            [36m</div>[39m
            [36m<div[39m
              [33mclass[39m=[3
2m"metadata-item"[39m
            [36m>[39m
              [36m<span[39m
                
[33mclass[39m=[32m"label"[39m
              [36m>[39m
                [0mKey:[0m
              [36m</span>[39m
              [36m<span[39m
                
[33mclass[39m=[32m"value"[39m
              [36m>[39m
                [0mUnknown[0m
              [36m</span>[39m
            [36m</div>[39m
            [36m<div[39m
              [33mclass[39m=[3
2m"metadata-item"[39m
            [36m>[39m
              [36m<span[39m
                
[33mclass[39m=[32m"label"[39m
              [36m>[39m
                [0mß╗îd├║n:[0m
              [36m</span>[39m
              [36m<span[39m
                
[33mclass[39m=[32m"value"[39m
              [36m>[39m
                
[0mTraditional[0m
              [36m</span>[39m
            [36m</div>[39m
            [36m<div[39m
              [33mclass[39m=[3
2m"metadata-item"[39m
              [33mdata-type[39m
=[32m"scripture"[39m
            [36m>[39m
              [36m<span[39m
                
[33mclass[39m=[32m"label"[39m
              [36m>[39m
                [0m├îw├⌐ 
M├¡mß╗ì╠ü:[0m
              [36m</span>[39m
              [36m<span[39m
                
[33mclass[39m=[32m"value"[39m
              [36m>[39m
                [0mUnknown[0m
              [36m</span>[39m
            [36m</div>[39m
          [36m</div>[39m
          [36m<div[39m
            [33mclass[39m=[32m
"lyrics"[39m
            [33mstyle[39m=[32m
"user-select: text;"[39m
          [36m>[39m
            [36m<div[39m
              [33mclass[39m=[3
2m"stanza-container"[39m
              [33mstyle[39m=[3
2m"margin-top: 0px; 
margin-bottom: 0px;"[39m
            [36m>[39m
              [36m<div[39m
                [33mclass[39m=
[32m"stanza"[39m
                [33mstyle[39m=
[32m"margin-top: 0px; 
margin-bottom: 1px;"[39m
              [36m>[39m
                [36m<div[39m
                  [33mclass[39m
=[32m"music-signs "[39m
                [36m>[39m
                  [0mf[0m
                [36m</div>[39m
                [36m<div[39m
                  [33mclass[39m
=[32m"stanza-number"[39m
                [36m>[39m
                  [0m1.[0m
                [36m</div>[39m
                [36m<div[39m
                  [33mclass[39m
=[32m"stanza-text"[39m
                [36m>[39m
                  [36m<div[39m
                    
[33mclass[39m=[32m"line "[39m
                    [33mstyle[3
9m=[32m"margin-top: 0px; 
margin-bottom: 1px;"[39m
                  [36m>[39m
                    [0mOL├ÜWA, 
m├íß╣úe jß║╣╠ü kΓÇÖ ├í l├╣ 
ΓÇÿlß║╣╠Ç,[0m
                  
[36m</div>[39m
                [36m</div>[39m
              [36m</div>[39m
              [36m<div[39m
                [33mclass[39m=
[32m"stanza"[39m
                [33mstyle[39m=
[32m"margin-top: 0px; 
margin-bottom: 1px;"[39m
              [36m>[39m
                [36m<div[39m
                  [33mclass[39m
=[32m"music-signs 
transparent"[39m
                [36m>[39m
                  [0mx[0m
                [36m</d...

    Ignored nodes: comments, 
script, style
    [36m<div[39m
      [33mclass[39m=[32m"hymn-
detail-page theme-undefined"[39m
    [36m>[39m
      [36m<div[39m
        [33mclass[39m=[32m"hea
der-top-row"[39m
      [36m>[39m
        [36m<div[39m
          [33mclass[39m=[32m"h
eader-spacer"[39m
        [36m/>[39m
      [36m</div>[39m
      [36m<div[39m
        [33mclass[39m=[32m"hym
n-topic-section"[39m
      [36m>[39m
        [36m<h1 />[39m
        [36m<div[39m
          [33mclass[39m=[32m"h
ymn-topic"[39m
        [36m>[39m
          
[0m├îy├ás├¡m├¡mß╗ì╠ü[0m
        [36m</div>[39m
        [36m<div[39m
          [33mclass[39m=[32m"h
ymn-source"[39m
        [36m>[39m
          [0mYoruba Baptist 
Hymnal[0m
        [36m</div>[39m
      [36m</div>[39m
      [36m<div[39m
        [33mclass[39m=[32m"hym
n-content"[39m
      [36m>[39m
        [36m<div[39m
          [33mclass[39m=[32m"n
avigation-arrows"[39m
        [36m>[39m
          [36m<button[39m
            
[33mclass[39m=[32m"nav-arrow 
prev-arrow"[39m
          [36m>[39m
            [36m<span[39m
              
[33mclass[39m=[32m"icon"[39m
            [36m>[39m
              [0mΓåÉ[0m
            [36m</span>[39m
          [36m</button>[39m
          [36m<button[39m
            
[33mclass[39m=[32m"nav-arrow 
next-arrow"[39m
          [36m>[39m
            [36m<span[39m
              
[33mclass[39m=[32m"icon"[39m
            [36m>[39m
              [0mΓåÆ[0m
            [36m</span>[39m
          [36m</button>[39m
        [36m</div>[39m
        [36m<div[39m
          [33mclass[39m=[32m"f
loating-share"[39m
        [36m>[39m
          [36m<button[39m
            
[33maria-label[39m=[32m"P├¡n 
orin"[39m
            [33mclass[39m=[32m
"share-button"[39m
          [36m>[39m
            [36m<span[39m
              
[33mclass[39m=[32m"icon"[39m
            [36m>[39m
              [0mΓåù∩╕Å[0m
            [36m</span>[39m
          [36m</button>[39m
        [36m</div>[39m
        [36m<div[39m
          [33mclass[39m=[32m"m
etadata-box"[39m
        [36m>[39m
          [36m<div[39m
            [33mclass[39m=[32m
"metadata-item"[39m
          [36m>[39m
            [36m<span[39m
              
[33mclass[39m=[32m"label"[39m
            [36m>[39m
              [0mNß╗ì╠ümb├á:[0m
            [36m</span>[39m
            [36m<span[39m
              
[33mclass[39m=[32m"value"[39m
            [36m>[39m
              [0mYBH361[0m
            [36m</span>[39m
          [36m</div>[39m
          [36m<div[39m
            [33mclass[39m=[32m
"metadata-item"[39m
          [36m>[39m
            [36m<span[39m
              
[33mclass[39m=[32m"label"[39m
            [36m>[39m
              
[0mOnkß╗ì╠Çw├⌐:[0m
            [36m</span>[39m
            [36m<span[39m
              
[33mclass[39m=[32m"value"[39m
            [36m>[39m
              [0mUnknown[0m
            [36m</span>[39m
          [36m</div>[39m
          [36m<div[39m
            [33mclass[39m=[32m
"metadata-item"[39m
          [36m>[39m
            [36m<span[39m
              
[33mclass[39m=[32m"label"[39m
            [36m>[39m
              
[0mAkß╗ì╠ümpose:[0m
            [36m</span>[39m
            [36m<span[39m
              
[33mclass[39m=[32m"value"[39m
            [36m>[39m
              [0mUnknown[0m
            [36m</span>[39m
          [36m</div>[39m
          [36m<div[39m
            [33mclass[39m=[32m
"metadata-item"[39m
          [36m>[39m
            [36m<span[39m
              
[33mclass[39m=[32m"label"[39m
            [36m>[39m
              [0mTune:[0m
            [36m</span>[39m
            [36m<span[39m
              
[33mclass[39m=[32m"value"[39m
            [36m>[39m
              [0mUnknown[0m
            [36m</span>[39m
          [36m</div>[39m
          [36m<div[39m
            [33mclass[39m=[32m
"metadata-item"[39m
          [36m>[39m
            [36m<span[39m
              
[33mclass[39m=[32m"label"[39m
            [36m>[39m
              [0mMeter:[0m
            [36m</span>[39m
            [36m<span[39m
              
[33mclass[39m=[32m"value"[39m
            [36m>[39m
              [0m8.7.8.7.D.[0m
            [36m</span>[39m
          [36m</div>[39m
          [36m<div[39m
            [33mclass[39m=[32m
"metadata-item"[39m
          [36m>[39m
            [36m<span[39m
              
[33mclass[39m=[32m"label"[39m
            [36m>[39m
              [0mKey:[0m
            [36m</span>[39m
            [36m<span[39m
              
[33mclass[39m=[32m"value"[39m
            [36m>[39m
              [0mUnknown[0m
            [36m</span>[39m
          [36m</div>[39m
          [36m<div[39m
            [33mclass[39m=[32m
"metadata-item"[39m
          [36m>[39m
            [36m<span[39m
              
[33mclass[39m=[32m"label"[39m
            [36m>[39m
              [0mß╗îd├║n:[0m
            [36m</span>[39m
            [36m<span[39m
              
[33mclass[39m=[32m"value"[39m
            [36m>[39m
              [0mTraditional[0m
            [36m</span>[39m
          [36m</div>[39m
          [36m<div[39m
            [33mclass[39m=[32m
"metadata-item"[39m
            [33mdata-type[39m=
[32m"scripture"[39m
          [36m>[39m
            [36m<span[39m
              
[33mclass[39m=[32m"label"[39m
            [36m>[39m
              [0m├îw├⌐ 
M├¡mß╗ì╠ü:[0m
            [36m</span>[39m
            [36m<span[39m
              
[33mclass[39m=[32m"value"[39m
            [36m>[39m
              [0mUnknown[0m
            [36m</span>[39m
          [36m</div>[39m
        [36m</div>[39m
        [36m<div[39m
          [33mclass[39m=[32m"l
yrics"[39m
          [33mstyle[39m=[32m"u
ser-select: text;"[39m
        [36m>[39m
          [36m<div[39m
            [33mclass[39m=[32m
"stanza-container"[39m
            [33mstyle[39m=[32m
"margin-top: 0px; margin-bottom: 
0px;"[39m
          [36m>[39m
            [36m<div[39m
              [33mclass[39m=[3
2m"stanza"[39m
              [33mstyle[39m=[3
2m"margin-top: 0px; 
margin-bottom: 1px;"[39m
            [36m>[39m
              [36m<div[39m
                [33mclass[39m=
[32m"music-signs "[39m
              [36m>[39m
                [0mf[0m
              [36m</div>[39m
              [36m<div[39m
                [33mclass[39m=
[32m"stanza-number"[39m
              [36m>[39m
                [0m1.[0m
              [36m</div>[39m
              [36m<div[39m
                [33mclass[39m=
[32m"stanza-text"[39m
              [36m>[39m
                [36m<div[39m
                  
[33mclass[39m=[32m"line "[39m
                  [33mstyle[39m
=[32m"margin-top: 0px; 
margin-bottom: 1px;"[39m
                [36m>[39m
                  [0mOL├ÜWA, 
m├íß╣úe jß║╣╠ü kΓÇÖ ├í l├╣ 
ΓÇÿlß║╣╠Ç,[0m
                [36m</div>[39m
              [36m</div>[39m
            [36m</div>[39m
            [36m<div[39m
              [33mclass[39m=[3
2m"stanza"[39m
              [33mstyle[39m=[3
2m"margin-top: 0px; 
margin-bottom: 1px;"[39m
            [36m>[39m
              [36m<div[39m
                [33mclass[39m=
[32m"music-signs 
transparent"[39m
              [36m>[39m
                [0mx[0m
              [36m</div>[39m
              [36m<div[39m
                [33mclass[39m=
[32m"stanza-number"[39m
              [36m/>[39m
              [36m<div[39m
                [33mclass[39m=
[32m"stanza-text"[39m
              [36m>[39m
                [36m<div[39m
                  
[33mclass[39m=[32m"line "[39m
                  [33mstyle[39m
=[32m"margin-top: 0px; 
margin-bottom: 1px;"[39m
                [36m>[39m
                  [0mN├¡n├║ 
├¼d├ínw├▓ ay├⌐ y├¼├¡;[0m
                [36m</div>[39m
      ...

    Ignored nodes: comments, 
script, style
    [36m<div[39m
      [33mclass[39m=[32m"heade
r-top-row"[39m
    [36m>[39m
      [36m<div[39m
        [33mclass[39m=[32m"hea
der-spacer"[39m
      [36m/>[39m
    [36m</div>[39m

    Ignored nodes: comments, 
script, style
    [36m<div[39m
      [33mclass[39m=[32m"heade
r-spacer"[39m
    [36m/>[39m

    Ignored nodes: comments, 
script, style
    [36m<div[39m
      [33mclass[39m=[32m"hymn-
topic-section"[39m
    [36m>[39m
      [36m<h1 />[39m
      [36m<div[39m
        [33mclass[39m=[32m"hym
n-topic"[39m
      [36m>[39m
        [0m├îy├ás├¡m├¡mß╗ì╠ü[0m
      [36m</div>[39m
      [36m<div[39m
        [33mclass[39m=[32m"hym
n-source"[39m
      [36m>[39m
        [0mYoruba Baptist 
Hymnal[0m
      [36m</div>[39m
    [36m</div>[39m

    Ignored nodes: comments, 
script, style
    [36m<div[39m
      [33mclass[39m=[32m"hymn-
topic"[39m
    [36m>[39m
      [0m├îy├ás├¡m├¡mß╗ì╠ü[0m
    [36m</div>[39m

    Ignored nodes: comments, 
script, style
    [36m<div[39m
      [33mclass[39m=[32m"hymn-
source"[39m
    [36m>[39m
      [0mYoruba Baptist 
Hymnal[0m
    [36m</div>[39m

    Ignored nodes: comments, 
script, style
    [36m<div[39m
      [33mclass[39m=[32m"hymn-
content"[39m
    [36m>[39m
      [36m<div[39m
        [33mclass[39m=[32m"nav
igation-arrows"[39m
      [36m>[39m
        [36m<button[39m
          
[33mclass[39m=[32m"nav-arrow 
prev-arrow"[39m
        [36m>[39m
          [36m<span[39m
            
[33mclass[39m=[32m"icon"[39m
          [36m>[39m
            [0mΓåÉ[0m
          [36m</span>[39m
        [36m</button>[39m
        [36m<button[39m
          
[33mclass[39m=[32m"nav-arrow 
next-arrow"[39m
        [36m>[39m
          [36m<span[39m
            
[33mclass[39m=[32m"icon"[39m
          [36m>[39m
            [0mΓåÆ[0m
          [36m</span>[39m
        [36m</button>[39m
      [36m</div>[39m
      [36m<div[39m
        [33mclass[39m=[32m"flo
ating-share"[39m
      [36m>[39m
        [36m<button[39m
          
[33maria-label[39m=[32m"P├¡n 
orin"[39m
          [33mclass[39m=[32m"s
hare-button"[39m
        [36m>[39m
          [36m<span[39m
            
[33mclass[39m=[32m"icon"[39m
          [36m>[39m
            [0mΓåù∩╕Å[0m
          [36m</span>[39m
        [36m</button>[39m
      [36m</div>[39m
      [36m<div[39m
        [33mclass[39m=[32m"met
adata-box"[39m
      [36m>[39m
        [36m<div[39m
          [33mclass[39m=[32m"m
etadata-item"[39m
        [36m>[39m
          [36m<span[39m
            
[33mclass[39m=[32m"label"[39m
          [36m>[39m
            [0mNß╗ì╠ümb├á:[0m
          [36m</span>[39m
          [36m<span[39m
            
[33mclass[39m=[32m"value"[39m
          [36m>[39m
            [0mYBH361[0m
          [36m</span>[39m
        [36m</div>[39m
        [36m<div[39m
          [33mclass[39m=[32m"m
etadata-item"[39m
        [36m>[39m
          [36m<span[39m
            
[33mclass[39m=[32m"label"[39m
          [36m>[39m
            [0mOnkß╗ì╠Çw├⌐:[0m
          [36m</span>[39m
          [36m<span[39m
            
[33mclass[39m=[32m"value"[39m
          [36m>[39m
            [0mUnknown[0m
          [36m</span>[39m
        [36m</div>[39m
        [36m<div[39m
          [33mclass[39m=[32m"m
etadata-item"[39m
        [36m>[39m
          [36m<span[39m
            
[33mclass[39m=[32m"label"[39m
          [36m>[39m
            [0mAkß╗ì╠ümpose:[0m
          [36m</span>[39m
          [36m<span[39m
            
[33mclass[39m=[32m"value"[39m
          [36m>[39m
            [0mUnknown[0m
          [36m</span>[39m
        [36m</div>[39m
        [36m<div[39m
          [33mclass[39m=[32m"m
etadata-item"[39m
        [36m>[39m
          [36m<span[39m
            
[33mclass[39m=[32m"label"[39m
          [36m>[39m
            [0mTune:[0m
          [36m</span>[39m
          [36m<span[39m
            
[33mclass[39m=[32m"value"[39m
          [36m>[39m
            [0mUnknown[0m
          [36m</span>[39m
        [36m</div>[39m
        [36m<div[39m
          [33mclass[39m=[32m"m
etadata-item"[39m
        [36m>[39m
          [36m<span[39m
            
[33mclass[39m=[32m"label"[39m
          [36m>[39m
            [0mMeter:[0m
          [36m</span>[39m
          [36m<span[39m
            
[33mclass[39m=[32m"value"[39m
          [36m>[39m
            [0m8.7.8.7.D.[0m
          [36m</span>[39m
        [36m</div>[39m
        [36m<div[39m
          [33mclass[39m=[32m"m
etadata-item"[39m
        [36m>[39m
          [36m<span[39m
            
[33mclass[39m=[32m"label"[39m
          [36m>[39m
            [0mKey:[0m
          [36m</span>[39m
          [36m<span[39m
            
[33mclass[39m=[32m"value"[39m
          [36m>[39m
            [0mUnknown[0m
          [36m</span>[39m
        [36m</div>[39m
        [36m<div[39m
          [33mclass[39m=[32m"m
etadata-item"[39m
        [36m>[39m
          [36m<span[39m
            
[33mclass[39m=[32m"label"[39m
          [36m>[39m
            [0mß╗îd├║n:[0m
          [36m</span>[39m
          [36m<span[39m
            
[33mclass[39m=[32m"value"[39m
          [36m>[39m
            [0mTraditional[0m
          [36m</span>[39m
        [36m</div>[39m
        [36m<div[39m
          [33mclass[39m=[32m"m
etadata-item"[39m
          [33mdata-type[39m=[3
2m"scripture"[39m
        [36m>[39m
          [36m<span[39m
            
[33mclass[39m=[32m"label"[39m
          [36m>[39m
            [0m├îw├⌐ 
M├¡mß╗ì╠ü:[0m
          [36m</span>[39m
          [36m<span[39m
            
[33mclass[39m=[32m"value"[39m
          [36m>[39m
            [0mUnknown[0m
          [36m</span>[39m
        [36m</div>[39m
      [36m</div>[39m
      [36m<div[39m
        [33mclass[39m=[32m"lyr
ics"[39m
        [33mstyle[39m=[32m"use
r-select: text;"[39m
      [36m>[39m
        [36m<div[39m
          [33mclass[39m=[32m"s
tanza-container"[39m
          [33mstyle[39m=[32m"m
argin-top: 0px; margin-bottom: 
0px;"[39m
        [36m>[39m
          [36m<div[39m
            [33mclass[39m=[32m
"stanza"[39m
            [33mstyle[39m=[32m
"margin-top: 0px; margin-bottom: 
1px;"[39m
          [36m>[39m
            [36m<div[39m
              [33mclass[39m=[3
2m"music-signs "[39m
            [36m>[39m
              [0mf[0m
            [36m</div>[39m
            [36m<div[39m
              [33mclass[39m=[3
2m"stanza-number"[39m
            [36m>[39m
              [0m1.[0m
            [36m</div>[39m
            [36m<div[39m
              [33mclass[39m=[3
2m"stanza-text"[39m
            [36m>[39m
              [36m<div[39m
                
[33mclass[39m=[32m"line "[39m
                [33mstyle[39m=
[32m"margin-top: 0px; 
margin-bottom: 1px;"[39m
              [36m>[39m
                [0mOL├ÜWA, 
m├íß╣úe jß║╣╠ü kΓÇÖ ├í l├╣ 
ΓÇÿlß║╣╠Ç,[0m
              [36m</div>[39m
            [36m</div>[39m
          [36m</div>[39m
          [36m<div[39m
            [33mclass[39m=[32m
"stanza"[39m
            [33mstyle[39m=[32m
"margin-top: 0px; margin-bottom: 
1px;"[39m
          [36m>[39m
            [36m<div[39m
              [33mclass[39m=[3
2m"music-signs transparent"[39m
            [36m>[39m
              [0mx[0m
            [36m</div>[39m
            [36m<div[39m
              [33mclass[39m=[3
2m"stanza-number"[39m
            [36m/>[39m
            [36m<div[39m
              [33mclass[39m=[3
2m"stanza-text"[39m
            [36m>[39m
              [36m<div[39m
                
[33mclass[39m=[32m"line "[39m
                [33mstyle[39m=
[32m"margin-top: 0px; 
margin-bottom: 1px;"[39m
              [36m>[39m
                [0mN├¡n├║ 
├¼d├ínw├▓ ay├⌐ y├¼├¡;[0m
              [36m</div>[39m
            [36m</div>[39m
          [36m</div>[39m
          [36m<div[39m
            [33mclass[39m=[32m
"stanza"[39m
            [33mstyle[39m=[32m
"margin-top: 0px; margin-bottom: 
1px;"[39m
          [36m>[39m
            [36m<div[39m
              [33mclass[39m=[3
2m"music-signs transparent"[39m
            [36m>[39m
              [0mx[0m
            [36m</div>[39m
            [36m<div[39m
              [33mclass[39m=[3
2m"stanza-number"[39m
            [36m/>[39m
            [36m<div[39m
              [33mclass[39m=[3
2m"stanza-text"[39m
            [36m>[39m
              [36m<div[39m
                
[33mclass[39m=[32m"line "[39m
                [33mstyle[39m=
[32m"margin-top: 0px; 
margin-bottom: 1px;"[39m
              [36m>[39m
                [0mM├║ f├¼d├¡ 
wa m├║lß║╣╠Ç ß╣úinß╣úin,[0m
              [36m</div>[39m
            [36m</div>[39m
          [36m</div>[39m
          [36m<div[39m
            [33mclass[39m=[32m
"stanza"[39m
            [33mstyle[39m=[32m
"margin-top: 0px; margin-bottom: 
1px;"[39m
          [36m>[39m
            [36m<div[39m
              [33mclass[39m=[3
2m"music-signs transparent"[39m
            [36m>[39m
              [0mx[0m
            [36m</div>[39m
            [36m<div[39m
              [33mclass[39m=[3
2m"stanza-number"[39m
            [36m/>[39m
            [36m<div[39m
              [33mclass[39m=[3
2m"stanza-text"[39m
            [36m>[39m
              [36m<div[39m
                
[33mclass[39m=[32m"line "[39m
                [33mstyle[39m=
[32m"margin-top: 0px; 
margin-bottom: 1px;"[39m
              [36m>[39m
                [0mN├¡n├║ 
├¼fß║╣╠ü m├¡mß╗ì╠ü Rß║╣ nl├í.[0m
              [36m</div>[39m
            [36m</div>[39m
          [36m</div>[39m
        [36m</div>[39m
        [36m<div[39m
          [33mclass[39m=[32m"s
tanza-break"[39m
          [33mstyle[39m=[32m"m
argin-top: 0px; margin-bottom: 
2px;"[39m
        [36m/>[39m
        [36m<div[39m
          [33mclass[39m=[32m"s
tanza-container"[39m
          [33mstyle[39m=[32m"m
argin-top: 0px; margin-bottom: 
0px;"[39m
        [36m>[39m
          [36m<div[39m
            [33mclass[39m=[32m
"stanza"[39m
            [33mstyle[39m=[32m
"margin-top: 0px; margin-bottom: 
1px;"[39m
          [36m>[39m
            [36m<div[39m
              [33mclass[39m=[3
2m"music-signs "[39m
            [36m>[39m
              [0mf[0m
            [36m</div>[39m
            [36m<div[39m
              [33mclass[39m=[3
2m"stanza-number"[39m
            [36m>[39m
              [0m2.[0m
            [36m</div>[39m
            [36m<div[39m
              [33mclass[39m=[3
2m"stanza-text"[39m
            [36m>[39m
              [36m<div[39m
                
[33mclass[39m=[32m"line "[39m
                [33mstyle[39m=
[32m"margin-top: 0px; 
margin-bottom: 1px;"[39m
              [36m>[39m
                [0mBΓÇÖ 
├ád├ín├╣ b├í d├⌐ sΓÇÖ ß╗ì╠Çn├á 
wa,[0m
              [36m</div>[39m
            [36m</div>[39m
          [36m</div>[39m
          [36m<div[39m
            [33mclass[39m=[32m
"stanza"[39m
            [33mstyle[39m=[32m
"margin-top: 0px; margin-bottom: 
1px;"[39m
          [36m>[39m
            [36m<div[39m
              [33mclass[39m=[3
2m"music-signs transparent"[39m
            [36m>[39m
              [0mx[0m
            [36m</div>[39m
            [36m<div[39m
              [33mclass[39m=[3
2m"stanza-number"[39m
            [36m/>[39m
            [36m<div[39m
              [33mclass[39m=[3
2m"stanza-text"[39m
            [36m>[39m
              [36m<div[39m
                
[33mclass[39m=[32m"line "[39m
                [33mstyle[39m=
[32m"margin-top: 0px; 
margin-bottom: 1px;"[39m
              [36m>[39m
                [0mT├¡ ├¼j├¼ 
ay├⌐ s├¼ ┼äfß║╣╠ü l├⌐lß║╣╠Ç;[0m
              [36m</div>[39m
            [36m</div>[39m
          [36m</div>[39m
          [36m<div[39m
            [33mclass[39m=[32m
"stanza"[39m
            [33mstyle[39m=[32m
"margin-top: 0px; margin-bottom: 
1px;"[39m
          [36m>[39m
            [36m<div[39m
              [33mclass[39m=[3
2m"music-signs transparent"[39m
            [36m>[39m
              [0mx[0m
            [36m</div>[39m
            [36m<div[39m
              [33mclass[39m=[3
2m"stanza-number"[39m
            [36m/>[39m
            [36m<div[39m
              [33mclass[39m=[3
2m"stanza-text"[39m
            [36m>[39m
              [36m<div[39m
                
[33mclass[39m=[32m"line "[39m
                [33mstyle[39m=
[32m"margin-top: 0px; 
margin-bottom: 1px;"[39m
              [36m>[39m
                [0mJß╗ì╠Ç 
jß║╣╠ü kΓÇÖ ├í rΓÇÖ 
├¼r├ánlß╗ì╠üwß╗ì╠ü Rß║╣,[0m
              [36m</div>[39m
            [36m</div>[39m
          [36m</div>[39m
          [36m<div[39m
            [33mclass[39m=[32m
"stanza"[39m
            [33mstyle[39m=[32m
"margin-top: 0px; margin-bottom: 
1px;"[39m
          [36m>[39m
            [36m<div[39m
              [33mclass[39m=[3
2m"music-signs transparent"[39m
            [36m>[39m
              [0mx[0m
            [36m</div>[39m
            [36m<div[39m
              [33mclass[39m=[3
2m"stanza-number"[39m
            [36m/>[39m
            [36m<div[39m
              [33mclass[39m=[3
2m"stanza-text"[39m
            [36m>[39m
              [36m<div[39m
                
[33mclass[39m=[32m"line "[39m
                [33mstyle[39m=
[32m"margin-top: 0px; 
margin-bottom: 1px;"[39m
              [36m>[39m
                [0mKΓÇÖ ├í mΓÇÖ 
agb├íra Rß║╣ lΓÇÖ 
├▓joj├║mß╗ì╠ü.[0m
              [36m</div>[39m
            [36m</div>[39m
          [36m</div>[39m
        [36m</div>[39m
        [36m<div[39m
          [33mclass[39m=[32m"s
tanza-break"[39m
          [33mstyle[39m=[32m"m
argin-top: 0px; margin-bottom: 
2px;"[39m
        [36m/>[39m
        [36m<div[39m
          [33mclass[39m=[32m"s
tanza-container"[39m
          [33mstyle[39m=[32m"m
argin-top: 0px; margin-bottom: 
0px;"[39m
        [36m>[39m
          [36m<div[39m
            [33mclass[39m=[32m
"stanza"[39m
            [33mstyle[39m=[32m
"margin-top: 0px; margin-bottom: 
1px;"[39m
          [36m>[39m
            [36m<div[39m
              [33mclass[39m=[3
2m"music-signs "[39m
            [36m>[39m
              [0mf[0m
            [36m</div>[39m
            [36m<div[39m
              [33mclass[39m=[3
2m"stanza-number"[39m
            [36m>[39m
              [0m3.[0m
            [36m</div>[39m
            [36m<div[39m
              [33mclass[39m=[3
2m"stanza-text"[39m
            [36m>[39m
              [36m<div[39m
                
[33mclass[39m=[32m"line "[39m
                [33mstyle[39m=
[32m"margin-top: 0px; 
margin-bottom: 1px;"[39m
              [36m>[39m
                [0m├îwß╗ì lΓÇÖ 
Al├íb├▓├│ wa t├¡t├¡,[0m
              [36m</div>[39m
            [36m</div>[39m
          [36m</div>[39m
          [36m<div[39m
            [33mclass[39m=[32m
"stanza"[39m
            [33mstyle[39m=[32m
"margin-top: 0px; margin-bottom: 
1px;"[39m
          [36m>[39m
            [36m<div[39m
              [33mclass[39m=[3
2m"music-signs transparent"[39m
            [36m>[39m
              [0mx[0m
            [36m</div>[39m
            [36m<div[39m
              [33mclass[39m=[3
2m"stanza-number"[39m
            [36m/>[39m
            [36m<div[39m
              [33mclass[39m=[3
2m"stanza-text"[39m
            [36m>[39m
              [36m<div[39m
                
[33mclass[39m=[32m"line "[39m
                [33mstyle[39m=
[32m"margin-top: 0px; 
margin-bottom: 1px;"[39m
              [36m>[39m
                [0mß║╕niti k├¼ 
├¡ t├▓├▓gb├⌐ mß╗ì╠ü;[0m
              [36m</div>[39m
            [36m</div>[39m
          [36m</div>[39m
          [36m<div[39m
            [33mclass[39m=[32m
"stanza"[39m
            [33mstyle[39m=[32m
"margin-top: 0px; margin-bottom: 
1px;"[39m
          [36m>[39m
            [36m<div[39m
              [33mclass[39m=[3
2m"music-signs transparent"[39m
            [36m>[39m
              [0mx[0m
            [36m</div>[39m
            [36m<div[39m
              [33mclass[39m=[3
2m"stanza-number"[39m
            [36m/>[39m
            [36m<div[39m
              [33mclass[39m=[3
2m"stanza-text"[39m
            [36m>[39m
              [36m<div[39m
                
[33mclass[39m=[32m"line "[39m
                [33mstyle[39m=
[32m"margin-top: 0px; 
margin-bottom: 1px;"[39m
              [36m>[39m
                [0mM├║ wa la 
ewu ay├⌐ j├í,[0m
              [36m</div>[39m
            [36m</div>[39m
          [36m</div>[39m
          [36m<div[39m
            [33mclass[39m=[32m
"stanza"[39m
            [33mstyle[39m=[32m
"margin-top: 0px; margin-bottom: 
1px;"[39m
          [36m>[39m
            [36m<div[39m
              [33mclass[39m=[3
2m"music-signs transparent"[39m
            [36m>[39m
              [0mx[0m
            [36m</div>[39m
            [36m<div[39m
              [33mclass[39m=[3
2m"stanza-number"[39m
            [36m/>[39m
            [36m<div[39m
              [33mclass[39m=[3
2m"stanza-text"[39m
            [36m>[39m
              [36m<div[39m
                
[33mclass[39m=[32m"line "[39m
                [33mstyle[39m=
[32m"margin-top: 0px; 
margin-bottom: 1px;"[39m
              [36m>[39m
                [0mT├¡tΓÇÖ a ├│ 
fi d├⌐ ΓÇÿl├⌐ ├▓k├¿.[0m
              [36m</div>[39m
            [36m</div>[39m
          [36m</div>[39m
        [36m</div>[39m
        [36m<div[39m
          [33mclass[39m=[32m"s
tanza-break"[39m
          [33mstyle[39m=[32m"m
argin-top: 0px; margin-bottom: 
2px;"[39m
        [36m/>[39m
        [36m<div[39m
          [33mclass[39m=[32m"s
tanza-container"[39m
          [33mstyle[39m=[32m"m
argin-top: 0px; margin-bottom: 
0px;"[39m
        [36m>[39m
          [36m<div[39m
            [33mclass[39m=[32m
"stanza"[39m
            [33mstyle[39m=[32m
"margin-top: 0px; margin-bottom: 
1px;"[39m
          [36m>[39m
            [36m<div[39m
              [33mclass[39m=[3
2m"music-signs "[39m
            [36m>[39m
              [0mf[0m
            [36m</div>[39m
            [36m<div[39m
              [33mclass[39m=[3
2m"stanza-number"[39m
            [36m>[39m
              [0m4.[0m
            [36m</div>[39m
            [36m<div[39m
              [33mclass[39m=[3
2m"stanza-text"[39m
            [36m>[39m
              [36m<div[39m
                
[33mclass[39m=[32m"line "[39m
                [33mstyle[39m=
[32m"margin-top: 0px; 
margin-bottom: 1px;"[39m
              [36m>[39m
                [0m├Ægo f├║n 
B├áb├í atΓÇÖ ß╗îmß╗ì,[0m
              [36m</div>[39m
            [36m</div>[39m
          [36m</div>[39m
          [36m<div[39m
            [33mclass[39m=[32m
"stanza"[39m
            [33mstyle[39m=[32m
"margin-top: 0px; margin-bottom: 
1px;"[39m
          [36m>[39m
            [36m<div[39m
              [33mclass[39m=[3
2m"music-signs transparent"[39m
            [36m>[39m
              [0mx[0m
            [36m</div>[39m
            [36m<div[39m
              [33mclass[39m=[3
2m"stanza-number"[39m
            [36m/>[39m
            [36m<div[39m
              [33mclass[39m=[3
2m"stanza-text"[39m
            [36m>[39m
              [36m<div[39m
                
[33mclass[39m=[32m"line "[39m
                [33mstyle[39m=
[32m"margin-top: 0px; 
margin-bottom: 1px;"[39m
              [36m>[39m
                [0mAt├¡ f├║n 
ß║╕╠Çm├¡ M├¡mß╗ì╠ü rß║╣╠Ç;[0m
              [36m</div>[39m
            [36m</div>[39m
          [36m</div>[39m
          [36m<div[39m
            [33mclass[39m=[32m
"stanza"[39m
            [33mstyle[39m=[32m
"margin-top: 0px; margin-bottom: 
1px;"[39m
          [36m>[39m
            [36m<div[39m
              [33mclass[39m=[3
2m"music-signs transparent"[39m
            [36m>[39m
              [0mx[0m
            [36m</div>[39m
            [36m<div[39m
              [33mclass[39m=[3
2m"stanza-number"[39m
            [36m/>[39m
            [36m<div[39m
              [33mclass[39m=[3
2m"stanza-text"[39m
            [36m>[39m
              [36m<div[39m
                
[33mclass[39m=[32m"line "[39m
                [33mstyle[39m=
[32m"margin-top: 0px; 
margin-bottom: 1px;"[39m
              [36m>[39m
                [0mß║╕ jß║╣╠ü 
kΓÇÖ ├í fΓÇÖ orin ├¼y├¼n 
f├║n,[0m
              [36m</div>[39m
            [36m</div>[39m
          [36m</div>[39m
          [36m<div[39m
            [33mclass[39m=[32m
"stanza"[39m
            [33mstyle[39m=[32m
"margin-top: 0px; margin-bottom: 
1px;"[39m
          [36m>[39m
            [36m<div[39m
              [33mclass[39m=[3
2m"music-signs transparent"[39m
            [36m>[39m
              [0mx[0m
            [36m</div>[39m
            [36m<div[39m
              [33mclass[39m=[3
2m"stanza-number"[39m
            [36m/>[39m
            [36m<div[39m
              [33mclass[39m=[3
2m"stanza-text"[39m
            [36m>[39m
              [36m<div[39m
                
[33mclass[39m=[32m"line "[39m
                [33mstyle[39m=
[32m"margin-top: 0px; 
margin-bottom: 1px;"[39m
              [36m>[39m
                
[0mMetalß╗ì╠ükan t├¡t├¡ 
la├¡la├¡.[0m
              [36m</div>[39m
            [36m</div>[39m
          [36m</div>[39m
        [36m</div>[39m
      [36m</div>[39m
      [36m<div[39m
        [33mclass[39m=[32m"hym
n-history"[39m
      [36m>[39m
        [36m<h3>[39m
          [0m├ît├án[0m
        [36m</h3>[39m
        [36m<p>[39m
          [0mTraditional Yoruba 
hymn for divine protection and 
steadfastness.[0m
        [36m</p>[39m
      [36m</div>[39m
    [36m</div>[39m

    Ignored nodes: comments, 
script, style
    [36m<div[39m
      [33mclass[39m=[32m"navig
ation-arrows"[39m
    [36m>[39m
      [36m<button[39m
        
[33mclass[39m=[32m"nav-arrow 
prev-arrow"[39m
      [36m>[39m
        [36m<span[39m
          
[33mclass[39m=[32m"icon"[39m
        [36m>[39m
          [0mΓåÉ[0m
        [36m</span>[39m
      [36m</button>[39m
      [36m<button[39m
        
[33mclass[39m=[32m"nav-arrow 
next-arrow"[39m
      [36m>[39m
        [36m<span[39m
          
[33mclass[39m=[32m"icon"[39m
        [36m>[39m
          [0mΓåÆ[0m
        [36m</span>[39m
      [36m</button>[39m
    [36m</div>[39m

    Ignored nodes: comments, 
script, style
    [36m<span[39m
      
[33mclass[39m=[32m"icon"[39m
    [36m>[39m
      [0mΓåÉ[0m
    [36m</span>[39m

    Ignored nodes: comments, 
script, style
    [36m<span[39m
      
[33mclass[39m=[32m"icon"[39m
    [36m>[39m
      [0mΓåÆ[0m
    [36m</span>[39m

    Ignored nodes: comments, 
script, style
    [36m<div[39m
      [33mclass[39m=[32m"float
ing-share"[39m
    [36m>[39m
      [36m<button[39m
        
[33maria-label[39m=[32m"P├¡n 
orin"[39m
        [33mclass[39m=[32m"sha
re-button"[39m
      [36m>[39m
        [36m<span[39m
          
[33mclass[39m=[32m"icon"[39m
        [36m>[39m
          [0mΓåù∩╕Å[0m
        [36m</span>[39m
      [36m</button>[39m
    [36m</div>[39m

    Ignored nodes: comments, 
script, style
    [36m<span[39m
      
[33mclass[39m=[32m"icon"[39m
    [36m>[39m
      [0mΓåù∩╕Å[0m
    [36m</span>[39m

    Ignored nodes: comments, 
script, style
    [36m<div[39m
      [33mclass[39m=[32m"metad
ata-box"[39m
    [36m>[39m
      [36m<div[39m
        [33mclass[39m=[32m"met
adata-item"[39m
      [36m>[39m
        [36m<span[39m
          
[33mclass[39m=[32m"label"[39m
        [36m>[39m
          [0mNß╗ì╠ümb├á:[0m
        [36m</span>[39m
        [36m<span[39m
          
[33mclass[39m=[32m"value"[39m
        [36m>[39m
          [0mYBH361[0m
        [36m</span>[39m
      [36m</div>[39m
      [36m<div[39m
        [33mclass[39m=[32m"met
adata-item"[39m
      [36m>[39m
        [36m<span[39m
          
[33mclass[39m=[32m"label"[39m
        [36m>[39m
          [0mOnkß╗ì╠Çw├⌐:[0m
        [36m</span>[39m
        [36m<span[39m
          
[33mclass[39m=[32m"value"[39m
        [36m>[39m
          [0mUnknown[0m
        [36m</span>[39m
      [36m</div>[39m
      [36m<div[39m
        [33mclass[39m=[32m"met
adata-item"[39m
      [36m>[39m
        [36m<span[39m
          
[33mclass[39m=[32m"label"[39m
        [36m>[39m
          [0mAkß╗ì╠ümpose:[0m
        [36m</span>[39m
        [36m<span[39m
          
[33mclass[39m=[32m"value"[39m
        [36m>[39m
          [0mUnknown[0m
        [36m</span>[39m
      [36m</div>[39m
      [36m<div[39m
        [33mclass[39m=[32m"met
adata-item"[39m
      [36m>[39m
        [36m<span[39m
          
[33mclass[39m=[32m"label"[39m
        [36m>[39m
          [0mTune:[0m
        [36m</span>[39m
        [36m<span[39m
          
[33mclass[39m=[32m"value"[39m
        [36m>[39m
          [0mUnknown[0m
        [36m</span>[39m
      [36m</div>[39m
      [36m<div[39m
        [33mclass[39m=[32m"met
adata-item"[39m
      [36m>[39m
        [36m<span[39m
          
[33mclass[39m=[32m"label"[39m
        [36m>[39m
          [0mMeter:[0m
        [36m</span>[39m
        [36m<span[39m
          
[33mclass[39m=[32m"value"[39m
        [36m>[39m
          [0m8.7.8.7.D.[0m
        [36m</span>[39m
      [36m</div>[39m
      [36m<div[39m
        [33mclass[39m=[32m"met
adata-item"[39m
      [36m>[39m
        [36m<span[39m
          
[33mclass[39m=[32m"label"[39m
        [36m>[39m
          [0mKey:[0m
        [36m</span>[39m
        [36m<span[39m
          
[33mclass[39m=[32m"value"[39m
        [36m>[39m
          [0mUnknown[0m
        [36m</span>[39m
      [36m</div>[39m
      [36m<div[39m
        [33mclass[39m=[32m"met
adata-item"[39m
      [36m>[39m
        [36m<span[39m
          
[33mclass[39m=[32m"label"[39m
        [36m>[39m
          [0mß╗îd├║n:[0m
        [36m</span>[39m
        [36m<span[39m
          
[33mclass[39m=[32m"value"[39m
        [36m>[39m
          [0mTraditional[0m
        [36m</span>[39m
      [36m</div>[39m
      [36m<div[39m
        [33mclass[39m=[32m"met
adata-item"[39m
        [33mdata-type[39m=[32m
"scripture"[39m
      [36m>[39m
        [36m<span[39m
          
[33mclass[39m=[32m"label"[39m
        [36m>[39m
          [0m├îw├⌐ 
M├¡mß╗ì╠ü:[0m
        [36m</span>[39m
        [36m<span[39m
          
[33mclass[39m=[32m"value"[39m
        [36m>[39m
          [0mUnknown[0m
        [36m</span>[39m
      [36m</div>[39m
    [36m</div>[39m

    Ignored nodes: comments, 
script, style
    [36m<div[39m
      [33mclass[39m=[32m"metad
ata-item"[39m
    [36m>[39m
      [36m<span[39m
        
[33mclass[39m=[32m"label"[39m
      [36m>[39m
        [0mNß╗ì╠ümb├á:[0m
      [36m</span>[39m
      [36m<span[39m
        
[33mclass[39m=[32m"value"[39m
      [36m>[39m
        [0mYBH361[0m
      [36m</span>[39m
    [36m</div>[39m

    Ignored nodes: comments, 
script, style
    [36m<span[39m
      
[33mclass[39m=[32m"label"[39m
    [36m>[39m
      [0mNß╗ì╠ümb├á:[0m
    [36m</span>[39m

    Ignored nodes: comments, 
script, style
    [36m<span[39m
      
[33mclass[39m=[32m"value"[39m
    [36m>[39m
      [0mYBH361[0m
    [36m</span>[39m

    Ignored nodes: comments, 
script, style
    [36m<div[39m
      [33mclass[39m=[32m"metad
ata-item"[39m
    [36m>[39m
      [36m<span[39m
        
[33mclass[39m=[32m"label"[39m
      [36m>[39m
        [0mOnkß╗ì╠Çw├⌐:[0m
      [36m</span>[39m
      [36m<span[39m
        
[33mclass[39m=[32m"value"[39m
      [36m>[39m
        [0mUnknown[0m
      [36m</span>[39m
    [36m</div>[39m

    Ignored nodes: comments, 
script, style
    [36m<span[39m
      
[33mclass[39m=[32m"label"[39m
    [36m>[39m
      [0mOnkß╗ì╠Çw├⌐:[0m
    [36m</span>[39m

    Ignored nodes: comments, 
script, style
    [36m<span[39m
      
[33mclass[39m=[32m"value"[39m
    [36m>[39m
      [0mUnknown[0m
    [36m</span>[39m

    Ignored nodes: comments, 
script, style
    [36m<div[39m
      [33mclass[39m=[32m"metad
ata-item"[39m
    [36m>[39m
      [36m<span[39m
        
[33mclass[39m=[32m"label"[39m
      [36m>[39m
        [0mAkß╗ì╠ümpose:[0m
      [36m</span>[39m
      [36m<span[39m
        
[33mclass[39m=[32m"value"[39m
      [36m>[39m
        [0mUnknown[0m
      [36m</span>[39m
    [36m</div>[39m

    Ignored nodes: comments, 
script, style
    [36m<span[39m
      
[33mclass[39m=[32m"label"[39m
    [36m>[39m
      [0mAkß╗ì╠ümpose:[0m
    [36m</span>[39m

    Ignored nodes: comments, 
script, style
    [36m<span[39m
      
[33mclass[39m=[32m"value"[39m
    [36m>[39m
      [0mUnknown[0m
    [36m</span>[39m

    Ignored nodes: comments, 
script, style
    [36m<div[39m
      [33mclass[39m=[32m"metad
ata-item"[39m
    [36m>[39m
      [36m<span[39m
        
[33mclass[39m=[32m"label"[39m
      [36m>[39m
        [0mTune:[0m
      [36m</span>[39m
      [36m<span[39m
        
[33mclass[39m=[32m"value"[39m
      [36m>[39m
        [0mUnknown[0m
      [36m</span>[39m
    [36m</div>[39m

    Ignored nodes: comments, 
script, style
    [36m<span[39m
      
[33mclass[39m=[32m"label"[39m
    [36m>[39m
      [0mTune:[0m
    [36m</span>[39m

    Ignored nodes: comments, 
script, style
    [36m<span[39m
      
[33mclass[39m=[32m"value"[39m
    [36m>[39m
      [0mUnknown[0m
    [36m</span>[39m

    Ignored nodes: comments, 
script, style
    [36m<div[39m
      [33mclass[39m=[32m"metad
ata-item"[39m
    [36m>[39m
      [36m<span[39m
        
[33mclass[39m=[32m"label"[39m
      [36m>[39m
        [0mMeter:[0m
      [36m</span>[39m
      [36m<span[39m
        
[33mclass[39m=[32m"value"[39m
      [36m>[39m
        [0m8.7.8.7.D.[0m
      [36m</span>[39m
    [36m</div>[39m

    Ignored nodes: comments, 
script, style
    [36m<span[39m
      
[33mclass[39m=[32m"label"[39m
    [36m>[39m
      [0mMeter:[0m
    [36m</span>[39m

    Ignored nodes: comments, 
script, style
    [36m<span[39m
      
[33mclass[39m=[32m"value"[39m
    [36m>[39m
      [0m8.7.8.7.D.[0m
    [36m</span>[39m

    Ignored nodes: comments, 
script, style
    [36m<div[39m
      [33mclass[39m=[32m"metad
ata-item"[39m
    [36m>[39m
      [36m<span[39m
        
[33mclass[39m=[32m"label"[39m
      [36m>[39m
        [0mKey:[0m
      [36m</span>[39m
      [36m<span[39m
        
[33mclass[39m=[32m"value"[39m
      [36m>[39m
        [0mUnknown[0m
      [36m</span>[39m
    [36m</div>[39m

    Ignored nodes: comments, 
script, style
    [36m<span[39m
      
[33mclass[39m=[32m"label"[39m
    [36m>[39m
      [0mKey:[0m
    [36m</span>[39m

    Ignored nodes: comments, 
script, style
    [36m<span[39m
      
[33mclass[39m=[32m"value"[39m
    [36m>[39m
      [0mUnknown[0m
    [36m</span>[39m

    Ignored nodes: comments, 
script, style
    [36m<div[39m
      [33mclass[39m=[32m"metad
ata-item"[39m
    [36m>[39m
      [36m<span[39m
        
[33mclass[39m=[32m"label"[39m
      [36m>[39m
        [0mß╗îd├║n:[0m
      [36m</span>[39m
      [36m<span[39m
        
[33mclass[39m=[32m"value"[39m
      [36m>[39m
        [0mTraditional[0m
      [36m</span>[39m
    [36m</div>[39m

    Ignored nodes: comments, 
script, style
    [36m<span[39m
      
[33mclass[39m=[32m"label"[39m
    [36m>[39m
      [0mß╗îd├║n:[0m
    [36m</span>[39m

    Ignored nodes: comments, 
script, style
    [36m<span[39m
      
[33mclass[39m=[32m"value"[39m
    [36m>[39m
      [0mTraditional[0m
    [36m</span>[39m

    Ignored nodes: comments, 
script, style
    [36m<div[39m
      [33mclass[39m=[32m"metad
ata-item"[39m
      [33mdata-type[39m=[32m"s
cripture"[39m
    [36m>[39m
      [36m<span[39m
        
[33mclass[39m=[32m"label"[39m
      [36m>[39m
        [0m├îw├⌐ M├¡mß╗ì╠ü:[0m
      [36m</span>[39m
      [36m<span[39m
        
[33mclass[39m=[32m"value"[39m
      [36m>[39m
        [0mUnknown[0m
      [36m</span>[39m
    [36m</div>[39m

    Ignored nodes: comments, 
script, style
    [36m<span[39m
      
[33mclass[39m=[32m"label"[39m
    [36m>[39m
      [0m├îw├⌐ M├¡mß╗ì╠ü:[0m
    [36m</span>[39m

    Ignored nodes: comments, 
script, style
    [36m<span[39m
      
[33mclass[39m=[32m"value"[39m
    [36m>[39m
      [0mUnknown[0m
    [36m</span>[39m

    Ignored nodes: comments, 
script, style
    [36m<div[39m
      [33mclass[39m=[32m"lyric
s"[39m
      [33mstyle[39m=[32m"user-
select: text;"[39m
    [36m>[39m
      [36m<div[39m
        [33mclass[39m=[32m"sta
nza-container"[39m
        [33mstyle[39m=[32m"mar
gin-top: 0px; margin-bottom: 
0px;"[39m
      [36m>[39m
        [36m<div[39m
          [33mclass[39m=[32m"s
tanza"[39m
          [33mstyle[39m=[32m"m
argin-top: 0px; margin-bottom: 
1px;"[39m
        [36m>[39m
          [36m<div[39m
            [33mclass[39m=[32m
"music-signs "[39m
          [36m>[39m
            [0mf[0m
          [36m</div>[39m
          [36m<div[39m
            [33mclass[39m=[32m
"stanza-number"[39m
          [36m>[39m
            [0m1.[0m
          [36m</div>[39m
          [36m<div[39m
            [33mclass[39m=[32m
"stanza-text"[39m
          [36m>[39m
            [36m<div[39m
              
[33mclass[39m=[32m"line "[39m
              [33mstyle[39m=[3
2m"margin-top: 0px; 
margin-bottom: 1px;"[39m
            [36m>[39m
              [0mOL├ÜWA, 
m├íß╣úe jß║╣╠ü kΓÇÖ ├í l├╣ 
ΓÇÿlß║╣╠Ç,[0m
            [36m</div>[39m
          [36m</div>[39m
        [36m</div>[39m
        [36m<div[39m
          [33mclass[39m=[32m"s
tanza"[39m
          [33mstyle[39m=[32m"m
argin-top: 0px; margin-bottom: 
1px;"[39m
        [36m>[39m
          [36m<div[39m
            [33mclass[39m=[32m
"music-signs transparent"[39m
          [36m>[39m
            [0mx[0m
          [36m</div>[39m
          [36m<div[39m
            [33mclass[39m=[32m
"stanza-number"[39m
          [36m/>[39m
          [36m<div[39m
            [33mclass[39m=[32m
"stanza-text"[39m
          [36m>[39m
            [36m<div[39m
              
[33mclass[39m=[32m"line "[39m
              [33mstyle[39m=[3
2m"margin-top: 0px; 
margin-bottom: 1px;"[39m
            [36m>[39m
              [0mN├¡n├║ 
├¼d├ínw├▓ ay├⌐ y├¼├¡;[0m
            [36m</div>[39m
          [36m</div>[39m
        [36m</div>[39m
        [36m<div[39m
          [33mclass[39m=[32m"s
tanza"[39m
          [33mstyle[39m=[32m"m
argin-top: 0px; margin-bottom: 
1px;"[39m
        [36m>[39m
          [36m<div[39m
            [33mclass[39m=[32m
"music-signs transparent"[39m
          [36m>[39m
            [0mx[0m
          [36m</div>[39m
          [36m<div[39m
            [33mclass[39m=[32m
"stanza-number"[39m
          [36m/>[39m
          [36m<div[39m
            [33mclass[39m=[32m
"stanza-text"[39m
          [36m>[39m
            [36m<div[39m
              
[33mclass[39m=[32m"line "[39m
              [33mstyle[39m=[3
2m"margin-top: 0px; 
margin-bottom: 1px;"[39m
            [36m>[39m
              [0mM├║ f├¼d├¡ wa 
m├║lß║╣╠Ç ß╣úinß╣úin,[0m
            [36m</div>[39m
          [36m</div>[39m
        [36m</div>[39m
        [36m<div[39m
          [33mclass[39m=[32m"s
tanza"[39m
          [33mstyle[39m=[32m"m
argin-top: 0px; margin-bottom: 
1px;"[39m
        [36m>[39m
          [36m<div[39m
            [33mclass[39m=[32m
"music-signs transparent"[39m
          [36m>[39m
            [0mx[0m
          [36m</div>[39m
          [36m<div[39m
            [33mclass[39m=[32m
"stanza-number"[39m
          [36m/>[39m
          [36m<div[39m
            [33mclass[39m=[32m
"stanza-text"[39m
          [36m>[39m
            [36m<div[39m
              
[33mclass[39m=[32m"line "[39m
              [33mstyle[39m=[3
2m"margin-top: 0px; 
margin-bottom: 1px;"[39m
            [36m>[39m
              [0mN├¡n├║ 
├¼fß║╣╠ü m├¡mß╗ì╠ü Rß║╣ nl├í.[0m
            [36m</div>[39m
          [36m</div>[39m
        [36m</div>[39m
      [36m</div>[39m
      [36m<div[39m
        [33mclass[39m=[32m"sta
nza-break"[39m
        [33mstyle[39m=[32m"mar
gin-top: 0px; margin-bottom: 
2px;"[39m
      [36m/>[39m
      [36m<div[39m
        [33mclass[39m=[32m"sta
nza-container"[39m
        [33mstyle[39m=[32m"mar
gin-top: 0px; margin-bottom: 
0px;"[39m
      [36m>[39m
        [36m<div[39m
          [33mclass[39m=[32m"s
tanza"[39m
          [33mstyle[39m=[32m"m
argin-top: 0px; margin-bottom: 
1px;"[39m
        [36m>[39m
          [36m<div[39m
            [33mclass[39m=[32m
"music-signs "[39m
          [36m>[39m
            [0mf[0m
          [36m</div>[39m
          [36m<div[39m
            [33mclass[39m=[32m
"stanza-number"[39m
          [36m>[39m
            [0m2.[0m
          [36m</div>[39m
          [36m<div[39m
            [33mclass[39m=[32m
"stanza-text"[39m
          [36m>[39m
            [36m<div[39m
              
[33mclass[39m=[32m"line "[39m
              [33mstyle[39m=[3
2m"margin-top: 0px; 
margin-bottom: 1px;"[39m
            [36m>[39m
              [0mBΓÇÖ ├ád├ín├╣ 
b├í d├⌐ sΓÇÖ ß╗ì╠Çn├á wa,[0m
            [36m</div>[39m
          [36m</div>[39m
        [36m</div>[39m
        [36m<div[39m
          [33mclass[39m=[32m"s
tanza"[39m
          [33mstyle[39m=[32m"m
argin-top: 0px; margin-bottom: 
1px;"[39m
        [36m>[39m
          [36m<div[39m
            [33mclass[39m=[32m
"music-signs transparent"[39m
          [36m>[39m
            [0mx[0m
          [36m</div>[39m
          [36m<div[39m
            [33mclass[39m=[32m
"stanza-number"[39m
          [36m/>[39m
          [36m<div[39m
            [33mclass[39m=[32m
"stanza-text"[39m
          [36m>[39m
            [36m<div[39m
              
[33mclass[39m=[32m"line "[39m
              [33mstyle[39m=[3
2m"margin-top: 0px; 
margin-bottom: 1px;"[39m
            [36m>[39m
              [0mT├¡ ├¼j├¼ ay├⌐ 
s├¼ ┼äfß║╣╠ü l├⌐lß║╣╠Ç;[0m
            [36m</div>[39m
          [36m</div>[39m
        [36m</div>[39m
        [36m<div[39m
          [33mclass[39m=[32m"s
tanza"[39m
          [33mstyle[39m=[32m"m
argin-top: 0px; margin-bottom: 
1px;"[39m
        [36m>[39m
          [36m<div[39m
            [33mclass[39m=[32m
"music-signs transparent"[39m
          [36m>[39m
            [0mx[0m
          [36m</div>[39m
          [36m<div[39m
            [33mclass[39m=[32m
"stanza-number"[39m
          [36m/>[39m
          [36m<div[39m
            [33mclass[39m=[32m
"stanza-text"[39m
          [36m>[39m
            [36m<div[39m
              
[33mclass[39m=[32m"line "[39m
              [33mstyle[39m=[3
2m"margin-top: 0px; 
margin-bottom: 1px;"[39m
            [36m>[39m
              [0mJß╗ì╠Ç jß║╣╠ü 
kΓÇÖ ├í rΓÇÖ ├¼r├ánlß╗ì╠üwß╗ì╠ü 
Rß║╣,[0m
            [36m</div>[39m
          [36m</div>[39m
        [36m</div>[39m
        [36m<div[39m
          [33mclass[39m=[32m"s
tanza"[39m
          [33mstyle[39m=[32m"m
argin-top: 0px; margin-bottom: 
1px;"[39m
        [36m>[39m
          [36m<div[39m
            [33mclass[39m=[32m
"music-signs transparent"[39m
          [36m>[39m
            [0mx[0m
          [36m</div>[39m
          [36m<div[39m
            [33mclass[39m=[32m
"stanza-number"[39m
          [36m/>[39m
          [36m<div[39m
            [33mclass[39m=[32m
"stanza-text"[39m
          [36m>[39m
            [36m<div[39m
              
[33mclass[39m=[32m"line "[39m
              [33mstyle[39m=[3
2m"margin-top: 0px; 
margin-bottom: 1px;"[39m
            [36m>[39m
              [0mKΓÇÖ ├í mΓÇÖ 
agb├íra Rß║╣ lΓÇÖ 
├▓joj├║mß╗ì╠ü.[0m
            [36m</div>[39m
          [36m</div>[39m
        [36m</div>[39m
      [36m</div>[39m
      [36m<div[39m
        [33mclass[39m=[32m"sta
nza-break"[39m
        [33mstyle[39m=[32m"mar
gin-top: 0px; margin-bottom: 
2px;"[39m
      [36m/>[39m
      [36m<div[39m
        [33mclass[39m=[32m"sta
nza-container"[39m
        [33mstyle[39m=[32m"mar
gin-top: 0px; margin-bottom: 
0px;"[39m
      [36m>[39m
        [36m<div[39m
          [33mclass[39m=[32m"s
tanza"[39m
          [33mstyle[39m=[32m"m
argin-top: 0px; margin-bottom: 
1px;"[39m
        [36m>[39m
          [36m<div[39m
            [33mclass[39m=[32m
"music-signs "[39m
          [36m>[39m
            [0mf[0m
          [36m</div>[39m
          [36m<div[39m
            [33mclass[39m=[32m
"stanza-number"[39m
          [36m>[39m
            [0m3.[0m
          [36m</div>[39m
          [36m<div[39m
            [33mclass[39m=[32m
"stanza-text"[39m
          [36m>[39m
            [36m<div[39m
              
[33mclass[39m=[32m"line "[39m
              [33mstyle[39m=[3
2m"margin-top: 0px; 
margin-bottom: 1px;"[39m
            [36m>[39m
              [0m├îwß╗ì lΓÇÖ 
Al├íb├▓├│ wa t├¡t├¡,[0m
            [36m</div>[39m
          [36m</div>[39m
        [36m</div>[39m
        [36m<div[39m
          [33mclass[39m=[32m"s
tanza"[39m
          [33mstyle[39m=[32m"m
argin-top: 0px; margin-bottom: 
1px;"[39m
        [36m>[39m
          [36m<div[39m
            [33mclass[39m=[32m
"music-signs transparent"[39m
          [36m>[39m
            [0mx[0m
          [36m</div>[39m
          [36m<div[39m
            [33mclass[39m=[32m
"stanza-number"[39m
          [36m/>[39m
          [36m<div[39m
            [33mclass[39m=[32m
"stanza-text"[39m
          [36m>[39m
            [36m<div[39m
              
[33mclass[39m=[32m"line "[39m
              [33mstyle[39m=[3
2m"margin-top: 0px; 
margin-bottom: 1px;"[39m
            [36m>[39m
              [0mß║╕niti k├¼ ├¡ 
t├▓├▓gb├⌐ mß╗ì╠ü;[0m
            [36m</div>[39m
          [36m</div>[39m
        [36m</div>[39m
        [36m<div[39m
          [33mclass[39m=[32m"s
tanza"[39m
          [33mstyle[39m=[32m"m
argin-top: 0px; margin-bottom: 
1px;"[39m
        [36m>[39m
          [36m<div[39m
            [33mclass[39m=[32m
"music-signs transparent"[39m
          [36m>[39m
            [0mx[0m
          [36m</div>[39m
          [36m<div[39m
            [33mclass[39m=[32m
"stanza-number"[39m
          [36m/>[39m
          [36m<div[39m
            [33mclass[39m=[32m
"stanza-text"[39m
          [36m>[39m
            [36m<div[39m
              
[33mclass[39m=[32m"line "[39m
              [33mstyle[39m=[3
2m"margin-top: 0px; 
margin-bottom: 1px;"[39m
            [36m>[39m
              [0mM├║ wa la ewu 
ay├⌐ j├í,[0m
            [36m</div>[39m
          [36m</div>[39m
        [36m</div>[39m
        [36m<div[39m
          [33mclass[39m=[32m"s
tanza"[39m
          [33mstyle[39m=[32m"m
argin-top: 0px; margin-bottom: 
1px;"[39m
        [36m>[39m
          [36m<div[39m
            [33mclass[39m=[32m
"music-signs transparent"[39m
          [36m>[39m
            [0mx[0m
          [36m</div>[39m
          [36m<div[39m
            [33mclass[39m=[32m
"stanza-number"[39m
          [36m/>[39m
          [36m<div[39m
            [33mclass[39m=[32m
"stanza-text"[39m
          [36m>[39m
            [36m<div[39m
              
[33mclass[39m=[32m"line "[39m
              [33mstyle[39m=[3
2m"margin-top: 0px; 
margin-bottom: 1px;"[39m
            [36m>[39m
              [0mT├¡tΓÇÖ a ├│ 
fi d├⌐ ΓÇÿl├⌐ ├▓k├¿.[0m
            [36m</div>[39m
          [36m</div>[39m
        [36m</div>[39m
      [36m</div>[39m
      [36m<div[39m
        [33mclass[39m=[32m"sta
nza-break"[39m
        [33mstyle[39m=[32m"mar
gin-top: 0px; margin-bottom: 
2px;"[39m
      [36m/>[39m
      [36m<div[39m
        [33mclass[39m=[32m"sta
nza-container"[39m
        [33mstyle[39m=[32m"mar
gin-top: 0px; margin-bottom: 
0px;"[39m
      [36m>[39m
        [36m<div[39m
          [33mclass[39m=[32m"s
tanza"[39m
          [33mstyle[39m=[32m"m
argin-top: 0px; margin-bottom: 
1px;"[39m
        [36m>[39m
          [36m<div[39m
            [33mclass[39m=[32m
"music-signs "[39m
          [36m>[39m
            [0mf[0m
          [36m</div>[39m
          [36m<div[39m
            [33mclass[39m=[32m
"stanza-number"[39m
          [36m>[39m
            [0m4.[0m
          [36m</div>[39m
          [36m<div[39m
            [33mclass[39m=[32m
"stanza-text"[39m
          [36m>[39m
            [36m<div[39m
              
[33mclass[39m=[32m"line "[39m
              [33mstyle[39m=[3
2m"margin-top: 0px; 
margin-bottom: 1px;"[39m
            [36m>[39m
              [0m├Ægo f├║n 
B├áb├í atΓÇÖ ß╗îmß╗ì,[0m
            [36m</div>[39m
          [36m</div>[39m
        [36m</div>[39m
        [36m<div[39m
          [33mclass[39m=[32m"s
tanza"[39m
          [33mstyle[39m=[32m"m
argin-top: 0px; margin-bottom: 
1px;"[39m
        [36m>[39m
          [36m<div[39m
            [33mclass[39m=[32m
"music-signs transparent"[39m
          [36m>[39m
            [0mx[0m
          [36m</div>[39m
          [36m<div[39m
            [33mclass[39m=[32m
"stanza-number"[39m
          [36m/>[39m
          [36m<div[39m
            [33mclass[39m=[32m
"stanza-text"[39m
          [36m>[39m
            [36m<div[39m
              
[33mclass[39m=[32m"line "[39m
              [33mstyle[39m=[3
2m"margin-top: 0px; 
margin-bottom: 1px;"[39m
            [36m>[39m
              [0mAt├¡ f├║n 
ß║╕╠Çm├¡ M├¡mß╗ì╠ü rß║╣╠Ç;[0m
            [36m</div>[39m
          [36m</div>[39m
        [36m</div>[39m
        [36m<div[39m
          [33mclass[39m=[32m"s
tanza"[39m
          [33mstyle[39m=[32m"m
argin-top: 0px; margin-bottom: 
1px;"[39m
        [36m>[39m
          [36m<div[39m
            [33mclass[39m=[32m
"music-signs transparent"[39m
          [36m>[39m
            [0mx[0m
          [36m</div>[39m
          [36m<div[39m
            [33mclass[39m=[32m
"stanza-number"[39m
          [36m/>[39m
          [36m<div[39m
            [33mclass[39m=[32m
"stanza-text"[39m
          [36m>[39m
            [36m<div[39m
              
[33mclass[39m=[32m"line "[39m
              [33mstyle[39m=[3
2m"margin-top: 0px; 
margin-bottom: 1px;"[39m
            [36m>[39m
              [0mß║╕ jß║╣╠ü 
kΓÇÖ ├í fΓÇÖ orin ├¼y├¼n 
f├║n,[0m
            [36m</div>[39m
          [36m</div>[39m
        [36m</div>[39m
        [36m<div[39m
          [33mclass[39m=[32m"s
tanza"[39m
          [33mstyle[39m=[32m"m
argin-top: 0px; margin-bottom: 
1px;"[39m
        [36m>[39m
          [36m<div[39m
            [33mclass[39m=[32m
"music-signs transparent"[39m
          [36m>[39m
            [0mx[0m
          [36m</div>[39m
          [36m<div[39m
            [33mclass[39m=[32m
"stanza-number"[39m
          [36m/>[39m
          [36m<div[39m
            [33mclass[39m=[32m
"stanza-text"[39m
          [36m>[39m
            [36m<div[39m
              
[33mclass[39m=[32m"line "[39m
              [33mstyle[39m=[3
2m"margin-top: 0px; 
margin-bottom: 1px;"[39m
            [36m>[39m
              [0mMetalß╗ì╠ükan 
t├¡t├¡ la├¡la├¡.[0m
            [36m</div>[39m
          [36m</div>[39m
        [36m</div>[39m
      [36m</div>[39m
    [36m</div>[39m

    Ignored nodes: comments, 
script, style
    [36m<div[39m
      [33mclass[39m=[32m"stanz
a-container"[39m
      [33mstyle[39m=[32m"margi
n-top: 0px; margin-bottom: 
0px;"[39m
    [36m>[39m
      [36m<div[39m
        [33mclass[39m=[32m"sta
nza"[39m
        [33mstyle[39m=[32m"mar
gin-top: 0px; margin-bottom: 
1px;"[39m
      [36m>[39m
        [36m<div[39m
          [33mclass[39m=[32m"m
usic-signs "[39m
        [36m>[39m
          [0mf[0m
        [36m</div>[39m
        [36m<div[39m
          [33mclass[39m=[32m"s
tanza-number"[39m
        [36m>[39m
          [0m1.[0m
        [36m</div>[39m
        [36m<div[39m
          [33mclass[39m=[32m"s
tanza-text"[39m
        [36m>[39m
          [36m<div[39m
            
[33mclass[39m=[32m"line "[39m
            [33mstyle[39m=[32m
"margin-top: 0px; margin-bottom: 
1px;"[39m
          [36m>[39m
            [0mOL├ÜWA, m├íß╣úe 
jß║╣╠ü kΓÇÖ ├í l├╣ ΓÇÿlß║╣╠Ç,[0m
          [36m</div>[39m
        [36m</div>[39m
      [36m</div>[39m
      [36m<div[39m
        [33mclass[39m=[32m"sta
nza"[39m
        [33mstyle[39m=[32m"mar
gin-top: 0px; margin-bottom: 
1px;"[39m
      [36m>[39m
        [36m<div[39m
          [33mclass[39m=[32m"m
usic-signs transparent"[39m
        [36m>[39m
          [0mx[0m
        [36m</div>[39m
        [36m<div[39m
          [33mclass[39m=[32m"s
tanza-number"[39m
        [36m/>[39m
        [36m<div[39m
          [33mclass[39m=[32m"s
tanza-text"[39m
        [36m>[39m
          [36m<div[39m
            
[33mclass[39m=[32m"line "[39m
            [33mstyle[39m=[32m
"margin-top: 0px; margin-bottom: 
1px;"[39m
          [36m>[39m
            [0mN├¡n├║ ├¼d├ínw├▓ 
ay├⌐ y├¼├¡;[0m
          [36m</div>[39m
        [36m</div>[39m
      [36m</div>[39m
      [36m<div[39m
        [33mclass[39m=[32m"sta
nza"[39m
        [33mstyle[39m=[32m"mar
gin-top: 0px; margin-bottom: 
1px;"[39m
      [36m>[39m
        [36m<div[39m
          [33mclass[39m=[32m"m
usic-signs transparent"[39m
        [36m>[39m
          [0mx[0m
        [36m</div>[39m
        [36m<div[39m
          [33mclass[39m=[32m"s
tanza-number"[39m
        [36m/>[39m
        [36m<div[39m
          [33mclass[39m=[32m"s
tanza-text"[39m
        [36m>[39m
          [36m<div[39m
            
[33mclass[39m=[32m"line "[39m
            [33mstyle[39m=[32m
"margin-top: 0px; margin-bottom: 
1px;"[39m
          [36m>[39m
            [0mM├║ f├¼d├¡ wa 
m├║lß║╣╠Ç ß╣úinß╣úin,[0m
          [36m</div>[39m
        [36m</div>[39m
      [36m</div>[39m
      [36m<div[39m
        [33mclass[39m=[32m"sta
nza"[39m
        [33mstyle[39m=[32m"mar
gin-top: 0px; margin-bottom: 
1px;"[39m
      [36m>[39m
        [36m<div[39m
          [33mclass[39m=[32m"m
usic-signs transparent"[39m
        [36m>[39m
          [0mx[0m
        [36m</div>[39m
        [36m<div[39m
          [33mclass[39m=[32m"s
tanza-number"[39m
        [36m/>[39m
        [36m<div[39m
          [33mclass[39m=[32m"s
tanza-text"[39m
        [36m>[39m
          [36m<div[39m
            
[33mclass[39m=[32m"line "[39m
            [33mstyle[39m=[32m
"margin-top: 0px; margin-bottom: 
1px;"[39m
          [36m>[39m
            [0mN├¡n├║ ├¼fß║╣╠ü 
m├¡mß╗ì╠ü Rß║╣ nl├í.[0m
          [36m</div>[39m
        [36m</div>[39m
      [36m</div>[39m
    [36m</div>[39m

    Ignored nodes: comments, 
script, style
    [36m<div[39m
      [33mclass[39m=[32m"stanz
a"[39m
      [33mstyle[39m=[32m"margi
n-top: 0px; margin-bottom: 
1px;"[39m
    [36m>[39m
      [36m<div[39m
        [33mclass[39m=[32m"mus
ic-signs "[39m
      [36m>[39m
        [0mf[0m
      [36m</div>[39m
      [36m<div[39m
        [33mclass[39m=[32m"sta
nza-number"[39m
      [36m>[39m
        [0m1.[0m
      [36m</div>[39m
      [36m<div[39m
        [33mclass[39m=[32m"sta
nza-text"[39m
      [36m>[39m
        [36m<div[39m
          
[33mclass[39m=[32m"line "[39m
          [33mstyle[39m=[32m"m
argin-top: 0px; margin-bottom: 
1px;"[39m
        [36m>[39m
          [0mOL├ÜWA, m├íß╣úe 
jß║╣╠ü kΓÇÖ ├í l├╣ ΓÇÿlß║╣╠Ç,[0m
        [36m</div>[39m
      [36m</div>[39m
    [36m</div>[39m

    Ignored nodes: comments, 
script, style
    [36m<div[39m
      [33mclass[39m=[32m"music
-signs "[39m
    [36m>[39m
      [0mf[0m
    [36m</div>[39m

    Ignored nodes: comments, 
script, style
    [36m<div[39m
      [33mclass[39m=[32m"stanz
a-number"[39m
    [36m>[39m
      [0m1.[0m
    [36m</div>[39m

    Ignored nodes: comments, 
script, style
    [36m<div[39m
      [33mclass[39m=[32m"stanz
a-text"[39m
    [36m>[39m
      [36m<div[39m
        
[33mclass[39m=[32m"line "[39m
        [33mstyle[39m=[32m"mar
gin-top: 0px; margin-bottom: 
1px;"[39m
      [36m>[39m
        [0mOL├ÜWA, m├íß╣úe 
jß║╣╠ü kΓÇÖ ├í l├╣ ΓÇÿlß║╣╠Ç,[0m
      [36m</div>[39m
    [36m</div>[39m

    Ignored nodes: comments, 
script, style
    [36m<div[39m
      [33mclass[39m=[32m"line 
"[39m
      [33mstyle[39m=[32m"margi
n-top: 0px; margin-bottom: 
1px;"[39m
    [36m>[39m
      [0mOL├ÜWA, m├íß╣úe jß║╣╠ü 
kΓÇÖ ├í l├╣ ΓÇÿlß║╣╠Ç,[0m
    [36m</div>[39m

    Ignored nodes: comments, 
script, style
    [36m<div[39m
      [33mclass[39m=[32m"stanz
a"[39m
      [33mstyle[39m=[32m"margi
n-top: 0px; margin-bottom: 
1px;"[39m
    [36m>[39m
      [36m<div[39m
        [33mclass[39m=[32m"mus
ic-signs transparent"[39m
      [36m>[39m
        [0mx[0m
      [36m</div>[39m
      [36m<div[39m
        [33mclass[39m=[32m"sta
nza-number"[39m
      [36m/>[39m
      [36m<div[39m
        [33mclass[39m=[32m"sta
nza-text"[39m
      [36m>[39m
        [36m<div[39m
          
[33mclass[39m=[32m"line "[39m
          [33mstyle[39m=[32m"m
argin-top: 0px; margin-bottom: 
1px;"[39m
        [36m>[39m
          [0mN├¡n├║ ├¼d├ínw├▓ 
ay├⌐ y├¼├¡;[0m
        [36m</div>[39m
      [36m</div>[39m
    [36m</div>[39m

    Ignored nodes: comments, 
script, style
    [36m<div[39m
      [33mclass[39m=[32m"music
-signs transparent"[39m
    [36m>[39m
      [0mx[0m
    [36m</div>[39m

    Ignored nodes: comments, 
script, style
    [36m<div[39m
      [33mclass[39m=[32m"stanz
a-number"[39m
    [36m/>[39m

    Ignored nodes: comments, 
script, style
    [36m<div[39m
      [33mclass[39m=[32m"stanz
a-text"[39m
    [36m>[39m
      [36m<div[39m
        
[33mclass[39m=[32m"line "[39m
        [33mstyle[39m=[32m"mar
gin-top: 0px; margin-bottom: 
1px;"[39m
      [36m>[39m
        [0mN├¡n├║ ├¼d├ínw├▓ 
ay├⌐ y├¼├¡;[0m
      [36m</div>[39m
    [36m</div>[39m

    Ignored nodes: comments, 
script, style
    [36m<div[39m
      [33mclass[39m=[32m"line 
"[39m
      [33mstyle[39m=[32m"margi
n-top: 0px; margin-bottom: 
1px;"[39m
    [36m>[39m
      [0mN├¡n├║ ├¼d├ínw├▓ ay├⌐ 
y├¼├¡;[0m
    [36m</div>[39m

    Ignored nodes: comments, 
script, style
    [36m<div[39m
      [33mclass[39m=[32m"stanz
a"[39m
      [33mstyle[39m=[32m"margi
n-top: 0px; margin-bottom: 
1px;"[39m
    [36m>[39m
      [36m<div[39m
        [33mclass[39m=[32m"mus
ic-signs transparent"[39m
      [36m>[39m
        [0mx[0m
      [36m</div>[39m
      [36m<div[39m
        [33mclass[39m=[32m"sta
nza-number"[39m
      [36m/>[39m
      [36m<div[39m
        [33mclass[39m=[32m"sta
nza-text"[39m
      [36m>[39m
        [36m<div[39m
          
[33mclass[39m=[32m"line "[39m
          [33mstyle[39m=[32m"m
argin-top: 0px; margin-bottom: 
1px;"[39m
        [36m>[39m
          [0mM├║ f├¼d├¡ wa 
m├║lß║╣╠Ç ß╣úinß╣úin,[0m
        [36m</div>[39m
      [36m</div>[39m
    [36m</div>[39m

    Ignored nodes: comments, 
script, style
    [36m<div[39m
      [33mclass[39m=[32m"music
-signs transparent"[39m
    [36m>[39m
      [0mx[0m
    [36m</div>[39m

    Ignored nodes: comments, 
script, style
    [36m<div[39m
      [33mclass[39m=[32m"stanz
a-number"[39m
    [36m/>[39m

    Ignored nodes: comments, 
script, style
    [36m<div[39m
      [33mclass[39m=[32m"stanz
a-text"[39m
    [36m>[39m
      [36m<div[39m
        
[33mclass[39m=[32m"line "[39m
        [33mstyle[39m=[32m"mar
gin-top: 0px; margin-bottom: 
1px;"[39m
      [36m>[39m
        [0mM├║ f├¼d├¡ wa 
m├║lß║╣╠Ç ß╣úinß╣úin,[0m
      [36m</div>[39m
    [36m</div>[39m

    Ignored nodes: comments, 
script, style
    [36m<div[39m
      [33mclass[39m=[32m"line 
"[39m
      [33mstyle[39m=[32m"margi
n-top: 0px; margin-bottom: 
1px;"[39m
    [36m>[39m
      [0mM├║ f├¼d├¡ wa 
m├║lß║╣╠Ç ß╣úinß╣úin,[0m
    [36m</div>[39m

    Ignored nodes: comments, 
script, style
    [36m<div[39m
      [33mclass[39m=[32m"stanz
a"[39m
      [33mstyle[39m=[32m"margi
n-top: 0px; margin-bottom: 
1px;"[39m
    [36m>[39m
      [36m<div[39m
        [33mclass[39m=[32m"mus
ic-signs transparent"[39m
      [36m>[39m
        [0mx[0m
      [36m</div>[39m
      [36m<div[39m
        [33mclass[39m=[32m"sta
nza-number"[39m
      [36m/>[39m
      [36m<div[39m
        [33mclass[39m=[32m"sta
nza-text"[39m
      [36m>[39m
        [36m<div[39m
          
[33mclass[39m=[32m"line "[39m
          [33mstyle[39m=[32m"m
argin-top: 0px; margin-bottom: 
1px;"[39m
        [36m>[39m
          [0mN├¡n├║ ├¼fß║╣╠ü 
m├¡mß╗ì╠ü Rß║╣ nl├í.[0m
        [36m</div>[39m
      [36m</div>[39m
    [36m</div>[39m

    Ignored nodes: comments, 
script, style
    [36m<div[39m
      [33mclass[39m=[32m"music
-signs transparent"[39m
    [36m>[39m
      [0mx[0m
    [36m</div>[39m

    Ignored nodes: comments, 
script, style
    [36m<div[39m
      [33mclass[39m=[32m"stanz
a-number"[39m
    [36m/>[39m

    Ignored nodes: comments, 
script, style
    [36m<div[39m
      [33mclass[39m=[32m"stanz
a-text"[39m
    [36m>[39m
      [36m<div[39m
        
[33mclass[39m=[32m"line "[39m
        [33mstyle[39m=[32m"mar
gin-top: 0px; margin-bottom: 
1px;"[39m
      [36m>[39m
        [0mN├¡n├║ ├¼fß║╣╠ü 
m├¡mß╗ì╠ü Rß║╣ nl├í.[0m
      [36m</div>[39m
    [36m</div>[39m

    Ignored nodes: comments, 
script, style
    [36m<div[39m
      [33mclass[39m=[32m"line 
"[39m
      [33mstyle[39m=[32m"margi
n-top: 0px; margin-bottom: 
1px;"[39m
    [36m>[39m
      [0mN├¡n├║ ├¼fß║╣╠ü 
m├¡mß╗ì╠ü Rß║╣ nl├í.[0m
    [36m</div>[39m

    Ignored nodes: comments, 
script, style
    [36m<div[39m
      [33mclass[39m=[32m"stanz
a-break"[39m
      [33mstyle[39m=[32m"margi
n-top: 0px; margin-bottom: 
2px;"[39m
    [36m/>[39m

    Ignored nodes: comments, 
script, style
    [36m<div[39m
      [33mclass[39m=[32m"stanz
a-container"[39m
      [33mstyle[39m=[32m"margi
n-top: 0px; margin-bottom: 
0px;"[39m
    [36m>[39m
      [36m<div[39m
        [33mclass[39m=[32m"sta
nza"[39m
        [33mstyle[39m=[32m"mar
gin-top: 0px; margin-bottom: 
1px;"[39m
      [36m>[39m
        [36m<div[39m
          [33mclass[39m=[32m"m
usic-signs "[39m
        [36m>[39m
          [0mf[0m
        [36m</div>[39m
        [36m<div[39m
          [33mclass[39m=[32m"s
tanza-number"[39m
        [36m>[39m
          [0m2.[0m
        [36m</div>[39m
        [36m<div[39m
          [33mclass[39m=[32m"s
tanza-text"[39m
        [36m>[39m
          [36m<div[39m
            
[33mclass[39m=[32m"line "[39m
            [33mstyle[39m=[32m
"margin-top: 0px; margin-bottom: 
1px;"[39m
          [36m>[39m
            [0mBΓÇÖ ├ád├ín├╣ 
b├í d├⌐ sΓÇÖ ß╗ì╠Çn├á wa,[0m
          [36m</div>[39m
        [36m</div>[39m
      [36m</div>[39m
      [36m<div[39m
        [33mclass[39m=[32m"sta
nza"[39m
        [33mstyle[39m=[32m"mar
gin-top: 0px; margin-bottom: 
1px;"[39m
      [36m>[39m
        [36m<div[39m
          [33mclass[39m=[32m"m
usic-signs transparent"[39m
        [36m>[39m
          [0mx[0m
        [36m</div>[39m
        [36m<div[39m
          [33mclass[39m=[32m"s
tanza-number"[39m
        [36m/>[39m
        [36m<div[39m
          [33mclass[39m=[32m"s
tanza-text"[39m
        [36m>[39m
          [36m<div[39m
            
[33mclass[39m=[32m"line "[39m
            [33mstyle[39m=[32m
"margin-top: 0px; margin-bottom: 
1px;"[39m
          [36m>[39m
            [0mT├¡ ├¼j├¼ ay├⌐ 
s├¼ ┼äfß║╣╠ü l├⌐lß║╣╠Ç;[0m
          [36m</div>[39m
        [36m</div>[39m
      [36m</div>[39m
      [36m<div[39m
        [33mclass[39m=[32m"sta
nza"[39m
        [33mstyle[39m=[32m"mar
gin-top: 0px; margin-bottom: 
1px;"[39m
      [36m>[39m
        [36m<div[39m
          [33mclass[39m=[32m"m
usic-signs transparent"[39m
        [36m>[39m
          [0mx[0m
        [36m</div>[39m
        [36m<div[39m
          [33mclass[39m=[32m"s
tanza-number"[39m
        [36m/>[39m
        [36m<div[39m
          [33mclass[39m=[32m"s
tanza-text"[39m
        [36m>[39m
          [36m<div[39m
            
[33mclass[39m=[32m"line "[39m
            [33mstyle[39m=[32m
"margin-top: 0px; margin-bottom: 
1px;"[39m
          [36m>[39m
            [0mJß╗ì╠Ç jß║╣╠ü 
kΓÇÖ ├í rΓÇÖ ├¼r├ánlß╗ì╠üwß╗ì╠ü 
Rß║╣,[0m
          [36m</div>[39m
        [36m</div>[39m
      [36m</div>[39m
      [36m<div[39m
        [33mclass[39m=[32m"sta
nza"[39m
        [33mstyle[39m=[32m"mar
gin-top: 0px; margin-bottom: 
1px;"[39m
      [36m>[39m
        [36m<div[39m
          [33mclass[39m=[32m"m
usic-signs transparent"[39m
        [36m>[39m
          [0mx[0m
        [36m</div>[39m
        [36m<div[39m
          [33mclass[39m=[32m"s
tanza-number"[39m
        [36m/>[39m
        [36m<div[39m
          [33mclass[39m=[32m"s
tanza-text"[39m
        [36m>[39m
          [36m<div[39m
            
[33mclass[39m=[32m"line "[39m
            [33mstyle[39m=[32m
"margin-top: 0px; margin-bottom: 
1px;"[39m
          [36m>[39m
            [0mKΓÇÖ ├í mΓÇÖ 
agb├íra Rß║╣ lΓÇÖ 
├▓joj├║mß╗ì╠ü.[0m
          [36m</div>[39m
        [36m</div>[39m
      [36m</div>[39m
    [36m</div>[39m

    Ignored nodes: comments, 
script, style
    [36m<div[39m
      [33mclass[39m=[32m"stanz
a"[39m
      [33mstyle[39m=[32m"margi
n-top: 0px; margin-bottom: 
1px;"[39m
    [36m>[39m
      [36m<div[39m
        [33mclass[39m=[32m"mus
ic-signs "[39m
      [36m>[39m
        [0mf[0m
      [36m</div>[39m
      [36m<div[39m
        [33mclass[39m=[32m"sta
nza-number"[39m
      [36m>[39m
        [0m2.[0m
      [36m</div>[39m
      [36m<div[39m
        [33mclass[39m=[32m"sta
nza-text"[39m
      [36m>[39m
        [36m<div[39m
          
[33mclass[39m=[32m"line "[39m
          [33mstyle[39m=[32m"m
argin-top: 0px; margin-bottom: 
1px;"[39m
        [36m>[39m
          [0mBΓÇÖ ├ád├ín├╣ b├í 
d├⌐ sΓÇÖ ß╗ì╠Çn├á wa,[0m
        [36m</div>[39m
      [36m</div>[39m
    [36m</div>[39m

    Ignored nodes: comments, 
script, style
    [36m<div[39m
      [33mclass[39m=[32m"music
-signs "[39m
    [36m>[39m
      [0mf[0m
    [36m</div>[39m

    Ignored nodes: comments, 
script, style
    [36m<div[39m
      [33mclass[39m=[32m"stanz
a-number"[39m
    [36m>[39m
      [0m2.[0m
    [36m</div>[39m

    Ignored nodes: comments, 
script, style
    [36m<div[39m
      [33mclass[39m=[32m"stanz
a-text"[39m
    [36m>[39m
      [36m<div[39m
        
[33mclass[39m=[32m"line "[39m
        [33mstyle[39m=[32m"mar
gin-top: 0px; margin-bottom: 
1px;"[39m
      [36m>[39m
        [0mBΓÇÖ ├ád├ín├╣ b├í 
d├⌐ sΓÇÖ ß╗ì╠Çn├á wa,[0m
      [36m</div>[39m
    [36m</div>[39m

    Ignored nodes: comments, 
script, style
    [36m<div[39m
      [33mclass[39m=[32m"line 
"[39m
      [33mstyle[39m=[32m"margi
n-top: 0px; margin-bottom: 
1px;"[39m
    [36m>[39m
      [0mBΓÇÖ ├ád├ín├╣ b├í d├⌐ 
sΓÇÖ ß╗ì╠Çn├á wa,[0m
    [36m</div>[39m

    Ignored nodes: comments, 
script, style
    [36m<div[39m
      [33mclass[39m=[32m"stanz
a"[39m
      [33mstyle[39m=[32m"margi
n-top: 0px; margin-bottom: 
1px;"[39m
    [36m>[39m
      [36m<div[39m
        [33mclass[39m=[32m"mus
ic-signs transparent"[39m
      [36m>[39m
        [0mx[0m
      [36m</div>[39m
      [36m<div[39m
        [33mclass[39m=[32m"sta
nza-number"[39m
      [36m/>[39m
      [36m<div[39m
        [33mclass[39m=[32m"sta
nza-text"[39m
      [36m>[39m
        [36m<div[39m
          
[33mclass[39m=[32m"line "[39m
          [33mstyle[39m=[32m"m
argin-top: 0px; margin-bottom: 
1px;"[39m
        [36m>[39m
          [0mT├¡ ├¼j├¼ ay├⌐ s├¼ 
┼äfß║╣╠ü l├⌐lß║╣╠Ç;[0m
        [36m</div>[39m
      [36m</div>[39m
    [36m</div>[39m

    Ignored nodes: comments, 
script, style
    [36m<div[39m
      [33mclass[39m=[32m"music
-signs transparent"[39m
    [36m>[39m
      [0mx[0m
    [36m</div>[39m

    Ignored nodes: comments, 
script, style
    [36m<div[39m
      [33mclass[39m=[32m"stanz
a-number"[39m
    [36m/>[39m

    Ignored nodes: comments, 
script, style
    [36m<div[39m
      [33mclass[39m=[32m"stanz
a-text"[39m
    [36m>[39m
      [36m<div[39m
        
[33mclass[39m=[32m"line "[39m
        [33mstyle[39m=[32m"mar
gin-top: 0px; margin-bottom: 
1px;"[39m
      [36m>[39m
        [0mT├¡ ├¼j├¼ ay├⌐ s├¼ 
┼äfß║╣╠ü l├⌐lß║╣╠Ç;[0m
      [36m</div>[39m
    [36m</div>[39m

    Ignored nodes: comments, 
script, style
    [36m<div[39m
      [33mclass[39m=[32m"line 
"[39m
      [33mstyle[39m=[32m"margi
n-top: 0px; margin-bottom: 
1px;"[39m
    [36m>[39m
      [0mT├¡ ├¼j├¼ ay├⌐ s├¼ 
┼äfß║╣╠ü l├⌐lß║╣╠Ç;[0m
    [36m</div>[39m

    Ignored nodes: comments, 
script, style
    [36m<div[39m
      [33mclass[39m=[32m"stanz
a"[39m
      [33mstyle[39m=[32m"margi
n-top: 0px; margin-bottom: 
1px;"[39m
    [36m>[39m
      [36m<div[39m
        [33mclass[39m=[32m"mus
ic-signs transparent"[39m
      [36m>[39m
        [0mx[0m
      [36m</div>[39m
      [36m<div[39m
        [33mclass[39m=[32m"sta
nza-number"[39m
      [36m/>[39m
      [36m<div[39m
        [33mclass[39m=[32m"sta
nza-text"[39m
      [36m>[39m
        [36m<div[39m
          
[33mclass[39m=[32m"line "[39m
          [33mstyle[39m=[32m"m
argin-top: 0px; margin-bottom: 
1px;"[39m
        [36m>[39m
          [0mJß╗ì╠Ç jß║╣╠ü kΓÇÖ 
├í rΓÇÖ ├¼r├ánlß╗ì╠üwß╗ì╠ü 
Rß║╣,[0m
        [36m</div>[39m
      [36m</div>[39m
    [36m</div>[39m

    Ignored nodes: comments, 
script, style
    [36m<div[39m
      [33mclass[39m=[32m"music
-signs transparent"[39m
    [36m>[39m
      [0mx[0m
    [36m</div>[39m

    Ignored nodes: comments, 
script, style
    [36m<div[39m
      [33mclass[39m=[32m"stanz
a-number"[39m
    [36m/>[39m

    Ignored nodes: comments, 
script, style
    [36m<div[39m
      [33mclass[39m=[32m"stanz
a-text"[39m
    [36m>[39m
      [36m<div[39m
        
[33mclass[39m=[32m"line "[39m
        [33mstyle[39m=[32m"mar
gin-top: 0px; margin-bottom: 
1px;"[39m
      [36m>[39m
        [0mJß╗ì╠Ç jß║╣╠ü kΓÇÖ 
├í rΓÇÖ ├¼r├ánlß╗ì╠üwß╗ì╠ü 
Rß║╣,[0m
      [36m</div>[39m
    [36m</div>[39m

    Ignored nodes: comments, 
script, style
    [36m<div[39m
      [33mclass[39m=[32m"line 
"[39m
      [33mstyle[39m=[32m"margi
n-top: 0px; margin-bottom: 
1px;"[39m
    [36m>[39m
      [0mJß╗ì╠Ç jß║╣╠ü kΓÇÖ ├í 
rΓÇÖ ├¼r├ánlß╗ì╠üwß╗ì╠ü Rß║╣,[0m
    [36m</div>[39m

    Ignored nodes: comments, 
script, style
    [36m<div[39m
      [33mclass[39m=[32m"stanz
a"[39m
      [33mstyle[39m=[32m"margi
n-top: 0px; margin-bottom: 
1px;"[39m
    [36m>[39m
      [36m<div[39m
        [33mclass[39m=[32m"mus
ic-signs transparent"[39m
      [36m>[39m
        [0mx[0m
      [36m</div>[39m
      [36m<div[39m
        [33mclass[39m=[32m"sta
nza-number"[39m
      [36m/>[39m
      [36m<div[39m
        [33mclass[39m=[32m"sta
nza-text"[39m
      [36m>[39m
        [36m<div[39m
          
[33mclass[39m=[32m"line "[39m
          [33mstyle[39m=[32m"m
argin-top: 0px; margin-bottom: 
1px;"[39m
        [36m>[39m
          [0mKΓÇÖ ├í mΓÇÖ 
agb├íra Rß║╣ lΓÇÖ 
├▓joj├║mß╗ì╠ü.[0m
        [36m</div>[39m
      [36m</div>[39m
    [36m</div>[39m

    Ignored nodes: comments, 
script, style
    [36m<div[39m
      [33mclass[39m=[32m"music
-signs transparent"[39m
    [36m>[39m
      [0mx[0m
    [36m</div>[39m

    Ignored nodes: comments, 
script, style
    [36m<div[39m
      [33mclass[39m=[32m"stanz
a-number"[39m
    [36m/>[39m

    Ignored nodes: comments, 
script, style
    [36m<div[39m
      [33mclass[39m=[32m"stanz
a-text"[39m
    [36m>[39m
      [36m<div[39m
        
[33mclass[39m=[32m"line "[39m
        [33mstyle[39m=[32m"mar
gin-top: 0px; margin-bottom: 
1px;"[39m
      [36m>[39m
        [0mKΓÇÖ ├í mΓÇÖ agb├íra 
Rß║╣ lΓÇÖ ├▓joj├║mß╗ì╠ü.[0m
      [36m</div>[39m
    [36m</div>[39m

    Ignored nodes: comments, 
script, style
    [36m<div[39m
      [33mclass[39m=[32m"line 
"[39m
      [33mstyle[39m=[32m"margi
n-top: 0px; margin-bottom: 
1px;"[39m
    [36m>[39m
      [0mKΓÇÖ ├í mΓÇÖ agb├íra 
Rß║╣ lΓÇÖ ├▓joj├║mß╗ì╠ü.[0m
    [36m</div>[39m

    Ignored nodes: comments, 
script, style
    [36m<div[39m
      [33mclass[39m=[32m"stanz
a-break"[39m
      [33mstyle[39m=[32m"margi
n-top: 0px; margin-bottom: 
2px;"[39m
    [36m/>[39m

    Ignored nodes: comments, 
script, style
    [36m<div[39m
      [33mclass[39m=[32m"stanz
a-container"[39m
      [33mstyle[39m=[32m"margi
n-top: 0px; margin-bottom: 
0px;"[39m
    [36m>[39m
      [36m<div[39m
        [33mclass[39m=[32m"sta
nza"[39m
        [33mstyle[39m=[32m"mar
gin-top: 0px; margin-bottom: 
1px;"[39m
      [36m>[39m
        [36m<div[39m
          [33mclass[39m=[32m"m
usic-signs "[39m
        [36m>[39m
          [0mf[0m
        [36m</div>[39m
        [36m<div[39m
          [33mclass[39m=[32m"s
tanza-number"[39m
        [36m>[39m
          [0m3.[0m
        [36m</div>[39m
        [36m<div[39m
          [33mclass[39m=[32m"s
tanza-text"[39m
        [36m>[39m
          [36m<div[39m
            
[33mclass[39m=[32m"line "[39m
            [33mstyle[39m=[32m
"margin-top: 0px; margin-bottom: 
1px;"[39m
          [36m>[39m
            [0m├îwß╗ì lΓÇÖ 
Al├íb├▓├│ wa t├¡t├¡,[0m
          [36m</div>[39m
        [36m</div>[39m
      [36m</div>[39m
      [36m<div[39m
        [33mclass[39m=[32m"sta
nza"[39m
        [33mstyle[39m=[32m"mar
gin-top: 0px; margin-bottom: 
1px;"[39m
      [36m>[39m
        [36m<div[39m
          [33mclass[39m=[32m"m
usic-signs transparent"[39m
        [36m>[39m
          [0mx[0m
        [36m</div>[39m
        [36m<div[39m
          [33mclass[39m=[32m"s
tanza-number"[39m
        [36m/>[39m
        [36m<div[39m
          [33mclass[39m=[32m"s
tanza-text"[39m
        [36m>[39m
          [36m<div[39m
            
[33mclass[39m=[32m"line "[39m
            [33mstyle[39m=[32m
"margin-top: 0px; margin-bottom: 
1px;"[39m
          [36m>[39m
            [0mß║╕niti k├¼ ├¡ 
t├▓├▓gb├⌐ mß╗ì╠ü;[0m
          [36m</div>[39m
        [36m</div>[39m
      [36m</div>[39m
      [36m<div[39m
        [33mclass[39m=[32m"sta
nza"[39m
        [33mstyle[39m=[32m"mar
gin-top: 0px; margin-bottom: 
1px;"[39m
      [36m>[39m
        [36m<div[39m
          [33mclass[39m=[32m"m
usic-signs transparent"[39m
        [36m>[39m
          [0mx[0m
        [36m</div>[39m
        [36m<div[39m
          [33mclass[39m=[32m"s
tanza-number"[39m
        [36m/>[39m
        [36m<div[39m
          [33mclass[39m=[32m"s
tanza-text"[39m
        [36m>[39m
          [36m<div[39m
            
[33mclass[39m=[32m"line "[39m
            [33mstyle[39m=[32m
"margin-top: 0px; margin-bottom: 
1px;"[39m
          [36m>[39m
            [0mM├║ wa la ewu 
ay├⌐ j├í,[0m
          [36m</div>[39m
        [36m</div>[39m
      [36m</div>[39m
      [36m<div[39m
        [33mclass[39m=[32m"sta
nza"[39m
        [33mstyle[39m=[32m"mar
gin-top: 0px; margin-bottom: 
1px;"[39m
      [36m>[39m
        [36m<div[39m
          [33mclass[39m=[32m"m
usic-signs transparent"[39m
        [36m>[39m
          [0mx[0m
        [36m</div>[39m
        [36m<div[39m
          [33mclass[39m=[32m"s
tanza-number"[39m
        [36m/>[39m
        [36m<div[39m
          [33mclass[39m=[32m"s
tanza-text"[39m
        [36m>[39m
          [36m<div[39m
            
[33mclass[39m=[32m"line "[39m
            [33mstyle[39m=[32m
"margin-top: 0px; margin-bottom: 
1px;"[39m
          [36m>[39m
            [0mT├¡tΓÇÖ a ├│ fi 
d├⌐ ΓÇÿl├⌐ ├▓k├¿.[0m
          [36m</div>[39m
        [36m</div>[39m
      [36m</div>[39m
    [36m</div>[39m

    Ignored nodes: comments, 
script, style
    [36m<div[39m
      [33mclass[39m=[32m"stanz
a"[39m
      [33mstyle[39m=[32m"margi
n-top: 0px; margin-bottom: 
1px;"[39m
    [36m>[39m
      [36m<div[39m
        [33mclass[39m=[32m"mus
ic-signs "[39m
      [36m>[39m
        [0mf[0m
      [36m</div>[39m
      [36m<div[39m
        [33mclass[39m=[32m"sta
nza-number"[39m
      [36m>[39m
        [0m3.[0m
      [36m</div>[39m
      [36m<div[39m
        [33mclass[39m=[32m"sta
nza-text"[39m
      [36m>[39m
        [36m<div[39m
          
[33mclass[39m=[32m"line "[39m
          [33mstyle[39m=[32m"m
argin-top: 0px; margin-bottom: 
1px;"[39m
        [36m>[39m
          [0m├îwß╗ì lΓÇÖ 
Al├íb├▓├│ wa t├¡t├¡,[0m
        [36m</div>[39m
      [36m</div>[39m
    [36m</div>[39m

    Ignored nodes: comments, 
script, style
    [36m<div[39m
      [33mclass[39m=[32m"music
-signs "[39m
    [36m>[39m
      [0mf[0m
    [36m</div>[39m

    Ignored nodes: comments, 
script, style
    [36m<div[39m
      [33mclass[39m=[32m"stanz
a-number"[39m
    [36m>[39m
      [0m3.[0m
    [36m</div>[39m

    Ignored nodes: comments, 
script, style
    [36m<div[39m
      [33mclass[39m=[32m"stanz
a-text"[39m
    [36m>[39m
      [36m<div[39m
        
[33mclass[39m=[32m"line "[39m
        [33mstyle[39m=[32m"mar
gin-top: 0px; margin-bottom: 
1px;"[39m
      [36m>[39m
        [0m├îwß╗ì lΓÇÖ 
Al├íb├▓├│ wa t├¡t├¡,[0m
      [36m</div>[39m
    [36m</div>[39m

    Ignored nodes: comments, 
script, style
    [36m<div[39m
      [33mclass[39m=[32m"line 
"[39m
      [33mstyle[39m=[32m"margi
n-top: 0px; margin-bottom: 
1px;"[39m
    [36m>[39m
      [0m├îwß╗ì lΓÇÖ Al├íb├▓├│ 
wa t├¡t├¡,[0m
    [36m</div>[39m

    Ignored nodes: comments, 
script, style
    [36m<div[39m
      [33mclass[39m=[32m"stanz
a"[39m
      [33mstyle[39m=[32m"margi
n-top: 0px; margin-bottom: 
1px;"[39m
    [36m>[39m
      [36m<div[39m
        [33mclass[39m=[32m"mus
ic-signs transparent"[39m
      [36m>[39m
        [0mx[0m
      [36m</div>[39m
      [36m<div[39m
        [33mclass[39m=[32m"sta
nza-number"[39m
      [36m/>[39m
      [36m<div[39m
        [33mclass[39m=[32m"sta
nza-text"[39m
      [36m>[39m
        [36m<div[39m
          
[33mclass[39m=[32m"line "[39m
          [33mstyle[39m=[32m"m
argin-top: 0px; margin-bottom: 
1px;"[39m
        [36m>[39m
          [0mß║╕niti k├¼ ├¡ 
t├▓├▓gb├⌐ mß╗ì╠ü;[0m
        [36m</div>[39m
      [36m</div>[39m
    [36m</div>[39m

    Ignored nodes: comments, 
script, style
    [36m<div[39m
      [33mclass[39m=[32m"music
-signs transparent"[39m
    [36m>[39m
      [0mx[0m
    [36m</div>[39m

    Ignored nodes: comments, 
script, style
    [36m<div[39m
      [33mclass[39m=[32m"stanz
a-number"[39m
    [36m/>[39m

    Ignored nodes: comments, 
script, style
    [36m<div[39m
      [33mclass[39m=[32m"stanz
a-text"[39m
    [36m>[39m
      [36m<div[39m
        
[33mclass[39m=[32m"line "[39m
        [33mstyle[39m=[32m"mar
gin-top: 0px; margin-bottom: 
1px;"[39m
      [36m>[39m
        [0mß║╕niti k├¼ ├¡ 
t├▓├▓gb├⌐ mß╗ì╠ü;[0m
      [36m</div>[39m
    [36m</div>[39m

    Ignored nodes: comments, 
script, style
    [36m<div[39m
      [33mclass[39m=[32m"line 
"[39m
      [33mstyle[39m=[32m"margi
n-top: 0px; margin-bottom: 
1px;"[39m
    [36m>[39m
      [0mß║╕niti k├¼ ├¡ 
t├▓├▓gb├⌐ mß╗ì╠ü;[0m
    [36m</div>[39m

    Ignored nodes: comments, 
script, style
    [36m<div[39m
      [33mclass[39m=[32m"stanz
a"[39m
      [33mstyle[39m=[32m"margi
n-top: 0px; margin-bottom: 
1px;"[39m
    [36m>[39m
      [36m<div[39m
        [33mclass[39m=[32m"mus
ic-signs transparent"[39m
      [36m>[39m
        [0mx[0m
      [36m</div>[39m
      [36m<div[39m
        [33mclass[39m=[32m"sta
nza-number"[39m
      [36m/>[39m
      [36m<div[39m
        [33mclass[39m=[32m"sta
nza-text"[39m
      [36m>[39m
        [36m<div[39m
          
[33mclass[39m=[32m"line "[39m
          [33mstyle[39m=[32m"m
argin-top: 0px; margin-bottom: 
1px;"[39m
        [36m>[39m
          [0mM├║ wa la ewu ay├⌐ 
j├í,[0m
        [36m</div>[39m
      [36m</div>[39m
    [36m</div>[39m

    Ignored nodes: comments, 
script, style
    [36m<div[39m
      [33mclass[39m=[32m"music
-signs transparent"[39m
    [36m>[39m
      [0mx[0m
    [36m</div>[39m

    Ignored nodes: comments, 
script, style
    [36m<div[39m
      [33mclass[39m=[32m"stanz
a-number"[39m
    [36m/>[39m

    Ignored nodes: comments, 
script, style
    [36m<div[39m
      [33mclass[39m=[32m"stanz
a-text"[39m
    [36m>[39m
      [36m<div[39m
        
[33mclass[39m=[32m"line "[39m
        [33mstyle[39m=[32m"mar
gin-top: 0px; margin-bottom: 
1px;"[39m
      [36m>[39m
        [0mM├║ wa la ewu ay├⌐ 
j├í,[0m
      [36m</div>[39m
    [36m</div>[39m

    Ignored nodes: comments, 
script, style
    [36m<div[39m
      [33mclass[39m=[32m"line 
"[39m
      [33mstyle[39m=[32m"margi
n-top: 0px; margin-bottom: 
1px;"[39m
    [36m>[39m
      [0mM├║ wa la ewu ay├⌐ 
j├í,[0m
    [36m</div>[39m

    Ignored nodes: comments, 
script, style
    [36m<div[39m
      [33mclass[39m=[32m"stanz
a"[39m
      [33mstyle[39m=[32m"margi
n-top: 0px; margin-bottom: 
1px;"[39m
    [36m>[39m
      [36m<div[39m
        [33mclass[39m=[32m"mus
ic-signs transparent"[39m
      [36m>[39m
        [0mx[0m
      [36m</div>[39m
      [36m<div[39m
        [33mclass[39m=[32m"sta
nza-number"[39m
      [36m/>[39m
      [36m<div[39m
        [33mclass[39m=[32m"sta
nza-text"[39m
      [36m>[39m
        [36m<div[39m
          
[33mclass[39m=[32m"line "[39m
          [33mstyle[39m=[32m"m
argin-top: 0px; margin-bottom: 
1px;"[39m
        [36m>[39m
          [0mT├¡tΓÇÖ a ├│ fi 
d├⌐ ΓÇÿl├⌐ ├▓k├¿.[0m
        [36m</div>[39m
      [36m</div>[39m
    [36m</div>[39m

    Ignored nodes: comments, 
script, style
    [36m<div[39m
      [33mclass[39m=[32m"music
-signs transparent"[39m
    [36m>[39m
      [0mx[0m
    [36m</div>[39m

    Ignored nodes: comments, 
script, style
    [36m<div[39m
      [33mclass[39m=[32m"stanz
a-number"[39m
    [36m/>[39m

    Ignored nodes: comments, 
script, style
    [36m<div[39m
      [33mclass[39m=[32m"stanz
a-text"[39m
    [36m>[39m
      [36m<div[39m
        
[33mclass[39m=[32m"line "[39m
        [33mstyle[39m=[32m"mar
gin-top: 0px; margin-bottom: 
1px;"[39m
      [36m>[39m
        [0mT├¡tΓÇÖ a ├│ fi d├⌐ 
ΓÇÿl├⌐ ├▓k├¿.[0m
      [36m</div>[39m
    [36m</div>[39m

    Ignored nodes: comments, 
script, style
    [36m<div[39m
      [33mclass[39m=[32m"line 
"[39m
      [33mstyle[39m=[32m"margi
n-top: 0px; margin-bottom: 
1px;"[39m
    [36m>[39m
      [0mT├¡tΓÇÖ a ├│ fi d├⌐ 
ΓÇÿl├⌐ ├▓k├¿.[0m
    [36m</div>[39m

    Ignored nodes: comments, 
script, style
    [36m<div[39m
      [33mclass[39m=[32m"stanz
a-break"[39m
      [33mstyle[39m=[32m"margi
n-top: 0px; margin-bottom: 
2px;"[39m
    [36m/>[39m

    Ignored nodes: comments, 
script, style
    [36m<div[39m
      [33mclass[39m=[32m"stanz
a-container"[39m
      [33mstyle[39m=[32m"margi
n-top: 0px; margin-bottom: 
0px;"[39m
    [36m>[39m
      [36m<div[39m
        [33mclass[39m=[32m"sta
nza"[39m
        [33mstyle[39m=[32m"mar
gin-top: 0px; margin-bottom: 
1px;"[39m
      [36m>[39m
        [36m<div[39m
          [33mclass[39m=[32m"m
usic-signs "[39m
        [36m>[39m
          [0mf[0m
        [36m</div>[39m
        [36m<div[39m
          [33mclass[39m=[32m"s
tanza-number"[39m
        [36m>[39m
          [0m4.[0m
        [36m</div>[39m
        [36m<div[39m
          [33mclass[39m=[32m"s
tanza-text"[39m
        [36m>[39m
          [36m<div[39m
            
[33mclass[39m=[32m"line "[39m
            [33mstyle[39m=[32m
"margin-top: 0px; margin-bottom: 
1px;"[39m
          [36m>[39m
            [0m├Ægo f├║n B├áb├í 
atΓÇÖ ß╗îmß╗ì,[0m
          [36m</div>[39m
        [36m</div>[39m
      [36m</div>[39m
      [36m<div[39m
        [33mclass[39m=[32m"sta
nza"[39m
        [33mstyle[39m=[32m"mar
gin-top: 0px; margin-bottom: 
1px;"[39m
      [36m>[39m
        [36m<div[39m
          [33mclass[39m=[32m"m
usic-signs transparent"[39m
        [36m>[39m
          [0mx[0m
        [36m</div>[39m
        [36m<div[39m
          [33mclass[39m=[32m"s
tanza-number"[39m
        [36m/>[39m
        [36m<div[39m
          [33mclass[39m=[32m"s
tanza-text"[39m
        [36m>[39m
          [36m<div[39m
            
[33mclass[39m=[32m"line "[39m
            [33mstyle[39m=[32m
"margin-top: 0px; margin-bottom: 
1px;"[39m
          [36m>[39m
            [0mAt├¡ f├║n 
ß║╕╠Çm├¡ M├¡mß╗ì╠ü rß║╣╠Ç;[0m
          [36m</div>[39m
        [36m</div>[39m
      [36m</div>[39m
      [36m<div[39m
        [33mclass[39m=[32m"sta
nza"[39m
        [33mstyle[39m=[32m"mar
gin-top: 0px; margin-bottom: 
1px;"[39m
      [36m>[39m
        [36m<div[39m
          [33mclass[39m=[32m"m
usic-signs transparent"[39m
        [36m>[39m
          [0mx[0m
        [36m</div>[39m
        [36m<div[39m
          [33mclass[39m=[32m"s
tanza-number"[39m
        [36m/>[39m
        [36m<div[39m
          [33mclass[39m=[32m"s
tanza-text"[39m
        [36m>[39m
          [36m<div[39m
            
[33mclass[39m=[32m"line "[39m
            [33mstyle[39m=[32m
"margin-top: 0px; margin-bottom: 
1px;"[39m
          [36m>[39m
            [0mß║╕ jß║╣╠ü kΓÇÖ 
├í fΓÇÖ orin ├¼y├¼n f├║n,[0m
          [36m</div>[39m
        [36m</div>[39m
      [36m</div>[39m
      [36m<div[39m
        [33mclass[39m=[32m"sta
nza"[39m
        [33mstyle[39m=[32m"mar
gin-top: 0px; margin-bottom: 
1px;"[39m
      [36m>[39m
        [36m<div[39m
          [33mclass[39m=[32m"m
usic-signs transparent"[39m
        [36m>[39m
          [0mx[0m
        [36m</div>[39m
        [36m<div[39m
          [33mclass[39m=[32m"s
tanza-number"[39m
        [36m/>[39m
        [36m<div[39m
          [33mclass[39m=[32m"s
tanza-text"[39m
        [36m>[39m
          [36m<div[39m
            
[33mclass[39m=[32m"line "[39m
            [33mstyle[39m=[32m
"margin-top: 0px; margin-bottom: 
1px;"[39m
          [36m>[39m
            [0mMetalß╗ì╠ükan 
t├¡t├¡ la├¡la├¡.[0m
          [36m</div>[39m
        [36m</div>[39m
      [36m</div>[39m
    [36m</div>[39m

    Ignored nodes: comments, 
script, style
    [36m<div[39m
      [33mclass[39m=[32m"stanz
a"[39m
      [33mstyle[39m=[32m"margi
n-top: 0px; margin-bottom: 
1px;"[39m
    [36m>[39m
      [36m<div[39m
        [33mclass[39m=[32m"mus
ic-signs "[39m
      [36m>[39m
        [0mf[0m
      [36m</div>[39m
      [36m<div[39m
        [33mclass[39m=[32m"sta
nza-number"[39m
      [36m>[39m
        [0m4.[0m
      [36m</div>[39m
      [36m<div[39m
        [33mclass[39m=[32m"sta
nza-text"[39m
      [36m>[39m
        [36m<div[39m
          
[33mclass[39m=[32m"line "[39m
          [33mstyle[39m=[32m"m
argin-top: 0px; margin-bottom: 
1px;"[39m
        [36m>[39m
          [0m├Ægo f├║n B├áb├í 
atΓÇÖ ß╗îmß╗ì,[0m
        [36m</div>[39m
      [36m</div>[39m
    [36m</div>[39m

    Ignored nodes: comments, 
script, style
    [36m<div[39m
      [33mclass[39m=[32m"music
-signs "[39m
    [36m>[39m
      [0mf[0m
    [36m</div>[39m

    Ignored nodes: comments, 
script, style
    [36m<div[39m
      [33mclass[39m=[32m"stanz
a-number"[39m
    [36m>[39m
      [0m4.[0m
    [36m</div>[39m

    Ignored nodes: comments, 
script, style
    [36m<div[39m
      [33mclass[39m=[32m"stanz
a-text"[39m
    [36m>[39m
      [36m<div[39m
        
[33mclass[39m=[32m"line "[39m
        [33mstyle[39m=[32m"mar
gin-top: 0px; margin-bottom: 
1px;"[39m
      [36m>[39m
        [0m├Ægo f├║n B├áb├í 
atΓÇÖ ß╗îmß╗ì,[0m
      [36m</div>[39m
    [36m</div>[39m

    Ignored nodes: comments, 
script, style
    [36m<div[39m
      [33mclass[39m=[32m"line 
"[39m
      [33mstyle[39m=[32m"margi
n-top: 0px; margin-bottom: 
1px;"[39m
    [36m>[39m
      [0m├Ægo f├║n B├áb├í atΓÇÖ 
ß╗îmß╗ì,[0m
    [36m</div>[39m

    Ignored nodes: comments, 
script, style
    [36m<div[39m
      [33mclass[39m=[32m"stanz
a"[39m
      [33mstyle[39m=[32m"margi
n-top: 0px; margin-bottom: 
1px;"[39m
    [36m>[39m
      [36m<div[39m
        [33mclass[39m=[32m"mus
ic-signs transparent"[39m
      [36m>[39m
        [0mx[0m
      [36m</div>[39m
      [36m<div[39m
        [33mclass[39m=[32m"sta
nza-number"[39m
      [36m/>[39m
      [36m<div[39m
        [33mclass[39m=[32m"sta
nza-text"[39m
      [36m>[39m
        [36m<div[39m
          
[33mclass[39m=[32m"line "[39m
          [33mstyle[39m=[32m"m
argin-top: 0px; margin-bottom: 
1px;"[39m
        [36m>[39m
          [0mAt├¡ f├║n ß║╕╠Çm├¡ 
M├¡mß╗ì╠ü rß║╣╠Ç;[0m
        [36m</div>[39m
      [36m</div>[39m
    [36m</div>[39m

    Ignored nodes: comments, 
script, style
    [36m<div[39m
      [33mclass[39m=[32m"music
-signs transparent"[39m
    [36m>[39m
      [0mx[0m
    [36m</div>[39m

    Ignored nodes: comments, 
script, style
    [36m<div[39m
      [33mclass[39m=[32m"stanz
a-number"[39m
    [36m/>[39m

    Ignored nodes: comments, 
script, style
    [36m<div[39m
      [33mclass[39m=[32m"stanz
a-text"[39m
    [36m>[39m
      [36m<div[39m
        
[33mclass[39m=[32m"line "[39m
        [33mstyle[39m=[32m"mar
gin-top: 0px; margin-bottom: 
1px;"[39m
      [36m>[39m
        [0mAt├¡ f├║n ß║╕╠Çm├¡ 
M├¡mß╗ì╠ü rß║╣╠Ç;[0m
      [36m</div>[39m
    [36m</div>[39m

    Ignored nodes: comments, 
script, style
    [36m<div[39m
      [33mclass[39m=[32m"line 
"[39m
      [33mstyle[39m=[32m"margi
n-top: 0px; margin-bottom: 
1px;"[39m
    [36m>[39m
      [0mAt├¡ f├║n ß║╕╠Çm├¡ 
M├¡mß╗ì╠ü rß║╣╠Ç;[0m
    [36m</div>[39m

    Ignored nodes: comments, 
script, style
    [36m<div[39m
      [33mclass[39m=[32m"stanz
a"[39m
      [33mstyle[39m=[32m"margi
n-top: 0px; margin-bottom: 
1px;"[39m
    [36m>[39m
      [36m<div[39m
        [33mclass[39m=[32m"mus
ic-signs transparent"[39m
      [36m>[39m
        [0mx[0m
      [36m</div>[39m
      [36m<div[39m
        [33mclass[39m=[32m"sta
nza-number"[39m
      [36m/>[39m
      [36m<div[39m
        [33mclass[39m=[32m"sta
nza-text"[39m
      [36m>[39m
        [36m<div[39m
          
[33mclass[39m=[32m"line "[39m
          [33mstyle[39m=[32m"m
argin-top: 0px; margin-bottom: 
1px;"[39m
        [36m>[39m
          [0mß║╕ jß║╣╠ü kΓÇÖ ├í 
fΓÇÖ orin ├¼y├¼n f├║n,[0m
        [36m</div>[39m
      [36m</div>[39m
    [36m</div>[39m

    Ignored nodes: comments, 
script, style
    [36m<div[39m
      [33mclass[39m=[32m"music
-signs transparent"[39m
    [36m>[39m
      [0mx[0m
    [36m</div>[39m

    Ignored nodes: comments, 
script, style
    [36m<div[39m
      [33mclass[39m=[32m"stanz
a-number"[39m
    [36m/>[39m

    Ignored nodes: comments, 
script, style
    [36m<div[39m
      [33mclass[39m=[32m"stanz
a-text"[39m
    [36m>[39m
      [36m<div[39m
        
[33mclass[39m=[32m"line "[39m
        [33mstyle[39m=[32m"mar
gin-top: 0px; margin-bottom: 
1px;"[39m
      [36m>[39m
        [0mß║╕ jß║╣╠ü kΓÇÖ ├í 
fΓÇÖ orin ├¼y├¼n f├║n,[0m
      [36m</div>[39m
    [36m</div>[39m

    Ignored nodes: comments, 
script, style
    [36m<div[39m
      [33mclass[39m=[32m"line 
"[39m
      [33mstyle[39m=[32m"margi
n-top: 0px; margin-bottom: 
1px;"[39m
    [36m>[39m
      [0mß║╕ jß║╣╠ü kΓÇÖ ├í 
fΓÇÖ orin ├¼y├¼n f├║n,[0m
    [36m</div>[39m

    Ignored nodes: comments, 
script, style
    [36m<div[39m
      [33mclass[39m=[32m"stanz
a"[39m
      [33mstyle[39m=[32m"margi
n-top: 0px; margin-bottom: 
1px;"[39m
    [36m>[39m
      [36m<div[39m
        [33mclass[39m=[32m"mus
ic-signs transparent"[39m
      [36m>[39m
        [0mx[0m
      [36m</div>[39m
      [36m<div[39m
        [33mclass[39m=[32m"sta
nza-number"[39m
      [36m/>[39m
      [36m<div[39m
        [33mclass[39m=[32m"sta
nza-text"[39m
      [36m>[39m
        [36m<div[39m
          
[33mclass[39m=[32m"line "[39m
          [33mstyle[39m=[32m"m
argin-top: 0px; margin-bottom: 
1px;"[39m
        [36m>[39m
          [0mMetalß╗ì╠ükan 
t├¡t├¡ la├¡la├¡.[0m
        [36m</div>[39m
      [36m</div>[39m
    [36m</div>[39m

    Ignored nodes: comments, 
script, style
    [36m<div[39m
      [33mclass[39m=[32m"music
-signs transparent"[39m
    [36m>[39m
      [0mx[0m
    [36m</div>[39m

    Ignored nodes: comments, 
script, style
    [36m<div[39m
      [33mclass[39m=[32m"stanz
a-number"[39m
    [36m/>[39m

    Ignored nodes: comments, 
script, style
    [36m<div[39m
      [33mclass[39m=[32m"stanz
a-text"[39m
    [36m>[39m
      [36m<div[39m
        
[33mclass[39m=[32m"line "[39m
        [33mstyle[39m=[32m"mar
gin-top: 0px; margin-bottom: 
1px;"[39m
      [36m>[39m
        [0mMetalß╗ì╠ükan t├¡t├¡ 
la├¡la├¡.[0m
      [36m</div>[39m
    [36m</div>[39m

    Ignored nodes: comments, 
script, style
    [36m<div[39m
      [33mclass[39m=[32m"line 
"[39m
      [33mstyle[39m=[32m"margi
n-top: 0px; margin-bottom: 
1px;"[39m
    [36m>[39m
      [0mMetalß╗ì╠ükan t├¡t├¡ 
la├¡la├¡.[0m
    [36m</div>[39m

    Ignored nodes: comments, 
script, style
    [36m<div[39m
      [33mclass[39m=[32m"hymn-
history"[39m
    [36m>[39m
      [36m<h3>[39m
        [0m├ît├án[0m
      [36m</h3>[39m
      [36m<p>[39m
        [0mTraditional Yoruba 
hymn for divine protection and 
steadfastness.[0m
      [36m</p>[39m
    [36m</div>[39m

    Ignored nodes: comments, 
script, style
    [36m<div[39m
      [33mclass[39m=[32m"highl
ight-toolbar "[39m
    [36m>[39m
      [36m<div[39m
        [33mclass[39m=[32m"col
or-picker-title"[39m
      [36m>[39m
        [0mYan ├Çwß╗ì╠Ç 
Underline[0m
      [36m</div>[39m
      [36m<div[39m
        [33mclass[39m=[32m"col
or-grid"[39m
      [36m>[39m
        [36m<button[39m
          [33mclass[39m=[32m"c
olor-button yellow active"[39m
          [33mdata-color[39m=[
32m"Yellow"[39m
          
[33mtitle[39m=[32m"Yellow 
underline"[39m
        [36m/>[39m
        [36m<button[39m
          [33mclass[39m=[32m"c
olor-button red "[39m
          [33mdata-color[39m=[
32m"Red"[39m
          
[33mtitle[39m=[32m"Red 
underline"[39m
        [36m/>[39m
        [36m<button[39m
          [33mclass[39m=[32m"c
olor-button blue "[39m
          [33mdata-color[39m=[
32m"Blue"[39m
          
[33mtitle[39m=[32m"Blue 
underline"[39m
        [36m/>[39m
        [36m<button[39m
          [33mclass[39m=[32m"c
olor-button orange "[39m
          [33mdata-color[39m=[
32m"Orange"[39m
          
[33mtitle[39m=[32m"Orange 
underline"[39m
        [36m/>[39m
        [36m<button[39m
          [33mclass[39m=[32m"c
olor-button ash "[39m
          [33mdata-color[39m=[
32m"Ash"[39m
          
[33mtitle[39m=[32m"Ash 
underline"[39m
        [36m/>[39m
        [36m<button[39m
          [33mclass[39m=[32m"c
olor-button black "[39m
          [33mdata-color[39m=[
32m"Black"[39m
          
[33mtitle[39m=[32m"Black 
underline"[39m
        [36m/>[39m
      [36m</div>[39m
      [36m<div[39m
        [33mclass[39m=[32m"und
o-redo-buttons"[39m
      [36m>[39m
        [36m<button[39m
          [33mclass[39m=[32m"u
ndo-redo-button"[39m
          
[33mdisabled[39m=[32m""[39m
          
[33mtitle[39m=[32m"Pad├á 
sß║╣╠üy├¼n"[39m
        [36m>[39m
          [36m<span[39m
            
[33mclass[39m=[32m"icon"[39m
          [36m>[39m
            [0mΓå⌐[0m
          [36m</span>[39m
          [0m Pad├á[0m
        [36m</button>[39m
        [36m<button[39m
          [33mclass[39m=[32m"u
ndo-redo-button"[39m
          
[33mdisabled[39m=[32m""[39m
          
[33mtitle[39m=[32m"T├║n 
ß╣úe"[39m
        [36m>[39m
          [36m<span[39m
            
[33mclass[39m=[32m"icon"[39m
          [36m>[39m
            [0mΓå¬[0m
          [36m</span>[39m
          [0m T├║n ß╣úe[0m
        [36m</button>[39m
      [36m</div>[39m
    [36m</div>[39m

    Ignored nodes: comments, 
script, style
    [36m<div[39m
      [33mclass[39m=[32m"color
-picker-title"[39m
    [36m>[39m
      [0mYan ├Çwß╗ì╠Ç 
Underline[0m
    [36m</div>[39m

    Ignored nodes: comments, 
script, style
    [36m<div[39m
      [33mclass[39m=[32m"color
-grid"[39m
    [36m>[39m
      [36m<button[39m
        [33mclass[39m=[32m"col
or-button yellow active"[39m
        [33mdata-color[39m=[32
m"Yellow"[39m
        
[33mtitle[39m=[32m"Yellow 
underline"[39m
      [36m/>[39m
      [36m<button[39m
        [33mclass[39m=[32m"col
or-button red "[39m
        [33mdata-color[39m=[32
m"Red"[39m
        
[33mtitle[39m=[32m"Red 
underline"[39m
      [36m/>[39m
      [36m<button[39m
        [33mclass[39m=[32m"col
or-button blue "[39m
        [33mdata-color[39m=[32
m"Blue"[39m
        
[33mtitle[39m=[32m"Blue 
underline"[39m
      [36m/>[39m
      [36m<button[39m
        [33mclass[39m=[32m"col
or-button orange "[39m
        [33mdata-color[39m=[32
m"Orange"[39m
        
[33mtitle[39m=[32m"Orange 
underline"[39m
      [36m/>[39m
      [36m<button[39m
        [33mclass[39m=[32m"col
or-button ash "[39m
        [33mdata-color[39m=[32
m"Ash"[39m
        
[33mtitle[39m=[32m"Ash 
underline"[39m
      [36m/>[39m
      [36m<button[39m
        [33mclass[39m=[32m"col
or-button black "[39m
        [33mdata-color[39m=[32
m"Black"[39m
        
[33mtitle[39m=[32m"Black 
underline"[39m
      [36m/>[39m
    [36m</div>[39m

    Ignored nodes: comments, 
script, style
    [36m<div[39m
      [33mclass[39m=[32m"undo-
redo-buttons"[39m
    [36m>[39m
      [36m<button[39m
        [33mclass[39m=[32m"und
o-redo-button"[39m
        
[33mdisabled[39m=[32m""[39m
        
[33mtitle[39m=[32m"Pad├á 
sß║╣╠üy├¼n"[39m
      [36m>[39m
        [36m<span[39m
          
[33mclass[39m=[32m"icon"[39m
        [36m>[39m
          [0mΓå⌐[0m
        [36m</span>[39m
        [0m Pad├á[0m
      [36m</button>[39m
      [36m<button[39m
        [33mclass[39m=[32m"und
o-redo-button"[39m
        
[33mdisabled[39m=[32m""[39m
        
[33mtitle[39m=[32m"T├║n 
ß╣úe"[39m
      [36m>[39m
        [36m<span[39m
          
[33mclass[39m=[32m"icon"[39m
        [36m>[39m
          [0mΓå¬[0m
        [36m</span>[39m
        [0m T├║n ß╣úe[0m
      [36m</button>[39m
    [36m</div>[39m

    Ignored nodes: comments, 
script, style
    [36m<span[39m
      
[33mclass[39m=[32m"icon"[39m
    [36m>[39m
      [0mΓå⌐[0m
    [36m</span>[39m

    Ignored nodes: comments, 
script, style
    [36m<span[39m
      
[33mclass[39m=[32m"icon"[39m
    [36m>[39m
      [0mΓå¬[0m
    [36m</span>[39m

    (If this is intentional, 
then use the `*AllBy*` variant 
of the query (like 
`queryAllByText`, 
`getAllByText`, or 
`findAllByText`)).

    Ignored nodes: comments, 
script, style
    [36m<body>[39m
      [36m<div>[39m
        [36m<div[39m
          [33mclass[39m=[32m"h
ymn-detail-page 
theme-undefined"[39m
        [36m>[39m
          [36m<div[39m
            [33mclass[39m=[32m
"header-top-row"[39m
          [36m>[39m
            [36m<div[39m
              [33mclass[39m=[3
2m"header-spacer"[39m
            [36m/>[39m
          [36m</div>[39m
          [36m<div[39m
            [33mclass[39m=[32m
"hymn-topic-section"[39m
          [36m>[39m
            [36m<h1 />[39m
            [36m<div[39m
              [33mclass[39m=[3
2m"hymn-topic"[39m
            [36m>[39m
              
[0m├îy├ás├¡m├¡mß╗ì╠ü[0m
            [36m</div>[39m
            [36m<div[39m
              [33mclass[39m=[3
2m"hymn-source"[39m
            [36m>[39m
              [0mYoruba Baptist 
Hymnal[0m
            [36m</div>[39m
          [36m</div>[39m
          [36m<div[39m
            [33mclass[39m=[32m
"hymn-content"[39m
          [36m>[39m
            [36m<div[39m
              [33mclass[39m=[3
2m"navigation-arrows"[39m
            [36m>[39m
              [36m<button[39m
                
[33mclass[39m=[32m"nav-arrow 
prev-arrow"[39m
              [36m>[39m
                [36m<span[39m
                  
[33mclass[39m=[32m"icon"[39m
                [36m>[39m
                  [0mΓåÉ[0m
                [36m</span>[39m
              [36m</button>[39m
              [36m<button[39m
                
[33mclass[39m=[32m"nav-arrow 
next-arrow"[39m
              [36m>[39m
                [36m<span[39m
                  
[33mclass[39m=[32m"icon"[39m
                [36m>[39m
                  [0mΓåÆ[0m
                [36m</span>[39m
              [36m</button>[39m
            [36m</div>[39m
            [36m<div[39m
              [33mclass[39m=[3
2m"floating-share"[39m
            [36m>[39m
              [36m<button[39m
                
[33maria-label[39m=[32m"P├¡n 
orin"[39m
                [33mclass[39m=
[32m"share-button"[39m
              [36m>[39m
                [36m<span[39m
                  
[33mclass[39m=[32m"icon"[39m
                [36m>[39m
                  [0mΓåù∩╕Å[0m
                [36m</span>[39m
              [36m</button>[39m
            [36m</div>[39m
            [36m<div[39m
              [33mclass[39m=[3
2m"metadata-box"[39m
            [36m>[39m
              [36m<div[39m
                [33mclass[39m=
[32m"metadata-item"[39m
              [36m>[39m
                [36m<span[39m
                  
[33mclass[39m=[32m"label"[39m
                [36m>[39m
                  
[0mNß╗ì╠ümb├á:[0m
                [36m</span>[39m
                [36m<span[39m
                  
[33mclass[39m=[32m"value"[39m
                [36m>[39m
                  [0mYBH361[0m
                [36m</span>[39m
              [36m</div>[39m
              [36m<div[39m
                [33mclass[39m=
[32m"metadata-item"[39m
              [36m>[39m
                [36m<span[39m
                  
[33mclass[39m=[32m"label"[39m
                [36m>[39m
                  
[0mOnkß╗ì╠Çw├⌐:[0m
                [36m</span>[39m
                [36m<span[39m
                  
[33mclass[39m=[32m"value"[39m
                [36m>[39m
                  [0mUnknown[0m
                [36m</span>[39m
              [36m</div>[39m
              [36m<div[39m
                [33mclass[39m=
[32m"metadata-item"[39m
              [36m>[39m
                [36m<span[39m
                  
[33mclass[39m=[32m"label"[39m
                [36m>[39m
                  
[0mAkß╗ì╠ümpose:[0m
                [36m</span>[39m
                [36m<span[39m
                  
[33mclass[39m=[32m"value"[39m
                [36m>[39m
                  [0mUnknown[0m
                [36m</span>[39m
              [36m</div>[39m
              [36m<div[39m
                [33mclass[39m=
[32m"metadata-item"[39m
              [36m>[39m
                [36m<span[39m
                  
[33mclass[39m=[32m"label"[39m
                [36m>[39m
                  [0mTune:[0m
                [36m</span>[39m
                [36m<span[39m
                  
[33mclass[39m=[32m"value"[39m
                [36m>[39m
                  [0mUnknown[0m
                [36m</span>[39m
              [36m</div>[39m
              [36m<div[39m
                [33mclass[39m=
[32m"metadata-item"[39m
              [36m>[39m
                [36m<span[39m
                  
[33mclass[39m=[32m"label"[39m
                [36m>[39m
                  [0mMeter:[0m
                [36m</span>[39m
                [36m<span[39m
                  
[33mclass[39m=[32m"value"[39m
                [36m>[39m
                  
[0m8.7.8.7.D.[0m
                [36m</span>[39m
              [36m</div>[39m
              [36m<div[39m
                [33mclass[39m=
[32m"metadata-item"[39m
              [36m>[39m
                [36m<span[39m
                  
[33mclass[39m=[32m"label"[39m
                [36m>[39m
                  [0mKey:[0m
                [36m</span>[39m
                [36m<span[39m
                  
[33mclass[39m=[32m"value"[39m
                [36m>[39m
                  [0mUnknown[0m
                [36m</span>[39m
              [36m</div>[39m
              [36m<div[39m
                [33mclass[39m=
[32m"metadata-item"[39m
              [36m>[39m
                [36m<span[39m
                  
[33mclass[39m=[32m"label"[39m
                [36m>[39m
                  
[0mß╗îd├║n:[0m
                [36m</span>[39m
                [36m<span[39m
                  
[33mclass[39m=[32m"value"[39m
                [36m>[39m
                  
[0mTraditional[0m
                [36m</span>[39m
              [36m</div>[39m
              [36m<div[39m
                [33mclass[39m=
[32m"metadata-item"[39m
                [33mdata-type[3
9m=[32m"scripture"[39m
              [36m>[39m
                [36m<span[39m
                  
[33mclass[39m=[32m"label"[39m
                [36m>[39m
                  [0m├îw├⌐ 
M├¡mß╗ì╠ü:[0m
                [36m</span>[39m
                [36m<span[39m
                  
[33mclass[39m=[32m"value"[39m
                [36m>[39m
                  [0mUnknown[0m
                [36m</span>[39m
              [36m</div>[39m
            [36m</div>[39m
            [36m<div[39m
              [33mclass[39m=[3
2m"lyrics"[39m
              [33mstyle[39m=[3
2m"user-select: text;"[39m
            [36m>[39m
              [36m<div[39m
                [33mclass[39m=
[32m"stanza-container"[39m
                [33mstyle[39m=
[32m"margin-top: 0px; 
margin-bottom: 0px;"[39m
              [36m>[39m
                [36m<div[39m
                  [33mclass[39m
=[32m"stanza"[39m
                  [33mstyle[39m
=[32m"margin-top: 0px; 
margin-bottom: 1px;"[39m
                [36m>[39m
                  [36m<div[39m
                    [33mclass[3
9m=[32m"music-signs "[39m
                  [36m>[39m
                    [0mf[0m
                  
[36m</div>[39m
                  [36m<div[39m
                    [33mclass[3
9m=[32m"stanza-number"[39m
                  [36m>[39m
                    [0m1.[0m
                  
[36m</div>[39m
                  [36m<div[39m
                    [33mclass[3
9m=[32m"stanza-text"[39m
                  [36m>[39m
                    
[36m<div[39m
                      
[33mclass[39m=[32m"line "[39m
                      [33mstyle
[39m=[32m"margin-top: 0px; 
margin-bottom: 1px;"[39m
                    [36m>[39m
                      
[0mOL├ÜWA, m├íß╣úe ...

    [0m [90m 42 |[39m
     [90m 43 |[39m             
[90m// Check if lyrics section 
exists[39m
    [31m[1m>[22m[39m[90m 44 
|[39m             
[36mconst[39m lyricsElement 
[33m=[39m screen[33m.[39mgetB
yRole([32m'generic'[39m[33m,[
39m { name[33m:[39m 
[32m''[39m })[33m;[39m
     [90m    |[39m             
                             
[31m[1m^[22m[39m
     [90m 45 |[39m             
expect(lyricsElement)[33m.[39mt
oBeInTheDocument()[33m;[39m
     [90m 46 |[39m         
})[33m;[39m
     [90m 47 |[39m     
})[33m;[39m[0m

      at Object.getElementError (
node_modules/@testing-library/rea
ct/node_modules/@testing-library/
dom/dist/config.js:37:19)
      at getElementError (node_mo
dules/@testing-library/react/node
_modules/@testing-library/dom/dis
t/query-helpers.js:20:35)
      at 
getMultipleElementsFoundError (no
de_modules/@testing-library/react
/node_modules/@testing-library/do
m/dist/query-helpers.js:23:10)
      at node_modules/@testing-li
brary/react/node_modules/@testing
-library/dom/dist/query-helpers.j
s:55:13
      at getByRole (node_modules/
@testing-library/react/node_modul
es/@testing-library/dom/dist/quer
y-helpers.js:95:19)
      at Object.<anonymous> (src/
components/VerifyYorubaHymns_341_
400.test.js:44:42)

  ΓùÅ YorubaHymnDetail 
Verification (Hymns 341-400) ΓÇ║ 
renders hymn 370 correctly

    TestingLibraryElementError: 
Found multiple elements with the 
text: /├ÇW├ü jß║╣╠ü ajagun 
J├ëS├Ö/i

    Here are the matching 
elements:

    Ignored nodes: comments, 
script, style
    [36m<h1>[39m
      [0m├Çw├í Jß║╣╠ü Ajagun 
J├⌐s├╣[0m
    [36m</h1>[39m

    Ignored nodes: comments, 
script, style
    [36m<div[39m
      [33mclass[39m=[32m"line 
"[39m
      [33mstyle[39m=[32m"margi
n-top: 0px; margin-bottom: 
1px;"[39m
    [36m>[39m
      [0m├ÇW├ü jß║╣╠ü ajagun 
J├ëS├Ö,[0m
    [36m</div>[39m

    (If this is intentional, 
then use the `*AllBy*` variant 
of the query (like 
`queryAllByText`, 
`getAllByText`, or 
`findAllByText`)).

    Ignored nodes: comments, 
script, style
    [36m<body>[39m
      [36m<div>[39m
        [36m<div[39m
          [33mclass[39m=[32m"h
ymn-detail-page 
theme-undefined"[39m
        [36m>[39m
          [36m<div[39m
            [33mclass[39m=[32m
"header-top-row"[39m
          [36m>[39m
            [36m<div[39m
              [33mclass[39m=[3
2m"header-spacer"[39m
            [36m/>[39m
          [36m</div>[39m
          [36m<div[39m
            [33mclass[39m=[32m
"hymn-topic-section"[39m
          [36m>[39m
            [36m<h1>[39m
              [0m├Çw├í Jß║╣╠ü 
Ajagun J├⌐s├╣[0m
            [36m</h1>[39m
            [36m<div[39m
              [33mclass[39m=[3
2m"hymn-topic"[39m
            [36m>[39m
              
[0m├îy├ás├¡m├¡mß╗ì╠ü[0m
            [36m</div>[39m
            [36m<div[39m
              [33mclass[39m=[3
2m"hymn-source"[39m
            [36m>[39m
              [0mYoruba Baptist 
Hymnal[0m
            [36m</div>[39m
          [36m</div>[39m
          [36m<div[39m
            [33mclass[39m=[32m
"hymn-content"[39m
          [36m>[39m
            [36m<div[39m
              [33mclass[39m=[3
2m"navigation-arrows"[39m
            [36m>[39m
              [36m<button[39m
                
[33mclass[39m=[32m"nav-arrow 
prev-arrow"[39m
              [36m>[39m
                [36m<span[39m
                  
[33mclass[39m=[32m"icon"[39m
                [36m>[39m
                  [0mΓåÉ[0m
                [36m</span>[39m
              [36m</button>[39m
              [36m<button[39m
                
[33mclass[39m=[32m"nav-arrow 
next-arrow"[39m
              [36m>[39m
                [36m<span[39m
                  
[33mclass[39m=[32m"icon"[39m
                [36m>[39m
                  [0mΓåÆ[0m
                [36m</span>[39m
              [36m</button>[39m
            [36m</div>[39m
            [36m<div[39m
              [33mclass[39m=[3
2m"floating-share"[39m
            [36m>[39m
              [36m<button[39m
                
[33maria-label[39m=[32m"P├¡n 
orin"[39m
                [33mclass[39m=
[32m"share-button"[39m
              [36m>[39m
                [36m<span[39m
                  
[33mclass[39m=[32m"icon"[39m
                [36m>[39m
                  [0mΓåù∩╕Å[0m
                [36m</span>[39m
              [36m</button>[39m
            [36m</div>[39m
            [36m<div[39m
              [33mclass[39m=[3
2m"metadata-box"[39m
            [36m>[39m
              [36m<div[39m
                [33mclass[39m=
[32m"metadata-item"[39m
              [36m>[39m
                [36m<span[39m
                  
[33mclass[39m=[32m"label"[39m
                [36m>[39m
                  
[0mNß╗ì╠ümb├á:[0m
                [36m</span>[39m
                [36m<span[39m
                  
[33mclass[39m=[32m"value"[39m
                [36m>[39m
                  [0mYBH370[0m
                [36m</span>[39m
              [36m</div>[39m
              [36m<div[39m
                [33mclass[39m=
[32m"metadata-item"[39m
              [36m>[39m
                [36m<span[39m
                  
[33mclass[39m=[32m"label"[39m
                [36m>[39m
                  
[0mOnkß╗ì╠Çw├⌐:[0m
                [36m</span>[39m
                [36m<span[39m
                  
[33mclass[39m=[32m"value"[39m
                [36m>[39m
                  [0mUnknown[0m
                [36m</span>[39m
              [36m</div>[39m
              [36m<div[39m
                [33mclass[39m=
[32m"metadata-item"[39m
              [36m>[39m
                [36m<span[39m
                  
[33mclass[39m=[32m"label"[39m
                [36m>[39m
                  
[0mAkß╗ì╠ümpose:[0m
                [36m</span>[39m
                [36m<span[39m
                  
[33mclass[39m=[32m"value"[39m
                [36m>[39m
                  [0mUnknown[0m
                [36m</span>[39m
              [36m</div>[39m
              [36m<div[39m
                [33mclass[39m=
[32m"metadata-item"[39m
              [36m>[39m
                [36m<span[39m
                  
[33mclass[39m=[32m"label"[39m
                [36m>[39m
                  [0mTune:[0m
                [36m</span>[39m
                [36m<span[39m
                  
[33mclass[39m=[32m"value"[39m
                [36m>[39m
                  [0mUnknown[0m
                [36m</span>[39m
              [36m</div>[39m
              [36m<div[39m
                [33mclass[39m=
[32m"metadata-item"[39m
              [36m>[39m
                [36m<span[39m
                  
[33mclass[39m=[32m"label"[39m
                [36m>[39m
                  [0mMeter:[0m
                [36m</span>[39m
                [36m<span[39m
                  
[33mclass[39m=[32m"value"[39m
                [36m>[39m
                  
[0m8.7.8.7.D.[0m
                [36m</span>[39m
              [36m</div>[39m
              [36m<div[39m
                [33mclass[39m=
[32m"metadata-item"[39m
              [36m>[39m
                [36m<span[39m
                  
[33mclass[39m=[32m"label"[39m
                [36m>[39m
                  [0mKey:[0m
                [36m</span>[39m
                [36m<span[39m
                  
[33mclass[39m=[32m"value"[39m
                [36m>[39m
                  [0mUnknown[0m
                [36m</span>[39m
              [36m</div>[39m
              [36m<div[39m
                [33mclass[39m=
[32m"metadata-item"[39m
              [36m>[39m
                [36m<span[39m
                  
[33mclass[39m=[32m"label"[39m
                [36m>[39m
                  
[0mß╗îd├║n:[0m
                [36m</span>[39m
                [36m<span[39m
                  
[33mclass[39m=[32m"value"[39m
                [36m>[39m
                  
[0mTraditional[0m
                [36m</span>[39m
              [36m</div>[39m
              [36m<div[39m
                [33mclass[39m=
[32m"metadata-item"[39m
                [33mdata-type[3
9m=[32m"scripture"[39m
              [36m>[39m
                [36m<span[39m
                  
[33mclass[39m=[32m"label"[39m
                [36m>[39m
                  [0m├îw├⌐ 
M├¡mß╗ì╠ü:[0m
                [36m</span>[39m
                [36m<span[39m
                  
[33mclass[39m=[32m"value"[39m
                [36m>[39m
                  [0mUnknown[0m
                [36m</span>[39m
              [36m</div>[39m
            [36m</div>[39m
            [36m<div[39m
              [33mclass[39m=[3
2m"lyrics"[39m
              [33mstyle[39m=[3
2m"user-select: text;"[39m
            [36m>[39m
              [36m<div[39m
                [33mclass[39m=
[32m"stanza-container"[39m
                [33mstyle[39m=
[32m"margin-top: 0px; 
margin-bottom: 0px;"[39m
              [36m>[39m
                [36m<div[39m
                  [33mclass[39m
=[32m"stanza"[39m
                  [33mstyle[39m
=[32m"margin-top: 0px; 
margin-bottom: 1px;"[39m
                [36m>[39m
                  [36m<div[39m
                    [33mclass[3
9m=[32m"music-signs "[39m
                  [36m>[39m
                    [0mf[0m
                  
[36m</div>[39m
                  [36m<div[39m
                    [33mclass[3
9m=[32m"stanza-number"[39m
                  [36m>[39m
                    [0m1.[0m
                  
[36m</div>[39m
                  [36m<div[39m
                    [33mclass[3
9m=[32m"stanza-text"[39m
                  [36m>[39m
                    
[36m<div[39m
                      
[33mclass[39m=[32m"line "[39m
                      [33mstyle
[39m=[32m"margin-top: 0px; 
margin-bottom: 1px;"[39m
      ...

    [0m [90m 31 |[39m
     [90m 32 |[39m             
[90m// Check title (ignoring 
case for flexibility)[39m
    [31m[1m>[22m[39m[90m 33 
|[39m             
[36mconst[39m titleElement 
[33m=[39m screen[33m.[39mgetB
yText([36mnew[39m [33mRegExp[
39m(title[33m,[39m 
[32m'i'[39m))[33m;[39m
     [90m    |[39m             
                            
[31m[1m^[22m[39m
     [90m 34 |[39m             
expect(titleElement)[33m.[39mto
BeInTheDocument()[33m;[39m
     [90m 35 |[39m
     [90m 36 |[39m             
[90m// Check for presence of 
"Yoruba Baptist Hymnal"[39m[0m

      at Object.getElementError (
node_modules/@testing-library/rea
ct/node_modules/@testing-library/
dom/dist/config.js:37:19)
      at getElementError (node_mo
dules/@testing-library/react/node
_modules/@testing-library/dom/dis
t/query-helpers.js:20:35)
      at 
getMultipleElementsFoundError (no
de_modules/@testing-library/react
/node_modules/@testing-library/do
m/dist/query-helpers.js:23:10)
      at node_modules/@testing-li
brary/react/node_modules/@testing
-library/dom/dist/query-helpers.j
s:55:13
      at getByText (node_modules/
@testing-library/react/node_modul
es/@testing-library/dom/dist/quer
y-helpers.js:95:19)
      at Object.<anonymous> (src/
components/VerifyYorubaHymns_341_
400.test.js:33:41)

  ΓùÅ YorubaHymnDetail 
Verification (Hymns 341-400) ΓÇ║ 
renders hymn 380 correctly

    TestingLibraryElementError: 
Found multiple elements with the 
text: /M├üß╣óE jß║╣╠ü kΓÇÖ ├í 
dß║╣╠übi/i

    Here are the matching 
elements:

    Ignored nodes: comments, 
script, style
    [36m<h1>[39m
      [0mM├íß╣úe Jß║╣╠ü KΓÇÖ ├ü 
Dß║╣╠übi[0m
    [36m</h1>[39m

    Ignored nodes: comments, 
script, style
    [36m<div[39m
      [33mclass[39m=[32m"line 
"[39m
      [33mstyle[39m=[32m"margi
n-top: 0px; margin-bottom: 
1px;"[39m
    [36m>[39m
      [0mM├üß╣óE jß║╣╠ü kΓÇÖ ├í 
dß║╣╠übi,[0m
    [36m</div>[39m

    (If this is intentional, 
then use the `*AllBy*` variant 
of the query (like 
`queryAllByText`, 
`getAllByText`, or 
`findAllByText`)).

    Ignored nodes: comments, 
script, style
    [36m<body>[39m
      [36m<div>[39m
        [36m<div[39m
          [33mclass[39m=[32m"h
ymn-detail-page 
theme-undefined"[39m
        [36m>[39m
          [36m<div[39m
            [33mclass[39m=[32m
"header-top-row"[39m
          [36m>[39m
            [36m<div[39m
              [33mclass[39m=[3
2m"header-spacer"[39m
            [36m/>[39m
          [36m</div>[39m
          [36m<div[39m
            [33mclass[39m=[32m
"hymn-topic-section"[39m
          [36m>[39m
            [36m<h1>[39m
              [0mM├íß╣úe Jß║╣╠ü 
KΓÇÖ ├ü Dß║╣╠übi[0m
            [36m</h1>[39m
            [36m<div[39m
              [33mclass[39m=[3
2m"hymn-topic"[39m
            [36m>[39m
              
[0m├îy├ás├¡m├¡mß╗ì╠ü[0m
            [36m</div>[39m
            [36m<div[39m
              [33mclass[39m=[3
2m"hymn-source"[39m
            [36m>[39m
              [0mYoruba Baptist 
Hymnal[0m
            [36m</div>[39m
          [36m</div>[39m
          [36m<div[39m
            [33mclass[39m=[32m
"hymn-content"[39m
          [36m>[39m
            [36m<div[39m
              [33mclass[39m=[3
2m"navigation-arrows"[39m
            [36m>[39m
              [36m<button[39m
                
[33mclass[39m=[32m"nav-arrow 
prev-arrow"[39m
              [36m>[39m
                [36m<span[39m
                  
[33mclass[39m=[32m"icon"[39m
                [36m>[39m
                  [0mΓåÉ[0m
                [36m</span>[39m
              [36m</button>[39m
              [36m<button[39m
                
[33mclass[39m=[32m"nav-arrow 
next-arrow"[39m
              [36m>[39m
                [36m<span[39m
                  
[33mclass[39m=[32m"icon"[39m
                [36m>[39m
                  [0mΓåÆ[0m
                [36m</span>[39m
              [36m</button>[39m
            [36m</div>[39m
            [36m<div[39m
              [33mclass[39m=[3
2m"floating-share"[39m
            [36m>[39m
              [36m<button[39m
                
[33maria-label[39m=[32m"P├¡n 
orin"[39m
                [33mclass[39m=
[32m"share-button"[39m
              [36m>[39m
                [36m<span[39m
                  
[33mclass[39m=[32m"icon"[39m
                [36m>[39m
                  [0mΓåù∩╕Å[0m
                [36m</span>[39m
              [36m</button>[39m
            [36m</div>[39m
            [36m<div[39m
              [33mclass[39m=[3
2m"metadata-box"[39m
            [36m>[39m
              [36m<div[39m
                [33mclass[39m=
[32m"metadata-item"[39m
              [36m>[39m
                [36m<span[39m
                  
[33mclass[39m=[32m"label"[39m
                [36m>[39m
                  
[0mNß╗ì╠ümb├á:[0m
                [36m</span>[39m
                [36m<span[39m
                  
[33mclass[39m=[32m"value"[39m
                [36m>[39m
                  [0mYBH380[0m
                [36m</span>[39m
              [36m</div>[39m
              [36m<div[39m
                [33mclass[39m=
[32m"metadata-item"[39m
              [36m>[39m
                [36m<span[39m
                  
[33mclass[39m=[32m"label"[39m
                [36m>[39m
                  
[0mOnkß╗ì╠Çw├⌐:[0m
                [36m</span>[39m
                [36m<span[39m
                  
[33mclass[39m=[32m"value"[39m
                [36m>[39m
                  [0mUnknown[0m
                [36m</span>[39m
              [36m</div>[39m
              [36m<div[39m
                [33mclass[39m=
[32m"metadata-item"[39m
              [36m>[39m
                [36m<span[39m
                  
[33mclass[39m=[32m"label"[39m
                [36m>[39m
                  
[0mAkß╗ì╠ümpose:[0m
                [36m</span>[39m
                [36m<span[39m
                  
[33mclass[39m=[32m"value"[39m
                [36m>[39m
                  [0mUnknown[0m
                [36m</span>[39m
              [36m</div>[39m
              [36m<div[39m
                [33mclass[39m=
[32m"metadata-item"[39m
              [36m>[39m
                [36m<span[39m
                  
[33mclass[39m=[32m"label"[39m
                [36m>[39m
                  [0mTune:[0m
                [36m</span>[39m
                [36m<span[39m
                  
[33mclass[39m=[32m"value"[39m
                [36m>[39m
                  [0mUnknown[0m
                [36m</span>[39m
              [36m</div>[39m
              [36m<div[39m
                [33mclass[39m=
[32m"metadata-item"[39m
              [36m>[39m
                [36m<span[39m
                  
[33mclass[39m=[32m"label"[39m
                [36m>[39m
                  [0mMeter:[0m
                [36m</span>[39m
                [36m<span[39m
                  
[33mclass[39m=[32m"value"[39m
                [36m>[39m
                  [0mS.M.[0m
                [36m</span>[39m
              [36m</div>[39m
              [36m<div[39m
                [33mclass[39m=
[32m"metadata-item"[39m
              [36m>[39m
                [36m<span[39m
                  
[33mclass[39m=[32m"label"[39m
                [36m>[39m
                  [0mKey:[0m
                [36m</span>[39m
                [36m<span[39m
                  
[33mclass[39m=[32m"value"[39m
                [36m>[39m
                  [0mUnknown[0m
                [36m</span>[39m
              [36m</div>[39m
              [36m<div[39m
                [33mclass[39m=
[32m"metadata-item"[39m
              [36m>[39m
                [36m<span[39m
                  
[33mclass[39m=[32m"label"[39m
                [36m>[39m
                  
[0mß╗îd├║n:[0m
                [36m</span>[39m
                [36m<span[39m
                  
[33mclass[39m=[32m"value"[39m
                [36m>[39m
                  
[0mTraditional[0m
                [36m</span>[39m
              [36m</div>[39m
              [36m<div[39m
                [33mclass[39m=
[32m"metadata-item"[39m
                [33mdata-type[3
9m=[32m"scripture"[39m
              [36m>[39m
                [36m<span[39m
                  
[33mclass[39m=[32m"label"[39m
                [36m>[39m
                  [0m├îw├⌐ 
M├¡mß╗ì╠ü:[0m
                [36m</span>[39m
                [36m<span[39m
                  
[33mclass[39m=[32m"value"[39m
                [36m>[39m
                  [0mUnknown[0m
                [36m</span>[39m
              [36m</div>[39m
            [36m</div>[39m
            [36m<div[39m
              [33mclass[39m=[3
2m"lyrics"[39m
              [33mstyle[39m=[3
2m"user-select: text;"[39m
            [36m>[39m
              [36m<div[39m
                [33mclass[39m=
[32m"stanza-container"[39m
                [33mstyle[39m=
[32m"margin-top: 0px; 
margin-bottom: 0px;"[39m
              [36m>[39m
                [36m<div[39m
                  [33mclass[39m
=[32m"stanza"[39m
                  [33mstyle[39m
=[32m"margin-top: 0px; 
margin-bottom: 1px;"[39m
                [36m>[39m
                  [36m<div[39m
                    [33mclass[3
9m=[32m"music-signs "[39m
                  [36m>[39m
                    [0mf[0m
                  
[36m</div>[39m
                  [36m<div[39m
                    [33mclass[3
9m=[32m"stanza-number"[39m
                  [36m>[39m
                    [0m1.[0m
                  
[36m</div>[39m
                  [36m<div[39m
                    [33mclass[3
9m=[32m"stanza-text"[39m
                  [36m>[39m
                    
[36m<div[39m
                      
[33mclass[39m=[32m"line "[39m
                      [33mstyle
[39m=[32m"margin-top: 0px; 
margin-bottom: 1px;"[39m
            ...

    [0m [90m 31 |[39m
     [90m 32 |[39m             
[90m// Check title (ignoring 
case for flexibility)[39m
    [31m[1m>[22m[39m[90m 33 
|[39m             
[36mconst[39m titleElement 
[33m=[39m screen[33m.[39mgetB
yText([36mnew[39m [33mRegExp[
39m(title[33m,[39m 
[32m'i'[39m))[33m;[39m
     [90m    |[39m             
                            
[31m[1m^[22m[39m
     [90m 34 |[39m             
expect(titleElement)[33m.[39mto
BeInTheDocument()[33m;[39m
     [90m 35 |[39m
     [90m 36 |[39m             
[90m// Check for presence of 
"Yoruba Baptist Hymnal"[39m[0m

      at Object.getElementError (
node_modules/@testing-library/rea
ct/node_modules/@testing-library/
dom/dist/config.js:37:19)
      at getElementError (node_mo
dules/@testing-library/react/node
_modules/@testing-library/dom/dis
t/query-helpers.js:20:35)
      at 
getMultipleElementsFoundError (no
de_modules/@testing-library/react
/node_modules/@testing-library/do
m/dist/query-helpers.js:23:10)
      at node_modules/@testing-li
brary/react/node_modules/@testing
-library/dom/dist/query-helpers.j
s:55:13
      at getByText (node_modules/
@testing-library/react/node_modul
es/@testing-library/dom/dist/quer
y-helpers.js:95:19)
      at Object.<anonymous> (src/
components/VerifyYorubaHymns_341_
400.test.js:33:41)

  ΓùÅ YorubaHymnDetail 
Verification (Hymns 341-400) ΓÇ║ 
renders hymn 390 correctly

    TestingLibraryElementError: 
Found multiple elements with the 
text: /├îWß╗î lΓÇÖ ß╗îlß╗ì╠ürun 
Al├í├á├ín├║/i

    Here are the matching 
elements:

    Ignored nodes: comments, 
script, style
    [36m<h1>[39m
      [0m├îwß╗ì LΓÇÖ 
ß╗îlß╗ì╠ürun Al├í├á├ín├║[0m
    [36m</h1>[39m

    Ignored nodes: comments, 
script, style
    [36m<div[39m
      [33mclass[39m=[32m"line 
"[39m
      [33mstyle[39m=[32m"margi
n-top: 0px; margin-bottom: 
1px;"[39m
    [36m>[39m
      [0m├îWß╗î lΓÇÖ 
ß╗îlß╗ì╠ürun Al├í├á├ín├║,[0m
    [36m</div>[39m

    (If this is intentional, 
then use the `*AllBy*` variant 
of the query (like 
`queryAllByText`, 
`getAllByText`, or 
`findAllByText`)).

    Ignored nodes: comments, 
script, style
    [36m<body>[39m
      [36m<div>[39m
        [36m<div[39m
          [33mclass[39m=[32m"h
ymn-detail-page 
theme-undefined"[39m
        [36m>[39m
          [36m<div[39m
            [33mclass[39m=[32m
"header-top-row"[39m
          [36m>[39m
            [36m<div[39m
              [33mclass[39m=[3
2m"header-spacer"[39m
            [36m/>[39m
          [36m</div>[39m
          [36m<div[39m
            [33mclass[39m=[32m
"hymn-topic-section"[39m
          [36m>[39m
            [36m<h1>[39m
              [0m├îwß╗ì LΓÇÖ 
ß╗îlß╗ì╠ürun Al├í├á├ín├║[0m
            [36m</h1>[39m
            [36m<div[39m
              [33mclass[39m=[3
2m"hymn-topic"[39m
            [36m>[39m
              
[0m├îy├ás├¡m├¡mß╗ì╠ü[0m
            [36m</div>[39m
            [36m<div[39m
              [33mclass[39m=[3
2m"hymn-source"[39m
            [36m>[39m
              [0mYoruba Baptist 
Hymnal[0m
            [36m</div>[39m
          [36m</div>[39m
          [36m<div[39m
            [33mclass[39m=[32m
"hymn-content"[39m
          [36m>[39m
            [36m<div[39m
              [33mclass[39m=[3
2m"navigation-arrows"[39m
            [36m>[39m
              [36m<button[39m
                
[33mclass[39m=[32m"nav-arrow 
prev-arrow"[39m
              [36m>[39m
                [36m<span[39m
                  
[33mclass[39m=[32m"icon"[39m
                [36m>[39m
                  [0mΓåÉ[0m
                [36m</span>[39m
              [36m</button>[39m
              [36m<button[39m
                
[33mclass[39m=[32m"nav-arrow 
next-arrow"[39m
              [36m>[39m
                [36m<span[39m
                  
[33mclass[39m=[32m"icon"[39m
                [36m>[39m
                  [0mΓåÆ[0m
                [36m</span>[39m
              [36m</button>[39m
            [36m</div>[39m
            [36m<div[39m
              [33mclass[39m=[3
2m"floating-share"[39m
            [36m>[39m
              [36m<button[39m
                
[33maria-label[39m=[32m"P├¡n 
orin"[39m
                [33mclass[39m=
[32m"share-button"[39m
              [36m>[39m
                [36m<span[39m
                  
[33mclass[39m=[32m"icon"[39m
                [36m>[39m
                  [0mΓåù∩╕Å[0m
                [36m</span>[39m
              [36m</button>[39m
            [36m</div>[39m
            [36m<div[39m
              [33mclass[39m=[3
2m"metadata-box"[39m
            [36m>[39m
              [36m<div[39m
                [33mclass[39m=
[32m"metadata-item"[39m
              [36m>[39m
                [36m<span[39m
                  
[33mclass[39m=[32m"label"[39m
                [36m>[39m
                  
[0mNß╗ì╠ümb├á:[0m
                [36m</span>[39m
                [36m<span[39m
                  
[33mclass[39m=[32m"value"[39m
                [36m>[39m
                  [0mYBH390[0m
                [36m</span>[39m
              [36m</div>[39m
              [36m<div[39m
                [33mclass[39m=
[32m"metadata-item"[39m
              [36m>[39m
                [36m<span[39m
                  
[33mclass[39m=[32m"label"[39m
                [36m>[39m
                  
[0mOnkß╗ì╠Çw├⌐:[0m
                [36m</span>[39m
                [36m<span[39m
                  
[33mclass[39m=[32m"value"[39m
                [36m>[39m
                  [0mUnknown[0m
                [36m</span>[39m
              [36m</div>[39m
              [36m<div[39m
                [33mclass[39m=
[32m"metadata-item"[39m
              [36m>[39m
                [36m<span[39m
                  
[33mclass[39m=[32m"label"[39m
                [36m>[39m
                  
[0mAkß╗ì╠ümpose:[0m
                [36m</span>[39m
                [36m<span[39m
                  
[33mclass[39m=[32m"value"[39m
                [36m>[39m
                  [0mUnknown[0m
                [36m</span>[39m
              [36m</div>[39m
              [36m<div[39m
                [33mclass[39m=
[32m"metadata-item"[39m
              [36m>[39m
                [36m<span[39m
                  
[33mclass[39m=[32m"label"[39m
                [36m>[39m
                  [0mTune:[0m
                [36m</span>[39m
                [36m<span[39m
                  
[33mclass[39m=[32m"value"[39m
                [36m>[39m
                  [0mUnknown[0m
                [36m</span>[39m
              [36m</div>[39m
              [36m<div[39m
                [33mclass[39m=
[32m"metadata-item"[39m
              [36m>[39m
                [36m<span[39m
                  
[33mclass[39m=[32m"label"[39m
                [36m>[39m
                  [0mMeter:[0m
                [36m</span>[39m
                [36m<span[39m
                  
[33mclass[39m=[32m"value"[39m
                [36m>[39m
                  [0mC.M.[0m
                [36m</span>[39m
              [36m</div>[39m
              [36m<div[39m
                [33mclass[39m=
[32m"metadata-item"[39m
              [36m>[39m
                [36m<span[39m
                  
[33mclass[39m=[32m"label"[39m
                [36m>[39m
                  [0mKey:[0m
                [36m</span>[39m
                [36m<span[39m
                  
[33mclass[39m=[32m"value"[39m
                [36m>[39m
                  [0mUnknown[0m
                [36m</span>[39m
              [36m</div>[39m
              [36m<div[39m
                [33mclass[39m=
[32m"metadata-item"[39m
              [36m>[39m
                [36m<span[39m
                  
[33mclass[39m=[32m"label"[39m
                [36m>[39m
                  
[0mß╗îd├║n:[0m
                [36m</span>[39m
                [36m<span[39m
                  
[33mclass[39m=[32m"value"[39m
                [36m>[39m
                  
[0mTraditional[0m
                [36m</span>[39m
              [36m</div>[39m
              [36m<div[39m
                [33mclass[39m=
[32m"metadata-item"[39m
                [33mdata-type[3
9m=[32m"scripture"[39m
              [36m>[39m
                [36m<span[39m
                  
[33mclass[39m=[32m"label"[39m
                [36m>[39m
                  [0m├îw├⌐ 
M├¡mß╗ì╠ü:[0m
                [36m</span>[39m
                [36m<span[39m
                  
[33mclass[39m=[32m"value"[39m
                [36m>[39m
                  [0mUnknown[0m
                [36m</span>[39m
              [36m</div>[39m
            [36m</div>[39m
            [36m<div[39m
              [33mclass[39m=[3
2m"lyrics"[39m
              [33mstyle[39m=[3
2m"user-select: text;"[39m
            [36m>[39m
              [36m<div[39m
                [33mclass[39m=
[32m"stanza-container"[39m
                [33mstyle[39m=
[32m"margin-top: 0px; 
margin-bottom: 0px;"[39m
              [36m>[39m
                [36m<div[39m
                  [33mclass[39m
=[32m"stanza"[39m
                  [33mstyle[39m
=[32m"margin-top: 0px; 
margin-bottom: 1px;"[39m
                [36m>[39m
                  [36m<div[39m
                    [33mclass[3
9m=[32m"music-signs "[39m
                  [36m>[39m
                    [0mf[0m
                  
[36m</div>[39m
                  [36m<div[39m
                    [33mclass[3
9m=[32m"stanza-number"[39m
                  [36m>[39m
                    [0m1.[0m
                  
[36m</div>[39m
                  [36m<div[39m
                    [33mclass[3
9m=[32m"stanza-text"[39m
                  [36m>[39m
                    
[36m<div[39m
                      
[33mclass[39m=[32m"line "[39m
                      [33mstyle
[39m=[32m"margin-top: 0px; 
margin-bottom: 1px;"[39m
         ...

    [0m [90m 31 |[39m
     [90m 32 |[39m             
[90m// Check title (ignoring 
case for flexibility)[39m
    [31m[1m>[22m[39m[90m 33 
|[39m             
[36mconst[39m titleElement 
[33m=[39m screen[33m.[39mgetB
yText([36mnew[39m [33mRegExp[
39m(title[33m,[39m 
[32m'i'[39m))[33m;[39m
     [90m    |[39m             
                            
[31m[1m^[22m[39m
     [90m 34 |[39m             
expect(titleElement)[33m.[39mto
BeInTheDocument()[33m;[39m
     [90m 35 |[39m
     [90m 36 |[39m             
[90m// Check for presence of 
"Yoruba Baptist Hymnal"[39m[0m

      at Object.getElementError (
node_modules/@testing-library/rea
ct/node_modules/@testing-library/
dom/dist/config.js:37:19)
      at getElementError (node_mo
dules/@testing-library/react/node
_modules/@testing-library/dom/dis
t/query-helpers.js:20:35)
      at 
getMultipleElementsFoundError (no
de_modules/@testing-library/react
/node_modules/@testing-library/do
m/dist/query-helpers.js:23:10)
      at node_modules/@testing-li
brary/react/node_modules/@testing
-library/dom/dist/query-helpers.j
s:55:13
      at getByText (node_modules/
@testing-library/react/node_modul
es/@testing-library/dom/dist/quer
y-helpers.js:95:19)
      at Object.<anonymous> (src/
components/VerifyYorubaHymns_341_
400.test.js:33:41)

  ΓùÅ YorubaHymnDetail 
Verification (Hymns 341-400) ΓÇ║ 
renders hymn 400 correctly

    TestingLibraryElementError: 
Found multiple elements with the 
text: /├ÇW├ü fΓÇÖ ├▓go f├║n 
ß╗îl├í Rß║╣/i

    Here are the matching 
elements:

    Ignored nodes: comments, 
script, style
    [36m<h1>[39m
      [0m├Çw├í FΓÇÖ ├Ægo F├║n 
ß╗îl├í Rß║╣[0m
    [36m</h1>[39m

    Ignored nodes: comments, 
script, style
    [36m<div[39m
      [33mclass[39m=[32m"line 
"[39m
      [33mstyle[39m=[32m"margi
n-top: 0px; margin-bottom: 
1px;"[39m
    [36m>[39m
      [0m├ÇW├ü fΓÇÖ ├▓go f├║n 
ß╗îl├í Rß║╣,[0m
    [36m</div>[39m

    (If this is intentional, 
then use the `*AllBy*` variant 
of the query (like 
`queryAllByText`, 
`getAllByText`, or 
`findAllByText`)).

    Ignored nodes: comments, 
script, style
    [36m<body>[39m
      [36m<div>[39m
        [36m<div[39m
          [33mclass[39m=[32m"h
ymn-detail-page 
theme-undefined"[39m
        [36m>[39m
          [36m<div[39m
            [33mclass[39m=[32m
"header-top-row"[39m
          [36m>[39m
            [36m<div[39m
              [33mclass[39m=[3
2m"header-spacer"[39m
            [36m/>[39m
          [36m</div>[39m
          [36m<div[39m
            [33mclass[39m=[32m
"hymn-topic-section"[39m
          [36m>[39m
            [36m<h1>[39m
              [0m├Çw├í FΓÇÖ 
├Ægo F├║n ß╗îl├í Rß║╣[0m
            [36m</h1>[39m
            [36m<div[39m
              [33mclass[39m=[3
2m"hymn-topic"[39m
            [36m>[39m
              
[0m├îy├ás├¡m├¡mß╗ì╠ü[0m
            [36m</div>[39m
            [36m<div[39m
              [33mclass[39m=[3
2m"hymn-source"[39m
            [36m>[39m
              [0mYoruba Baptist 
Hymnal[0m
            [36m</div>[39m
          [36m</div>[39m
          [36m<div[39m
            [33mclass[39m=[32m
"hymn-content"[39m
          [36m>[39m
            [36m<div[39m
              [33mclass[39m=[3
2m"navigation-arrows"[39m
            [36m>[39m
              [36m<button[39m
                
[33mclass[39m=[32m"nav-arrow 
prev-arrow"[39m
              [36m>[39m
                [36m<span[39m
                  
[33mclass[39m=[32m"icon"[39m
                [36m>[39m
                  [0mΓåÉ[0m
                [36m</span>[39m
              [36m</button>[39m
              [36m<button[39m
                
[33mclass[39m=[32m"nav-arrow 
next-arrow"[39m
              [36m>[39m
                [36m<span[39m
                  
[33mclass[39m=[32m"icon"[39m
                [36m>[39m
                  [0mΓåÆ[0m
                [36m</span>[39m
              [36m</button>[39m
            [36m</div>[39m
            [36m<div[39m
              [33mclass[39m=[3
2m"floating-share"[39m
            [36m>[39m
              [36m<button[39m
                
[33maria-label[39m=[32m"P├¡n 
orin"[39m
                [33mclass[39m=
[32m"share-button"[39m
              [36m>[39m
                [36m<span[39m
                  
[33mclass[39m=[32m"icon"[39m
                [36m>[39m
                  [0mΓåù∩╕Å[0m
                [36m</span>[39m
              [36m</button>[39m
            [36m</div>[39m
            [36m<div[39m
              [33mclass[39m=[3
2m"metadata-box"[39m
            [36m>[39m
              [36m<div[39m
                [33mclass[39m=
[32m"metadata-item"[39m
              [36m>[39m
                [36m<span[39m
                  
[33mclass[39m=[32m"label"[39m
                [36m>[39m
                  
[0mNß╗ì╠ümb├á:[0m
                [36m</span>[39m
                [36m<span[39m
                  
[33mclass[39m=[32m"value"[39m
                [36m>[39m
                  [0mYBH400[0m
                [36m</span>[39m
              [36m</div>[39m
              [36m<div[39m
                [33mclass[39m=
[32m"metadata-item"[39m
              [36m>[39m
                [36m<span[39m
                  
[33mclass[39m=[32m"label"[39m
                [36m>[39m
                  
[0mOnkß╗ì╠Çw├⌐:[0m
                [36m</span>[39m
                [36m<span[39m
                  
[33mclass[39m=[32m"value"[39m
                [36m>[39m
                  [0mUnknown[0m
                [36m</span>[39m
              [36m</div>[39m
              [36m<div[39m
                [33mclass[39m=
[32m"metadata-item"[39m
              [36m>[39m
                [36m<span[39m
                  
[33mclass[39m=[32m"label"[39m
                [36m>[39m
                  
[0mAkß╗ì╠ümpose:[0m
                [36m</span>[39m
                [36m<span[39m
                  
[33mclass[39m=[32m"value"[39m
                [36m>[39m
                  [0mUnknown[0m
                [36m</span>[39m
              [36m</div>[39m
              [36m<div[39m
                [33mclass[39m=
[32m"metadata-item"[39m
              [36m>[39m
                [36m<span[39m
                  
[33mclass[39m=[32m"label"[39m
                [36m>[39m
                  [0mTune:[0m
                [36m</span>[39m
                [36m<span[39m
                  
[33mclass[39m=[32m"value"[39m
                [36m>[39m
                  [0mUnknown[0m
                [36m</span>[39m
              [36m</div>[39m
              [36m<div[39m
                [33mclass[39m=
[32m"metadata-item"[39m
              [36m>[39m
                [36m<span[39m
                  
[33mclass[39m=[32m"label"[39m
                [36m>[39m
                  [0mMeter:[0m
                [36m</span>[39m
                [36m<span[39m
                  
[33mclass[39m=[32m"value"[39m
                [36m>[39m
                  
[0m8.7.8.7.D.[0m
                [36m</span>[39m
              [36m</div>[39m
              [36m<div[39m
                [33mclass[39m=
[32m"metadata-item"[39m
              [36m>[39m
                [36m<span[39m
                  
[33mclass[39m=[32m"label"[39m
                [36m>[39m
                  [0mKey:[0m
                [36m</span>[39m
                [36m<span[39m
                  
[33mclass[39m=[32m"value"[39m
                [36m>[39m
                  [0mUnknown[0m
                [36m</span>[39m
              [36m</div>[39m
              [36m<div[39m
                [33mclass[39m=
[32m"metadata-item"[39m
              [36m>[39m
                [36m<span[39m
                  
[33mclass[39m=[32m"label"[39m
                [36m>[39m
                  
[0mß╗îd├║n:[0m
                [36m</span>[39m
                [36m<span[39m
                  
[33mclass[39m=[32m"value"[39m
                [36m>[39m
                  
[0mTraditional[0m
                [36m</span>[39m
              [36m</div>[39m
              [36m<div[39m
                [33mclass[39m=
[32m"metadata-item"[39m
                [33mdata-type[3
9m=[32m"scripture"[39m
              [36m>[39m
                [36m<span[39m
                  
[33mclass[39m=[32m"label"[39m
                [36m>[39m
                  [0m├îw├⌐ 
M├¡mß╗ì╠ü:[0m
                [36m</span>[39m
                [36m<span[39m
                  
[33mclass[39m=[32m"value"[39m
                [36m>[39m
                  [0mUnknown[0m
                [36m</span>[39m
              [36m</div>[39m
            [36m</div>[39m
            [36m<div[39m
              [33mclass[39m=[3
2m"lyrics"[39m
              [33mstyle[39m=[3
2m"user-select: text;"[39m
            [36m>[39m
              [36m<div[39m
                [33mclass[39m=
[32m"stanza-container"[39m
                [33mstyle[39m=
[32m"margin-top: 0px; 
margin-bottom: 0px;"[39m
              [36m>[39m
                [36m<div[39m
                  [33mclass[39m
=[32m"stanza"[39m
                  [33mstyle[39m
=[32m"margin-top: 0px; 
margin-bottom: 1px;"[39m
                [36m>[39m
                  [36m<div[39m
                    [33mclass[3
9m=[32m"music-signs "[39m
                  [36m>[39m
                    [0mf[0m
                  
[36m</div>[39m
                  [36m<div[39m
                    [33mclass[3
9m=[32m"stanza-number"[39m
                  [36m>[39m
                    [0m1.[0m
                  
[36m</div>[39m
                  [36m<div[39m
                    [33mclass[3
9m=[32m"stanza-text"[39m
                  [36m>[39m
                    
[36m<div[39m
                      
[33mclass[39m=[32m"line "[39m
                      [33mstyle
[39m=[32m"margin-top: 0px; 
margin-bottom: 1px;"[39m
    ...

    [0m [90m 31 |[39m
     [90m 32 |[39m             
[90m// Check title (ignoring 
case for flexibility)[39m
    [31m[1m>[22m[39m[90m 33 
|[39m             
[36mconst[39m titleElement 
[33m=[39m screen[33m.[39mgetB
yText([36mnew[39m [33mRegExp[
39m(title[33m,[39m 
[32m'i'[39m))[33m;[39m
     [90m    |[39m             
                            
[31m[1m^[22m[39m
     [90m 34 |[39m             
expect(titleElement)[33m.[39mto
BeInTheDocument()[33m;[39m
     [90m 35 |[39m
     [90m 36 |[39m             
[90m// Check for presence of 
"Yoruba Baptist Hymnal"[39m[0m

      at Object.getElementError (
node_modules/@testing-library/rea
ct/node_modules/@testing-library/
dom/dist/config.js:37:19)
      at getElementError (node_mo
dules/@testing-library/react/node
_modules/@testing-library/dom/dis
t/query-helpers.js:20:35)
      at 
getMultipleElementsFoundError (no
de_modules/@testing-library/react
/node_modules/@testing-library/do
m/dist/query-helpers.js:23:10)
      at node_modules/@testing-li
brary/react/node_modules/@testing
-library/dom/dist/query-helpers.j
s:55:13
      at getByText (node_modules/
@testing-library/react/node_modul
es/@testing-library/dom/dist/quer
y-helpers.js:95:19)
      at Object.<anonymous> (src/
components/VerifyYorubaHymns_341_
400.test.js:33:41)

  ΓùÅ YorubaHymnDetail 
Verification (Hymns 341-400) ΓÇ║ 
verifies specific content for 
hymn 400

    TestingLibraryElementError: 
Found multiple elements with the 
text: /├ÇW├ü fΓÇÖ ├▓go f├║n 
ß╗îl├í Rß║╣/i

    Here are the matching 
elements:

    Ignored nodes: comments, 
script, style
    [36m<h1>[39m
      [0m├Çw├í FΓÇÖ ├Ægo F├║n 
ß╗îl├í Rß║╣[0m
    [36m</h1>[39m

    Ignored nodes: comments, 
script, style
    [36m<div[39m
      [33mclass[39m=[32m"line 
"[39m
      [33mstyle[39m=[32m"margi
n-top: 0px; margin-bottom: 
1px;"[39m
    [36m>[39m
      [0m├ÇW├ü fΓÇÖ ├▓go f├║n 
ß╗îl├í Rß║╣,[0m
    [36m</div>[39m

    (If this is intentional, 
then use the `*AllBy*` variant 
of the query (like 
`queryAllByText`, 
`getAllByText`, or 
`findAllByText`)).

    Ignored nodes: comments, 
script, style
    [36m<body>[39m
      [36m<div>[39m
        [36m<div[39m
          [33mclass[39m=[32m"h
ymn-detail-page 
theme-undefined"[39m
        [36m>[39m
          [36m<div[39m
            [33mclass[39m=[32m
"header-top-row"[39m
          [36m>[39m
            [36m<div[39m
              [33mclass[39m=[3
2m"header-spacer"[39m
            [36m/>[39m
          [36m</div>[39m
          [36m<div[39m
            [33mclass[39m=[32m
"hymn-topic-section"[39m
          [36m>[39m
            [36m<h1>[39m
              [0m├Çw├í FΓÇÖ 
├Ægo F├║n ß╗îl├í Rß║╣[0m
            [36m</h1>[39m
            [36m<div[39m
              [33mclass[39m=[3
2m"hymn-topic"[39m
            [36m>[39m
              
[0m├îy├ás├¡m├¡mß╗ì╠ü[0m
            [36m</div>[39m
            [36m<div[39m
              [33mclass[39m=[3
2m"hymn-source"[39m
            [36m>[39m
              [0mYoruba Baptist 
Hymnal[0m
            [36m</div>[39m
          [36m</div>[39m
          [36m<div[39m
            [33mclass[39m=[32m
"hymn-content"[39m
          [36m>[39m
            [36m<div[39m
              [33mclass[39m=[3
2m"navigation-arrows"[39m
            [36m>[39m
              [36m<button[39m
                
[33mclass[39m=[32m"nav-arrow 
prev-arrow"[39m
              [36m>[39m
                [36m<span[39m
                  
[33mclass[39m=[32m"icon"[39m
                [36m>[39m
                  [0mΓåÉ[0m
                [36m</span>[39m
              [36m</button>[39m
              [36m<button[39m
                
[33mclass[39m=[32m"nav-arrow 
next-arrow"[39m
              [36m>[39m
                [36m<span[39m
                  
[33mclass[39m=[32m"icon"[39m
                [36m>[39m
                  [0mΓåÆ[0m
                [36m</span>[39m
              [36m</button>[39m
            [36m</div>[39m
            [36m<div[39m
              [33mclass[39m=[3
2m"floating-share"[39m
            [36m>[39m
              [36m<button[39m
                
[33maria-label[39m=[32m"P├¡n 
orin"[39m
                [33mclass[39m=
[32m"share-button"[39m
              [36m>[39m
                [36m<span[39m
                  
[33mclass[39m=[32m"icon"[39m
                [36m>[39m
                  [0mΓåù∩╕Å[0m
                [36m</span>[39m
              [36m</button>[39m
            [36m</div>[39m
            [36m<div[39m
              [33mclass[39m=[3
2m"metadata-box"[39m
            [36m>[39m
              [36m<div[39m
                [33mclass[39m=
[32m"metadata-item"[39m
              [36m>[39m
                [36m<span[39m
                  
[33mclass[39m=[32m"label"[39m
                [36m>[39m
                  
[0mNß╗ì╠ümb├á:[0m
                [36m</span>[39m
                [36m<span[39m
                  
[33mclass[39m=[32m"value"[39m
                [36m>[39m
                  [0mYBH400[0m
                [36m</span>[39m
              [36m</div>[39m
              [36m<div[39m
                [33mclass[39m=
[32m"metadata-item"[39m
              [36m>[39m
                [36m<span[39m
                  
[33mclass[39m=[32m"label"[39m
                [36m>[39m
                  
[0mOnkß╗ì╠Çw├⌐:[0m
                [36m</span>[39m
                [36m<span[39m
                  
[33mclass[39m=[32m"value"[39m
                [36m>[39m
                  [0mUnknown[0m
                [36m</span>[39m
              [36m</div>[39m
              [36m<div[39m
                [33mclass[39m=
[32m"metadata-item"[39m
              [36m>[39m
                [36m<span[39m
                  
[33mclass[39m=[32m"label"[39m
                [36m>[39m
                  
[0mAkß╗ì╠ümpose:[0m
                [36m</span>[39m
                [36m<span[39m
                  
[33mclass[39m=[32m"value"[39m
                [36m>[39m
                  [0mUnknown[0m
                [36m</span>[39m
              [36m</div>[39m
              [36m<div[39m
                [33mclass[39m=
[32m"metadata-item"[39m
              [36m>[39m
                [36m<span[39m
                  
[33mclass[39m=[32m"label"[39m
                [36m>[39m
                  [0mTune:[0m
                [36m</span>[39m
                [36m<span[39m
                  
[33mclass[39m=[32m"value"[39m
                [36m>[39m
                  [0mUnknown[0m
                [36m</span>[39m
              [36m</div>[39m
              [36m<div[39m
                [33mclass[39m=
[32m"metadata-item"[39m
              [36m>[39m
                [36m<span[39m
                  
[33mclass[39m=[32m"label"[39m
                [36m>[39m
                  [0mMeter:[0m
                [36m</span>[39m
                [36m<span[39m
                  
[33mclass[39m=[32m"value"[39m
                [36m>[39m
                  
[0m8.7.8.7.D.[0m
                [36m</span>[39m
              [36m</div>[39m
              [36m<div[39m
                [33mclass[39m=
[32m"metadata-item"[39m
              [36m>[39m
                [36m<span[39m
                  
[33mclass[39m=[32m"label"[39m
                [36m>[39m
                  [0mKey:[0m
                [36m</span>[39m
                [36m<span[39m
                  
[33mclass[39m=[32m"value"[39m
                [36m>[39m
                  [0mUnknown[0m
                [36m</span>[39m
              [36m</div>[39m
              [36m<div[39m
                [33mclass[39m=
[32m"metadata-item"[39m
              [36m>[39m
                [36m<span[39m
                  
[33mclass[39m=[32m"label"[39m
                [36m>[39m
                  
[0mß╗îd├║n:[0m
                [36m</span>[39m
                [36m<span[39m
                  
[33mclass[39m=[32m"value"[39m
                [36m>[39m
                  
[0mTraditional[0m
                [36m</span>[39m
              [36m</div>[39m
              [36m<div[39m
                [33mclass[39m=
[32m"metadata-item"[39m
                [33mdata-type[3
9m=[32m"scripture"[39m
              [36m>[39m
                [36m<span[39m
                  
[33mclass[39m=[32m"label"[39m
                [36m>[39m
                  [0m├îw├⌐ 
M├¡mß╗ì╠ü:[0m
                [36m</span>[39m
                [36m<span[39m
                  
[33mclass[39m=[32m"value"[39m
                [36m>[39m
                  [0mUnknown[0m
                [36m</span>[39m
              [36m</div>[39m
            [36m</div>[39m
            [36m<div[39m
              [33mclass[39m=[3
2m"lyrics"[39m
              [33mstyle[39m=[3
2m"user-select: text;"[39m
            [36m>[39m
              [36m<div[39m
                [33mclass[39m=
[32m"stanza-container"[39m
                [33mstyle[39m=
[32m"margin-top: 0px; 
margin-bottom: 0px;"[39m
              [36m>[39m
                [36m<div[39m
                  [33mclass[39m
=[32m"stanza"[39m
                  [33mstyle[39m
=[32m"margin-top: 0px; 
margin-bottom: 1px;"[39m
                [36m>[39m
                  [36m<div[39m
                    [33mclass[3
9m=[32m"music-signs "[39m
                  [36m>[39m
                    [0mf[0m
                  
[36m</div>[39m
                  [36m<div[39m
                    [33mclass[3
9m=[32m"stanza-number"[39m
                  [36m>[39m
                    [0m1.[0m
                  
[36m</div>[39m
                  [36m<div[39m
                    [33mclass[3
9m=[32m"stanza-text"[39m
                  [36m>[39m
                    
[36m<div[39m
                      
[33mclass[39m=[32m"line "[39m
                      [33mstyle
[39m=[32m"margin-top: 0px; 
margin-bottom: 1px;"[39m
    ...

    [0m [90m 55 |[39m     
test([32m'verifies specific 
content for hymn 
400'[39m[33m,[39m () 
[33m=>[39m {
     [90m 56 |[39m         rend
erHymn([32m'400'[39m)[33m;[39
m
    [31m[1m>[22m[39m[90m 57 
|[39m         expect(screen[33m
.[39mgetByText([35m/├ÇW├ü fΓÇÖ 
├▓go f├║n ß╗îl├í Rß║╣/i[39m))[3
3m.[39mtoBeInTheDocument()[33m;
[39m
     [90m    |[39m             
          [31m[1m^[22m[39m
     [90m 58 |[39m         expe
ct(screen[33m.[39mgetByText([3
5m/Ol├║wa ├¼gb├ál├á wa/i[39m))[
33m.[39mtoBeInTheDocument()[33m
;[39m
     [90m 59 |[39m     
})[33m;[39m
     [90m 60 |[39m 
})[33m;[39m[0m

      at Object.getElementError (
node_modules/@testing-library/rea
ct/node_modules/@testing-library/
dom/dist/config.js:37:19)
      at getElementError (node_mo
dules/@testing-library/react/node
_modules/@testing-library/dom/dis
t/query-helpers.js:20:35)
      at 
getMultipleElementsFoundError (no
de_modules/@testing-library/react
/node_modules/@testing-library/do
m/dist/query-helpers.js:23:10)
      at node_modules/@testing-li
brary/react/node_modules/@testing
-library/dom/dist/query-helpers.j
s:55:13
      at getByText (node_modules/
@testing-library/react/node_modul
es/@testing-library/dom/dist/quer
y-helpers.js:95:19)
      at Object.<anonymous> (src/
components/VerifyYorubaHymns_341_
400.test.js:57:23)

Test Suites: 1 failed, 1 total
Tests:       9 failed, 1 passed, 
10 total
Snapshots:   0 total
Time:        66.064 s
Ran all test suites matching /src
\\components\\VerifyYorubaHymns_3
41_400.test.js/i.

  console.error
    Warning: `ReactDOMTestUtils.act` is deprecated in favor of `React.act`. Import `act` from `react` instead of `react-dom/test-utils`. See https://react.dev/warnings/react-dom-test-utils for more info.

    [0m [90m  5 |[39m
     [90m  6 |[39m [36mconst[39m renderHymn [33m=[39m (id) [33m=>[39m {
    [31m[1m>[22m[39m[90m  7 |[39m     [36mreturn[39m render(
     [90m    |[39m                  [31m[1m^[22m[39m
     [90m  8 |[39m         [33m<[39m[33mMemoryRouter[39m initialEntries[33m=[39m{[[32m`/yoruba-hymn/${id}`[39m]}[33m>[39m
     [90m  9 |[39m             [33m<[39m[33mRoutes[39m[33m>[39m
     [90m 10 |[39m                 [33m<[39m[33mRoute[39m path[33m=[39m[32m"/yoruba-hymn/:id"[39m element[33m=[39m{[33m<[39m[33mYorubaHymnDetail[39m [35m/>} /[39m[33m>[39m[0m

      at printWarning (node_modules/react-dom/cjs/react-dom-test-utils.development.js:71:30)
      at error (node_modules/react-dom/cjs/react-dom-test-utils.development.js:45:7)
      at actWithWarning (node_modules/react-dom/cjs/react-dom-test-utils.development.js:1736:7)
      at node_modules/@testing-library/react/dist/act-compat.js:63:25
      at renderRoot (node_modules/@testing-library/react/dist/pure.js:159:26)
      at render (node_modules/@testing-library/react/dist/pure.js:246:10)
      at renderHymn (src/components/VerifyYorubaHymns_341_400.test.js:7:18)
      at Object.<anonymous> (src/components/VerifyYorubaHymns_341_400.test.js:30:13)

  console.warn
    ΓÜá∩╕Å React Router Future Flag Warning: React Router will begin wrapping state updates in `React.startTransition` in v7. You can use the `v7_startTransition` future flag to opt-in early. For more information, see https://reactrouter.com/v6/upgrading/future#v7_starttransition.

    [0m [90m  5 |[39m
     [90m  6 |[39m [36mconst[39m renderHymn [33m=[39m (id) [33m=>[39m {
    [31m[1m>[22m[39m[90m  7 |[39m     [36mreturn[39m render(
     [90m    |[39m                  [31m[1m^[22m[39m
     [90m  8 |[39m         [33m<[39m[33mMemoryRouter[39m initialEntries[33m=[39m{[[32m`/yoruba-hymn/${id}`[39m]}[33m>[39m
     [90m  9 |[39m             [33m<[39m[33mRoutes[39m[33m>[39m
     [90m 10 |[39m                 [33m<[39m[33mRoute[39m path[33m=[39m[32m"/yoruba-hymn/:id"[39m element[33m=[39m{[33m<[39m[33mYorubaHymnDetail[39m [35m/>} /[39m[33m>[39m[0m

      at warnOnce (node_modules/react-router/lib/deprecations.ts:9:13)
      at logDeprecation (node_modules/react-router/lib/deprecations.ts:14:3)
      at logV6DeprecationWarnings (node_modules/react-router/lib/deprecations.ts:26:5)
      at node_modules/react-router/lib/components.tsx:257:25
      at commitHookEffectListMount (node_modules/react-dom/cjs/react-dom.development.js:23189:26)
      at commitPassiveMountOnFiber (node_modules/react-dom/cjs/react-dom.development.js:24970:11)
      at commitPassiveMountEffects_complete (node_modules/react-dom/cjs/react-dom.development.js:24930:9)
      at commitPassiveMountEffects_begin (node_modules/react-dom/cjs/react-dom.development.js:24917:7)
      at commitPassiveMountEffects (node_modules/react-dom/cjs/react-dom.development.js:24905:3)
      at flushPassiveEffectsImpl (node_modules/react-dom/cjs/react-dom.development.js:27078:3)
      at flushPassiveEffects (node_modules/react-dom/cjs/react-dom.development.js:27023:14)
      at node_modules/react-dom/cjs/react-dom.development.js:26808:9
      at flushActQueue (node_modules/react/cjs/react.development.js:2667:24)
      at act (node_modules/react/cjs/react.development.js:2582:11)
      at actWithWarning (node_modules/react-dom/cjs/react-dom-test-utils.development.js:1740:10)
      at node_modules/@testing-library/react/dist/act-compat.js:63:25
      at renderRoot (node_modules/@testing-library/react/dist/pure.js:159:26)
      at render (node_modules/@testing-library/react/dist/pure.js:246:10)
      at renderHymn (src/components/VerifyYorubaHymns_341_400.test.js:7:18)
      at Object.<anonymous> (src/components/VerifyYorubaHymns_341_400.test.js:30:13)

  console.warn
    ΓÜá∩╕Å React Router Future Flag Warning: Relative route resolution within Splat routes is changing in v7. You can use the `v7_relativeSplatPath` future flag to opt-in early. For more information, see https://reactrouter.com/v6/upgrading/future#v7_relativesplatpath.

    [0m [90m  5 |[39m
     [90m  6 |[39m [36mconst[39m renderHymn [33m=[39m (id) [33m=>[39m {
    [31m[1m>[22m[39m[90m  7 |[39m     [36mreturn[39m render(
     [90m    |[39m                  [31m[1m^[22m[39m
     [90m  8 |[39m         [33m<[39m[33mMemoryRouter[39m initialEntries[33m=[39m{[[32m`/yoruba-hymn/${id}`[39m]}[33m>[39m
     [90m  9 |[39m             [33m<[39m[33mRoutes[39m[33m>[39m
     [90m 10 |[39m                 [33m<[39m[33mRoute[39m path[33m=[39m[32m"/yoruba-hymn/:id"[39m element[33m=[39m{[33m<[39m[33mYorubaHymnDetail[39m [35m/>} /[39m[33m>[39m[0m

      at warnOnce (node_modules/react-router/lib/deprecations.ts:9:13)
      at logDeprecation (node_modules/react-router/lib/deprecations.ts:14:3)
      at logV6DeprecationWarnings (node_modules/react-router/lib/deprecations.ts:37:5)
      at node_modules/react-router/lib/components.tsx:257:25
      at commitHookEffectListMount (node_modules/react-dom/cjs/react-dom.development.js:23189:26)
      at commitPassiveMountOnFiber (node_modules/react-dom/cjs/react-dom.development.js:24970:11)
      at commitPassiveMountEffects_complete (node_modules/react-dom/cjs/react-dom.development.js:24930:9)
      at commitPassiveMountEffects_begin (node_modules/react-dom/cjs/react-dom.development.js:24917:7)
      at commitPassiveMountEffects (node_modules/react-dom/cjs/react-dom.development.js:24905:3)
      at flushPassiveEffectsImpl (node_modules/react-dom/cjs/react-dom.development.js:27078:3)
      at flushPassiveEffects (node_modules/react-dom/cjs/react-dom.development.js:27023:14)
      at node_modules/react-dom/cjs/react-dom.development.js:26808:9
      at flushActQueue (node_modules/react/cjs/react.development.js:2667:24)
      at act (node_modules/react/cjs/react.development.js:2582:11)
      at actWithWarning (node_modules/react-dom/cjs/react-dom-test-utils.development.js:1740:10)
      at node_modules/@testing-library/react/dist/act-compat.js:63:25
      at renderRoot (node_modules/@testing-library/react/dist/pure.js:159:26)
      at render (node_modules/@testing-library/react/dist/pure.js:246:10)
      at renderHymn (src/components/VerifyYorubaHymns_341_400.test.js:7:18)
      at Object.<anonymous> (src/components/VerifyYorubaHymns_341_400.test.js:30:13)

FAIL src/components/VerifyYorubaH
ymns_341_400.test.js (56.66 s)
  YorubaHymnDetail Verification 
(Hymns 341-400)
    ├ù renders hymn 341 
correctly (2560 ms)
    ├ù renders hymn 350 
correctly (5293 ms)
    ├ù renders hymn 360 
correctly (234 ms)
    ├ù renders hymn 361 
correctly (2379 ms)
    ├ù renders hymn 370 
correctly (329 ms)
    ├ù renders hymn 380 
correctly (436 ms)
    ├ù renders hymn 390 
correctly (202 ms)
    ├ù renders hymn 400 
correctly (476 ms)
    ΓêÜ verifies specific 
content for hymn 361 (248 ms)
    ├ù verifies specific content 
for hymn 400 (169 ms)

  ΓùÅ YorubaHymnDetail 
Verification (Hymns 341-400) ΓÇ║ 
renders hymn 341 correctly

    TestingLibraryElementError: 
Found multiple elements with the 
text: /Kß╗î╠ü mi, Ol├║wa mi/i

    Here are the matching 
elements:

    Ignored nodes: comments, 
script, style
    [36m<h1>[39m
      [0mKß╗ì╠ü Mi, Ol├║wa 
Mi[0m
    [36m</h1>[39m

    Ignored nodes: comments, 
script, style
    [36m<div[39m
      [33mclass[39m=[32m"line 
"[39m
      [33mstyle[39m=[32m"margi
n-top: 0px; margin-bottom: 
1px;"[39m
    [36m>[39m
      [0mKß╗î╠ü mi, Ol├║wa 
mi,[0m
    [36m</div>[39m

    (If this is intentional, 
then use the `*AllBy*` variant 
of the query (like 
`queryAllByText`, 
`getAllByText`, or 
`findAllByText`)).

    Ignored nodes: comments, 
script, style
    [36m<body>[39m
      [36m<div>[39m
        [36m<div[39m
          [33mclass[39m=[32m"h
ymn-detail-page 
theme-undefined"[39m
        [36m>[39m
          [36m<div[39m
            [33mclass[39m=[32m
"header-top-row"[39m
          [36m>[39m
            [36m<div[39m
              [33mclass[39m=[3
2m"header-spacer"[39m
            [36m/>[39m
          [36m</div>[39m
          [36m<div[39m
            [33mclass[39m=[32m
"hymn-topic-section"[39m
          [36m>[39m
            [36m<h1>[39m
              [0mKß╗ì╠ü Mi, 
Ol├║wa Mi[0m
            [36m</h1>[39m
            [36m<div[39m
              [33mclass[39m=[3
2m"hymn-topic"[39m
            [36m>[39m
              
[0m├îy├ás├¡m├¡mß╗ì╠ü[0m
            [36m</div>[39m
            [36m<div[39m
              [33mclass[39m=[3
2m"hymn-source"[39m
            [36m>[39m
              [0mYoruba Baptist 
Hymnal[0m
            [36m</div>[39m
          [36m</div>[39m
          [36m<div[39m
            [33mclass[39m=[32m
"hymn-content"[39m
          [36m>[39m
            [36m<div[39m
              [33mclass[39m=[3
2m"navigation-arrows"[39m
            [36m>[39m
              [36m<button[39m
                
[33mclass[39m=[32m"nav-arrow 
prev-arrow"[39m
              [36m>[39m
                [36m<span[39m
                  
[33mclass[39m=[32m"icon"[39m
                [36m>[39m
                  [0mΓåÉ[0m
                [36m</span>[39m
              [36m</button>[39m
              [36m<button[39m
                
[33mclass[39m=[32m"nav-arrow 
next-arrow"[39m
              [36m>[39m
                [36m<span[39m
                  
[33mclass[39m=[32m"icon"[39m
                [36m>[39m
                  [0mΓåÆ[0m
                [36m</span>[39m
              [36m</button>[39m
            [36m</div>[39m
            [36m<div[39m
              [33mclass[39m=[3
2m"floating-share"[39m
            [36m>[39m
              [36m<button[39m
                
[33maria-label[39m=[32m"P├¡n 
orin"[39m
                [33mclass[39m=
[32m"share-button"[39m
              [36m>[39m
                [36m<span[39m
                  
[33mclass[39m=[32m"icon"[39m
                [36m>[39m
                  [0mΓåù∩╕Å[0m
                [36m</span>[39m
              [36m</button>[39m
            [36m</div>[39m
            [36m<div[39m
              [33mclass[39m=[3
2m"metadata-box"[39m
            [36m>[39m
              [36m<div[39m
                [33mclass[39m=
[32m"metadata-item"[39m
              [36m>[39m
                [36m<span[39m
                  
[33mclass[39m=[32m"label"[39m
                [36m>[39m
                  
[0mNß╗ì╠ümb├á:[0m
                [36m</span>[39m
                [36m<span[39m
                  
[33mclass[39m=[32m"value"[39m
                [36m>[39m
                  [0mYBH341[0m
                [36m</span>[39m
              [36m</div>[39m
              [36m<div[39m
                [33mclass[39m=
[32m"metadata-item"[39m
              [36m>[39m
                [36m<span[39m
                  
[33mclass[39m=[32m"label"[39m
                [36m>[39m
                  
[0mOnkß╗ì╠Çw├⌐:[0m
                [36m</span>[39m
                [36m<span[39m
                  
[33mclass[39m=[32m"value"[39m
                [36m>[39m
                  [0mUnknown[0m
                [36m</span>[39m
              [36m</div>[39m
              [36m<div[39m
                [33mclass[39m=
[32m"metadata-item"[39m
              [36m>[39m
                [36m<span[39m
                  
[33mclass[39m=[32m"label"[39m
                [36m>[39m
                  
[0mAkß╗ì╠ümpose:[0m
                [36m</span>[39m
                [36m<span[39m
                  
[33mclass[39m=[32m"value"[39m
                [36m>[39m
                  [0mUnknown[0m
                [36m</span>[39m
              [36m</div>[39m
              [36m<div[39m
                [33mclass[39m=
[32m"metadata-item"[39m
              [36m>[39m
                [36m<span[39m
                  
[33mclass[39m=[32m"label"[39m
                [36m>[39m
                  [0mTune:[0m
                [36m</span>[39m
                [36m<span[39m
                  
[33mclass[39m=[32m"value"[39m
                [36m>[39m
                  [0mUnknown[0m
                [36m</span>[39m
              [36m</div>[39m
              [36m<div[39m
                [33mclass[39m=
[32m"metadata-item"[39m
              [36m>[39m
                [36m<span[39m
                  
[33mclass[39m=[32m"label"[39m
                [36m>[39m
                  [0mMeter:[0m
                [36m</span>[39m
                [36m<span[39m
                  
[33mclass[39m=[32m"value"[39m
                [36m>[39m
                  [0mS.M.[0m
                [36m</span>[39m
              [36m</div>[39m
              [36m<div[39m
                [33mclass[39m=
[32m"metadata-item"[39m
              [36m>[39m
                [36m<span[39m
                  
[33mclass[39m=[32m"label"[39m
                [36m>[39m
                  [0mKey:[0m
                [36m</span>[39m
                [36m<span[39m
                  
[33mclass[39m=[32m"value"[39m
                [36m>[39m
                  [0mUnknown[0m
                [36m</span>[39m
              [36m</div>[39m
              [36m<div[39m
                [33mclass[39m=
[32m"metadata-item"[39m
              [36m>[39m
                [36m<span[39m
                  
[33mclass[39m=[32m"label"[39m
                [36m>[39m
                  
[0mß╗îd├║n:[0m
                [36m</span>[39m
                [36m<span[39m
                  
[33mclass[39m=[32m"value"[39m
                [36m>[39m
                  
[0mTraditional[0m
                [36m</span>[39m
              [36m</div>[39m
              [36m<div[39m
                [33mclass[39m=
[32m"metadata-item"[39m
                [33mdata-type[3
9m=[32m"scripture"[39m
              [36m>[39m
                [36m<span[39m
                  
[33mclass[39m=[32m"label"[39m
                [36m>[39m
                  [0m├îw├⌐ 
M├¡mß╗ì╠ü:[0m
                [36m</span>[39m
                [36m<span[39m
                  
[33mclass[39m=[32m"value"[39m
                [36m>[39m
                  [0mUnknown[0m
                [36m</span>[39m
              [36m</div>[39m
            [36m</div>[39m
            [36m<div[39m
              [33mclass[39m=[3
2m"lyrics"[39m
              [33mstyle[39m=[3
2m"user-select: text;"[39m
            [36m>[39m
              [36m<div[39m
                [33mclass[39m=
[32m"stanza-container"[39m
                [33mstyle[39m=
[32m"margin-top: 0px; 
margin-bottom: 0px;"[39m
              [36m>[39m
                [36m<div[39m
                  [33mclass[39m
=[32m"stanza"[39m
                  [33mstyle[39m
=[32m"margin-top: 0px; 
margin-bottom: 1px;"[39m
                [36m>[39m
                  [36m<div[39m
                    [33mclass[3
9m=[32m"music-signs "[39m
                  [36m>[39m
                    [0mf[0m
                  
[36m</div>[39m
                  [36m<div[39m
                    [33mclass[3
9m=[32m"stanza-number"[39m
                  [36m>[39m
                    [0m1.[0m
                  
[36m</div>[39m
                  [36m<div[39m
                    [33mclass[3
9m=[32m"stanza-text"[39m
                  [36m>[39m
                    
[36m<div[39m
                      
[33mclass[39m=[32m"line "[39m
                      [33mstyle
[39m=[32m"margin-top: 0px; 
margin-bottom: 1px;"[39m
                    [36m>[39m
                      [0mKß╗î╠ü 
mi, Ol├║wa mi,[0m
                    
[36m</div>[39m
                  
[36m</div>[39m
                [36m</div>[39m
                [36m<div[39m
                  [33mclass[39m
=[32m"stanza"[39m
                  [33mstyle[39m
=[32m"margin-top: 0px; 
margin-bottom: 1px;"[39m
                [36m>[39m
                  [36m<div[39m
                    [33mclass[3
9m=[32m"music-signs 
transparent"[39m
                  [36m>[39m
                    [0mx[0m
                  
[36m</div>[39m
                  [36m<div[39m
                    [33mclass[3
9m=[32m"stanza-number"[39m
                  [36m/>[39m
                  [36m<div[39m
                    [33mclass[3
9m=[32m"stanza-text"[39m
                  [36m>[39m
                    
[36m<div[39m
                      
[33mclass[39m=[32m"line "[39m
                      [33mstyle
[39m=[32m"margin-top: 0px; 
margin-bottom: 1px;"[39m
                    [36m>[39m
                      [0mK├¡ 
nrΓÇÖ ß╗ìwß╗ì╠ü Rß║╣ y├¡ka,[0m
                    
[36m</div>[39m
                  
[36m</div>[39m
                [36m</div>[39m
                [36m<div[39m
                  [33mclass[39m
=[32m"stanza"[39m
                  [33mstyle[39m
=[32m"margin-top: 0px; 
margin-bottom: 1px;"[39m
                [36m>[39m
                  [36m<div[39m
                    [33mclass[3
9m=[32m"music-signs 
transparent"[39m
                  [36m>[39m
                    [0mx[0m
                  
[36m</div>[39m
                  [36m<div[39m
                    [33mclass[3
9m=[32m"stanza-number"[39m
                  [36m/>[39m
                  [36m<div[39m
                    [33mclass[3
9m=[32m"stanza-text"[39m
                  [36m>[39m
                    
[36m<div[39m
                      
[33mclass[39m=[32m"line "[39m
                      [33mstyle
[39m=[32m"margin-top: 0px; 
margin-bottom: 1px;"[39m
                    [36m>[39m
                      [0mK├¡ 
nß╣ú├¼ m├í ß╣úe ohun gbogbo,[0m
                    
[36m</div>[39m
                  
[36m</div>[39m
                [36m</div>[39m
                [36m<div[39m
                  [33mclass[39m
=[32m"stanza"[39m
                  [33mstyle[39m
=[32m"margin-top: 0px; 
margin-bottom: 1px;"[39m
                [36m>[39m
                  [36m<div[39m
                    [33mclass[3
9m=[32m"music-signs 
transparent"[39m
                  [36m>[39m
                    [0mx[0m
                  
[36m</div>[39m
                  [36m<div[39m
                    [33mclass[3
9m=[32m"stanza-number"[39m
                  [36m/>[39m
                  [36m<div[39m
                    [33mclass[3
9m=[32m"stanza-text"[39m
                  [36m>[39m
                    
[36m<div[39m
                      
[33mclass[39m=[32m"line "[39m
                      [33mstyle
[39m=[32m"margin-top: 0px; 
margin-bottom: 1px;"[39m
                    [36m>[39m
                      [0mB├¡ 
ß║╣nipe f├║n ß╗î.[0m
                    
[36m</div>[39m
                  
[36m</div>[39m
                [36m</div>[39m
              [36m</div>[39m
              [36m<div[39m
                [33mclass[39m=
[32m"stanza-break"[39m
                [33mstyle[39m=
[32m"margin-top: 0px; 
margin-bottom: 2px;"[39m
              [36m/>[39m
              [36m<div[39m
                [33mclass[39m=
[32m"stanza-container"[39m
                [33mstyle[39m=
[32m"margin-top: 0px; 
margin-bottom: 0px;"[39m
              [36m>[39m
                [36m<div[39m
                  [33mclass[39m
=[32m"stanza"[39m
                  [33mstyle[39m
=[32m"margin-top: 0px; 
margin-bottom: 1px;"[39m
                [36m>[39m
                  [36m<div[39m
                    [33mclass[3
9m=[32m"music-signs "[39m
                  [36m>[39m
                    [0mf[0m
                  
[36m</div>[39m
                  [36m<div[39m
                    [33mclass[3
9m=[32m"stanza-number"[39m
                  [36m>[39m
                    [0m2.[0m
                  
[36m</div>[39m
                  [36m<div[39m
                    [33mclass[3
9m=[32m"stanza-text"[39m
                  [36m>[39m
                    
[36m<div[39m
                      
[33mclass[39m=[32m"line "[39m
                      [33mstyle
[39m=[32m"margin-top: 0px; 
margin-bottom: 1px;"[39m
                    [36m>[39m
                      [0mGbogbo 
ay├⌐ l├¿ ß╣úe[0m
                    
[36m</div>[39m
                  
[36m</div>[39m
                [36m</div>[39m
                [36m<div[39m
                  [33mclass[39m
=[32m"stanza"[39m
                  [33mstyle[39m
=[32m"margin-top: 0px; 
margin-bottom: 1px;"[39m
                [36m>[39m
                  [36m<div[39m
                    [33mclass[3
9m=[32m"music-signs 
transparent"[39m
                  [36m>[39m
                    [0mx[0m
                  
[36m</div>[39m
                  [36m<div[39m
                    [33mclass[3
9m=[32m"stanza-number"[39m
                  [36m/>[39m
                  [36m<div[39m
                    [33mclass[3
9m=[32m"stanza-text"[39m
                  [36m>[39m
                    
[36m<div[39m
                      
[33mclass[39m=[32m"line "[39m
                      [33mstyle
[39m=[32m"margin-top: 0px; 
margin-bottom: 1px;"[39m
                    [36m>[39m
                      
[0mAl├íb├á├íp├¼n nΓÇÖnu 
Rß║╣,[0m
                    
[36m</div>[39m
                  
[36m</div>[39m
                [36m</div>[39m
                [36m<div[39m
                  [33mclass[39m
=[32m"stanza"[39m
                  [33mstyle[39m
=[32m"margin-top: 0px; 
margin-bottom: 1px;"[39m
                [36m>[39m
                  [36m<div[39m
                    [33mclass[3
9m=[32m"music-signs 
transparent"[39m
                  [36m>[39m
                    [0mx[0m
                  
[36m</div>[39m
                  [36m<div[39m
                    [33mclass[3
9m=[32m"stanza-number"[39m
                  [36m/>[39m
                  [36m<div[39m
                    [33mclass[3
9m=[32m"stanza-text"[39m
                  [36m>[39m
                    
[36m<div[39m
                      
[33mclass[39m=[32m"line "[39m
                      [33mstyle
[39m=[32m"margin-top: 0px; 
margin-bottom: 1px;"[39m
                    [36m>[39m
                      [0mK├▓ 
s├¡ iß╣úß║╣╠ü t├¡ k├▓ nΓÇÖ 
iyi,[0m
                    
[36m</div>[39m
                  
[36m</div>[39m
                [36m</div>[39m
                [36m<div[39m
                  [33mclass[39m
=[32m"stanza"[39m
                  [33mstyle[39m
=[32m"margin-top: 0px; 
margin-bottom: 1px;"[39m
                [36m>[39m
                  [36m<div[39m
                    [33mclass[3
9m=[32m"music-signs 
transparent"[39m
                  [36m>[39m
                    [0mx[0m
                  
[36m</div>[39m
                  [36m<div[39m
                    [33mclass[3
9m=[32m"stanza-number"[39m
                  [36m/>[39m
                  [36m<div[39m
                    [33mclass[3
9m=[32m"stanza-text"[39m
                  [36m>[39m
                    
[36m<div[39m
                      
[33mclass[39m=[32m"line "[39m
                      [33mstyle
[39m=[32m"margin-top: 0px; 
margin-bottom: 1px;"[39m
                    [36m>[39m
                      [0mTΓÇÖ a 
ß╣úe n├¡tor├¡ Rß║╣.[0m
                    
[36m</div>[39m
                  
[36m</div>[39m
                [36m</div>[39m
              [36m</div>[39m
              [36m<div[39m
                [33mclass[39m=
[32m"stanza-break"[39m
                [33mstyle[39m=
[32m"margin-top: 0px; 
margin-bottom: 2px;"[39m
              [36m/>[39m
              [36m<div[39m
                [33mclass[39m=
[32m"stanza-container"[39m
                [33mstyle[39m=
[32m"margin-top: 0px; 
margin-bottom: 0px;"[39m
              [36m>[39m
                [36m<div[39m
                  [33mclass[39m
=[32m"stanza"[39m
                  [33mstyle[39m
=[32m"margin-top: 0px; 
margin-bottom: 1px;"[39m
                [36m>[39m
                  [36m<div[39m
                    [33mclass[3
9m=[32m"music-signs "[39m
                  [36m>[39m
                    [0mf[0m
                  
[36m</div>[39m
                  [36m<div[39m
                    [33mclass[3
9m=[32m"stanza-number"[39m
                  [36m>[39m
                    [0m3.[0m
                  
[36m</div>[39m
                  [36m<div[39m
                    [33mclass[3
9m=[32m"stanza-text"[39m
                  [36m>[39m
                    
[36m<div[39m
                      
[33mclass[39m=[32m"line "[39m
                      [33mstyle
[39m=[32m"margin-top: 0px; 
margin-bottom: 1px;"[39m
                    [36m>[39m
                      
[0m├îtß║╣╠Çl├⌐ ├▓fin Rß║╣[0m
                    
[36m</div>[39m
                  
[36m</div>[39m
                [36m</div>[39m
                [36m<div[39m
                  [33mclass[39m
=[32m"stanza"[39m
                  [33mstyle[39m
=[32m"margin-top: 0px; 
margin-bottom: 1px;"[39m
                [36m>[39m
                  [36m<div[39m
                    [33mclass[3
9m=[32m"music-signs 
transparent"[39m
                  [36m>[39m
                    [0mx[0m
                  
[36m</div>[39m
                  [36m<div[39m
                    [33mclass[3
9m=[32m"stanza-number"[39m
                  [36m/>[39m
                  [36m<div[39m
                    [33mclass[3
9m=[32m"stanza-text"[39m
                  [36m>[39m
                    
[36m<div[39m
                      
[33mclass[39m=[32m"line "[39m
                      [33mstyle
[39m=[32m"margin-top: 0px; 
margin-bottom: 1px;"[39m
                    [36m>[39m
                      [0mM├║ 
ΓÇÿß╣úß║╣╠ü as├ín lΓÇÖ ├▓go,[0m
                    
[36m</div>[39m
                  
[36m</div>[39m
                [36m</div>[39m
                [36m<div[39m
                  [33mclass[39m
=[32m"stanza"[39m
                  [33mstyle[39m
=[32m"margin-top: 0px; 
margin-bottom: 1px;"[39m
                [36m>[39m
                  [36m<div[39m
                    [33mclass[3
9m=[32m"music-signs 
transparent"[39m
                  [36m>[39m
                    [0mx[0m
                  
[36m</div>[39m
                  [36m<div[39m
                    [33mclass[3
9m=[32m"stanza-number"[39m
                  [36m/>[39m
                  [36m<div[39m
                    [33mclass[3
9m=[32m"stanza-text"[39m
                  [36m>[39m
                    
[36m<div[39m
                      
[33mclass[39m=[32m"line "[39m
                      [33mstyle
[39m=[32m"margin-top: 0px; 
margin-bottom: 1px;"[39m
                    [36m>[39m
                      
[0m├îß╣úß║╣╠ü nΓÇÖ iyi, ├│ nΓÇÖ 
├¼b├╣k├║n,[0m
                    
[36m</div>[39m
                  
[36m</div>[39m
                [36m</div>[39m
                [36m<div[39m
                  [33mclass[39m
=[32m"stanza"[39m
                  [33mstyle[39m
=[32m"margin-top: 0px; 
margin-bottom: 1px;"[39m
                [36m>[39m
                  [36m<div[39m
                    [33mclass[3
9m=[32m"music-signs 
transparent"[39m
                  [36m>[39m
                    [0mx[0m
                  
[36m</div>[39m
                  [36m<div[39m
                    [33mclass[3
9m=[32m"stanza-number"[39m
                  [36m/>[39m
                  [36m<div[39m
                    [33mclass[3
9m=[32m"stanza-text"[39m
                  [36m>[39m
                    
[36m<div[39m
                      
[33mclass[39m=[32m"line "[39m
                      [33mstyle
[39m=[32m"margin-top: 0px; 
margin-bottom: 1px;"[39m
                    [36m>[39m
                      [0mTΓÇÖ 
├│ nΓÇÖ ir├║ ΓÇÿp├¼lß║╣╠Ç 
y├¼├¡.[0m
                    
[36m</div>[39m
                  
[36m</div>[39m
                [36m</div>[39m
              [36m</div>[39m
            [36m</div>[39m
            [36m<div[39m
              [33mclass[39m=[3
2m"hymn-history"[39m
            [36m>[39m
              [36m<h3>[39m
                [0m├ît├án[0m
              [36m</h3>[39m
              [36m<p>[39m
                [0mTraditional 
Yoruba hymn about doing 
everything for God.[0m
              [36m</p>[39m
            [36m</div>[39m
          [36m</div>[39m
          [36m<div[39m
            [33mclass[39m=[32m
"highlight-toolbar "[39m
          [36m>[39m
            [36m<div[39m
              [33mclass[39m=[3
2m"color-picker-title"[39m
            [36m>[39m
              [0mYan ├Çwß╗ì╠Ç 
Underline[0m
            [36m</div>[39m
            [36m<div[39m
              [33mclass[39m=[3
2m"color-grid"[39m
            [36m>[39m
              [36m<button[39m
                [33mclass[39m=
[32m"color-button yellow 
active"[39m
                [33mdata-color[
39m=[32m"Yellow"[39m
                
[33mtitle[39m=[32m"Yellow 
underline"[39m
              [36m/>[39m
              [36m<button[39m
                [33mclass[39m=
[32m"color-button red "[39m
                [33mdata-color[
39m=[32m"Red"[39m
                
[33mtitle[39m=[32m"Red 
underline"[39m
              [36m/>[39m
              [36m<button[39m
                [33mclass[39m=
[32m"color-button blue "[39m
                [33mdata-color[
39m=[32m"Blue"[39m
                
[33mtitle[39m=[32m"Blue 
underline"[39m
              [36m/>[39m
              [36m<button[39m
                [33mclass[39m=
[32m"color-button orange "[39m
                [33mdata-color[
39m=[32m"Orange"[39m
                
[33mtitle[39m=[32m"Orange 
underline"[39m
              [36m/>[39m
              [36m<button[39m
                [33mclass[39m=
[32m"color-button ash "[39m
                [33mdata-color[
39m=[32m"Ash"[39m
                
[33mtitle[39m=[32m"Ash 
underline"[39m
              [36m/>[39m
              [36m<button[39m
                [33mclass[39m=
[32m"color-button black "[39m
                [33mdata-color[
39m=[32m"Black"[39m
                
[33mtitle[39m=[32m"Black 
underline"[39m
              [36m/>[39m
            [36m</div>[39m
            [36m<div[39m
              [33mclass[39m=[3
2m"undo-redo-buttons"[39m
            [36m>[39m
              [36m<button[39m
                [33mclass[39m=
[32m"undo-redo-button"[39m
                
[33mdisabled[39m=[32m""[39m
                
[33mtitle[39m=[32m"Pad├á 
sß║╣╠üy├¼n"[39m
              [36m>[39m
                [36m<span[39m
                  
[33mclass[39m=[32m"icon"[39m
                [36m>[39m
                  [0mΓå⌐[0m
                [36m</span>[39m
                [0m Pad├á[0m
              [36m</button>[39m
              [36m<button[39m
                [33mclass[39m=
[32m"undo-redo-button"[39m
                
[33mdisabled[39m=[32m""[39m
                
[33mtitle[39m=[32m"T├║n 
ß╣úe"[39m
              [36m>[39m
                [36m<span[39m
                  
[33mclass[39m=[32m"icon"[39m
                [36m>[39m
                  [0mΓå¬[0m
                [36m</span>[39m
                [0m T├║n 
ß╣úe[0m
              [36m</button>[39m
            [36m</div>[39m
          [36m</div>[39m
        [36m</div>[39m
      [36m</div>[39m
    [36m</body>[39m

    [0m [90m 31 |[39m
     [90m 32 |[39m             
[90m// Check title (ignoring 
case for flexibility)[39m
    [31m[1m>[22m[39m[90m 33 
|[39m             
[36mconst[39m titleElement 
[33m=[39m screen[33m.[39mgetB
yText([36mnew[39m [33mRegExp[
39m(title[33m,[39m 
[32m'i'[39m))[33m;[39m
     [90m    |[39m             
                            
[31m[1m^[22m[39m
     [90m 34 |[39m             
expect(titleElement)[33m.[39mto
BeInTheDocument()[33m;[39m
     [90m 35 |[39m
     [90m 36 |[39m             
[90m// Check for presence of 
"Yoruba Baptist Hymnal"[39m[0m

      at Object.getElementError (
node_modules/@testing-library/rea
ct/node_modules/@testing-library/
dom/dist/config.js:37:19)
      at getElementError (node_mo
dules/@testing-library/react/node
_modules/@testing-library/dom/dis
t/query-helpers.js:20:35)
      at 
getMultipleElementsFoundError (no
de_modules/@testing-library/react
/node_modules/@testing-library/do
m/dist/query-helpers.js:23:10)
      at node_modules/@testing-li
brary/react/node_modules/@testing
-library/dom/dist/query-helpers.j
s:55:13
      at getByText (node_modules/
@testing-library/react/node_modul
es/@testing-library/dom/dist/quer
y-helpers.js:95:19)
      at Object.<anonymous> (src/
components/VerifyYorubaHymns_341_
400.test.js:33:41)

  ΓùÅ YorubaHymnDetail 
Verification (Hymns 341-400) ΓÇ║ 
renders hymn 350 correctly

    TestingLibraryElementError: 
Found multiple elements with the 
role "generic" and name ""

    Here are the matching 
elements:

    Ignored nodes: comments, 
script, style
    [36m<div>[39m
      [36m<div[39m
        [33mclass[39m=[32m"hym
n-detail-page 
theme-undefined"[39m
      [36m>[39m
        [36m<div[39m
          [33mclass[39m=[32m"h
eader-top-row"[39m
        [36m>[39m
          [36m<div[39m
            [33mclass[39m=[32m
"header-spacer"[39m
          [36m/>[39m
        [36m</div>[39m
        [36m<div[39m
          [33mclass[39m=[32m"h
ymn-topic-section"[39m
        [36m>[39m
          [36m<h1>[39m
            [0mJ├⌐s├╣ W├¡p├⌐ 
KΓÇÖ ├ü M├í ß╣óß╗ì╠üra[0m
          [36m</h1>[39m
          [36m<div[39m
            [33mclass[39m=[32m
"hymn-topic"[39m
          [36m>[39m
            
[0m├îy├ás├¡m├¡mß╗ì╠ü[0m
          [36m</div>[39m
          [36m<div[39m
            [33mclass[39m=[32m
"hymn-source"[39m
          [36m>[39m
            [0mYoruba Baptist 
Hymnal[0m
          [36m</div>[39m
        [36m</div>[39m
        [36m<div[39m
          [33mclass[39m=[32m"h
ymn-content"[39m
        [36m>[39m
          [36m<div[39m
            [33mclass[39m=[32m
"navigation-arrows"[39m
          [36m>[39m
            [36m<button[39m
              
[33mclass[39m=[32m"nav-arrow 
prev-arrow"[39m
            [36m>[39m
              [36m<span[39m
                
[33mclass[39m=[32m"icon"[39m
              [36m>[39m
                [0mΓåÉ[0m
              [36m</span>[39m
            [36m</button>[39m
            [36m<button[39m
              
[33mclass[39m=[32m"nav-arrow 
next-arrow"[39m
            [36m>[39m
              [36m<span[39m
                
[33mclass[39m=[32m"icon"[39m
              [36m>[39m
                [0mΓåÆ[0m
              [36m</span>[39m
            [36m</button>[39m
          [36m</div>[39m
          [36m<div[39m
            [33mclass[39m=[32m
"floating-share"[39m
          [36m>[39m
            [36m<button[39m
              
[33maria-label[39m=[32m"P├¡n 
orin"[39m
              [33mclass[39m=[3
2m"share-button"[39m
            [36m>[39m
              [36m<span[39m
                
[33mclass[39m=[32m"icon"[39m
              [36m>[39m
                [0mΓåù∩╕Å[0m
              [36m</span>[39m
            [36m</button>[39m
          [36m</div>[39m
          [36m<div[39m
            [33mclass[39m=[32m
"metadata-box"[39m
          [36m>[39m
            [36m<div[39m
              [33mclass[39m=[3
2m"metadata-item"[39m
            [36m>[39m
              [36m<span[39m
                
[33mclass[39m=[32m"label"[39m
              [36m>[39m
                
[0mNß╗ì╠ümb├á:[0m
              [36m</span>[39m
              [36m<span[39m
                
[33mclass[39m=[32m"value"[39m
              [36m>[39m
                [0mYBH350[0m
              [36m</span>[39m
            [36m</div>[39m
            [36m<div[39m
              [33mclass[39m=[3
2m"metadata-item"[39m
            [36m>[39m
              [36m<span[39m
                
[33mclass[39m=[32m"label"[39m
              [36m>[39m
                
[0mOnkß╗ì╠Çw├⌐:[0m
              [36m</span>[39m
              [36m<span[39m
                
[33mclass[39m=[32m"value"[39m
              [36m>[39m
                [0mUnknown[0m
              [36m</span>[39m
            [36m</div>[39m
            [36m<div[39m
              [33mclass[39m=[3
2m"metadata-item"[39m
            [36m>[39m
              [36m<span[39m
                
[33mclass[39m=[32m"label"[39m
              [36m>[39m
                
[0mAkß╗ì╠ümpose:[0m
              [36m</span>[39m
              [36m<span[39m
                
[33mclass[39m=[32m"value"[39m
              [36m>[39m
                [0mUnknown[0m
              [36m</span>[39m
            [36m</div>[39m
            [36m<div[39m
              [33mclass[39m=[3
2m"metadata-item"[39m
            [36m>[39m
              [36m<span[39m
                
[33mclass[39m=[32m"label"[39m
              [36m>[39m
                [0mTune:[0m
              [36m</span>[39m
              [36m<span[39m
                
[33mclass[39m=[32m"value"[39m
              [36m>[39m
                [0mUnknown[0m
              [36m</span>[39m
            [36m</div>[39m
            [36m<div[39m
              [33mclass[39m=[3
2m"metadata-item"[39m
            [36m>[39m
              [36m<span[39m
                
[33mclass[39m=[32m"label"[39m
              [36m>[39m
                [0mMeter:[0m
              [36m</span>[39m
              [36m<span[39m
                
[33mclass[39m=[32m"value"[39m
              [36m>[39m
                [0m8.6.8.6[0m
              [36m</span>[39m
            [36m</div>[39m
            [36m<div[39m
              [33mclass[39m=[3
2m"metadata-item"[39m
            [36m>[39m
              [36m<span[39m
                
[33mclass[39m=[32m"label"[39m
              [36m>[39m
                [0mKey:[0m
              [36m</span>[39m
              [36m<span[39m
                
[33mclass[39m=[32m"value"[39m
              [36m>[39m
                [0mUnknown[0m
              [36m</span>[39m
            [36m</div>[39m
            [36m<div[39m
              [33mclass[39m=[3
2m"metadata-item"[39m
            [36m>[39m
              [36m<span[39m
                
[33mclass[39m=[32m"label"[39m
              [36m>[39m
                [0mß╗îd├║n:[0m
              [36m</span>[39m
              [36m<span[39m
                
[33mclass[39m=[32m"value"[39m
              [36m>[39m
                
[0mTraditional[0m
              [36m</span>[39m
            [36m</div>[39m
            [36m<div[39m
              [33mclass[39m=[3
2m"metadata-item"[39m
              [33mdata-type[39m
=[32m"scripture"[39m
            [36m>[39m
              [36m<span[39m
                
[33mclass[39m=[32m"label"[39m
              [36m>[39m
                [0m├îw├⌐ 
M├¡mß╗ì╠ü:[0m
              [36m</span>[39m
              [36m<span[39m
                
[33mclass[39m=[32m"value"[39m
              [36m>[39m
                [0mUnknown[0m
              [36m</span>[39m
            [36m</div>[39m
          [36m</div>[39m
          [36m<div[39m
            [33mclass[39m=[32m
"lyrics"[39m
            [33mstyle[39m=[32m
"user-select: text;"[39m
          [36m>[39m
            [36m<div[39m
              [33mclass[39m=[3
2m"stanza-container"[39m
              [33mstyle[39m=[3
2m"margin-top: 0px; 
margin-bottom: 0px;"[39m
            [36m>[39m
              [36m<div[39m
                [33mclass[39m=
[32m"stanza"[39m
                [33mstyle[39m=
[32m"margin-top: 0px; 
margin-bottom: 1px;"[39m
              [36m>[39m
                [36m<div[39m
                  [33mclass[39m
=[32m"music-signs "[39m
                [36m>[39m
                  [0mf[0m
                [36m</div>[39m
                [36m<div[39m
                  [33mclass[39m
=[32m"stanza-number"[39m
                [36m>[39m
                  [0m1.[0m
                [36m</div>[39m
                [36m<div[39m
                  [33mclass[39m
=[32m"stanza-text"[39m
                [36m>[39m
                  [36m<div[39m
                    
[33mclass[39m=[32m"line "[39m
                    [33mstyle[3
9m=[32m"margin-top: 0px; 
margin-bottom: 1px;"[39m
                  [36m>[39m
                    [0mJ├ëS├Ö 
w├¡p├⌐ kΓÇÖ a m├í ß╣úß╗ì╠üra[0m
                  
[36m</div>[39m
                [36m</div>[39m
              [36m</div>[39m
              [36m<div[39m
                [33mclass[39m=
[32m"stanza"[39m
                [33mstyle[39m=
[32m"margin-top: 0px; 
margin-bottom: 1px;"[39m
              [36m>[39m
                [36m<div[39m
                  [33mclass[39m
=[32m"music-signs 
transparent"[39m
                [36m...

    Ignored nodes: comments, 
script, style
    [36m<div[39m
      [33mclass[39m=[32m"hymn-
detail-page theme-undefined"[39m
    [36m>[39m
      [36m<div[39m
        [33mclass[39m=[32m"hea
der-top-row"[39m
      [36m>[39m
        [36m<div[39m
          [33mclass[39m=[32m"h
eader-spacer"[39m
        [36m/>[39m
      [36m</div>[39m
      [36m<div[39m
        [33mclass[39m=[32m"hym
n-topic-section"[39m
      [36m>[39m
        [36m<h1>[39m
          [0mJ├⌐s├╣ W├¡p├⌐ KΓÇÖ 
├ü M├í ß╣óß╗ì╠üra[0m
        [36m</h1>[39m
        [36m<div[39m
          [33mclass[39m=[32m"h
ymn-topic"[39m
        [36m>[39m
          
[0m├îy├ás├¡m├¡mß╗ì╠ü[0m
        [36m</div>[39m
        [36m<div[39m
          [33mclass[39m=[32m"h
ymn-source"[39m
        [36m>[39m
          [0mYoruba Baptist 
Hymnal[0m
        [36m</div>[39m
      [36m</div>[39m
      [36m<div[39m
        [33mclass[39m=[32m"hym
n-content"[39m
      [36m>[39m
        [36m<div[39m
          [33mclass[39m=[32m"n
avigation-arrows"[39m
        [36m>[39m
          [36m<button[39m
            
[33mclass[39m=[32m"nav-arrow 
prev-arrow"[39m
          [36m>[39m
            [36m<span[39m
              
[33mclass[39m=[32m"icon"[39m
            [36m>[39m
              [0mΓåÉ[0m
            [36m</span>[39m
          [36m</button>[39m
          [36m<button[39m
            
[33mclass[39m=[32m"nav-arrow 
next-arrow"[39m
          [36m>[39m
            [36m<span[39m
              
[33mclass[39m=[32m"icon"[39m
            [36m>[39m
              [0mΓåÆ[0m
            [36m</span>[39m
          [36m</button>[39m
        [36m</div>[39m
        [36m<div[39m
          [33mclass[39m=[32m"f
loating-share"[39m
        [36m>[39m
          [36m<button[39m
            
[33maria-label[39m=[32m"P├¡n 
orin"[39m
            [33mclass[39m=[32m
"share-button"[39m
          [36m>[39m
            [36m<span[39m
              
[33mclass[39m=[32m"icon"[39m
            [36m>[39m
              [0mΓåù∩╕Å[0m
            [36m</span>[39m
          [36m</button>[39m
        [36m</div>[39m
        [36m<div[39m
          [33mclass[39m=[32m"m
etadata-box"[39m
        [36m>[39m
          [36m<div[39m
            [33mclass[39m=[32m
"metadata-item"[39m
          [36m>[39m
            [36m<span[39m
              
[33mclass[39m=[32m"label"[39m
            [36m>[39m
              [0mNß╗ì╠ümb├á:[0m
            [36m</span>[39m
            [36m<span[39m
              
[33mclass[39m=[32m"value"[39m
            [36m>[39m
              [0mYBH350[0m
            [36m</span>[39m
          [36m</div>[39m
          [36m<div[39m
            [33mclass[39m=[32m
"metadata-item"[39m
          [36m>[39m
            [36m<span[39m
              
[33mclass[39m=[32m"label"[39m
            [36m>[39m
              
[0mOnkß╗ì╠Çw├⌐:[0m
            [36m</span>[39m
            [36m<span[39m
              
[33mclass[39m=[32m"value"[39m
            [36m>[39m
              [0mUnknown[0m
            [36m</span>[39m
          [36m</div>[39m
          [36m<div[39m
            [33mclass[39m=[32m
"metadata-item"[39m
          [36m>[39m
            [36m<span[39m
              
[33mclass[39m=[32m"label"[39m
            [36m>[39m
              
[0mAkß╗ì╠ümpose:[0m
            [36m</span>[39m
            [36m<span[39m
              
[33mclass[39m=[32m"value"[39m
            [36m>[39m
              [0mUnknown[0m
            [36m</span>[39m
          [36m</div>[39m
          [36m<div[39m
            [33mclass[39m=[32m
"metadata-item"[39m
          [36m>[39m
            [36m<span[39m
              
[33mclass[39m=[32m"label"[39m
            [36m>[39m
              [0mTune:[0m
            [36m</span>[39m
            [36m<span[39m
              
[33mclass[39m=[32m"value"[39m
            [36m>[39m
              [0mUnknown[0m
            [36m</span>[39m
          [36m</div>[39m
          [36m<div[39m
            [33mclass[39m=[32m
"metadata-item"[39m
          [36m>[39m
            [36m<span[39m
              
[33mclass[39m=[32m"label"[39m
            [36m>[39m
              [0mMeter:[0m
            [36m</span>[39m
            [36m<span[39m
              
[33mclass[39m=[32m"value"[39m
            [36m>[39m
              [0m8.6.8.6[0m
            [36m</span>[39m
          [36m</div>[39m
          [36m<div[39m
            [33mclass[39m=[32m
"metadata-item"[39m
          [36m>[39m
            [36m<span[39m
              
[33mclass[39m=[32m"label"[39m
            [36m>[39m
              [0mKey:[0m
            [36m</span>[39m
            [36m<span[39m
              
[33mclass[39m=[32m"value"[39m
            [36m>[39m
              [0mUnknown[0m
            [36m</span>[39m
          [36m</div>[39m
          [36m<div[39m
            [33mclass[39m=[32m
"metadata-item"[39m
          [36m>[39m
            [36m<span[39m
              
[33mclass[39m=[32m"label"[39m
            [36m>[39m
              [0mß╗îd├║n:[0m
            [36m</span>[39m
            [36m<span[39m
              
[33mclass[39m=[32m"value"[39m
            [36m>[39m
              [0mTraditional[0m
            [36m</span>[39m
          [36m</div>[39m
          [36m<div[39m
            [33mclass[39m=[32m
"metadata-item"[39m
            [33mdata-type[39m=
[32m"scripture"[39m
          [36m>[39m
            [36m<span[39m
              
[33mclass[39m=[32m"label"[39m
            [36m>[39m
              [0m├îw├⌐ 
M├¡mß╗ì╠ü:[0m
            [36m</span>[39m
            [36m<span[39m
              
[33mclass[39m=[32m"value"[39m
            [36m>[39m
              [0mUnknown[0m
            [36m</span>[39m
          [36m</div>[39m
        [36m</div>[39m
        [36m<div[39m
          [33mclass[39m=[32m"l
yrics"[39m
          [33mstyle[39m=[32m"u
ser-select: text;"[39m
        [36m>[39m
          [36m<div[39m
            [33mclass[39m=[32m
"stanza-container"[39m
            [33mstyle[39m=[32m
"margin-top: 0px; margin-bottom: 
0px;"[39m
          [36m>[39m
            [36m<div[39m
              [33mclass[39m=[3
2m"stanza"[39m
              [33mstyle[39m=[3
2m"margin-top: 0px; 
margin-bottom: 1px;"[39m
            [36m>[39m
              [36m<div[39m
                [33mclass[39m=
[32m"music-signs "[39m
              [36m>[39m
                [0mf[0m
              [36m</div>[39m
              [36m<div[39m
                [33mclass[39m=
[32m"stanza-number"[39m
              [36m>[39m
                [0m1.[0m
              [36m</div>[39m
              [36m<div[39m
                [33mclass[39m=
[32m"stanza-text"[39m
              [36m>[39m
                [36m<div[39m
                  
[33mclass[39m=[32m"line "[39m
                  [33mstyle[39m
=[32m"margin-top: 0px; 
margin-bottom: 1px;"[39m
                [36m>[39m
                  [0mJ├ëS├Ö 
w├¡p├⌐ kΓÇÖ a m├í ß╣úß╗ì╠üra[0m
                [36m</div>[39m
              [36m</div>[39m
            [36m</div>[39m
            [36m<div[39m
              [33mclass[39m=[3
2m"stanza"[39m
              [33mstyle[39m=[3
2m"margin-top: 0px; 
margin-bottom: 1px;"[39m
            [36m>[39m
              [36m<div[39m
                [33mclass[39m=
[32m"music-signs 
transparent"[39m
              [36m>[39m
                [0mx[0m
              [36m</div>[39m
              [36m<div[39m
                [33mclass[39m=
[32m"stanza-number"[39m
              [36m/>[39m
              [36m<div[39m
                [33mclass[39m=
[32m"stanza-text"[39m
              [36m>[39m
                [36m<div[39m
                  
[33mclass[39m=[32m"line "[39m
                  [33mstyle[39m
=[32m"margin-top: 0px; 
margin-bottom: 1px;"[39m
                [36m>[39m
                  [0mN├¡ 
w├ík├át├¡...

    Ignored nodes: comments, 
script, style
    [36m<div[39m
      [33mclass[39m=[32m"heade
r-top-row"[39m
    [36m>[39m
      [36m<div[39m
        [33mclass[39m=[32m"hea
der-spacer"[39m
      [36m/>[39m
    [36m</div>[39m

    Ignored nodes: comments, 
script, style
    [36m<div[39m
      [33mclass[39m=[32m"heade
r-spacer"[39m
    [36m/>[39m

    Ignored nodes: comments, 
script, style
    [36m<div[39m
      [33mclass[39m=[32m"hymn-
topic-section"[39m
    [36m>[39m
      [36m<h1>[39m
        [0mJ├⌐s├╣ W├¡p├⌐ KΓÇÖ 
├ü M├í ß╣óß╗ì╠üra[0m
      [36m</h1>[39m
      [36m<div[39m
        [33mclass[39m=[32m"hym
n-topic"[39m
      [36m>[39m
        [0m├îy├ás├¡m├¡mß╗ì╠ü[0m
      [36m</div>[39m
      [36m<div[39m
        [33mclass[39m=[32m"hym
n-source"[39m
      [36m>[39m
        [0mYoruba Baptist 
Hymnal[0m
      [36m</div>[39m
    [36m</div>[39m

    Ignored nodes: comments, 
script, style
    [36m<div[39m
      [33mclass[39m=[32m"hymn-
topic"[39m
    [36m>[39m
      [0m├îy├ás├¡m├¡mß╗ì╠ü[0m
    [36m</div>[39m

    Ignored nodes: comments, 
script, style
    [36m<div[39m
      [33mclass[39m=[32m"hymn-
source"[39m
    [36m>[39m
      [0mYoruba Baptist 
Hymnal[0m
    [36m</div>[39m

    Ignored nodes: comments, 
script, style
    [36m<div[39m
      [33mclass[39m=[32m"hymn-
content"[39m
    [36m>[39m
      [36m<div[39m
        [33mclass[39m=[32m"nav
igation-arrows"[39m
      [36m>[39m
        [36m<button[39m
          
[33mclass[39m=[32m"nav-arrow 
prev-arrow"[39m
        [36m>[39m
          [36m<span[39m
            
[33mclass[39m=[32m"icon"[39m
          [36m>[39m
            [0mΓåÉ[0m
          [36m</span>[39m
        [36m</button>[39m
        [36m<button[39m
          
[33mclass[39m=[32m"nav-arrow 
next-arrow"[39m
        [36m>[39m
          [36m<span[39m
            
[33mclass[39m=[32m"icon"[39m
          [36m>[39m
            [0mΓåÆ[0m
          [36m</span>[39m
        [36m</button>[39m
      [36m</div>[39m
      [36m<div[39m
        [33mclass[39m=[32m"flo
ating-share"[39m
      [36m>[39m
        [36m<button[39m
          
[33maria-label[39m=[32m"P├¡n 
orin"[39m
          [33mclass[39m=[32m"s
hare-button"[39m
        [36m>[39m
          [36m<span[39m
            
[33mclass[39m=[32m"icon"[39m
          [36m>[39m
            [0mΓåù∩╕Å[0m
          [36m</span>[39m
        [36m</button>[39m
      [36m</div>[39m
      [36m<div[39m
        [33mclass[39m=[32m"met
adata-box"[39m
      [36m>[39m
        [36m<div[39m
          [33mclass[39m=[32m"m
etadata-item"[39m
        [36m>[39m
          [36m<span[39m
            
[33mclass[39m=[32m"label"[39m
          [36m>[39m
            [0mNß╗ì╠ümb├á:[0m
          [36m</span>[39m
          [36m<span[39m
            
[33mclass[39m=[32m"value"[39m
          [36m>[39m
            [0mYBH350[0m
          [36m</span>[39m
        [36m</div>[39m
        [36m<div[39m
          [33mclass[39m=[32m"m
etadata-item"[39m
        [36m>[39m
          [36m<span[39m
            
[33mclass[39m=[32m"label"[39m
          [36m>[39m
            [0mOnkß╗ì╠Çw├⌐:[0m
          [36m</span>[39m
          [36m<span[39m
            
[33mclass[39m=[32m"value"[39m
          [36m>[39m
            [0mUnknown[0m
          [36m</span>[39m
        [36m</div>[39m
        [36m<div[39m
          [33mclass[39m=[32m"m
etadata-item"[39m
        [36m>[39m
          [36m<span[39m
            
[33mclass[39m=[32m"label"[39m
          [36m>[39m
            [0mAkß╗ì╠ümpose:[0m
          [36m</span>[39m
          [36m<span[39m
            
[33mclass[39m=[32m"value"[39m
          [36m>[39m
            [0mUnknown[0m
          [36m</span>[39m
        [36m</div>[39m
        [36m<div[39m
          [33mclass[39m=[32m"m
etadata-item"[39m
        [36m>[39m
          [36m<span[39m
            
[33mclass[39m=[32m"label"[39m
          [36m>[39m
            [0mTune:[0m
          [36m</span>[39m
          [36m<span[39m
            
[33mclass[39m=[32m"value"[39m
          [36m>[39m
            [0mUnknown[0m
          [36m</span>[39m
        [36m</div>[39m
        [36m<div[39m
          [33mclass[39m=[32m"m
etadata-item"[39m
        [36m>[39m
          [36m<span[39m
            
[33mclass[39m=[32m"label"[39m
          [36m>[39m
            [0mMeter:[0m
          [36m</span>[39m
          [36m<span[39m
            
[33mclass[39m=[32m"value"[39m
          [36m>[39m
            [0m8.6.8.6[0m
          [36m</span>[39m
        [36m</div>[39m
        [36m<div[39m
          [33mclass[39m=[32m"m
etadata-item"[39m
        [36m>[39m
          [36m<span[39m
            
[33mclass[39m=[32m"label"[39m
          [36m>[39m
            [0mKey:[0m
          [36m</span>[39m
          [36m<span[39m
            
[33mclass[39m=[32m"value"[39m
          [36m>[39m
            [0mUnknown[0m
          [36m</span>[39m
        [36m</div>[39m
        [36m<div[39m
          [33mclass[39m=[32m"m
etadata-item"[39m
        [36m>[39m
          [36m<span[39m
            
[33mclass[39m=[32m"label"[39m
          [36m>[39m
            [0mß╗îd├║n:[0m
          [36m</span>[39m
          [36m<span[39m
            
[33mclass[39m=[32m"value"[39m
          [36m>[39m
            [0mTraditional[0m
          [36m</span>[39m
        [36m</div>[39m
        [36m<div[39m
          [33mclass[39m=[32m"m
etadata-item"[39m
          [33mdata-type[39m=[3
2m"scripture"[39m
        [36m>[39m
          [36m<span[39m
            
[33mclass[39m=[32m"label"[39m
          [36m>[39m
            [0m├îw├⌐ 
M├¡mß╗ì╠ü:[0m
          [36m</span>[39m
          [36m<span[39m
            
[33mclass[39m=[32m"value"[39m
          [36m>[39m
            [0mUnknown[0m
          [36m</span>[39m
        [36m</div>[39m
      [36m</div>[39m
      [36m<div[39m
        [33mclass[39m=[32m"lyr
ics"[39m
        [33mstyle[39m=[32m"use
r-select: text;"[39m
      [36m>[39m
        [36m<div[39m
          [33mclass[39m=[32m"s
tanza-container"[39m
          [33mstyle[39m=[32m"m
argin-top: 0px; margin-bottom: 
0px;"[39m
        [36m>[39m
          [36m<div[39m
            [33mclass[39m=[32m
"stanza"[39m
            [33mstyle[39m=[32m
"margin-top: 0px; margin-bottom: 
1px;"[39m
          [36m>[39m
            [36m<div[39m
              [33mclass[39m=[3
2m"music-signs "[39m
            [36m>[39m
              [0mf[0m
            [36m</div>[39m
            [36m<div[39m
              [33mclass[39m=[3
2m"stanza-number"[39m
            [36m>[39m
              [0m1.[0m
            [36m</div>[39m
            [36m<div[39m
              [33mclass[39m=[3
2m"stanza-text"[39m
            [36m>[39m
              [36m<div[39m
                
[33mclass[39m=[32m"line "[39m
                [33mstyle[39m=
[32m"margin-top: 0px; 
margin-bottom: 1px;"[39m
              [36m>[39m
                [0mJ├ëS├Ö 
w├¡p├⌐ kΓÇÖ a m├í ß╣úß╗ì╠üra[0m
              [36m</div>[39m
            [36m</div>[39m
          [36m</div>[39m
          [36m<div[39m
            [33mclass[39m=[32m
"stanza"[39m
            [33mstyle[39m=[32m
"margin-top: 0px; margin-bottom: 
1px;"[39m
          [36m>[39m
            [36m<div[39m
              [33mclass[39m=[3
2m"music-signs transparent"[39m
            [36m>[39m
              [0mx[0m
            [36m</div>[39m
            [36m<div[39m
              [33mclass[39m=[3
2m"stanza-number"[39m
            [36m/>[39m
            [36m<div[39m
              [33mclass[39m=[3
2m"stanza-text"[39m
            [36m>[39m
              [36m<div[39m
                
[33mclass[39m=[32m"line "[39m
                [33mstyle[39m=
[32m"margin-top: 0px; 
margin-bottom: 1px;"[39m
              [36m>[39m
                [0mN├¡ 
w├ík├át├¡ gbogbo,[0m
              [36m</div>[39m
            [36m</div>[39m
          [36m</div>[39m
          [36m<div[39m
            [33mclass[39m=[32m
"stanza"[39m
            [33mstyle[39m=[32m
"margin-top: 0px; margin-bottom: 
1px;"[39m
          [36m>[39m
            [36m<div[39m
              [33mclass[39m=[3
2m"music-signs transparent"[39m
            [36m>[39m
              [0mx[0m
            [36m</div>[39m
            [36m<div[39m
              [33mclass[39m=[3
2m"stanza-number"[39m
            [36m/>[39m
            [36m<div[39m
              [33mclass[39m=[3
2m"stanza-text"[39m
            [36m>[39m
              [36m<div[39m
                
[33mclass[39m=[32m"line "[39m
                [33mstyle[39m=
[32m"margin-top: 0px; 
margin-bottom: 1px;"[39m
              [36m>[39m
                [0m├ô s├¼ 
┼äfΓÇÖ ß║╣╠Çm├¡ ├¼sß╗ìj├¡ 
f├║n[0m
              [36m</div>[39m
            [36m</div>[39m
          [36m</div>[39m
          [36m<div[39m
            [33mclass[39m=[32m
"stanza"[39m
            [33mstyle[39m=[32m
"margin-top: 0px; margin-bottom: 
1px;"[39m
          [36m>[39m
            [36m<div[39m
              [33mclass[39m=[3
2m"music-signs transparent"[39m
            [36m>[39m
              [0mx[0m
            [36m</div>[39m
            [36m<div[39m
              [33mclass[39m=[3
2m"stanza-number"[39m
            [36m/>[39m
            [36m<div[39m
              [33mclass[39m=[3
2m"stanza-text"[39m
            [36m>[39m
              [36m<div[39m
                
[33mclass[39m=[32m"line "[39m
                [33mstyle[39m=
[32m"margin-top: 0px; 
margin-bottom: 1px;"[39m
              [36m>[39m
                [0m├Çwß╗ìn tΓÇÖ 
├│ ┼äb├¿r├¿ rß║╣╠Ç.[0m
              [36m</div>[39m
            [36m</div>[39m
          [36m</div>[39m
        [36m</div>[39m
        [36m<div[39m
          [33mclass[39m=[32m"s
tanza-break"[39m
          [33mstyle[39m=[32m"m
argin-top: 0px; margin-bottom: 
2px;"[39m
        [36m/>[39m
        [36m<div[39m
          [33mclass[39m=[32m"s
tanza-container"[39m
          [33mstyle[39m=[32m"m
argin-top: 0px; margin-bottom: 
0px;"[39m
        [36m>[39m
          [36m<div[39m
            [33mclass[39m=[32m
"stanza"[39m
            [33mstyle[39m=[32m
"margin-top: 0px; margin-bottom: 
1px;"[39m
          [36m>[39m
            [36m<div[39m
              [33mclass[39m=[3
2m"music-signs "[39m
            [36m>[39m
              [0mf[0m
            [36m</div>[39m
            [36m<div[39m
              [33mclass[39m=[3
2m"stanza-number"[39m
            [36m>[39m
              [0m2.[0m
            [36m</div>[39m
            [36m<div[39m
              [33mclass[39m=[3
2m"stanza-text"[39m
            [36m>[39m
              [36m<div[39m
                
[33mclass[39m=[32m"line "[39m
                [33mstyle[39m=
[32m"margin-top: 0px; 
margin-bottom: 1px;"[39m
              [36m>[39m
                [0mJ├ëS├Ö 
w├¡p├⌐ k├í m├í gbΓÇÖ ├ád├║├á[0m
              [36m</div>[39m
            [36m</div>[39m
          [36m</div>[39m
          [36m<div[39m
            [33mclass[39m=[32m
"stanza"[39m
            [33mstyle[39m=[32m
"margin-top: 0px; margin-bottom: 
1px;"[39m
          [36m>[39m
            [36m<div[39m
              [33mclass[39m=[3
2m"music-signs transparent"[39m
            [36m>[39m
              [0mx[0m
            [36m</div>[39m
            [36m<div[39m
              [33mclass[39m=[3
2m"stanza-number"[39m
            [36m/>[39m
            [36m<div[39m
              [33mclass[39m=[3
2m"stanza-text"[39m
            [36m>[39m
              [36m<div[39m
                
[33mclass[39m=[32m"line "[39m
                [33mstyle[39m=
[32m"margin-top: 0px; 
margin-bottom: 1px;"[39m
              [36m>[39m
                [0mKΓÇÖ a m├í 
j├á l├í├¼sΓÇÖ ├á├írß║╣╠Ç;[0m
              [36m</div>[39m
            [36m</div>[39m
          [36m</div>[39m
          [36m<div[39m
            [33mclass[39m=[32m
"stanza"[39m
            [33mstyle[39m=[32m
"margin-top: 0px; margin-bottom: 
1px;"[39m
          [36m>[39m
            [36m<div[39m
              [33mclass[39m=[3
2m"music-signs transparent"[39m
            [36m>[39m
              [0mx[0m
            [36m</div>[39m
            [36m<div[39m
              [33mclass[39m=[3
2m"stanza-number"[39m
            [36m/>[39m
            [36m<div[39m
              [33mclass[39m=[3
2m"stanza-text"[39m
            [36m>[39m
              [36m<div[39m
                
[33mclass[39m=[32m"line "[39m
                [33mstyle[39m=
[32m"margin-top: 0px; 
margin-bottom: 1px;"[39m
              [36m>[39m
                [0mOl├║wa, 
jß║╣╠ü kΓÇÖ a gbß╗ì╠ü ΓÇÿp├¿ 
Rß║╣[0m
              [36m</div>[39m
            [36m</div>[39m
          [36m</div>[39m
          [36m<div[39m
            [33mclass[39m=[32m
"stanza"[39m
            [33mstyle[39m=[32m
"margin-top: 0px; margin-bottom: 
1px;"[39m
          [36m>[39m
            [36m<div[39m
              [33mclass[39m=[3
2m"music-signs transparent"[39m
            [36m>[39m
              [0mx[0m
            [36m</div>[39m
            [36m<div[39m
              [33mclass[39m=[3
2m"stanza-number"[39m
            [36m/>[39m
            [36m<div[39m
              [33mclass[39m=[3
2m"stanza-text"[39m
            [36m>[39m
              [36m<div[39m
                
[33mclass[39m=[32m"line "[39m
                [33mstyle[39m=
[32m"margin-top: 0px; 
margin-bottom: 1px;"[39m
              [36m>[39m
                
[0m├îgbß╗ì╠ür├án nΓÇÖ ├¼y├¿ 
wa.[0m
              [36m</div>[39m
            [36m</div>[39m
          [36m</div>[39m
        [36m</div>[39m
        [36m<div[39m
          [33mclass[39m=[32m"s
tanza-break"[39m
          [33mstyle[39m=[32m"m
argin-top: 0px; margin-bottom: 
2px;"[39m
        [36m/>[39m
        [36m<div[39m
          [33mclass[39m=[32m"s
tanza-container"[39m
          [33mstyle[39m=[32m"m
argin-top: 0px; margin-bottom: 
0px;"[39m
        [36m>[39m
          [36m<div[39m
            [33mclass[39m=[32m
"stanza"[39m
            [33mstyle[39m=[32m
"margin-top: 0px; margin-bottom: 
1px;"[39m
          [36m>[39m
            [36m<div[39m
              [33mclass[39m=[3
2m"music-signs "[39m
            [36m>[39m
              [0mf[0m
            [36m</div>[39m
            [36m<div[39m
              [33mclass[39m=[3
2m"stanza-number"[39m
            [36m>[39m
              [0m3.[0m
            [36m</div>[39m
            [36m<div[39m
              [33mclass[39m=[3
2m"stanza-text"[39m
            [36m>[39m
              [36m<div[39m
                
[33mclass[39m=[32m"line "[39m
                [33mstyle[39m=
[32m"margin-top: 0px; 
margin-bottom: 1px;"[39m
              [36m>[39m
                [0mJ├ëS├Ö 
w├¡p├⌐ kΓÇÖ a m├í sß╗ì╠üra[0m
              [36m</div>[39m
            [36m</div>[39m
          [36m</div>[39m
          [36m<div[39m
            [33mclass[39m=[32m
"stanza"[39m
            [33mstyle[39m=[32m
"margin-top: 0px; margin-bottom: 
1px;"[39m
          [36m>[39m
            [36m<div[39m
              [33mclass[39m=[3
2m"music-signs transparent"[39m
            [36m>[39m
              [0mx[0m
            [36m</div>[39m
            [36m<div[39m
              [33mclass[39m=[3
2m"stanza-number"[39m
            [36m/>[39m
            [36m<div[39m
              [33mclass[39m=[3
2m"stanza-text"[39m
            [36m>[39m
              [36m<div[39m
                
[33mclass[39m=[32m"line "[39m
                [33mstyle[39m=
[32m"margin-top: 0px; 
margin-bottom: 1px;"[39m
              [36m>[39m
                [0m├Çk├│k├▓ 
n├í├á d├⌐ t├ín,[0m
              [36m</div>[39m
            [36m</div>[39m
          [36m</div>[39m
          [36m<div[39m
            [33mclass[39m=[32m
"stanza"[39m
            [33mstyle[39m=[32m
"margin-top: 0px; margin-bottom: 
1px;"[39m
          [36m>[39m
            [36m<div[39m
              [33mclass[39m=[3
2m"music-signs transparent"[39m
            [36m>[39m
              [0mx[0m
            [36m</div>[39m
            [36m<div[39m
              [33mclass[39m=[3
2m"stanza-number"[39m
            [36m/>[39m
            [36m<div[39m
              [33mclass[39m=[3
2m"stanza-text"[39m
            [36m>[39m
              [36m<div[39m
                
[33mclass[39m=[32m"line "[39m
                [33mstyle[39m=
[32m"margin-top: 0px; 
margin-bottom: 1px;"[39m
              [36m>[39m
                [0mT├¡ y├¡├▓ 
p├¿ wa k├║r├▓ lΓÇÖ ay├⌐,[0m
              [36m</div>[39m
            [36m</div>[39m
          [36m</div>[39m
          [36m<div[39m
            [33mclass[39m=[32m
"stanza"[39m
            [33mstyle[39m=[32m
"margin-top: 0px; margin-bottom: 
1px;"[39m
          [36m>[39m
            [36m<div[39m
              [33mclass[39m=[3
2m"music-signs transparent"[39m
            [36m>[39m
              [0mx[0m
            [36m</div>[39m
            [36m<div[39m
              [33mclass[39m=[3
2m"stanza-number"[39m
            [36m/>[39m
            [36m<div[39m
              [33mclass[39m=[3
2m"stanza-text"[39m
            [36m>[39m
              [36m<div[39m
                
[33mclass[39m=[32m"line "[39m
                [33mstyle[39m=
[32m"margin-top: 0px; 
margin-bottom: 1px;"[39m
              [36m>[39m
                [0mSΓÇÖ 
├¼b├╣gb├⌐ wa ß╗ì╠Çrun.[0m
              [36m</div>[39m
            [36m</div>[39m
          [36m</div>[39m
        [36m</div>[39m
        [36m<div[39m
          [33mclass[39m=[32m"s
tanza-break"[39m
          [33mstyle[39m=[32m"m
argin-top: 0px; margin-bottom: 
2px;"[39m
        [36m/>[39m
        [36m<div[39m
          [33mclass[39m=[32m"s
tanza-container"[39m
          [33mstyle[39m=[32m"m
argin-top: 0px; margin-bottom: 
0px;"[39m
        [36m>[39m
          [36m<div[39m
            [33mclass[39m=[32m
"stanza"[39m
            [33mstyle[39m=[32m
"margin-top: 0px; margin-bottom: 
1px;"[39m
          [36m>[39m
            [36m<div[39m
              [33mclass[39m=[3
2m"music-signs "[39m
            [36m>[39m
              [0mf[0m
            [36m</div>[39m
            [36m<div[39m
              [33mclass[39m=[3
2m"stanza-number"[39m
            [36m>[39m
              [0m4.[0m
            [36m</div>[39m
            [36m<div[39m
              [33mclass[39m=[3
2m"stanza-text"[39m
            [36m>[39m
              [36m<div[39m
                
[33mclass[39m=[32m"line "[39m
                [33mstyle[39m=
[32m"margin-top: 0px; 
margin-bottom: 1px;"[39m
              [36m>[39m
                [0mJ├ëS├Ö, a 
fß║╣╠ü m├í gbΓÇÖ ├ád├║r├á,[0m
              [36m</div>[39m
            [36m</div>[39m
          [36m</div>[39m
          [36m<div[39m
            [33mclass[39m=[32m
"stanza"[39m
            [33mstyle[39m=[32m
"margin-top: 0px; margin-bottom: 
1px;"[39m
          [36m>[39m
            [36m<div[39m
              [33mclass[39m=[3
2m"music-signs transparent"[39m
            [36m>[39m
              [0mx[0m
            [36m</div>[39m
            [36m<div[39m
              [33mclass[39m=[3
2m"stanza-number"[39m
            [36m/>[39m
            [36m<div[39m
              [33mclass[39m=[3
2m"stanza-text"[39m
            [36m>[39m
              [36m<div[39m
                
[33mclass[39m=[32m"line "[39m
                [33mstyle[39m=
[32m"margin-top: 0px; 
margin-bottom: 1px;"[39m
              [36m>[39m
                [0mA fß║╣╠ü m├í 
gbΓÇÖ oh├╣n Rß║╣,[0m
              [36m</div>[39m
            [36m</div>[39m
          [36m</div>[39m
          [36m<div[39m
            [33mclass[39m=[32m
"stanza"[39m
            [33mstyle[39m=[32m
"margin-top: 0px; margin-bottom: 
1px;"[39m
          [36m>[39m
            [36m<div[39m
              [33mclass[39m=[3
2m"music-signs transparent"[39m
            [36m>[39m
              [0mx[0m
            [36m</div>[39m
            [36m<div[39m
              [33mclass[39m=[3
2m"stanza-number"[39m
            [36m/>[39m
            [36m<div[39m
              [33mclass[39m=[3
2m"stanza-text"[39m
            [36m>[39m
              [36m<div[39m
                
[33mclass[39m=[32m"line "[39m
                [33mstyle[39m=
[32m"margin-top: 0px; 
margin-bottom: 1px;"[39m
              [36m>[39m
                [0mA fß║╣╠ü m├í 
r├¼n nΓÇÖnu ΓÇÿl├án├á Rß║╣,[0m
              [36m</div>[39m
            [36m</div>[39m
          [36m</div>[39m
          [36m<div[39m
            [33mclass[39m=[32m
"stanza"[39m
            [33mstyle[39m=[32m
"margin-top: 0px; margin-bottom: 
1px;"[39m
          [36m>[39m
            [36m<div[39m
              [33mclass[39m=[3
2m"music-signs transparent"[39m
            [36m>[39m
              [0mx[0m
            [36m</div>[39m
            [36m<div[39m
              [33mclass[39m=[3
2m"stanza-number"[39m
            [36m/>[39m
            [36m<div[39m
              [33mclass[39m=[3
2m"stanza-text"[39m
            [36m>[39m
              [36m<div[39m
                
[33mclass[39m=[32m"line "[39m
                [33mstyle[39m=
[32m"margin-top: 0px; 
margin-bottom: 1px;"[39m
              [36m>[39m
                [0mS├¡bΓÇÖ 
ayß╗ì╠Ç ail├│pin.[0m
              [36m</div>[39m
            [36m</div>[39m
          [36m</div>[39m
        [36m</div>[39m
      [36m</div>[39m
      [36m<div[39m
        [33mclass[39m=[32m"hym
n-history"[39m
      [36m>[39m
        [36m<h3>[39m
          [0m├ît├án[0m
        [36m</h3>[39m
        [36m<p>[39m
          [0mTraditional Yoruba 
hymn about spiritual 
watchfulness.[0m
        [36m</p>[39m
      [36m</div>[39m
    [36m</div>[39m

    Ignored nodes: comments, 
script, style
    [36m<div[39m
      [33mclass[39m=[32m"navig
ation-arrows"[39m
    [36m>[39m
      [36m<button[39m
        
[33mclass[39m=[32m"nav-arrow 
prev-arrow"[39m
      [36m>[39m
        [36m<span[39m
          
[33mclass[39m=[32m"icon"[39m
        [36m>[39m
          [0mΓåÉ[0m
        [36m</span>[39m
      [36m</button>[39m
      [36m<button[39m
        
[33mclass[39m=[32m"nav-arrow 
next-arrow"[39m
      [36m>[39m
        [36m<span[39m
          
[33mclass[39m=[32m"icon"[39m
        [36m>[39m
          [0mΓåÆ[0m
        [36m</span>[39m
      [36m</button>[39m
    [36m</div>[39m

    Ignored nodes: comments, 
script, style
    [36m<span[39m
      
[33mclass[39m=[32m"icon"[39m
    [36m>[39m
      [0mΓåÉ[0m
    [36m</span>[39m

    Ignored nodes: comments, 
script, style
    [36m<span[39m
      
[33mclass[39m=[32m"icon"[39m
    [36m>[39m
      [0mΓåÆ[0m
    [36m</span>[39m

    Ignored nodes: comments, 
script, style
    [36m<div[39m
      [33mclass[39m=[32m"float
ing-share"[39m
    [36m>[39m
      [36m<button[39m
        
[33maria-label[39m=[32m"P├¡n 
orin"[39m
        [33mclass[39m=[32m"sha
re-button"[39m
      [36m>[39m
        [36m<span[39m
          
[33mclass[39m=[32m"icon"[39m
        [36m>[39m
          [0mΓåù∩╕Å[0m
        [36m</span>[39m
      [36m</button>[39m
    [36m</div>[39m

    Ignored nodes: comments, 
script, style
    [36m<span[39m
      
[33mclass[39m=[32m"icon"[39m
    [36m>[39m
      [0mΓåù∩╕Å[0m
    [36m</span>[39m

    Ignored nodes: comments, 
script, style
    [36m<div[39m
      [33mclass[39m=[32m"metad
ata-box"[39m
    [36m>[39m
      [36m<div[39m
        [33mclass[39m=[32m"met
adata-item"[39m
      [36m>[39m
        [36m<span[39m
          
[33mclass[39m=[32m"label"[39m
        [36m>[39m
          [0mNß╗ì╠ümb├á:[0m
        [36m</span>[39m
        [36m<span[39m
          
[33mclass[39m=[32m"value"[39m
        [36m>[39m
          [0mYBH350[0m
        [36m</span>[39m
      [36m</div>[39m
      [36m<div[39m
        [33mclass[39m=[32m"met
adata-item"[39m
      [36m>[39m
        [36m<span[39m
          
[33mclass[39m=[32m"label"[39m
        [36m>[39m
          [0mOnkß╗ì╠Çw├⌐:[0m
        [36m</span>[39m
        [36m<span[39m
          
[33mclass[39m=[32m"value"[39m
        [36m>[39m
          [0mUnknown[0m
        [36m</span>[39m
      [36m</div>[39m
      [36m<div[39m
        [33mclass[39m=[32m"met
adata-item"[39m
      [36m>[39m
        [36m<span[39m
          
[33mclass[39m=[32m"label"[39m
        [36m>[39m
          [0mAkß╗ì╠ümpose:[0m
        [36m</span>[39m
        [36m<span[39m
          
[33mclass[39m=[32m"value"[39m
        [36m>[39m
          [0mUnknown[0m
        [36m</span>[39m
      [36m</div>[39m
      [36m<div[39m
        [33mclass[39m=[32m"met
adata-item"[39m
      [36m>[39m
        [36m<span[39m
          
[33mclass[39m=[32m"label"[39m
        [36m>[39m
          [0mTune:[0m
        [36m</span>[39m
        [36m<span[39m
          
[33mclass[39m=[32m"value"[39m
        [36m>[39m
          [0mUnknown[0m
        [36m</span>[39m
      [36m</div>[39m
      [36m<div[39m
        [33mclass[39m=[32m"met
adata-item"[39m
      [36m>[39m
        [36m<span[39m
          
[33mclass[39m=[32m"label"[39m
        [36m>[39m
          [0mMeter:[0m
        [36m</span>[39m
        [36m<span[39m
          
[33mclass[39m=[32m"value"[39m
        [36m>[39m
          [0m8.6.8.6[0m
        [36m</span>[39m
      [36m</div>[39m
      [36m<div[39m
        [33mclass[39m=[32m"met
adata-item"[39m
      [36m>[39m
        [36m<span[39m
          
[33mclass[39m=[32m"label"[39m
        [36m>[39m
          [0mKey:[0m
        [36m</span>[39m
        [36m<span[39m
          
[33mclass[39m=[32m"value"[39m
        [36m>[39m
          [0mUnknown[0m
        [36m</span>[39m
      [36m</div>[39m
      [36m<div[39m
        [33mclass[39m=[32m"met
adata-item"[39m
      [36m>[39m
        [36m<span[39m
          
[33mclass[39m=[32m"label"[39m
        [36m>[39m
          [0mß╗îd├║n:[0m
        [36m</span>[39m
        [36m<span[39m
          
[33mclass[39m=[32m"value"[39m
        [36m>[39m
          [0mTraditional[0m
        [36m</span>[39m
      [36m</div>[39m
      [36m<div[39m
        [33mclass[39m=[32m"met
adata-item"[39m
        [33mdata-type[39m=[32m
"scripture"[39m
      [36m>[39m
        [36m<span[39m
          
[33mclass[39m=[32m"label"[39m
        [36m>[39m
          [0m├îw├⌐ 
M├¡mß╗ì╠ü:[0m
        [36m</span>[39m
        [36m<span[39m
          
[33mclass[39m=[32m"value"[39m
        [36m>[39m
          [0mUnknown[0m
        [36m</span>[39m
      [36m</div>[39m
    [36m</div>[39m

    Ignored nodes: comments, 
script, style
    [36m<div[39m
      [33mclass[39m=[32m"metad
ata-item"[39m
    [36m>[39m
      [36m<span[39m
        
[33mclass[39m=[32m"label"[39m
      [36m>[39m
        [0mNß╗ì╠ümb├á:[0m
      [36m</span>[39m
      [36m<span[39m
        
[33mclass[39m=[32m"value"[39m
      [36m>[39m
        [0mYBH350[0m
      [36m</span>[39m
    [36m</div>[39m

    Ignored nodes: comments, 
script, style
    [36m<span[39m
      
[33mclass[39m=[32m"label"[39m
    [36m>[39m
      [0mNß╗ì╠ümb├á:[0m
    [36m</span>[39m

    Ignored nodes: comments, 
script, style
    [36m<span[39m
      
[33mclass[39m=[32m"value"[39m
    [36m>[39m
      [0mYBH350[0m
    [36m</span>[39m

    Ignored nodes: comments, 
script, style
    [36m<div[39m
      [33mclass[39m=[32m"metad
ata-item"[39m
    [36m>[39m
      [36m<span[39m
        
[33mclass[39m=[32m"label"[39m
      [36m>[39m
        [0mOnkß╗ì╠Çw├⌐:[0m
      [36m</span>[39m
      [36m<span[39m
        
[33mclass[39m=[32m"value"[39m
      [36m>[39m
        [0mUnknown[0m
      [36m</span>[39m
    [36m</div>[39m

    Ignored nodes: comments, 
script, style
    [36m<span[39m
      
[33mclass[39m=[32m"label"[39m
    [36m>[39m
      [0mOnkß╗ì╠Çw├⌐:[0m
    [36m</span>[39m

    Ignored nodes: comments, 
script, style
    [36m<span[39m
      
[33mclass[39m=[32m"value"[39m
    [36m>[39m
      [0mUnknown[0m
    [36m</span>[39m

    Ignored nodes: comments, 
script, style
    [36m<div[39m
      [33mclass[39m=[32m"metad
ata-item"[39m
    [36m>[39m
      [36m<span[39m
        
[33mclass[39m=[32m"label"[39m
      [36m>[39m
        [0mAkß╗ì╠ümpose:[0m
      [36m</span>[39m
      [36m<span[39m
        
[33mclass[39m=[32m"value"[39m
      [36m>[39m
        [0mUnknown[0m
      [36m</span>[39m
    [36m</div>[39m

    Ignored nodes: comments, 
script, style
    [36m<span[39m
      
[33mclass[39m=[32m"label"[39m
    [36m>[39m
      [0mAkß╗ì╠ümpose:[0m
    [36m</span>[39m

    Ignored nodes: comments, 
script, style
    [36m<span[39m
      
[33mclass[39m=[32m"value"[39m
    [36m>[39m
      [0mUnknown[0m
    [36m</span>[39m

    Ignored nodes: comments, 
script, style
    [36m<div[39m
      [33mclass[39m=[32m"metad
ata-item"[39m
    [36m>[39m
      [36m<span[39m
        
[33mclass[39m=[32m"label"[39m
      [36m>[39m
        [0mTune:[0m
      [36m</span>[39m
      [36m<span[39m
        
[33mclass[39m=[32m"value"[39m
      [36m>[39m
        [0mUnknown[0m
      [36m</span>[39m
    [36m</div>[39m

    Ignored nodes: comments, 
script, style
    [36m<span[39m
      
[33mclass[39m=[32m"label"[39m
    [36m>[39m
      [0mTune:[0m
    [36m</span>[39m

    Ignored nodes: comments, 
script, style
    [36m<span[39m
      
[33mclass[39m=[32m"value"[39m
    [36m>[39m
      [0mUnknown[0m
    [36m</span>[39m

    Ignored nodes: comments, 
script, style
    [36m<div[39m
      [33mclass[39m=[32m"metad
ata-item"[39m
    [36m>[39m
      [36m<span[39m
        
[33mclass[39m=[32m"label"[39m
      [36m>[39m
        [0mMeter:[0m
      [36m</span>[39m
      [36m<span[39m
        
[33mclass[39m=[32m"value"[39m
      [36m>[39m
        [0m8.6.8.6[0m
      [36m</span>[39m
    [36m</div>[39m

    Ignored nodes: comments, 
script, style
    [36m<span[39m
      
[33mclass[39m=[32m"label"[39m
    [36m>[39m
      [0mMeter:[0m
    [36m</span>[39m

    Ignored nodes: comments, 
script, style
    [36m<span[39m
      
[33mclass[39m=[32m"value"[39m
    [36m>[39m
      [0m8.6.8.6[0m
    [36m</span>[39m

    Ignored nodes: comments, 
script, style
    [36m<div[39m
      [33mclass[39m=[32m"metad
ata-item"[39m
    [36m>[39m
      [36m<span[39m
        
[33mclass[39m=[32m"label"[39m
      [36m>[39m
        [0mKey:[0m
      [36m</span>[39m
      [36m<span[39m
        
[33mclass[39m=[32m"value"[39m
      [36m>[39m
        [0mUnknown[0m
      [36m</span>[39m
    [36m</div>[39m

    Ignored nodes: comments, 
script, style
    [36m<span[39m
      
[33mclass[39m=[32m"label"[39m
    [36m>[39m
      [0mKey:[0m
    [36m</span>[39m

    Ignored nodes: comments, 
script, style
    [36m<span[39m
      
[33mclass[39m=[32m"value"[39m
    [36m>[39m
      [0mUnknown[0m
    [36m</span>[39m

    Ignored nodes: comments, 
script, style
    [36m<div[39m
      [33mclass[39m=[32m"metad
ata-item"[39m
    [36m>[39m
      [36m<span[39m
        
[33mclass[39m=[32m"label"[39m
      [36m>[39m
        [0mß╗îd├║n:[0m
      [36m</span>[39m
      [36m<span[39m
        
[33mclass[39m=[32m"value"[39m
      [36m>[39m
        [0mTraditional[0m
      [36m</span>[39m
    [36m</div>[39m

    Ignored nodes: comments, 
script, style
    [36m<span[39m
      
[33mclass[39m=[32m"label"[39m
    [36m>[39m
      [0mß╗îd├║n:[0m
    [36m</span>[39m

    Ignored nodes: comments, 
script, style
    [36m<span[39m
      
[33mclass[39m=[32m"value"[39m
    [36m>[39m
      [0mTraditional[0m
    [36m</span>[39m

    Ignored nodes: comments, 
script, style
    [36m<div[39m
      [33mclass[39m=[32m"metad
ata-item"[39m
      [33mdata-type[39m=[32m"s
cripture"[39m
    [36m>[39m
      [36m<span[39m
        
[33mclass[39m=[32m"label"[39m
      [36m>[39m
        [0m├îw├⌐ M├¡mß╗ì╠ü:[0m
      [36m</span>[39m
      [36m<span[39m
        
[33mclass[39m=[32m"value"[39m
      [36m>[39m
        [0mUnknown[0m
      [36m</span>[39m
    [36m</div>[39m

    Ignored nodes: comments, 
script, style
    [36m<span[39m
      
[33mclass[39m=[32m"label"[39m
    [36m>[39m
      [0m├îw├⌐ M├¡mß╗ì╠ü:[0m
    [36m</span>[39m

    Ignored nodes: comments, 
script, style
    [36m<span[39m
      
[33mclass[39m=[32m"value"[39m
    [36m>[39m
      [0mUnknown[0m
    [36m</span>[39m

    Ignored nodes: comments, 
script, style
    [36m<div[39m
      [33mclass[39m=[32m"lyric
s"[39m
      [33mstyle[39m=[32m"user-
select: text;"[39m
    [36m>[39m
      [36m<div[39m
        [33mclass[39m=[32m"sta
nza-container"[39m
        [33mstyle[39m=[32m"mar
gin-top: 0px; margin-bottom: 
0px;"[39m
      [36m>[39m
        [36m<div[39m
          [33mclass[39m=[32m"s
tanza"[39m
          [33mstyle[39m=[32m"m
argin-top: 0px; margin-bottom: 
1px;"[39m
        [36m>[39m
          [36m<div[39m
            [33mclass[39m=[32m
"music-signs "[39m
          [36m>[39m
            [0mf[0m
          [36m</div>[39m
          [36m<div[39m
            [33mclass[39m=[32m
"stanza-number"[39m
          [36m>[39m
            [0m1.[0m
          [36m</div>[39m
          [36m<div[39m
            [33mclass[39m=[32m
"stanza-text"[39m
          [36m>[39m
            [36m<div[39m
              
[33mclass[39m=[32m"line "[39m
              [33mstyle[39m=[3
2m"margin-top: 0px; 
margin-bottom: 1px;"[39m
            [36m>[39m
              [0mJ├ëS├Ö w├¡p├⌐ 
kΓÇÖ a m├í ß╣úß╗ì╠üra[0m
            [36m</div>[39m
          [36m</div>[39m
        [36m</div>[39m
        [36m<div[39m
          [33mclass[39m=[32m"s
tanza"[39m
          [33mstyle[39m=[32m"m
argin-top: 0px; margin-bottom: 
1px;"[39m
        [36m>[39m
          [36m<div[39m
            [33mclass[39m=[32m
"music-signs transparent"[39m
          [36m>[39m
            [0mx[0m
          [36m</div>[39m
          [36m<div[39m
            [33mclass[39m=[32m
"stanza-number"[39m
          [36m/>[39m
          [36m<div[39m
            [33mclass[39m=[32m
"stanza-text"[39m
          [36m>[39m
            [36m<div[39m
              
[33mclass[39m=[32m"line "[39m
              [33mstyle[39m=[3
2m"margin-top: 0px; 
margin-bottom: 1px;"[39m
            [36m>[39m
              [0mN├¡ w├ík├át├¡ 
gbogbo,[0m
            [36m</div>[39m
          [36m</div>[39m
        [36m</div>[39m
        [36m<div[39m
          [33mclass[39m=[32m"s
tanza"[39m
          [33mstyle[39m=[32m"m
argin-top: 0px; margin-bottom: 
1px;"[39m
        [36m>[39m
          [36m<div[39m
            [33mclass[39m=[32m
"music-signs transparent"[39m
          [36m>[39m
            [0mx[0m
          [36m</div>[39m
          [36m<div[39m
            [33mclass[39m=[32m
"stanza-number"[39m
          [36m/>[39m
          [36m<div[39m
            [33mclass[39m=[32m
"stanza-text"[39m
          [36m>[39m
            [36m<div[39m
              
[33mclass[39m=[32m"line "[39m
              [33mstyle[39m=[3
2m"margin-top: 0px; 
margin-bottom: 1px;"[39m
            [36m>[39m
              [0m├ô s├¼ ┼äfΓÇÖ 
ß║╣╠Çm├¡ ├¼sß╗ìj├¡ f├║n[0m
            [36m</div>[39m
          [36m</div>[39m
        [36m</div>[39m
        [36m<div[39m
          [33mclass[39m=[32m"s
tanza"[39m
          [33mstyle[39m=[32m"m
argin-top: 0px; margin-bottom: 
1px;"[39m
        [36m>[39m
          [36m<div[39m
            [33mclass[39m=[32m
"music-signs transparent"[39m
          [36m>[39m
            [0mx[0m
          [36m</div>[39m
          [36m<div[39m
            [33mclass[39m=[32m
"stanza-number"[39m
          [36m/>[39m
          [36m<div[39m
            [33mclass[39m=[32m
"stanza-text"[39m
          [36m>[39m
            [36m<div[39m
              
[33mclass[39m=[32m"line "[39m
              [33mstyle[39m=[3
2m"margin-top: 0px; 
margin-bottom: 1px;"[39m
            [36m>[39m
              [0m├Çwß╗ìn tΓÇÖ 
├│ ┼äb├¿r├¿ rß║╣╠Ç.[0m
            [36m</div>[39m
          [36m</div>[39m
        [36m</div>[39m
      [36m</div>[39m
      [36m<div[39m
        [33mclass[39m=[32m"sta
nza-break"[39m
        [33mstyle[39m=[32m"mar
gin-top: 0px; margin-bottom: 
2px;"[39m
      [36m/>[39m
      [36m<div[39m
        [33mclass[39m=[32m"sta
nza-container"[39m
        [33mstyle[39m=[32m"mar
gin-top: 0px; margin-bottom: 
0px;"[39m
      [36m>[39m
        [36m<div[39m
          [33mclass[39m=[32m"s
tanza"[39m
          [33mstyle[39m=[32m"m
argin-top: 0px; margin-bottom: 
1px;"[39m
        [36m>[39m
          [36m<div[39m
            [33mclass[39m=[32m
"music-signs "[39m
          [36m>[39m
            [0mf[0m
          [36m</div>[39m
          [36m<div[39m
            [33mclass[39m=[32m
"stanza-number"[39m
          [36m>[39m
            [0m2.[0m
          [36m</div>[39m
          [36m<div[39m
            [33mclass[39m=[32m
"stanza-text"[39m
          [36m>[39m
            [36m<div[39m
              
[33mclass[39m=[32m"line "[39m
              [33mstyle[39m=[3
2m"margin-top: 0px; 
margin-bottom: 1px;"[39m
            [36m>[39m
              [0mJ├ëS├Ö w├¡p├⌐ 
k├í m├í gbΓÇÖ ├ád├║├á[0m
            [36m</div>[39m
          [36m</div>[39m
        [36m</div>[39m
        [36m<div[39m
          [33mclass[39m=[32m"s
tanza"[39m
          [33mstyle[39m=[32m"m
argin-top: 0px; margin-bottom: 
1px;"[39m
        [36m>[39m
          [36m<div[39m
            [33mclass[39m=[32m
"music-signs transparent"[39m
          [36m>[39m
            [0mx[0m
          [36m</div>[39m
          [36m<div[39m
            [33mclass[39m=[32m
"stanza-number"[39m
          [36m/>[39m
          [36m<div[39m
            [33mclass[39m=[32m
"stanza-text"[39m
          [36m>[39m
            [36m<div[39m
              
[33mclass[39m=[32m"line "[39m
              [33mstyle[39m=[3
2m"margin-top: 0px; 
margin-bottom: 1px;"[39m
            [36m>[39m
              [0mKΓÇÖ a m├í j├á 
l├í├¼sΓÇÖ ├á├írß║╣╠Ç;[0m
            [36m</div>[39m
          [36m</div>[39m
        [36m</div>[39m
        [36m<div[39m
          [33mclass[39m=[32m"s
tanza"[39m
          [33mstyle[39m=[32m"m
argin-top: 0px; margin-bottom: 
1px;"[39m
        [36m>[39m
          [36m<div[39m
            [33mclass[39m=[32m
"music-signs transparent"[39m
          [36m>[39m
            [0mx[0m
          [36m</div>[39m
          [36m<div[39m
            [33mclass[39m=[32m
"stanza-number"[39m
          [36m/>[39m
          [36m<div[39m
            [33mclass[39m=[32m
"stanza-text"[39m
          [36m>[39m
            [36m<div[39m
              
[33mclass[39m=[32m"line "[39m
              [33mstyle[39m=[3
2m"margin-top: 0px; 
margin-bottom: 1px;"[39m
            [36m>[39m
              [0mOl├║wa, jß║╣╠ü 
kΓÇÖ a gbß╗ì╠ü ΓÇÿp├¿ Rß║╣[0m
            [36m</div>[39m
          [36m</div>[39m
        [36m</div>[39m
        [36m<div[39m
          [33mclass[39m=[32m"s
tanza"[39m
          [33mstyle[39m=[32m"m
argin-top: 0px; margin-bottom: 
1px;"[39m
        [36m>[39m
          [36m<div[39m
            [33mclass[39m=[32m
"music-signs transparent"[39m
          [36m>[39m
            [0mx[0m
          [36m</div>[39m
          [36m<div[39m
            [33mclass[39m=[32m
"stanza-number"[39m
          [36m/>[39m
          [36m<div[39m
            [33mclass[39m=[32m
"stanza-text"[39m
          [36m>[39m
            [36m<div[39m
              
[33mclass[39m=[32m"line "[39m
              [33mstyle[39m=[3
2m"margin-top: 0px; 
margin-bottom: 1px;"[39m
            [36m>[39m
              [0m├îgbß╗ì╠ür├án 
nΓÇÖ ├¼y├¿ wa.[0m
            [36m</div>[39m
          [36m</div>[39m
        [36m</div>[39m
      [36m</div>[39m
      [36m<div[39m
        [33mclass[39m=[32m"sta
nza-break"[39m
        [33mstyle[39m=[32m"mar
gin-top: 0px; margin-bottom: 
2px;"[39m
      [36m/>[39m
      [36m<div[39m
        [33mclass[39m=[32m"sta
nza-container"[39m
        [33mstyle[39m=[32m"mar
gin-top: 0px; margin-bottom: 
0px;"[39m
      [36m>[39m
        [36m<div[39m
          [33mclass[39m=[32m"s
tanza"[39m
          [33mstyle[39m=[32m"m
argin-top: 0px; margin-bottom: 
1px;"[39m
        [36m>[39m
          [36m<div[39m
            [33mclass[39m=[32m
"music-signs "[39m
          [36m>[39m
            [0mf[0m
          [36m</div>[39m
          [36m<div[39m
            [33mclass[39m=[32m
"stanza-number"[39m
          [36m>[39m
            [0m3.[0m
          [36m</div>[39m
          [36m<div[39m
            [33mclass[39m=[32m
"stanza-text"[39m
          [36m>[39m
            [36m<div[39m
              
[33mclass[39m=[32m"line "[39m
              [33mstyle[39m=[3
2m"margin-top: 0px; 
margin-bottom: 1px;"[39m
            [36m>[39m
              [0mJ├ëS├Ö w├¡p├⌐ 
kΓÇÖ a m├í sß╗ì╠üra[0m
            [36m</div>[39m
          [36m</div>[39m
        [36m</div>[39m
        [36m<div[39m
          [33mclass[39m=[32m"s
tanza"[39m
          [33mstyle[39m=[32m"m
argin-top: 0px; margin-bottom: 
1px;"[39m
        [36m>[39m
          [36m<div[39m
            [33mclass[39m=[32m
"music-signs transparent"[39m
          [36m>[39m
            [0mx[0m
          [36m</div>[39m
          [36m<div[39m
            [33mclass[39m=[32m
"stanza-number"[39m
          [36m/>[39m
          [36m<div[39m
            [33mclass[39m=[32m
"stanza-text"[39m
          [36m>[39m
            [36m<div[39m
              
[33mclass[39m=[32m"line "[39m
              [33mstyle[39m=[3
2m"margin-top: 0px; 
margin-bottom: 1px;"[39m
            [36m>[39m
              [0m├Çk├│k├▓ n├í├á 
d├⌐ t├ín,[0m
            [36m</div>[39m
          [36m</div>[39m
        [36m</div>[39m
        [36m<div[39m
          [33mclass[39m=[32m"s
tanza"[39m
          [33mstyle[39m=[32m"m
argin-top: 0px; margin-bottom: 
1px;"[39m
        [36m>[39m
          [36m<div[39m
            [33mclass[39m=[32m
"music-signs transparent"[39m
          [36m>[39m
            [0mx[0m
          [36m</div>[39m
          [36m<div[39m
            [33mclass[39m=[32m
"stanza-number"[39m
          [36m/>[39m
          [36m<div[39m
            [33mclass[39m=[32m
"stanza-text"[39m
          [36m>[39m
            [36m<div[39m
              
[33mclass[39m=[32m"line "[39m
              [33mstyle[39m=[3
2m"margin-top: 0px; 
margin-bottom: 1px;"[39m
            [36m>[39m
              [0mT├¡ y├¡├▓ p├¿ 
wa k├║r├▓ lΓÇÖ ay├⌐,[0m
            [36m</div>[39m
          [36m</div>[39m
        [36m</div>[39m
        [36m<div[39m
          [33mclass[39m=[32m"s
tanza"[39m
          [33mstyle[39m=[32m"m
argin-top: 0px; margin-bottom: 
1px;"[39m
        [36m>[39m
          [36m<div[39m
            [33mclass[39m=[32m
"music-signs transparent"[39m
          [36m>[39m
            [0mx[0m
          [36m</div>[39m
          [36m<div[39m
            [33mclass[39m=[32m
"stanza-number"[39m
          [36m/>[39m
          [36m<div[39m
            [33mclass[39m=[32m
"stanza-text"[39m
          [36m>[39m
            [36m<div[39m
              
[33mclass[39m=[32m"line "[39m
              [33mstyle[39m=[3
2m"margin-top: 0px; 
margin-bottom: 1px;"[39m
            [36m>[39m
              [0mSΓÇÖ ├¼b├╣gb├⌐ 
wa ß╗ì╠Çrun.[0m
            [36m</div>[39m
          [36m</div>[39m
        [36m</div>[39m
      [36m</div>[39m
      [36m<div[39m
        [33mclass[39m=[32m"sta
nza-break"[39m
        [33mstyle[39m=[32m"mar
gin-top: 0px; margin-bottom: 
2px;"[39m
      [36m/>[39m
      [36m<div[39m
        [33mclass[39m=[32m"sta
nza-container"[39m
        [33mstyle[39m=[32m"mar
gin-top: 0px; margin-bottom: 
0px;"[39m
      [36m>[39m
        [36m<div[39m
          [33mclass[39m=[32m"s
tanza"[39m
          [33mstyle[39m=[32m"m
argin-top: 0px; margin-bottom: 
1px;"[39m
        [36m>[39m
          [36m<div[39m
            [33mclass[39m=[32m
"music-signs "[39m
          [36m>[39m
            [0mf[0m
          [36m</div>[39m
          [36m<div[39m
            [33mclass[39m=[32m
"stanza-number"[39m
          [36m>[39m
            [0m4.[0m
          [36m</div>[39m
          [36m<div[39m
            [33mclass[39m=[32m
"stanza-text"[39m
          [36m>[39m
            [36m<div[39m
              
[33mclass[39m=[32m"line "[39m
              [33mstyle[39m=[3
2m"margin-top: 0px; 
margin-bottom: 1px;"[39m
            [36m>[39m
              [0mJ├ëS├Ö, a 
fß║╣╠ü m├í gbΓÇÖ ├ád├║r├á,[0m
            [36m</div>[39m
          [36m</div>[39m
        [36m</div>[39m
        [36m<div[39m
          [33mclass[39m=[32m"s
tanza"[39m
          [33mstyle[39m=[32m"m
argin-top: 0px; margin-bottom: 
1px;"[39m
        [36m>[39m
          [36m<div[39m
            [33mclass[39m=[32m
"music-signs transparent"[39m
          [36m>[39m
            [0mx[0m
          [36m</div>[39m
          [36m<div[39m
            [33mclass[39m=[32m
"stanza-number"[39m
          [36m/>[39m
          [36m<div[39m
            [33mclass[39m=[32m
"stanza-text"[39m
          [36m>[39m
            [36m<div[39m
              
[33mclass[39m=[32m"line "[39m
              [33mstyle[39m=[3
2m"margin-top: 0px; 
margin-bottom: 1px;"[39m
            [36m>[39m
              [0mA fß║╣╠ü m├í 
gbΓÇÖ oh├╣n Rß║╣,[0m
            [36m</div>[39m
          [36m</div>[39m
        [36m</div>[39m
        [36m<div[39m
          [33mclass[39m=[32m"s
tanza"[39m
          [33mstyle[39m=[32m"m
argin-top: 0px; margin-bottom: 
1px;"[39m
        [36m>[39m
          [36m<div[39m
            [33mclass[39m=[32m
"music-signs transparent"[39m
          [36m>[39m
            [0mx[0m
          [36m</div>[39m
          [36m<div[39m
            [33mclass[39m=[32m
"stanza-number"[39m
          [36m/>[39m
          [36m<div[39m
            [33mclass[39m=[32m
"stanza-text"[39m
          [36m>[39m
            [36m<div[39m
              
[33mclass[39m=[32m"line "[39m
              [33mstyle[39m=[3
2m"margin-top: 0px; 
margin-bottom: 1px;"[39m
            [36m>[39m
              [0mA fß║╣╠ü m├í 
r├¼n nΓÇÖnu ΓÇÿl├án├á Rß║╣,[0m
            [36m</div>[39m
          [36m</div>[39m
        [36m</div>[39m
        [36m<div[39m
          [33mclass[39m=[32m"s
tanza"[39m
          [33mstyle[39m=[32m"m
argin-top: 0px; margin-bottom: 
1px;"[39m
        [36m>[39m
          [36m<div[39m
            [33mclass[39m=[32m
"music-signs transparent"[39m
          [36m>[39m
            [0mx[0m
          [36m</div>[39m
          [36m<div[39m
            [33mclass[39m=[32m
"stanza-number"[39m
          [36m/>[39m
          [36m<div[39m
            [33mclass[39m=[32m
"stanza-text"[39m
          [36m>[39m
            [36m<div[39m
              
[33mclass[39m=[32m"line "[39m
              [33mstyle[39m=[3
2m"margin-top: 0px; 
margin-bottom: 1px;"[39m
            [36m>[39m
              [0mS├¡bΓÇÖ 
ayß╗ì╠Ç ail├│pin.[0m
            [36m</div>[39m
          [36m</div>[39m
        [36m</div>[39m
      [36m</div>[39m
    [36m</div>[39m

    Ignored nodes: comments, 
script, style
    [36m<div[39m
      [33mclass[39m=[32m"stanz
a-container"[39m
      [33mstyle[39m=[32m"margi
n-top: 0px; margin-bottom: 
0px;"[39m
    [36m>[39m
      [36m<div[39m
        [33mclass[39m=[32m"sta
nza"[39m
        [33mstyle[39m=[32m"mar
gin-top: 0px; margin-bottom: 
1px;"[39m
      [36m>[39m
        [36m<div[39m
          [33mclass[39m=[32m"m
usic-signs "[39m
        [36m>[39m
          [0mf[0m
        [36m</div>[39m
        [36m<div[39m
          [33mclass[39m=[32m"s
tanza-number"[39m
        [36m>[39m
          [0m1.[0m
        [36m</div>[39m
        [36m<div[39m
          [33mclass[39m=[32m"s
tanza-text"[39m
        [36m>[39m
          [36m<div[39m
            
[33mclass[39m=[32m"line "[39m
            [33mstyle[39m=[32m
"margin-top: 0px; margin-bottom: 
1px;"[39m
          [36m>[39m
            [0mJ├ëS├Ö w├¡p├⌐ 
kΓÇÖ a m├í ß╣úß╗ì╠üra[0m
          [36m</div>[39m
        [36m</div>[39m
      [36m</div>[39m
      [36m<div[39m
        [33mclass[39m=[32m"sta
nza"[39m
        [33mstyle[39m=[32m"mar
gin-top: 0px; margin-bottom: 
1px;"[39m
      [36m>[39m
        [36m<div[39m
          [33mclass[39m=[32m"m
usic-signs transparent"[39m
        [36m>[39m
          [0mx[0m
        [36m</div>[39m
        [36m<div[39m
          [33mclass[39m=[32m"s
tanza-number"[39m
        [36m/>[39m
        [36m<div[39m
          [33mclass[39m=[32m"s
tanza-text"[39m
        [36m>[39m
          [36m<div[39m
            
[33mclass[39m=[32m"line "[39m
            [33mstyle[39m=[32m
"margin-top: 0px; margin-bottom: 
1px;"[39m
          [36m>[39m
            [0mN├¡ w├ík├át├¡ 
gbogbo,[0m
          [36m</div>[39m
        [36m</div>[39m
      [36m</div>[39m
      [36m<div[39m
        [33mclass[39m=[32m"sta
nza"[39m
        [33mstyle[39m=[32m"mar
gin-top: 0px; margin-bottom: 
1px;"[39m
      [36m>[39m
        [36m<div[39m
          [33mclass[39m=[32m"m
usic-signs transparent"[39m
        [36m>[39m
          [0mx[0m
        [36m</div>[39m
        [36m<div[39m
          [33mclass[39m=[32m"s
tanza-number"[39m
        [36m/>[39m
        [36m<div[39m
          [33mclass[39m=[32m"s
tanza-text"[39m
        [36m>[39m
          [36m<div[39m
            
[33mclass[39m=[32m"line "[39m
            [33mstyle[39m=[32m
"margin-top: 0px; margin-bottom: 
1px;"[39m
          [36m>[39m
            [0m├ô s├¼ ┼äfΓÇÖ 
ß║╣╠Çm├¡ ├¼sß╗ìj├¡ f├║n[0m
          [36m</div>[39m
        [36m</div>[39m
      [36m</div>[39m
      [36m<div[39m
        [33mclass[39m=[32m"sta
nza"[39m
        [33mstyle[39m=[32m"mar
gin-top: 0px; margin-bottom: 
1px;"[39m
      [36m>[39m
        [36m<div[39m
          [33mclass[39m=[32m"m
usic-signs transparent"[39m
        [36m>[39m
          [0mx[0m
        [36m</div>[39m
        [36m<div[39m
          [33mclass[39m=[32m"s
tanza-number"[39m
        [36m/>[39m
        [36m<div[39m
          [33mclass[39m=[32m"s
tanza-text"[39m
        [36m>[39m
          [36m<div[39m
            
[33mclass[39m=[32m"line "[39m
            [33mstyle[39m=[32m
"margin-top: 0px; margin-bottom: 
1px;"[39m
          [36m>[39m
            [0m├Çwß╗ìn tΓÇÖ ├│ 
┼äb├¿r├¿ rß║╣╠Ç.[0m
          [36m</div>[39m
        [36m</div>[39m
      [36m</div>[39m
    [36m</div>[39m

    Ignored nodes: comments, 
script, style
    [36m<div[39m
      [33mclass[39m=[32m"stanz
a"[39m
      [33mstyle[39m=[32m"margi
n-top: 0px; margin-bottom: 
1px;"[39m
    [36m>[39m
      [36m<div[39m
        [33mclass[39m=[32m"mus
ic-signs "[39m
      [36m>[39m
        [0mf[0m
      [36m</div>[39m
      [36m<div[39m
        [33mclass[39m=[32m"sta
nza-number"[39m
      [36m>[39m
        [0m1.[0m
      [36m</div>[39m
      [36m<div[39m
        [33mclass[39m=[32m"sta
nza-text"[39m
      [36m>[39m
        [36m<div[39m
          
[33mclass[39m=[32m"line "[39m
          [33mstyle[39m=[32m"m
argin-top: 0px; margin-bottom: 
1px;"[39m
        [36m>[39m
          [0mJ├ëS├Ö w├¡p├⌐ kΓÇÖ 
a m├í ß╣úß╗ì╠üra[0m
        [36m</div>[39m
      [36m</div>[39m
    [36m</div>[39m

    Ignored nodes: comments, 
script, style
    [36m<div[39m
      [33mclass[39m=[32m"music
-signs "[39m
    [36m>[39m
      [0mf[0m
    [36m</div>[39m

    Ignored nodes: comments, 
script, style
    [36m<div[39m
      [33mclass[39m=[32m"stanz
a-number"[39m
    [36m>[39m
      [0m1.[0m
    [36m</div>[39m

    Ignored nodes: comments, 
script, style
    [36m<div[39m
      [33mclass[39m=[32m"stanz
a-text"[39m
    [36m>[39m
      [36m<div[39m
        
[33mclass[39m=[32m"line "[39m
        [33mstyle[39m=[32m"mar
gin-top: 0px; margin-bottom: 
1px;"[39m
      [36m>[39m
        [0mJ├ëS├Ö w├¡p├⌐ kΓÇÖ a 
m├í ß╣úß╗ì╠üra[0m
      [36m</div>[39m
    [36m</div>[39m

    Ignored nodes: comments, 
script, style
    [36m<div[39m
      [33mclass[39m=[32m"line 
"[39m
      [33mstyle[39m=[32m"margi
n-top: 0px; margin-bottom: 
1px;"[39m
    [36m>[39m
      [0mJ├ëS├Ö w├¡p├⌐ kΓÇÖ a 
m├í ß╣úß╗ì╠üra[0m
    [36m</div>[39m

    Ignored nodes: comments, 
script, style
    [36m<div[39m
      [33mclass[39m=[32m"stanz
a"[39m
      [33mstyle[39m=[32m"margi
n-top: 0px; margin-bottom: 
1px;"[39m
    [36m>[39m
      [36m<div[39m
        [33mclass[39m=[32m"mus
ic-signs transparent"[39m
      [36m>[39m
        [0mx[0m
      [36m</div>[39m
      [36m<div[39m
        [33mclass[39m=[32m"sta
nza-number"[39m
      [36m/>[39m
      [36m<div[39m
        [33mclass[39m=[32m"sta
nza-text"[39m
      [36m>[39m
        [36m<div[39m
          
[33mclass[39m=[32m"line "[39m
          [33mstyle[39m=[32m"m
argin-top: 0px; margin-bottom: 
1px;"[39m
        [36m>[39m
          [0mN├¡ w├ík├át├¡ 
gbogbo,[0m
        [36m</div>[39m
      [36m</div>[39m
    [36m</div>[39m

    Ignored nodes: comments, 
script, style
    [36m<div[39m
      [33mclass[39m=[32m"music
-signs transparent"[39m
    [36m>[39m
      [0mx[0m
    [36m</div>[39m

    Ignored nodes: comments, 
script, style
    [36m<div[39m
      [33mclass[39m=[32m"stanz
a-number"[39m
    [36m/>[39m

    Ignored nodes: comments, 
script, style
    [36m<div[39m
      [33mclass[39m=[32m"stanz
a-text"[39m
    [36m>[39m
      [36m<div[39m
        
[33mclass[39m=[32m"line "[39m
        [33mstyle[39m=[32m"mar
gin-top: 0px; margin-bottom: 
1px;"[39m
      [36m>[39m
        [0mN├¡ w├ík├át├¡ 
gbogbo,[0m
      [36m</div>[39m
    [36m</div>[39m

    Ignored nodes: comments, 
script, style
    [36m<div[39m
      [33mclass[39m=[32m"line 
"[39m
      [33mstyle[39m=[32m"margi
n-top: 0px; margin-bottom: 
1px;"[39m
    [36m>[39m
      [0mN├¡ w├ík├át├¡ 
gbogbo,[0m
    [36m</div>[39m

    Ignored nodes: comments, 
script, style
    [36m<div[39m
      [33mclass[39m=[32m"stanz
a"[39m
      [33mstyle[39m=[32m"margi
n-top: 0px; margin-bottom: 
1px;"[39m
    [36m>[39m
      [36m<div[39m
        [33mclass[39m=[32m"mus
ic-signs transparent"[39m
      [36m>[39m
        [0mx[0m
      [36m</div>[39m
      [36m<div[39m
        [33mclass[39m=[32m"sta
nza-number"[39m
      [36m/>[39m
      [36m<div[39m
        [33mclass[39m=[32m"sta
nza-text"[39m
      [36m>[39m
        [36m<div[39m
          
[33mclass[39m=[32m"line "[39m
          [33mstyle[39m=[32m"m
argin-top: 0px; margin-bottom: 
1px;"[39m
        [36m>[39m
          [0m├ô s├¼ ┼äfΓÇÖ 
ß║╣╠Çm├¡ ├¼sß╗ìj├¡ f├║n[0m
        [36m</div>[39m
      [36m</div>[39m
    [36m</div>[39m

    Ignored nodes: comments, 
script, style
    [36m<div[39m
      [33mclass[39m=[32m"music
-signs transparent"[39m
    [36m>[39m
      [0mx[0m
    [36m</div>[39m

    Ignored nodes: comments, 
script, style
    [36m<div[39m
      [33mclass[39m=[32m"stanz
a-number"[39m
    [36m/>[39m

    Ignored nodes: comments, 
script, style
    [36m<div[39m
      [33mclass[39m=[32m"stanz
a-text"[39m
    [36m>[39m
      [36m<div[39m
        
[33mclass[39m=[32m"line "[39m
        [33mstyle[39m=[32m"mar
gin-top: 0px; margin-bottom: 
1px;"[39m
      [36m>[39m
        [0m├ô s├¼ ┼äfΓÇÖ 
ß║╣╠Çm├¡ ├¼sß╗ìj├¡ f├║n[0m
      [36m</div>[39m
    [36m</div>[39m

    Ignored nodes: comments, 
script, style
    [36m<div[39m
      [33mclass[39m=[32m"line 
"[39m
      [33mstyle[39m=[32m"margi
n-top: 0px; margin-bottom: 
1px;"[39m
    [36m>[39m
      [0m├ô s├¼ ┼äfΓÇÖ ß║╣╠Çm├¡ 
├¼sß╗ìj├¡ f├║n[0m
    [36m</div>[39m

    Ignored nodes: comments, 
script, style
    [36m<div[39m
      [33mclass[39m=[32m"stanz
a"[39m
      [33mstyle[39m=[32m"margi
n-top: 0px; margin-bottom: 
1px;"[39m
    [36m>[39m
      [36m<div[39m
        [33mclass[39m=[32m"mus
ic-signs transparent"[39m
      [36m>[39m
        [0mx[0m
      [36m</div>[39m
      [36m<div[39m
        [33mclass[39m=[32m"sta
nza-number"[39m
      [36m/>[39m
      [36m<div[39m
        [33mclass[39m=[32m"sta
nza-text"[39m
      [36m>[39m
        [36m<div[39m
          
[33mclass[39m=[32m"line "[39m
          [33mstyle[39m=[32m"m
argin-top: 0px; margin-bottom: 
1px;"[39m
        [36m>[39m
          [0m├Çwß╗ìn tΓÇÖ ├│ 
┼äb├¿r├¿ rß║╣╠Ç.[0m
        [36m</div>[39m
      [36m</div>[39m
    [36m</div>[39m

    Ignored nodes: comments, 
script, style
    [36m<div[39m
      [33mclass[39m=[32m"music
-signs transparent"[39m
    [36m>[39m
      [0mx[0m
    [36m</div>[39m

    Ignored nodes: comments, 
script, style
    [36m<div[39m
      [33mclass[39m=[32m"stanz
a-number"[39m
    [36m/>[39m

    Ignored nodes: comments, 
script, style
    [36m<div[39m
      [33mclass[39m=[32m"stanz
a-text"[39m
    [36m>[39m
      [36m<div[39m
        
[33mclass[39m=[32m"line "[39m
        [33mstyle[39m=[32m"mar
gin-top: 0px; margin-bottom: 
1px;"[39m
      [36m>[39m
        [0m├Çwß╗ìn tΓÇÖ ├│ 
┼äb├¿r├¿ rß║╣╠Ç.[0m
      [36m</div>[39m
    [36m</div>[39m

    Ignored nodes: comments, 
script, style
    [36m<div[39m
      [33mclass[39m=[32m"line 
"[39m
      [33mstyle[39m=[32m"margi
n-top: 0px; margin-bottom: 
1px;"[39m
    [36m>[39m
      [0m├Çwß╗ìn tΓÇÖ ├│ 
┼äb├¿r├¿ rß║╣╠Ç.[0m
    [36m</div>[39m

    Ignored nodes: comments, 
script, style
    [36m<div[39m
      [33mclass[39m=[32m"stanz
a-break"[39m
      [33mstyle[39m=[32m"margi
n-top: 0px; margin-bottom: 
2px;"[39m
    [36m/>[39m

    Ignored nodes: comments, 
script, style
    [36m<div[39m
      [33mclass[39m=[32m"stanz
a-container"[39m
      [33mstyle[39m=[32m"margi
n-top: 0px; margin-bottom: 
0px;"[39m
    [36m>[39m
      [36m<div[39m
        [33mclass[39m=[32m"sta
nza"[39m
        [33mstyle[39m=[32m"mar
gin-top: 0px; margin-bottom: 
1px;"[39m
      [36m>[39m
        [36m<div[39m
          [33mclass[39m=[32m"m
usic-signs "[39m
        [36m>[39m
          [0mf[0m
        [36m</div>[39m
        [36m<div[39m
          [33mclass[39m=[32m"s
tanza-number"[39m
        [36m>[39m
          [0m2.[0m
        [36m</div>[39m
        [36m<div[39m
          [33mclass[39m=[32m"s
tanza-text"[39m
        [36m>[39m
          [36m<div[39m
            
[33mclass[39m=[32m"line "[39m
            [33mstyle[39m=[32m
"margin-top: 0px; margin-bottom: 
1px;"[39m
          [36m>[39m
            [0mJ├ëS├Ö w├¡p├⌐ 
k├í m├í gbΓÇÖ ├ád├║├á[0m
          [36m</div>[39m
        [36m</div>[39m
      [36m</div>[39m
      [36m<div[39m
        [33mclass[39m=[32m"sta
nza"[39m
        [33mstyle[39m=[32m"mar
gin-top: 0px; margin-bottom: 
1px;"[39m
      [36m>[39m
        [36m<div[39m
          [33mclass[39m=[32m"m
usic-signs transparent"[39m
        [36m>[39m
          [0mx[0m
        [36m</div>[39m
        [36m<div[39m
          [33mclass[39m=[32m"s
tanza-number"[39m
        [36m/>[39m
        [36m<div[39m
          [33mclass[39m=[32m"s
tanza-text"[39m
        [36m>[39m
          [36m<div[39m
            
[33mclass[39m=[32m"line "[39m
            [33mstyle[39m=[32m
"margin-top: 0px; margin-bottom: 
1px;"[39m
          [36m>[39m
            [0mKΓÇÖ a m├í j├á 
l├í├¼sΓÇÖ ├á├írß║╣╠Ç;[0m
          [36m</div>[39m
        [36m</div>[39m
      [36m</div>[39m
      [36m<div[39m
        [33mclass[39m=[32m"sta
nza"[39m
        [33mstyle[39m=[32m"mar
gin-top: 0px; margin-bottom: 
1px;"[39m
      [36m>[39m
        [36m<div[39m
          [33mclass[39m=[32m"m
usic-signs transparent"[39m
        [36m>[39m
          [0mx[0m
        [36m</div>[39m
        [36m<div[39m
          [33mclass[39m=[32m"s
tanza-number"[39m
        [36m/>[39m
        [36m<div[39m
          [33mclass[39m=[32m"s
tanza-text"[39m
        [36m>[39m
          [36m<div[39m
            
[33mclass[39m=[32m"line "[39m
            [33mstyle[39m=[32m
"margin-top: 0px; margin-bottom: 
1px;"[39m
          [36m>[39m
            [0mOl├║wa, jß║╣╠ü 
kΓÇÖ a gbß╗ì╠ü ΓÇÿp├¿ Rß║╣[0m
          [36m</div>[39m
        [36m</div>[39m
      [36m</div>[39m
      [36m<div[39m
        [33mclass[39m=[32m"sta
nza"[39m
        [33mstyle[39m=[32m"mar
gin-top: 0px; margin-bottom: 
1px;"[39m
      [36m>[39m
        [36m<div[39m
          [33mclass[39m=[32m"m
usic-signs transparent"[39m
        [36m>[39m
          [0mx[0m
        [36m</div>[39m
        [36m<div[39m
          [33mclass[39m=[32m"s
tanza-number"[39m
        [36m/>[39m
        [36m<div[39m
          [33mclass[39m=[32m"s
tanza-text"[39m
        [36m>[39m
          [36m<div[39m
            
[33mclass[39m=[32m"line "[39m
            [33mstyle[39m=[32m
"margin-top: 0px; margin-bottom: 
1px;"[39m
          [36m>[39m
            [0m├îgbß╗ì╠ür├án 
nΓÇÖ ├¼y├¿ wa.[0m
          [36m</div>[39m
        [36m</div>[39m
      [36m</div>[39m
    [36m</div>[39m

    Ignored nodes: comments, 
script, style
    [36m<div[39m
      [33mclass[39m=[32m"stanz
a"[39m
      [33mstyle[39m=[32m"margi
n-top: 0px; margin-bottom: 
1px;"[39m
    [36m>[39m
      [36m<div[39m
        [33mclass[39m=[32m"mus
ic-signs "[39m
      [36m>[39m
        [0mf[0m
      [36m</div>[39m
      [36m<div[39m
        [33mclass[39m=[32m"sta
nza-number"[39m
      [36m>[39m
        [0m2.[0m
      [36m</div>[39m
      [36m<div[39m
        [33mclass[39m=[32m"sta
nza-text"[39m
      [36m>[39m
        [36m<div[39m
          
[33mclass[39m=[32m"line "[39m
          [33mstyle[39m=[32m"m
argin-top: 0px; margin-bottom: 
1px;"[39m
        [36m>[39m
          [0mJ├ëS├Ö w├¡p├⌐ k├í 
m├í gbΓÇÖ ├ád├║├á[0m
        [36m</div>[39m
      [36m</div>[39m
    [36m</div>[39m

    Ignored nodes: comments, 
script, style
    [36m<div[39m
      [33mclass[39m=[32m"music
-signs "[39m
    [36m>[39m
      [0mf[0m
    [36m</div>[39m

    Ignored nodes: comments, 
script, style
    [36m<div[39m
      [33mclass[39m=[32m"stanz
a-number"[39m
    [36m>[39m
      [0m2.[0m
    [36m</div>[39m

    Ignored nodes: comments, 
script, style
    [36m<div[39m
      [33mclass[39m=[32m"stanz
a-text"[39m
    [36m>[39m
      [36m<div[39m
        
[33mclass[39m=[32m"line "[39m
        [33mstyle[39m=[32m"mar
gin-top: 0px; margin-bottom: 
1px;"[39m
      [36m>[39m
        [0mJ├ëS├Ö w├¡p├⌐ k├í 
m├í gbΓÇÖ ├ád├║├á[0m
      [36m</div>[39m
    [36m</div>[39m

    Ignored nodes: comments, 
script, style
    [36m<div[39m
      [33mclass[39m=[32m"line 
"[39m
      [33mstyle[39m=[32m"margi
n-top: 0px; margin-bottom: 
1px;"[39m
    [36m>[39m
      [0mJ├ëS├Ö w├¡p├⌐ k├í m├í 
gbΓÇÖ ├ád├║├á[0m
    [36m</div>[39m

    Ignored nodes: comments, 
script, style
    [36m<div[39m
      [33mclass[39m=[32m"stanz
a"[39m
      [33mstyle[39m=[32m"margi
n-top: 0px; margin-bottom: 
1px;"[39m
    [36m>[39m
      [36m<div[39m
        [33mclass[39m=[32m"mus
ic-signs transparent"[39m
      [36m>[39m
        [0mx[0m
      [36m</div>[39m
      [36m<div[39m
        [33mclass[39m=[32m"sta
nza-number"[39m
      [36m/>[39m
      [36m<div[39m
        [33mclass[39m=[32m"sta
nza-text"[39m
      [36m>[39m
        [36m<div[39m
          
[33mclass[39m=[32m"line "[39m
          [33mstyle[39m=[32m"m
argin-top: 0px; margin-bottom: 
1px;"[39m
        [36m>[39m
          [0mKΓÇÖ a m├í j├á 
l├í├¼sΓÇÖ ├á├írß║╣╠Ç;[0m
        [36m</div>[39m
      [36m</div>[39m
    [36m</div>[39m

    Ignored nodes: comments, 
script, style
    [36m<div[39m
      [33mclass[39m=[32m"music
-signs transparent"[39m
    [36m>[39m
      [0mx[0m
    [36m</div>[39m

    Ignored nodes: comments, 
script, style
    [36m<div[39m
      [33mclass[39m=[32m"stanz
a-number"[39m
    [36m/>[39m

    Ignored nodes: comments, 
script, style
    [36m<div[39m
      [33mclass[39m=[32m"stanz
a-text"[39m
    [36m>[39m
      [36m<div[39m
        
[33mclass[39m=[32m"line "[39m
        [33mstyle[39m=[32m"mar
gin-top: 0px; margin-bottom: 
1px;"[39m
      [36m>[39m
        [0mKΓÇÖ a m├í j├á 
l├í├¼sΓÇÖ ├á├írß║╣╠Ç;[0m
      [36m</div>[39m
    [36m</div>[39m

    Ignored nodes: comments, 
script, style
    [36m<div[39m
      [33mclass[39m=[32m"line 
"[39m
      [33mstyle[39m=[32m"margi
n-top: 0px; margin-bottom: 
1px;"[39m
    [36m>[39m
      [0mKΓÇÖ a m├í j├á 
l├í├¼sΓÇÖ ├á├írß║╣╠Ç;[0m
    [36m</div>[39m

    Ignored nodes: comments, 
script, style
    [36m<div[39m
      [33mclass[39m=[32m"stanz
a"[39m
      [33mstyle[39m=[32m"margi
n-top: 0px; margin-bottom: 
1px;"[39m
    [36m>[39m
      [36m<div[39m
        [33mclass[39m=[32m"mus
ic-signs transparent"[39m
      [36m>[39m
        [0mx[0m
      [36m</div>[39m
      [36m<div[39m
        [33mclass[39m=[32m"sta
nza-number"[39m
      [36m/>[39m
      [36m<div[39m
        [33mclass[39m=[32m"sta
nza-text"[39m
      [36m>[39m
        [36m<div[39m
          
[33mclass[39m=[32m"line "[39m
          [33mstyle[39m=[32m"m
argin-top: 0px; margin-bottom: 
1px;"[39m
        [36m>[39m
          [0mOl├║wa, jß║╣╠ü 
kΓÇÖ a gbß╗ì╠ü ΓÇÿp├¿ Rß║╣[0m
        [36m</div>[39m
      [36m</div>[39m
    [36m</div>[39m

    Ignored nodes: comments, 
script, style
    [36m<div[39m
      [33mclass[39m=[32m"music
-signs transparent"[39m
    [36m>[39m
      [0mx[0m
    [36m</div>[39m

    Ignored nodes: comments, 
script, style
    [36m<div[39m
      [33mclass[39m=[32m"stanz
a-number"[39m
    [36m/>[39m

    Ignored nodes: comments, 
script, style
    [36m<div[39m
      [33mclass[39m=[32m"stanz
a-text"[39m
    [36m>[39m
      [36m<div[39m
        
[33mclass[39m=[32m"line "[39m
        [33mstyle[39m=[32m"mar
gin-top: 0px; margin-bottom: 
1px;"[39m
      [36m>[39m
        [0mOl├║wa, jß║╣╠ü kΓÇÖ 
a gbß╗ì╠ü ΓÇÿp├¿ Rß║╣[0m
      [36m</div>[39m
    [36m</div>[39m

    Ignored nodes: comments, 
script, style
    [36m<div[39m
      [33mclass[39m=[32m"line 
"[39m
      [33mstyle[39m=[32m"margi
n-top: 0px; margin-bottom: 
1px;"[39m
    [36m>[39m
      [0mOl├║wa, jß║╣╠ü kΓÇÖ a 
gbß╗ì╠ü ΓÇÿp├¿ Rß║╣[0m
    [36m</div>[39m

    Ignored nodes: comments, 
script, style
    [36m<div[39m
      [33mclass[39m=[32m"stanz
a"[39m
      [33mstyle[39m=[32m"margi
n-top: 0px; margin-bottom: 
1px;"[39m
    [36m>[39m
      [36m<div[39m
        [33mclass[39m=[32m"mus
ic-signs transparent"[39m
      [36m>[39m
        [0mx[0m
      [36m</div>[39m
      [36m<div[39m
        [33mclass[39m=[32m"sta
nza-number"[39m
      [36m/>[39m
      [36m<div[39m
        [33mclass[39m=[32m"sta
nza-text"[39m
      [36m>[39m
        [36m<div[39m
          
[33mclass[39m=[32m"line "[39m
          [33mstyle[39m=[32m"m
argin-top: 0px; margin-bottom: 
1px;"[39m
        [36m>[39m
          [0m├îgbß╗ì╠ür├án nΓÇÖ 
├¼y├¿ wa.[0m
        [36m</div>[39m
      [36m</div>[39m
    [36m</div>[39m

    Ignored nodes: comments, 
script, style
    [36m<div[39m
      [33mclass[39m=[32m"music
-signs transparent"[39m
    [36m>[39m
      [0mx[0m
    [36m</div>[39m

    Ignored nodes: comments, 
script, style
    [36m<div[39m
      [33mclass[39m=[32m"stanz
a-number"[39m
    [36m/>[39m

    Ignored nodes: comments, 
script, style
    [36m<div[39m
      [33mclass[39m=[32m"stanz
a-text"[39m
    [36m>[39m
      [36m<div[39m
        
[33mclass[39m=[32m"line "[39m
        [33mstyle[39m=[32m"mar
gin-top: 0px; margin-bottom: 
1px;"[39m
      [36m>[39m
        [0m├îgbß╗ì╠ür├án nΓÇÖ 
├¼y├¿ wa.[0m
      [36m</div>[39m
    [36m</div>[39m

    Ignored nodes: comments, 
script, style
    [36m<div[39m
      [33mclass[39m=[32m"line 
"[39m
      [33mstyle[39m=[32m"margi
n-top: 0px; margin-bottom: 
1px;"[39m
    [36m>[39m
      [0m├îgbß╗ì╠ür├án nΓÇÖ 
├¼y├¿ wa.[0m
    [36m</div>[39m

    Ignored nodes: comments, 
script, style
    [36m<div[39m
      [33mclass[39m=[32m"stanz
a-break"[39m
      [33mstyle[39m=[32m"margi
n-top: 0px; margin-bottom: 
2px;"[39m
    [36m/>[39m

    Ignored nodes: comments, 
script, style
    [36m<div[39m
      [33mclass[39m=[32m"stanz
a-container"[39m
      [33mstyle[39m=[32m"margi
n-top: 0px; margin-bottom: 
0px;"[39m
    [36m>[39m
      [36m<div[39m
        [33mclass[39m=[32m"sta
nza"[39m
        [33mstyle[39m=[32m"mar
gin-top: 0px; margin-bottom: 
1px;"[39m
      [36m>[39m
        [36m<div[39m
          [33mclass[39m=[32m"m
usic-signs "[39m
        [36m>[39m
          [0mf[0m
        [36m</div>[39m
        [36m<div[39m
          [33mclass[39m=[32m"s
tanza-number"[39m
        [36m>[39m
          [0m3.[0m
        [36m</div>[39m
        [36m<div[39m
          [33mclass[39m=[32m"s
tanza-text"[39m
        [36m>[39m
          [36m<div[39m
            
[33mclass[39m=[32m"line "[39m
            [33mstyle[39m=[32m
"margin-top: 0px; margin-bottom: 
1px;"[39m
          [36m>[39m
            [0mJ├ëS├Ö w├¡p├⌐ 
kΓÇÖ a m├í sß╗ì╠üra[0m
          [36m</div>[39m
        [36m</div>[39m
      [36m</div>[39m
      [36m<div[39m
        [33mclass[39m=[32m"sta
nza"[39m
        [33mstyle[39m=[32m"mar
gin-top: 0px; margin-bottom: 
1px;"[39m
      [36m>[39m
        [36m<div[39m
          [33mclass[39m=[32m"m
usic-signs transparent"[39m
        [36m>[39m
          [0mx[0m
        [36m</div>[39m
        [36m<div[39m
          [33mclass[39m=[32m"s
tanza-number"[39m
        [36m/>[39m
        [36m<div[39m
          [33mclass[39m=[32m"s
tanza-text"[39m
        [36m>[39m
          [36m<div[39m
            
[33mclass[39m=[32m"line "[39m
            [33mstyle[39m=[32m
"margin-top: 0px; margin-bottom: 
1px;"[39m
          [36m>[39m
            [0m├Çk├│k├▓ n├í├á 
d├⌐ t├ín,[0m
          [36m</div>[39m
        [36m</div>[39m
      [36m</div>[39m
      [36m<div[39m
        [33mclass[39m=[32m"sta
nza"[39m
        [33mstyle[39m=[32m"mar
gin-top: 0px; margin-bottom: 
1px;"[39m
      [36m>[39m
        [36m<div[39m
          [33mclass[39m=[32m"m
usic-signs transparent"[39m
        [36m>[39m
          [0mx[0m
        [36m</div>[39m
        [36m<div[39m
          [33mclass[39m=[32m"s
tanza-number"[39m
        [36m/>[39m
        [36m<div[39m
          [33mclass[39m=[32m"s
tanza-text"[39m
        [36m>[39m
          [36m<div[39m
            
[33mclass[39m=[32m"line "[39m
            [33mstyle[39m=[32m
"margin-top: 0px; margin-bottom: 
1px;"[39m
          [36m>[39m
            [0mT├¡ y├¡├▓ p├¿ wa 
k├║r├▓ lΓÇÖ ay├⌐,[0m
          [36m</div>[39m
        [36m</div>[39m
      [36m</div>[39m
      [36m<div[39m
        [33mclass[39m=[32m"sta
nza"[39m
        [33mstyle[39m=[32m"mar
gin-top: 0px; margin-bottom: 
1px;"[39m
      [36m>[39m
        [36m<div[39m
          [33mclass[39m=[32m"m
usic-signs transparent"[39m
        [36m>[39m
          [0mx[0m
        [36m</div>[39m
        [36m<div[39m
          [33mclass[39m=[32m"s
tanza-number"[39m
        [36m/>[39m
        [36m<div[39m
          [33mclass[39m=[32m"s
tanza-text"[39m
        [36m>[39m
          [36m<div[39m
            
[33mclass[39m=[32m"line "[39m
            [33mstyle[39m=[32m
"margin-top: 0px; margin-bottom: 
1px;"[39m
          [36m>[39m
            [0mSΓÇÖ ├¼b├╣gb├⌐ 
wa ß╗ì╠Çrun.[0m
          [36m</div>[39m
        [36m</div>[39m
      [36m</div>[39m
    [36m</div>[39m

    Ignored nodes: comments, 
script, style
    [36m<div[39m
      [33mclass[39m=[32m"stanz
a"[39m
      [33mstyle[39m=[32m"margi
n-top: 0px; margin-bottom: 
1px;"[39m
    [36m>[39m
      [36m<div[39m
        [33mclass[39m=[32m"mus
ic-signs "[39m
      [36m>[39m
        [0mf[0m
      [36m</div>[39m
      [36m<div[39m
        [33mclass[39m=[32m"sta
nza-number"[39m
      [36m>[39m
        [0m3.[0m
      [36m</div>[39m
      [36m<div[39m
        [33mclass[39m=[32m"sta
nza-text"[39m
      [36m>[39m
        [36m<div[39m
          
[33mclass[39m=[32m"line "[39m
          [33mstyle[39m=[32m"m
argin-top: 0px; margin-bottom: 
1px;"[39m
        [36m>[39m
          [0mJ├ëS├Ö w├¡p├⌐ kΓÇÖ 
a m├í sß╗ì╠üra[0m
        [36m</div>[39m
      [36m</div>[39m
    [36m</div>[39m

    Ignored nodes: comments, 
script, style
    [36m<div[39m
      [33mclass[39m=[32m"music
-signs "[39m
    [36m>[39m
      [0mf[0m
    [36m</div>[39m

    Ignored nodes: comments, 
script, style
    [36m<div[39m
      [33mclass[39m=[32m"stanz
a-number"[39m
    [36m>[39m
      [0m3.[0m
    [36m</div>[39m

    Ignored nodes: comments, 
script, style
    [36m<div[39m
      [33mclass[39m=[32m"stanz
a-text"[39m
    [36m>[39m
      [36m<div[39m
        
[33mclass[39m=[32m"line "[39m
        [33mstyle[39m=[32m"mar
gin-top: 0px; margin-bottom: 
1px;"[39m
      [36m>[39m
        [0mJ├ëS├Ö w├¡p├⌐ kΓÇÖ a 
m├í sß╗ì╠üra[0m
      [36m</div>[39m
    [36m</div>[39m

    Ignored nodes: comments, 
script, style
    [36m<div[39m
      [33mclass[39m=[32m"line 
"[39m
      [33mstyle[39m=[32m"margi
n-top: 0px; margin-bottom: 
1px;"[39m
    [36m>[39m
      [0mJ├ëS├Ö w├¡p├⌐ kΓÇÖ a 
m├í sß╗ì╠üra[0m
    [36m</div>[39m

    Ignored nodes: comments, 
script, style
    [36m<div[39m
      [33mclass[39m=[32m"stanz
a"[39m
      [33mstyle[39m=[32m"margi
n-top: 0px; margin-bottom: 
1px;"[39m
    [36m>[39m
      [36m<div[39m
        [33mclass[39m=[32m"mus
ic-signs transparent"[39m
      [36m>[39m
        [0mx[0m
      [36m</div>[39m
      [36m<div[39m
        [33mclass[39m=[32m"sta
nza-number"[39m
      [36m/>[39m
      [36m<div[39m
        [33mclass[39m=[32m"sta
nza-text"[39m
      [36m>[39m
        [36m<div[39m
          
[33mclass[39m=[32m"line "[39m
          [33mstyle[39m=[32m"m
argin-top: 0px; margin-bottom: 
1px;"[39m
        [36m>[39m
          [0m├Çk├│k├▓ n├í├á d├⌐ 
t├ín,[0m
        [36m</div>[39m
      [36m</div>[39m
    [36m</div>[39m

    Ignored nodes: comments, 
script, style
    [36m<div[39m
      [33mclass[39m=[32m"music
-signs transparent"[39m
    [36m>[39m
      [0mx[0m
    [36m</div>[39m

    Ignored nodes: comments, 
script, style
    [36m<div[39m
      [33mclass[39m=[32m"stanz
a-number"[39m
    [36m/>[39m

    Ignored nodes: comments, 
script, style
    [36m<div[39m
      [33mclass[39m=[32m"stanz
a-text"[39m
    [36m>[39m
      [36m<div[39m
        
[33mclass[39m=[32m"line "[39m
        [33mstyle[39m=[32m"mar
gin-top: 0px; margin-bottom: 
1px;"[39m
      [36m>[39m
        [0m├Çk├│k├▓ n├í├á d├⌐ 
t├ín,[0m
      [36m</div>[39m
    [36m</div>[39m

    Ignored nodes: comments, 
script, style
    [36m<div[39m
      [33mclass[39m=[32m"line 
"[39m
      [33mstyle[39m=[32m"margi
n-top: 0px; margin-bottom: 
1px;"[39m
    [36m>[39m
      [0m├Çk├│k├▓ n├í├á d├⌐ 
t├ín,[0m
    [36m</div>[39m

    Ignored nodes: comments, 
script, style
    [36m<div[39m
      [33mclass[39m=[32m"stanz
a"[39m
      [33mstyle[39m=[32m"margi
n-top: 0px; margin-bottom: 
1px;"[39m
    [36m>[39m
      [36m<div[39m
        [33mclass[39m=[32m"mus
ic-signs transparent"[39m
      [36m>[39m
        [0mx[0m
      [36m</div>[39m
      [36m<div[39m
        [33mclass[39m=[32m"sta
nza-number"[39m
      [36m/>[39m
      [36m<div[39m
        [33mclass[39m=[32m"sta
nza-text"[39m
      [36m>[39m
        [36m<div[39m
          
[33mclass[39m=[32m"line "[39m
          [33mstyle[39m=[32m"m
argin-top: 0px; margin-bottom: 
1px;"[39m
        [36m>[39m
          [0mT├¡ y├¡├▓ p├¿ wa 
k├║r├▓ lΓÇÖ ay├⌐,[0m
        [36m</div>[39m
      [36m</div>[39m
    [36m</div>[39m

    Ignored nodes: comments, 
script, style
    [36m<div[39m
      [33mclass[39m=[32m"music
-signs transparent"[39m
    [36m>[39m
      [0mx[0m
    [36m</div>[39m

    Ignored nodes: comments, 
script, style
    [36m<div[39m
      [33mclass[39m=[32m"stanz
a-number"[39m
    [36m/>[39m

    Ignored nodes: comments, 
script, style
    [36m<div[39m
      [33mclass[39m=[32m"stanz
a-text"[39m
    [36m>[39m
      [36m<div[39m
        
[33mclass[39m=[32m"line "[39m
        [33mstyle[39m=[32m"mar
gin-top: 0px; margin-bottom: 
1px;"[39m
      [36m>[39m
        [0mT├¡ y├¡├▓ p├¿ wa 
k├║r├▓ lΓÇÖ ay├⌐,[0m
      [36m</div>[39m
    [36m</div>[39m

    Ignored nodes: comments, 
script, style
    [36m<div[39m
      [33mclass[39m=[32m"line 
"[39m
      [33mstyle[39m=[32m"margi
n-top: 0px; margin-bottom: 
1px;"[39m
    [36m>[39m
      [0mT├¡ y├¡├▓ p├¿ wa 
k├║r├▓ lΓÇÖ ay├⌐,[0m
    [36m</div>[39m

    Ignored nodes: comments, 
script, style
    [36m<div[39m
      [33mclass[39m=[32m"stanz
a"[39m
      [33mstyle[39m=[32m"margi
n-top: 0px; margin-bottom: 
1px;"[39m
    [36m>[39m
      [36m<div[39m
        [33mclass[39m=[32m"mus
ic-signs transparent"[39m
      [36m>[39m
        [0mx[0m
      [36m</div>[39m
      [36m<div[39m
        [33mclass[39m=[32m"sta
nza-number"[39m
      [36m/>[39m
      [36m<div[39m
        [33mclass[39m=[32m"sta
nza-text"[39m
      [36m>[39m
        [36m<div[39m
          
[33mclass[39m=[32m"line "[39m
          [33mstyle[39m=[32m"m
argin-top: 0px; margin-bottom: 
1px;"[39m
        [36m>[39m
          [0mSΓÇÖ ├¼b├╣gb├⌐ wa 
ß╗ì╠Çrun.[0m
        [36m</div>[39m
      [36m</div>[39m
    [36m</div>[39m

    Ignored nodes: comments, 
script, style
    [36m<div[39m
      [33mclass[39m=[32m"music
-signs transparent"[39m
    [36m>[39m
      [0mx[0m
    [36m</div>[39m

    Ignored nodes: comments, 
script, style
    [36m<div[39m
      [33mclass[39m=[32m"stanz
a-number"[39m
    [36m/>[39m

    Ignored nodes: comments, 
script, style
    [36m<div[39m
      [33mclass[39m=[32m"stanz
a-text"[39m
    [36m>[39m
      [36m<div[39m
        
[33mclass[39m=[32m"line "[39m
        [33mstyle[39m=[32m"mar
gin-top: 0px; margin-bottom: 
1px;"[39m
      [36m>[39m
        [0mSΓÇÖ ├¼b├╣gb├⌐ wa 
ß╗ì╠Çrun.[0m
      [36m</div>[39m
    [36m</div>[39m

    Ignored nodes: comments, 
script, style
    [36m<div[39m
      [33mclass[39m=[32m"line 
"[39m
      [33mstyle[39m=[32m"margi
n-top: 0px; margin-bottom: 
1px;"[39m
    [36m>[39m
      [0mSΓÇÖ ├¼b├╣gb├⌐ wa 
ß╗ì╠Çrun.[0m
    [36m</div>[39m

    Ignored nodes: comments, 
script, style
    [36m<div[39m
      [33mclass[39m=[32m"stanz
a-break"[39m
      [33mstyle[39m=[32m"margi
n-top: 0px; margin-bottom: 
2px;"[39m
    [36m/>[39m

    Ignored nodes: comments, 
script, style
    [36m<div[39m
      [33mclass[39m=[32m"stanz
a-container"[39m
      [33mstyle[39m=[32m"margi
n-top: 0px; margin-bottom: 
0px;"[39m
    [36m>[39m
      [36m<div[39m
        [33mclass[39m=[32m"sta
nza"[39m
        [33mstyle[39m=[32m"mar
gin-top: 0px; margin-bottom: 
1px;"[39m
      [36m>[39m
        [36m<div[39m
          [33mclass[39m=[32m"m
usic-signs "[39m
        [36m>[39m
          [0mf[0m
        [36m</div>[39m
        [36m<div[39m
          [33mclass[39m=[32m"s
tanza-number"[39m
        [36m>[39m
          [0m4.[0m
        [36m</div>[39m
        [36m<div[39m
          [33mclass[39m=[32m"s
tanza-text"[39m
        [36m>[39m
          [36m<div[39m
            
[33mclass[39m=[32m"line "[39m
            [33mstyle[39m=[32m
"margin-top: 0px; margin-bottom: 
1px;"[39m
          [36m>[39m
            [0mJ├ëS├Ö, a fß║╣╠ü 
m├í gbΓÇÖ ├ád├║r├á,[0m
          [36m</div>[39m
        [36m</div>[39m
      [36m</div>[39m
      [36m<div[39m
        [33mclass[39m=[32m"sta
nza"[39m
        [33mstyle[39m=[32m"mar
gin-top: 0px; margin-bottom: 
1px;"[39m
      [36m>[39m
        [36m<div[39m
          [33mclass[39m=[32m"m
usic-signs transparent"[39m
        [36m>[39m
          [0mx[0m
        [36m</div>[39m
        [36m<div[39m
          [33mclass[39m=[32m"s
tanza-number"[39m
        [36m/>[39m
        [36m<div[39m
          [33mclass[39m=[32m"s
tanza-text"[39m
        [36m>[39m
          [36m<div[39m
            
[33mclass[39m=[32m"line "[39m
            [33mstyle[39m=[32m
"margin-top: 0px; margin-bottom: 
1px;"[39m
          [36m>[39m
            [0mA fß║╣╠ü m├í 
gbΓÇÖ oh├╣n Rß║╣,[0m
          [36m</div>[39m
        [36m</div>[39m
      [36m</div>[39m
      [36m<div[39m
        [33mclass[39m=[32m"sta
nza"[39m
        [33mstyle[39m=[32m"mar
gin-top: 0px; margin-bottom: 
1px;"[39m
      [36m>[39m
        [36m<div[39m
          [33mclass[39m=[32m"m
usic-signs transparent"[39m
        [36m>[39m
          [0mx[0m
        [36m</div>[39m
        [36m<div[39m
          [33mclass[39m=[32m"s
tanza-number"[39m
        [36m/>[39m
        [36m<div[39m
          [33mclass[39m=[32m"s
tanza-text"[39m
        [36m>[39m
          [36m<div[39m
            
[33mclass[39m=[32m"line "[39m
            [33mstyle[39m=[32m
"margin-top: 0px; margin-bottom: 
1px;"[39m
          [36m>[39m
            [0mA fß║╣╠ü m├í 
r├¼n nΓÇÖnu ΓÇÿl├án├á Rß║╣,[0m
          [36m</div>[39m
        [36m</div>[39m
      [36m</div>[39m
      [36m<div[39m
        [33mclass[39m=[32m"sta
nza"[39m
        [33mstyle[39m=[32m"mar
gin-top: 0px; margin-bottom: 
1px;"[39m
      [36m>[39m
        [36m<div[39m
          [33mclass[39m=[32m"m
usic-signs transparent"[39m
        [36m>[39m
          [0mx[0m
        [36m</div>[39m
        [36m<div[39m
          [33mclass[39m=[32m"s
tanza-number"[39m
        [36m/>[39m
        [36m<div[39m
          [33mclass[39m=[32m"s
tanza-text"[39m
        [36m>[39m
          [36m<div[39m
            
[33mclass[39m=[32m"line "[39m
            [33mstyle[39m=[32m
"margin-top: 0px; margin-bottom: 
1px;"[39m
          [36m>[39m
            [0mS├¡bΓÇÖ ayß╗ì╠Ç 
ail├│pin.[0m
          [36m</div>[39m
        [36m</div>[39m
      [36m</div>[39m
    [36m</div>[39m

    Ignored nodes: comments, 
script, style
    [36m<div[39m
      [33mclass[39m=[32m"stanz
a"[39m
      [33mstyle[39m=[32m"margi
n-top: 0px; margin-bottom: 
1px;"[39m
    [36m>[39m
      [36m<div[39m
        [33mclass[39m=[32m"mus
ic-signs "[39m
      [36m>[39m
        [0mf[0m
      [36m</div>[39m
      [36m<div[39m
        [33mclass[39m=[32m"sta
nza-number"[39m
      [36m>[39m
        [0m4.[0m
      [36m</div>[39m
      [36m<div[39m
        [33mclass[39m=[32m"sta
nza-text"[39m
      [36m>[39m
        [36m<div[39m
          
[33mclass[39m=[32m"line "[39m
          [33mstyle[39m=[32m"m
argin-top: 0px; margin-bottom: 
1px;"[39m
        [36m>[39m
          [0mJ├ëS├Ö, a fß║╣╠ü 
m├í gbΓÇÖ ├ád├║r├á,[0m
        [36m</div>[39m
      [36m</div>[39m
    [36m</div>[39m

    Ignored nodes: comments, 
script, style
    [36m<div[39m
      [33mclass[39m=[32m"music
-signs "[39m
    [36m>[39m
      [0mf[0m
    [36m</div>[39m

    Ignored nodes: comments, 
script, style
    [36m<div[39m
      [33mclass[39m=[32m"stanz
a-number"[39m
    [36m>[39m
      [0m4.[0m
    [36m</div>[39m

    Ignored nodes: comments, 
script, style
    [36m<div[39m
      [33mclass[39m=[32m"stanz
a-text"[39m
    [36m>[39m
      [36m<div[39m
        
[33mclass[39m=[32m"line "[39m
        [33mstyle[39m=[32m"mar
gin-top: 0px; margin-bottom: 
1px;"[39m
      [36m>[39m
        [0mJ├ëS├Ö, a fß║╣╠ü m├í 
gbΓÇÖ ├ád├║r├á,[0m
      [36m</div>[39m
    [36m</div>[39m

    Ignored nodes: comments, 
script, style
    [36m<div[39m
      [33mclass[39m=[32m"line 
"[39m
      [33mstyle[39m=[32m"margi
n-top: 0px; margin-bottom: 
1px;"[39m
    [36m>[39m
      [0mJ├ëS├Ö, a fß║╣╠ü m├í 
gbΓÇÖ ├ád├║r├á,[0m
    [36m</div>[39m

    Ignored nodes: comments, 
script, style
    [36m<div[39m
      [33mclass[39m=[32m"stanz
a"[39m
      [33mstyle[39m=[32m"margi
n-top: 0px; margin-bottom: 
1px;"[39m
    [36m>[39m
      [36m<div[39m
        [33mclass[39m=[32m"mus
ic-signs transparent"[39m
      [36m>[39m
        [0mx[0m
      [36m</div>[39m
      [36m<div[39m
        [33mclass[39m=[32m"sta
nza-number"[39m
      [36m/>[39m
      [36m<div[39m
        [33mclass[39m=[32m"sta
nza-text"[39m
      [36m>[39m
        [36m<div[39m
          
[33mclass[39m=[32m"line "[39m
          [33mstyle[39m=[32m"m
argin-top: 0px; margin-bottom: 
1px;"[39m
        [36m>[39m
          [0mA fß║╣╠ü m├í gbΓÇÖ 
oh├╣n Rß║╣,[0m
        [36m</div>[39m
      [36m</div>[39m
    [36m</div>[39m

    Ignored nodes: comments, 
script, style
    [36m<div[39m
      [33mclass[39m=[32m"music
-signs transparent"[39m
    [36m>[39m
      [0mx[0m
    [36m</div>[39m

    Ignored nodes: comments, 
script, style
    [36m<div[39m
      [33mclass[39m=[32m"stanz
a-number"[39m
    [36m/>[39m

    Ignored nodes: comments, 
script, style
    [36m<div[39m
      [33mclass[39m=[32m"stanz
a-text"[39m
    [36m>[39m
      [36m<div[39m
        
[33mclass[39m=[32m"line "[39m
        [33mstyle[39m=[32m"mar
gin-top: 0px; margin-bottom: 
1px;"[39m
      [36m>[39m
        [0mA fß║╣╠ü m├í gbΓÇÖ 
oh├╣n Rß║╣,[0m
      [36m</div>[39m
    [36m</div>[39m

    Ignored nodes: comments, 
script, style
    [36m<div[39m
      [33mclass[39m=[32m"line 
"[39m
      [33mstyle[39m=[32m"margi
n-top: 0px; margin-bottom: 
1px;"[39m
    [36m>[39m
      [0mA fß║╣╠ü m├í gbΓÇÖ 
oh├╣n Rß║╣,[0m
    [36m</div>[39m

    Ignored nodes: comments, 
script, style
    [36m<div[39m
      [33mclass[39m=[32m"stanz
a"[39m
      [33mstyle[39m=[32m"margi
n-top: 0px; margin-bottom: 
1px;"[39m
    [36m>[39m
      [36m<div[39m
        [33mclass[39m=[32m"mus
ic-signs transparent"[39m
      [36m>[39m
        [0mx[0m
      [36m</div>[39m
      [36m<div[39m
        [33mclass[39m=[32m"sta
nza-number"[39m
      [36m/>[39m
      [36m<div[39m
        [33mclass[39m=[32m"sta
nza-text"[39m
      [36m>[39m
        [36m<div[39m
          
[33mclass[39m=[32m"line "[39m
          [33mstyle[39m=[32m"m
argin-top: 0px; margin-bottom: 
1px;"[39m
        [36m>[39m
          [0mA fß║╣╠ü m├í r├¼n 
nΓÇÖnu ΓÇÿl├án├á Rß║╣,[0m
        [36m</div>[39m
      [36m</div>[39m
    [36m</div>[39m

    Ignored nodes: comments, 
script, style
    [36m<div[39m
      [33mclass[39m=[32m"music
-signs transparent"[39m
    [36m>[39m
      [0mx[0m
    [36m</div>[39m

    Ignored nodes: comments, 
script, style
    [36m<div[39m
      [33mclass[39m=[32m"stanz
a-number"[39m
    [36m/>[39m

    Ignored nodes: comments, 
script, style
    [36m<div[39m
      [33mclass[39m=[32m"stanz
a-text"[39m
    [36m>[39m
      [36m<div[39m
        
[33mclass[39m=[32m"line "[39m
        [33mstyle[39m=[32m"mar
gin-top: 0px; margin-bottom: 
1px;"[39m
      [36m>[39m
        [0mA fß║╣╠ü m├í r├¼n 
nΓÇÖnu ΓÇÿl├án├á Rß║╣,[0m
      [36m</div>[39m
    [36m</div>[39m

    Ignored nodes: comments, 
script, style
    [36m<div[39m
      [33mclass[39m=[32m"line 
"[39m
      [33mstyle[39m=[32m"margi
n-top: 0px; margin-bottom: 
1px;"[39m
    [36m>[39m
      [0mA fß║╣╠ü m├í r├¼n 
nΓÇÖnu ΓÇÿl├án├á Rß║╣,[0m
    [36m</div>[39m

    Ignored nodes: comments, 
script, style
    [36m<div[39m
      [33mclass[39m=[32m"stanz
a"[39m
      [33mstyle[39m=[32m"margi
n-top: 0px; margin-bottom: 
1px;"[39m
    [36m>[39m
      [36m<div[39m
        [33mclass[39m=[32m"mus
ic-signs transparent"[39m
      [36m>[39m
        [0mx[0m
      [36m</div>[39m
      [36m<div[39m
        [33mclass[39m=[32m"sta
nza-number"[39m
      [36m/>[39m
      [36m<div[39m
        [33mclass[39m=[32m"sta
nza-text"[39m
      [36m>[39m
        [36m<div[39m
          
[33mclass[39m=[32m"line "[39m
          [33mstyle[39m=[32m"m
argin-top: 0px; margin-bottom: 
1px;"[39m
        [36m>[39m
          [0mS├¡bΓÇÖ ayß╗ì╠Ç 
ail├│pin.[0m
        [36m</div>[39m
      [36m</div>[39m
    [36m</div>[39m

    Ignored nodes: comments, 
script, style
    [36m<div[39m
      [33mclass[39m=[32m"music
-signs transparent"[39m
    [36m>[39m
      [0mx[0m
    [36m</div>[39m

    Ignored nodes: comments, 
script, style
    [36m<div[39m
      [33mclass[39m=[32m"stanz
a-number"[39m
    [36m/>[39m

    Ignored nodes: comments, 
script, style
    [36m<div[39m
      [33mclass[39m=[32m"stanz
a-text"[39m
    [36m>[39m
      [36m<div[39m
        
[33mclass[39m=[32m"line "[39m
        [33mstyle[39m=[32m"mar
gin-top: 0px; margin-bottom: 
1px;"[39m
      [36m>[39m
        [0mS├¡bΓÇÖ ayß╗ì╠Ç 
ail├│pin.[0m
      [36m</div>[39m
    [36m</div>[39m

    Ignored nodes: comments, 
script, style
    [36m<div[39m
      [33mclass[39m=[32m"line 
"[39m
      [33mstyle[39m=[32m"margi
n-top: 0px; margin-bottom: 
1px;"[39m
    [36m>[39m
      [0mS├¡bΓÇÖ ayß╗ì╠Ç 
ail├│pin.[0m
    [36m</div>[39m

    Ignored nodes: comments, 
script, style
    [36m<div[39m
      [33mclass[39m=[32m"hymn-
history"[39m
    [36m>[39m
      [36m<h3>[39m
        [0m├ît├án[0m
      [36m</h3>[39m
      [36m<p>[39m
        [0mTraditional Yoruba 
hymn about spiritual 
watchfulness.[0m
      [36m</p>[39m
    [36m</div>[39m

    Ignored nodes: comments, 
script, style
    [36m<div[39m
      [33mclass[39m=[32m"highl
ight-toolbar "[39m
    [36m>[39m
      [36m<div[39m
        [33mclass[39m=[32m"col
or-picker-title"[39m
      [36m>[39m
        [0mYan ├Çwß╗ì╠Ç 
Underline[0m
      [36m</div>[39m
      [36m<div[39m
        [33mclass[39m=[32m"col
or-grid"[39m
      [36m>[39m
        [36m<button[39m
          [33mclass[39m=[32m"c
olor-button yellow active"[39m
          [33mdata-color[39m=[
32m"Yellow"[39m
          
[33mtitle[39m=[32m"Yellow 
underline"[39m
        [36m/>[39m
        [36m<button[39m
          [33mclass[39m=[32m"c
olor-button red "[39m
          [33mdata-color[39m=[
32m"Red"[39m
          
[33mtitle[39m=[32m"Red 
underline"[39m
        [36m/>[39m
        [36m<button[39m
          [33mclass[39m=[32m"c
olor-button blue "[39m
          [33mdata-color[39m=[
32m"Blue"[39m
          
[33mtitle[39m=[32m"Blue 
underline"[39m
        [36m/>[39m
        [36m<button[39m
          [33mclass[39m=[32m"c
olor-button orange "[39m
          [33mdata-color[39m=[
32m"Orange"[39m
          
[33mtitle[39m=[32m"Orange 
underline"[39m
        [36m/>[39m
        [36m<button[39m
          [33mclass[39m=[32m"c
olor-button ash "[39m
          [33mdata-color[39m=[
32m"Ash"[39m
          
[33mtitle[39m=[32m"Ash 
underline"[39m
        [36m/>[39m
        [36m<button[39m
          [33mclass[39m=[32m"c
olor-button black "[39m
          [33mdata-color[39m=[
32m"Black"[39m
          
[33mtitle[39m=[32m"Black 
underline"[39m
        [36m/>[39m
      [36m</div>[39m
      [36m<div[39m
        [33mclass[39m=[32m"und
o-redo-buttons"[39m
      [36m>[39m
        [36m<button[39m
          [33mclass[39m=[32m"u
ndo-redo-button"[39m
          
[33mdisabled[39m=[32m""[39m
          
[33mtitle[39m=[32m"Pad├á 
sß║╣╠üy├¼n"[39m
        [36m>[39m
          [36m<span[39m
            
[33mclass[39m=[32m"icon"[39m
          [36m>[39m
            [0mΓå⌐[0m
          [36m</span>[39m
          [0m Pad├á[0m
        [36m</button>[39m
        [36m<button[39m
          [33mclass[39m=[32m"u
ndo-redo-button"[39m
          
[33mdisabled[39m=[32m""[39m
          
[33mtitle[39m=[32m"T├║n 
ß╣úe"[39m
        [36m>[39m
          [36m<span[39m
            
[33mclass[39m=[32m"icon"[39m
          [36m>[39m
            [0mΓå¬[0m
          [36m</span>[39m
          [0m T├║n ß╣úe[0m
        [36m</button>[39m
      [36m</div>[39m
    [36m</div>[39m

    Ignored nodes: comments, 
script, style
    [36m<div[39m
      [33mclass[39m=[32m"color
-picker-title"[39m
    [36m>[39m
      [0mYan ├Çwß╗ì╠Ç 
Underline[0m
    [36m</div>[39m

    Ignored nodes: comments, 
script, style
    [36m<div[39m
      [33mclass[39m=[32m"color
-grid"[39m
    [36m>[39m
      [36m<button[39m
        [33mclass[39m=[32m"col
or-button yellow active"[39m
        [33mdata-color[39m=[32
m"Yellow"[39m
        
[33mtitle[39m=[32m"Yellow 
underline"[39m
      [36m/>[39m
      [36m<button[39m
        [33mclass[39m=[32m"col
or-button red "[39m
        [33mdata-color[39m=[32
m"Red"[39m
        
[33mtitle[39m=[32m"Red 
underline"[39m
      [36m/>[39m
      [36m<button[39m
        [33mclass[39m=[32m"col
or-button blue "[39m
        [33mdata-color[39m=[32
m"Blue"[39m
        
[33mtitle[39m=[32m"Blue 
underline"[39m
      [36m/>[39m
      [36m<button[39m
        [33mclass[39m=[32m"col
or-button orange "[39m
        [33mdata-color[39m=[32
m"Orange"[39m
        
[33mtitle[39m=[32m"Orange 
underline"[39m
      [36m/>[39m
      [36m<button[39m
        [33mclass[39m=[32m"col
or-button ash "[39m
        [33mdata-color[39m=[32
m"Ash"[39m
        
[33mtitle[39m=[32m"Ash 
underline"[39m
      [36m/>[39m
      [36m<button[39m
        [33mclass[39m=[32m"col
or-button black "[39m
        [33mdata-color[39m=[32
m"Black"[39m
        
[33mtitle[39m=[32m"Black 
underline"[39m
      [36m/>[39m
    [36m</div>[39m

    Ignored nodes: comments, 
script, style
    [36m<div[39m
      [33mclass[39m=[32m"undo-
redo-buttons"[39m
    [36m>[39m
      [36m<button[39m
        [33mclass[39m=[32m"und
o-redo-button"[39m
        
[33mdisabled[39m=[32m""[39m
        
[33mtitle[39m=[32m"Pad├á 
sß║╣╠üy├¼n"[39m
      [36m>[39m
        [36m<span[39m
          
[33mclass[39m=[32m"icon"[39m
        [36m>[39m
          [0mΓå⌐[0m
        [36m</span>[39m
        [0m Pad├á[0m
      [36m</button>[39m
      [36m<button[39m
        [33mclass[39m=[32m"und
o-redo-button"[39m
        
[33mdisabled[39m=[32m""[39m
        
[33mtitle[39m=[32m"T├║n 
ß╣úe"[39m
      [36m>[39m
        [36m<span[39m
          
[33mclass[39m=[32m"icon"[39m
        [36m>[39m
          [0mΓå¬[0m
        [36m</span>[39m
        [0m T├║n ß╣úe[0m
      [36m</button>[39m
    [36m</div>[39m

    Ignored nodes: comments, 
script, style
    [36m<span[39m
      
[33mclass[39m=[32m"icon"[39m
    [36m>[39m
      [0mΓå⌐[0m
    [36m</span>[39m

    Ignored nodes: comments, 
script, style
    [36m<span[39m
      
[33mclass[39m=[32m"icon"[39m
    [36m>[39m
      [0mΓå¬[0m
    [36m</span>[39m

    (If this is intentional, 
then use the `*AllBy*` variant 
of the query (like 
`queryAllByText`, 
`getAllByText`, or 
`findAllByText`)).

    Ignored nodes: comments, 
script, style
    [36m<body>[39m
      [36m<div>[39m
        [36m<div[39m
          [33mclass[39m=[32m"h
ymn-detail-page 
theme-undefined"[39m
        [36m>[39m
          [36m<div[39m
            [33mclass[39m=[32m
"header-top-row"[39m
          [36m>[39m
            [36m<div[39m
              [33mclass[39m=[3
2m"header-spacer"[39m
            [36m/>[39m
          [36m</div>[39m
          [36m<div[39m
            [33mclass[39m=[32m
"hymn-topic-section"[39m
          [36m>[39m
            [36m<h1>[39m
              [0mJ├⌐s├╣ W├¡p├⌐ 
KΓÇÖ ├ü M├í ß╣óß╗ì╠üra[0m
            [36m</h1>[39m
            [36m<div[39m
              [33mclass[39m=[3
2m"hymn-topic"[39m
            [36m>[39m
              
[0m├îy├ás├¡m├¡mß╗ì╠ü[0m
            [36m</div>[39m
            [36m<div[39m
              [33mclass[39m=[3
2m"hymn-source"[39m
            [36m>[39m
              [0mYoruba Baptist 
Hymnal[0m
            [36m</div>[39m
          [36m</div>[39m
          [36m<div[39m
            [33mclass[39m=[32m
"hymn-content"[39m
          [36m>[39m
            [36m<div[39m
              [33mclass[39m=[3
2m"navigation-arrows"[39m
            [36m>[39m
              [36m<button[39m
                
[33mclass[39m=[32m"nav-arrow 
prev-arrow"[39m
              [36m>[39m
                [36m<span[39m
                  
[33mclass[39m=[32m"icon"[39m
                [36m>[39m
                  [0mΓåÉ[0m
                [36m</span>[39m
              [36m</button>[39m
              [36m<button[39m
                
[33mclass[39m=[32m"nav-arrow 
next-arrow"[39m
              [36m>[39m
                [36m<span[39m
                  
[33mclass[39m=[32m"icon"[39m
                [36m>[39m
                  [0mΓåÆ[0m
                [36m</span>[39m
              [36m</button>[39m
            [36m</div>[39m
            [36m<div[39m
              [33mclass[39m=[3
2m"floating-share"[39m
            [36m>[39m
              [36m<button[39m
                
[33maria-label[39m=[32m"P├¡n 
orin"[39m
                [33mclass[39m=
[32m"share-button"[39m
              [36m>[39m
                [36m<span[39m
                  
[33mclass[39m=[32m"icon"[39m
                [36m>[39m
                  [0mΓåù∩╕Å[0m
                [36m</span>[39m
              [36m</button>[39m
            [36m</div>[39m
            [36m<div[39m
              [33mclass[39m=[3
2m"metadata-box"[39m
            [36m>[39m
              [36m<div[39m
                [33mclass[39m=
[32m"metadata-item"[39m
              [36m>[39m
                [36m<span[39m
                  
[33mclass[39m=[32m"label"[39m
                [36m>[39m
                  
[0mNß╗ì╠ümb├á:[0m
                [36m</span>[39m
                [36m<span[39m
                  
[33mclass[39m=[32m"value"[39m
                [36m>[39m
                  [0mYBH350[0m
                [36m</span>[39m
              [36m</div>[39m
              [36m<div[39m
                [33mclass[39m=
[32m"metadata-item"[39m
              [36m>[39m
                [36m<span[39m
                  
[33mclass[39m=[32m"label"[39m
                [36m>[39m
                  
[0mOnkß╗ì╠Çw├⌐:[0m
                [36m</span>[39m
                [36m<span[39m
                  
[33mclass[39m=[32m"value"[39m
                [36m>[39m
                  [0mUnknown[0m
                [36m</span>[39m
              [36m</div>[39m
              [36m<div[39m
                [33mclass[39m=
[32m"metadata-item"[39m
              [36m>[39m
                [36m<span[39m
                  
[33mclass[39m=[32m"label"[39m
                [36m>[39m
                  
[0mAkß╗ì╠ümpose:[0m
                [36m</span>[39m
                [36m<span[39m
                  
[33mclass[39m=[32m"value"[39m
                [36m>[39m
                  [0mUnknown[0m
                [36m</span>[39m
              [36m</div>[39m
              [36m<div[39m
                [33mclass[39m=
[32m"metadata-item"[39m
              [36m>[39m
                [36m<span[39m
                  
[33mclass[39m=[32m"label"[39m
                [36m>[39m
                  [0mTune:[0m
                [36m</span>[39m
                [36m<span[39m
                  
[33mclass[39m=[32m"value"[39m
                [36m>[39m
                  [0mUnknown[0m
                [36m</span>[39m
              [36m</div>[39m
              [36m<div[39m
                [33mclass[39m=
[32m"metadata-item"[39m
              [36m>[39m
                [36m<span[39m
                  
[33mclass[39m=[32m"label"[39m
                [36m>[39m
                  [0mMeter:[0m
                [36m</span>[39m
                [36m<span[39m
                  
[33mclass[39m=[32m"value"[39m
                [36m>[39m
                  [0m8.6.8.6[0m
                [36m</span>[39m
              [36m</div>[39m
              [36m<div[39m
                [33mclass[39m=
[32m"metadata-item"[39m
              [36m>[39m
                [36m<span[39m
                  
[33mclass[39m=[32m"label"[39m
                [36m>[39m
                  [0mKey:[0m
                [36m</span>[39m
                [36m<span[39m
                  
[33mclass[39m=[32m"value"[39m
                [36m>[39m
                  [0mUnknown[0m
                [36m</span>[39m
              [36m</div>[39m
              [36m<div[39m
                [33mclass[39m=
[32m"metadata-item"[39m
              [36m>[39m
                [36m<span[39m
                  
[33mclass[39m=[32m"label"[39m
                [36m>[39m
                  
[0mß╗îd├║n:[0m
                [36m</span>[39m
                [36m<span[39m
                  
[33mclass[39m=[32m"value"[39m
                [36m>[39m
                  
[0mTraditional[0m
                [36m</span>[39m
              [36m</div>[39m
              [36m<div[39m
                [33mclass[39m=
[32m"metadata-item"[39m
                [33mdata-type[3
9m=[32m"scripture"[39m
              [36m>[39m
                [36m<span[39m
                  
[33mclass[39m=[32m"label"[39m
                [36m>[39m
                  [0m├îw├⌐ 
M├¡mß╗ì╠ü:[0m
                [36m</span>[39m
                [36m<span[39m
                  
[33mclass[39m=[32m"value"[39m
                [36m>[39m
                  [0mUnknown[0m
                [36m</span>[39m
              [36m</div>[39m
            [36m</div>[39m
            [36m<div[39m
              [33mclass[39m=[3
2m"lyrics"[39m
              [33mstyle[39m=[3
2m"user-select: text;"[39m
            [36m>[39m
              [36m<div[39m
                [33mclass[39m=
[32m"stanza-container"[39m
                [33mstyle[39m=
[32m"margin-top: 0px; 
margin-bottom: 0px;"[39m
              [36m>[39m
                [36m<div[39m
                  [33mclass[39m
=[32m"stanza"[39m
                  [33mstyle[39m
=[32m"margin-top: 0px; 
margin-bottom: 1px;"[39m
                [36m>[39m
                  [36m<div[39m
                    [33mclass[3
9m=[32m"music-signs "[39m
                  [36m>[39m
                    [0mf[0m
                  
[36m</div>[39m
                  [36m<div[39m
                    [33mclass[3
9m=[32m"stanza-number"[39m
                  [36m>[39m
                    [0m1.[0m
                  
[36m</div>[39m
                  [36m<div[39m
                    [33mclass[3
9m=[32m"stanza-text"[39m
                  [36m>[39m
                    
[36m<div[39m
                      
[33mclass[39m=[32m"line "[39m
                      [33mstyle
[39m=[32m"margin-top: 0px; 
margin-bottom: 1px;"[39m
     ...

    [0m [90m 42 |[39m
     [90m 43 |[39m             
[90m// Check if lyrics section 
exists[39m
    [31m[1m>[22m[39m[90m 44 
|[39m             
[36mconst[39m lyricsElement 
[33m=[39m screen[33m.[39mgetB
yRole([32m'generic'[39m[33m,[
39m { name[33m:[39m 
[32m''[39m })[33m;[39m
     [90m    |[39m             
                             
[31m[1m^[22m[39m
     [90m 45 |[39m             
expect(lyricsElement)[33m.[39mt
oBeInTheDocument()[33m;[39m
     [90m 46 |[39m         
})[33m;[39m
     [90m 47 |[39m     
})[33m;[39m[0m

      at Object.getElementError (
node_modules/@testing-library/rea
ct/node_modules/@testing-library/
dom/dist/config.js:37:19)
      at getElementError (node_mo
dules/@testing-library/react/node
_modules/@testing-library/dom/dis
t/query-helpers.js:20:35)
      at 
getMultipleElementsFoundError (no
de_modules/@testing-library/react
/node_modules/@testing-library/do
m/dist/query-helpers.js:23:10)
      at node_modules/@testing-li
brary/react/node_modules/@testing
-library/dom/dist/query-helpers.j
s:55:13
      at getByRole (node_modules/
@testing-library/react/node_modul
es/@testing-library/dom/dist/quer
y-helpers.js:95:19)
      at Object.<anonymous> (src/
components/VerifyYorubaHymns_341_
400.test.js:44:42)

  ΓùÅ YorubaHymnDetail 
Verification (Hymns 341-400) ΓÇ║ 
renders hymn 360 correctly

    TestingLibraryElementError: 
Found multiple elements with the 
text: /B├ÇB├ü ß╗ì╠Çrun, t├¡ 
├¼fß║╣╠ü Rß║╣/i

    Here are the matching 
elements:

    Ignored nodes: comments, 
script, style
    [36m<h1>[39m
      [0mB├áb├í ß╗î╠Çrun, T├¡ 
├îfß║╣╠ü Rß║╣[0m
    [36m</h1>[39m

    Ignored nodes: comments, 
script, style
    [36m<div[39m
      [33mclass[39m=[32m"line 
"[39m
      [33mstyle[39m=[32m"margi
n-top: 0px; margin-bottom: 
1px;"[39m
    [36m>[39m
      [0mB├ÇB├ü ß╗ì╠Çrun, t├¡ 
├¼fß║╣╠ü Rß║╣[0m
    [36m</div>[39m

    (If this is intentional, 
then use the `*AllBy*` variant 
of the query (like 
`queryAllByText`, 
`getAllByText`, or 
`findAllByText`)).

    Ignored nodes: comments, 
script, style
    [36m<body>[39m
      [36m<div>[39m
        [36m<div[39m
          [33mclass[39m=[32m"h
ymn-detail-page 
theme-undefined"[39m
        [36m>[39m
          [36m<div[39m
            [33mclass[39m=[32m
"header-top-row"[39m
          [36m>[39m
            [36m<div[39m
              [33mclass[39m=[3
2m"header-spacer"[39m
            [36m/>[39m
          [36m</div>[39m
          [36m<div[39m
            [33mclass[39m=[32m
"hymn-topic-section"[39m
          [36m>[39m
            [36m<h1>[39m
              [0mB├áb├í 
ß╗î╠Çrun, T├¡ ├îfß║╣╠ü Rß║╣[0m
            [36m</h1>[39m
            [36m<div[39m
              [33mclass[39m=[3
2m"hymn-topic"[39m
            [36m>[39m
              
[0m├îy├ás├¡m├¡mß╗ì╠ü[0m
            [36m</div>[39m
            [36m<div[39m
              [33mclass[39m=[3
2m"hymn-source"[39m
            [36m>[39m
              [0mYoruba Baptist 
Hymnal[0m
            [36m</div>[39m
          [36m</div>[39m
          [36m<div[39m
            [33mclass[39m=[32m
"hymn-content"[39m
          [36m>[39m
            [36m<div[39m
              [33mclass[39m=[3
2m"navigation-arrows"[39m
            [36m>[39m
              [36m<button[39m
                
[33mclass[39m=[32m"nav-arrow 
prev-arrow"[39m
              [36m>[39m
                [36m<span[39m
                  
[33mclass[39m=[32m"icon"[39m
                [36m>[39m
                  [0mΓåÉ[0m
                [36m</span>[39m
              [36m</button>[39m
              [36m<button[39m
                
[33mclass[39m=[32m"nav-arrow 
next-arrow"[39m
              [36m>[39m
                [36m<span[39m
                  
[33mclass[39m=[32m"icon"[39m
                [36m>[39m
                  [0mΓåÆ[0m
                [36m</span>[39m
              [36m</button>[39m
            [36m</div>[39m
            [36m<div[39m
              [33mclass[39m=[3
2m"floating-share"[39m
            [36m>[39m
              [36m<button[39m
                
[33maria-label[39m=[32m"P├¡n 
orin"[39m
                [33mclass[39m=
[32m"share-button"[39m
              [36m>[39m
                [36m<span[39m
                  
[33mclass[39m=[32m"icon"[39m
                [36m>[39m
                  [0mΓåù∩╕Å[0m
                [36m</span>[39m
              [36m</button>[39m
            [36m</div>[39m
            [36m<div[39m
              [33mclass[39m=[3
2m"metadata-box"[39m
            [36m>[39m
              [36m<div[39m
                [33mclass[39m=
[32m"metadata-item"[39m
              [36m>[39m
                [36m<span[39m
                  
[33mclass[39m=[32m"label"[39m
                [36m>[39m
                  
[0mNß╗ì╠ümb├á:[0m
                [36m</span>[39m
                [36m<span[39m
                  
[33mclass[39m=[32m"value"[39m
                [36m>[39m
                  [0mYBH360[0m
                [36m</span>[39m
              [36m</div>[39m
              [36m<div[39m
                [33mclass[39m=
[32m"metadata-item"[39m
              [36m>[39m
                [36m<span[39m
                  
[33mclass[39m=[32m"label"[39m
                [36m>[39m
                  
[0mOnkß╗ì╠Çw├⌐:[0m
                [36m</span>[39m
                [36m<span[39m
                  
[33mclass[39m=[32m"value"[39m
                [36m>[39m
                  [0mUnknown[0m
                [36m</span>[39m
              [36m</div>[39m
              [36m<div[39m
                [33mclass[39m=
[32m"metadata-item"[39m
              [36m>[39m
                [36m<span[39m
                  
[33mclass[39m=[32m"label"[39m
                [36m>[39m
                  
[0mAkß╗ì╠ümpose:[0m
                [36m</span>[39m
                [36m<span[39m
                  
[33mclass[39m=[32m"value"[39m
                [36m>[39m
                  [0mUnknown[0m
                [36m</span>[39m
              [36m</div>[39m
              [36m<div[39m
                [33mclass[39m=
[32m"metadata-item"[39m
              [36m>[39m
                [36m<span[39m
                  
[33mclass[39m=[32m"label"[39m
                [36m>[39m
                  [0mTune:[0m
                [36m</span>[39m
                [36m<span[39m
                  
[33mclass[39m=[32m"value"[39m
                [36m>[39m
                  [0mUnknown[0m
                [36m</span>[39m
              [36m</div>[39m
              [36m<div[39m
                [33mclass[39m=
[32m"metadata-item"[39m
              [36m>[39m
                [36m<span[39m
                  
[33mclass[39m=[32m"label"[39m
                [36m>[39m
                  [0mMeter:[0m
                [36m</span>[39m
                [36m<span[39m
                  
[33mclass[39m=[32m"value"[39m
                [36m>[39m
                  [0mL.M.[0m
                [36m</span>[39m
              [36m</div>[39m
              [36m<div[39m
                [33mclass[39m=
[32m"metadata-item"[39m
              [36m>[39m
                [36m<span[39m
                  
[33mclass[39m=[32m"label"[39m
                [36m>[39m
                  [0mKey:[0m
                [36m</span>[39m
                [36m<span[39m
                  
[33mclass[39m=[32m"value"[39m
                [36m>[39m
                  [0mUnknown[0m
                [36m</span>[39m
              [36m</div>[39m
              [36m<div[39m
                [33mclass[39m=
[32m"metadata-item"[39m
              [36m>[39m
                [36m<span[39m
                  
[33mclass[39m=[32m"label"[39m
                [36m>[39m
                  
[0mß╗îd├║n:[0m
                [36m</span>[39m
                [36m<span[39m
                  
[33mclass[39m=[32m"value"[39m
                [36m>[39m
                  
[0mTraditional[0m
                [36m</span>[39m
              [36m</div>[39m
              [36m<div[39m
                [33mclass[39m=
[32m"metadata-item"[39m
                [33mdata-type[3
9m=[32m"scripture"[39m
              [36m>[39m
                [36m<span[39m
                  
[33mclass[39m=[32m"label"[39m
                [36m>[39m
                  [0m├îw├⌐ 
M├¡mß╗ì╠ü:[0m
                [36m</span>[39m
                [36m<span[39m
                  
[33mclass[39m=[32m"value"[39m
                [36m>[39m
                  [0mUnknown[0m
                [36m</span>[39m
              [36m</div>[39m
            [36m</div>[39m
            [36m<div[39m
              [33mclass[39m=[3
2m"lyrics"[39m
              [33mstyle[39m=[3
2m"user-select: text;"[39m
            [36m>[39m
              [36m<div[39m
                [33mclass[39m=
[32m"stanza-container"[39m
                [33mstyle[39m=
[32m"margin-top: 0px; 
margin-bottom: 0px;"[39m
              [36m>[39m
                [36m<div[39m
                  [33mclass[39m
=[32m"stanza"[39m
                  [33mstyle[39m
=[32m"margin-top: 0px; 
margin-bottom: 1px;"[39m
                [36m>[39m
                  [36m<div[39m
                    [33mclass[3
9m=[32m"music-signs "[39m
                  [36m>[39m
                    [0mf[0m
                  
[36m</div>[39m
                  [36m<div[39m
                    [33mclass[3
9m=[32m"stanza-number"[39m
                  [36m>[39m
                    [0m1.[0m
                  
[36m</div>[39m
                  [36m<div[39m
                    [33mclass[3
9m=[32m"stanza-text"[39m
                  [36m>[39m
                    
[36m<div[39m
                      
[33mclass[39m=[32m"line "[39m
                      [33mstyle
[39m=[32m"margin-top: 0px; 
margin-bottom: 1px;"[39m
         ...

    [0m [90m 31 |[39m
     [90m 32 |[39m             
[90m// Check title (ignoring 
case for flexibility)[39m
    [31m[1m>[22m[39m[90m 33 
|[39m             
[36mconst[39m titleElement 
[33m=[39m screen[33m.[39mgetB
yText([36mnew[39m [33mRegExp[
39m(title[33m,[39m 
[32m'i'[39m))[33m;[39m
     [90m    |[39m             
                            
[31m[1m^[22m[39m
     [90m 34 |[39m             
expect(titleElement)[33m.[39mto
BeInTheDocument()[33m;[39m
     [90m 35 |[39m
     [90m 36 |[39m             
[90m// Check for presence of 
"Yoruba Baptist Hymnal"[39m[0m

      at Object.getElementError (
node_modules/@testing-library/rea
ct/node_modules/@testing-library/
dom/dist/config.js:37:19)
      at getElementError (node_mo
dules/@testing-library/react/node
_modules/@testing-library/dom/dis
t/query-helpers.js:20:35)
      at 
getMultipleElementsFoundError (no
de_modules/@testing-library/react
/node_modules/@testing-library/do
m/dist/query-helpers.js:23:10)
      at node_modules/@testing-li
brary/react/node_modules/@testing
-library/dom/dist/query-helpers.j
s:55:13
      at getByText (node_modules/
@testing-library/react/node_modul
es/@testing-library/dom/dist/quer
y-helpers.js:95:19)
      at Object.<anonymous> (src/
components/VerifyYorubaHymns_341_
400.test.js:33:41)

  ΓùÅ YorubaHymnDetail 
Verification (Hymns 341-400) ΓÇ║ 
renders hymn 361 correctly

    TestingLibraryElementError: 
Found multiple elements with the 
role "generic" and name ""

    Here are the matching 
elements:

    Ignored nodes: comments, 
script, style
    [36m<div>[39m
      [36m<div[39m
        [33mclass[39m=[32m"hym
n-detail-page 
theme-undefined"[39m
      [36m>[39m
        [36m<div[39m
          [33mclass[39m=[32m"h
eader-top-row"[39m
        [36m>[39m
          [36m<div[39m
            [33mclass[39m=[32m
"header-spacer"[39m
          [36m/>[39m
        [36m</div>[39m
        [36m<div[39m
          [33mclass[39m=[32m"h
ymn-topic-section"[39m
        [36m>[39m
          [36m<h1 />[39m
          [36m<div[39m
            [33mclass[39m=[32m
"hymn-topic"[39m
          [36m>[39m
            
[0m├îy├ás├¡m├¡mß╗ì╠ü[0m
          [36m</div>[39m
          [36m<div[39m
            [33mclass[39m=[32m
"hymn-source"[39m
          [36m>[39m
            [0mYoruba Baptist 
Hymnal[0m
          [36m</div>[39m
        [36m</div>[39m
        [36m<div[39m
          [33mclass[39m=[32m"h
ymn-content"[39m
        [36m>[39m
          [36m<div[39m
            [33mclass[39m=[32m
"navigation-arrows"[39m
          [36m>[39m
            [36m<button[39m
              
[33mclass[39m=[32m"nav-arrow 
prev-arrow"[39m
            [36m>[39m
              [36m<span[39m
                
[33mclass[39m=[32m"icon"[39m
              [36m>[39m
                [0mΓåÉ[0m
              [36m</span>[39m
            [36m</button>[39m
            [36m<button[39m
              
[33mclass[39m=[32m"nav-arrow 
next-arrow"[39m
            [36m>[39m
              [36m<span[39m
                
[33mclass[39m=[32m"icon"[39m
              [36m>[39m
                [0mΓåÆ[0m
              [36m</span>[39m
            [36m</button>[39m
          [36m</div>[39m
          [36m<div[39m
            [33mclass[39m=[32m
"floating-share"[39m
          [36m>[39m
            [36m<button[39m
              
[33maria-label[39m=[32m"P├¡n 
orin"[39m
              [33mclass[39m=[3
2m"share-button"[39m
            [36m>[39m
              [36m<span[39m
                
[33mclass[39m=[32m"icon"[39m
              [36m>[39m
                [0mΓåù∩╕Å[0m
              [36m</span>[39m
            [36m</button>[39m
          [36m</div>[39m
          [36m<div[39m
            [33mclass[39m=[32m
"metadata-box"[39m
          [36m>[39m
            [36m<div[39m
              [33mclass[39m=[3
2m"metadata-item"[39m
            [36m>[39m
              [36m<span[39m
                
[33mclass[39m=[32m"label"[39m
              [36m>[39m
                
[0mNß╗ì╠ümb├á:[0m
              [36m</span>[39m
              [36m<span[39m
                
[33mclass[39m=[32m"value"[39m
              [36m>[39m
                [0mYBH361[0m
              [36m</span>[39m
            [36m</div>[39m
            [36m<div[39m
              [33mclass[39m=[3
2m"metadata-item"[39m
            [36m>[39m
              [36m<span[39m
                
[33mclass[39m=[32m"label"[39m
              [36m>[39m
                
[0mOnkß╗ì╠Çw├⌐:[0m
              [36m</span>[39m
              [36m<span[39m
                
[33mclass[39m=[32m"value"[39m
              [36m>[39m
                [0mUnknown[0m
              [36m</span>[39m
            [36m</div>[39m
            [36m<div[39m
              [33mclass[39m=[3
2m"metadata-item"[39m
            [36m>[39m
              [36m<span[39m
                
[33mclass[39m=[32m"label"[39m
              [36m>[39m
                
[0mAkß╗ì╠ümpose:[0m
              [36m</span>[39m
              [36m<span[39m
                
[33mclass[39m=[32m"value"[39m
              [36m>[39m
                [0mUnknown[0m
              [36m</span>[39m
            [36m</div>[39m
            [36m<div[39m
              [33mclass[39m=[3
2m"metadata-item"[39m
            [36m>[39m
              [36m<span[39m
                
[33mclass[39m=[32m"label"[39m
              [36m>[39m
                [0mTune:[0m
              [36m</span>[39m
              [36m<span[39m
                
[33mclass[39m=[32m"value"[39m
              [36m>[39m
                [0mUnknown[0m
              [36m</span>[39m
            [36m</div>[39m
            [36m<div[39m
              [33mclass[39m=[3
2m"metadata-item"[39m
            [36m>[39m
              [36m<span[39m
                
[33mclass[39m=[32m"label"[39m
              [36m>[39m
                [0mMeter:[0m
              [36m</span>[39m
              [36m<span[39m
                
[33mclass[39m=[32m"value"[39m
              [36m>[39m
                
[0m8.7.8.7.D.[0m
              [36m</span>[39m
            [36m</div>[39m
            [36m<div[39m
              [33mclass[39m=[3
2m"metadata-item"[39m
            [36m>[39m
              [36m<span[39m
                
[33mclass[39m=[32m"label"[39m
              [36m>[39m
                [0mKey:[0m
              [36m</span>[39m
              [36m<span[39m
                
[33mclass[39m=[32m"value"[39m
              [36m>[39m
                [0mUnknown[0m
              [36m</span>[39m
            [36m</div>[39m
            [36m<div[39m
              [33mclass[39m=[3
2m"metadata-item"[39m
            [36m>[39m
              [36m<span[39m
                
[33mclass[39m=[32m"label"[39m
              [36m>[39m
                [0mß╗îd├║n:[0m
              [36m</span>[39m
              [36m<span[39m
                
[33mclass[39m=[32m"value"[39m
              [36m>[39m
                
[0mTraditional[0m
              [36m</span>[39m
            [36m</div>[39m
            [36m<div[39m
              [33mclass[39m=[3
2m"metadata-item"[39m
              [33mdata-type[39m
=[32m"scripture"[39m
            [36m>[39m
              [36m<span[39m
                
[33mclass[39m=[32m"label"[39m
              [36m>[39m
                [0m├îw├⌐ 
M├¡mß╗ì╠ü:[0m
              [36m</span>[39m
              [36m<span[39m
                
[33mclass[39m=[32m"value"[39m
              [36m>[39m
                [0mUnknown[0m
              [36m</span>[39m
            [36m</div>[39m
          [36m</div>[39m
          [36m<div[39m
            [33mclass[39m=[32m
"lyrics"[39m
            [33mstyle[39m=[32m
"user-select: text;"[39m
          [36m>[39m
            [36m<div[39m
              [33mclass[39m=[3
2m"stanza-container"[39m
              [33mstyle[39m=[3
2m"margin-top: 0px; 
margin-bottom: 0px;"[39m
            [36m>[39m
              [36m<div[39m
                [33mclass[39m=
[32m"stanza"[39m
                [33mstyle[39m=
[32m"margin-top: 0px; 
margin-bottom: 1px;"[39m
              [36m>[39m
                [36m<div[39m
                  [33mclass[39m
=[32m"music-signs "[39m
                [36m>[39m
                  [0mf[0m
                [36m</div>[39m
                [36m<div[39m
                  [33mclass[39m
=[32m"stanza-number"[39m
                [36m>[39m
                  [0m1.[0m
                [36m</div>[39m
                [36m<div[39m
                  [33mclass[39m
=[32m"stanza-text"[39m
                [36m>[39m
                  [36m<div[39m
                    
[33mclass[39m=[32m"line "[39m
                    [33mstyle[3
9m=[32m"margin-top: 0px; 
margin-bottom: 1px;"[39m
                  [36m>[39m
                    [0mOL├ÜWA, 
m├íß╣úe jß║╣╠ü kΓÇÖ ├í l├╣ 
ΓÇÿlß║╣╠Ç,[0m
                  
[36m</div>[39m
                [36m</div>[39m
              [36m</div>[39m
              [36m<div[39m
                [33mclass[39m=
[32m"stanza"[39m
                [33mstyle[39m=
[32m"margin-top: 0px; 
margin-bottom: 1px;"[39m
              [36m>[39m
                [36m<div[39m
                  [33mclass[39m
=[32m"music-signs 
transparent"[39m
                [36m>[39m
                  [0mx[0m
                [36m</d...

    Ignored nodes: comments, 
script, style
    [36m<div[39m
      [33mclass[39m=[32m"hymn-
detail-page theme-undefined"[39m
    [36m>[39m
      [36m<div[39m
        [33mclass[39m=[32m"hea
der-top-row"[39m
      [36m>[39m
        [36m<div[39m
          [33mclass[39m=[32m"h
eader-spacer"[39m
        [36m/>[39m
      [36m</div>[39m
      [36m<div[39m
        [33mclass[39m=[32m"hym
n-topic-section"[39m
      [36m>[39m
        [36m<h1 />[39m
        [36m<div[39m
          [33mclass[39m=[32m"h
ymn-topic"[39m
        [36m>[39m
          
[0m├îy├ás├¡m├¡mß╗ì╠ü[0m
        [36m</div>[39m
        [36m<div[39m
          [33mclass[39m=[32m"h
ymn-source"[39m
        [36m>[39m
          [0mYoruba Baptist 
Hymnal[0m
        [36m</div>[39m
      [36m</div>[39m
      [36m<div[39m
        [33mclass[39m=[32m"hym
n-content"[39m
      [36m>[39m
        [36m<div[39m
          [33mclass[39m=[32m"n
avigation-arrows"[39m
        [36m>[39m
          [36m<button[39m
            
[33mclass[39m=[32m"nav-arrow 
prev-arrow"[39m
          [36m>[39m
            [36m<span[39m
              
[33mclass[39m=[32m"icon"[39m
            [36m>[39m
              [0mΓåÉ[0m
            [36m</span>[39m
          [36m</button>[39m
          [36m<button[39m
            
[33mclass[39m=[32m"nav-arrow 
next-arrow"[39m
          [36m>[39m
            [36m<span[39m
              
[33mclass[39m=[32m"icon"[39m
            [36m>[39m
              [0mΓåÆ[0m
            [36m</span>[39m
          [36m</button>[39m
        [36m</div>[39m
        [36m<div[39m
          [33mclass[39m=[32m"f
loating-share"[39m
        [36m>[39m
          [36m<button[39m
            
[33maria-label[39m=[32m"P├¡n 
orin"[39m
            [33mclass[39m=[32m
"share-button"[39m
          [36m>[39m
            [36m<span[39m
              
[33mclass[39m=[32m"icon"[39m
            [36m>[39m
              [0mΓåù∩╕Å[0m
            [36m</span>[39m
          [36m</button>[39m
        [36m</div>[39m
        [36m<div[39m
          [33mclass[39m=[32m"m
etadata-box"[39m
        [36m>[39m
          [36m<div[39m
            [33mclass[39m=[32m
"metadata-item"[39m
          [36m>[39m
            [36m<span[39m
              
[33mclass[39m=[32m"label"[39m
            [36m>[39m
              [0mNß╗ì╠ümb├á:[0m
            [36m</span>[39m
            [36m<span[39m
              
[33mclass[39m=[32m"value"[39m
            [36m>[39m
              [0mYBH361[0m
            [36m</span>[39m
          [36m</div>[39m
          [36m<div[39m
            [33mclass[39m=[32m
"metadata-item"[39m
          [36m>[39m
            [36m<span[39m
              
[33mclass[39m=[32m"label"[39m
            [36m>[39m
              
[0mOnkß╗ì╠Çw├⌐:[0m
            [36m</span>[39m
            [36m<span[39m
              
[33mclass[39m=[32m"value"[39m
            [36m>[39m
              [0mUnknown[0m
            [36m</span>[39m
          [36m</div>[39m
          [36m<div[39m
            [33mclass[39m=[32m
"metadata-item"[39m
          [36m>[39m
            [36m<span[39m
              
[33mclass[39m=[32m"label"[39m
            [36m>[39m
              
[0mAkß╗ì╠ümpose:[0m
            [36m</span>[39m
            [36m<span[39m
              
[33mclass[39m=[32m"value"[39m
            [36m>[39m
              [0mUnknown[0m
            [36m</span>[39m
          [36m</div>[39m
          [36m<div[39m
            [33mclass[39m=[32m
"metadata-item"[39m
          [36m>[39m
            [36m<span[39m
              
[33mclass[39m=[32m"label"[39m
            [36m>[39m
              [0mTune:[0m
            [36m</span>[39m
            [36m<span[39m
              
[33mclass[39m=[32m"value"[39m
            [36m>[39m
              [0mUnknown[0m
            [36m</span>[39m
          [36m</div>[39m
          [36m<div[39m
            [33mclass[39m=[32m
"metadata-item"[39m
          [36m>[39m
            [36m<span[39m
              
[33mclass[39m=[32m"label"[39m
            [36m>[39m
              [0mMeter:[0m
            [36m</span>[39m
            [36m<span[39m
              
[33mclass[39m=[32m"value"[39m
            [36m>[39m
              [0m8.7.8.7.D.[0m
            [36m</span>[39m
          [36m</div>[39m
          [36m<div[39m
            [33mclass[39m=[32m
"metadata-item"[39m
          [36m>[39m
            [36m<span[39m
              
[33mclass[39m=[32m"label"[39m
            [36m>[39m
              [0mKey:[0m
            [36m</span>[39m
            [36m<span[39m
              
[33mclass[39m=[32m"value"[39m
            [36m>[39m
              [0mUnknown[0m
            [36m</span>[39m
          [36m</div>[39m
          [36m<div[39m
            [33mclass[39m=[32m
"metadata-item"[39m
          [36m>[39m
            [36m<span[39m
              
[33mclass[39m=[32m"label"[39m
            [36m>[39m
              [0mß╗îd├║n:[0m
            [36m</span>[39m
            [36m<span[39m
              
[33mclass[39m=[32m"value"[39m
            [36m>[39m
              [0mTraditional[0m
            [36m</span>[39m
          [36m</div>[39m
          [36m<div[39m
            [33mclass[39m=[32m
"metadata-item"[39m
            [33mdata-type[39m=
[32m"scripture"[39m
          [36m>[39m
            [36m<span[39m
              
[33mclass[39m=[32m"label"[39m
            [36m>[39m
              [0m├îw├⌐ 
M├¡mß╗ì╠ü:[0m
            [36m</span>[39m
            [36m<span[39m
              
[33mclass[39m=[32m"value"[39m
            [36m>[39m
              [0mUnknown[0m
            [36m</span>[39m
          [36m</div>[39m
        [36m</div>[39m
        [36m<div[39m
          [33mclass[39m=[32m"l
yrics"[39m
          [33mstyle[39m=[32m"u
ser-select: text;"[39m
        [36m>[39m
          [36m<div[39m
            [33mclass[39m=[32m
"stanza-container"[39m
            [33mstyle[39m=[32m
"margin-top: 0px; margin-bottom: 
0px;"[39m
          [36m>[39m
            [36m<div[39m
              [33mclass[39m=[3
2m"stanza"[39m
              [33mstyle[39m=[3
2m"margin-top: 0px; 
margin-bottom: 1px;"[39m
            [36m>[39m
              [36m<div[39m
                [33mclass[39m=
[32m"music-signs "[39m
              [36m>[39m
                [0mf[0m
              [36m</div>[39m
              [36m<div[39m
                [33mclass[39m=
[32m"stanza-number"[39m
              [36m>[39m
                [0m1.[0m
              [36m</div>[39m
              [36m<div[39m
                [33mclass[39m=
[32m"stanza-text"[39m
              [36m>[39m
                [36m<div[39m
                  
[33mclass[39m=[32m"line "[39m
                  [33mstyle[39m
=[32m"margin-top: 0px; 
margin-bottom: 1px;"[39m
                [36m>[39m
                  [0mOL├ÜWA, 
m├íß╣úe jß║╣╠ü kΓÇÖ ├í l├╣ 
ΓÇÿlß║╣╠Ç,[0m
                [36m</div>[39m
              [36m</div>[39m
            [36m</div>[39m
            [36m<div[39m
              [33mclass[39m=[3
2m"stanza"[39m
              [33mstyle[39m=[3
2m"margin-top: 0px; 
margin-bottom: 1px;"[39m
            [36m>[39m
              [36m<div[39m
                [33mclass[39m=
[32m"music-signs 
transparent"[39m
              [36m>[39m
                [0mx[0m
              [36m</div>[39m
              [36m<div[39m
                [33mclass[39m=
[32m"stanza-number"[39m
              [36m/>[39m
              [36m<div[39m
                [33mclass[39m=
[32m"stanza-text"[39m
              [36m>[39m
                [36m<div[39m
                  
[33mclass[39m=[32m"line "[39m
                  [33mstyle[39m
=[32m"margin-top: 0px; 
margin-bottom: 1px;"[39m
                [36m>[39m
                  [0mN├¡n├║ 
├¼d├ínw├▓ ay├⌐ y├¼├¡;[0m
                [36m</div>[39m
      ...

    Ignored nodes: comments, 
script, style
    [36m<div[39m
      [33mclass[39m=[32m"heade
r-top-row"[39m
    [36m>[39m
      [36m<div[39m
        [33mclass[39m=[32m"hea
der-spacer"[39m
      [36m/>[39m
    [36m</div>[39m

    Ignored nodes: comments, 
script, style
    [36m<div[39m
      [33mclass[39m=[32m"heade
r-spacer"[39m
    [36m/>[39m

    Ignored nodes: comments, 
script, style
    [36m<div[39m
      [33mclass[39m=[32m"hymn-
topic-section"[39m
    [36m>[39m
      [36m<h1 />[39m
      [36m<div[39m
        [33mclass[39m=[32m"hym
n-topic"[39m
      [36m>[39m
        [0m├îy├ás├¡m├¡mß╗ì╠ü[0m
      [36m</div>[39m
      [36m<div[39m
        [33mclass[39m=[32m"hym
n-source"[39m
      [36m>[39m
        [0mYoruba Baptist 
Hymnal[0m
      [36m</div>[39m
    [36m</div>[39m

    Ignored nodes: comments, 
script, style
    [36m<div[39m
      [33mclass[39m=[32m"hymn-
topic"[39m
    [36m>[39m
      [0m├îy├ás├¡m├¡mß╗ì╠ü[0m
    [36m</div>[39m

    Ignored nodes: comments, 
script, style
    [36m<div[39m
      [33mclass[39m=[32m"hymn-
source"[39m
    [36m>[39m
      [0mYoruba Baptist 
Hymnal[0m
    [36m</div>[39m

    Ignored nodes: comments, 
script, style
    [36m<div[39m
      [33mclass[39m=[32m"hymn-
content"[39m
    [36m>[39m
      [36m<div[39m
        [33mclass[39m=[32m"nav
igation-arrows"[39m
      [36m>[39m
        [36m<button[39m
          
[33mclass[39m=[32m"nav-arrow 
prev-arrow"[39m
        [36m>[39m
          [36m<span[39m
            
[33mclass[39m=[32m"icon"[39m
          [36m>[39m
            [0mΓåÉ[0m
          [36m</span>[39m
        [36m</button>[39m
        [36m<button[39m
          
[33mclass[39m=[32m"nav-arrow 
next-arrow"[39m
        [36m>[39m
          [36m<span[39m
            
[33mclass[39m=[32m"icon"[39m
          [36m>[39m
            [0mΓåÆ[0m
          [36m</span>[39m
        [36m</button>[39m
      [36m</div>[39m
      [36m<div[39m
        [33mclass[39m=[32m"flo
ating-share"[39m
      [36m>[39m
        [36m<button[39m
          
[33maria-label[39m=[32m"P├¡n 
orin"[39m
          [33mclass[39m=[32m"s
hare-button"[39m
        [36m>[39m
          [36m<span[39m
            
[33mclass[39m=[32m"icon"[39m
          [36m>[39m
            [0mΓåù∩╕Å[0m
          [36m</span>[39m
        [36m</button>[39m
      [36m</div>[39m
      [36m<div[39m
        [33mclass[39m=[32m"met
adata-box"[39m
      [36m>[39m
        [36m<div[39m
          [33mclass[39m=[32m"m
etadata-item"[39m
        [36m>[39m
          [36m<span[39m
            
[33mclass[39m=[32m"label"[39m
          [36m>[39m
            [0mNß╗ì╠ümb├á:[0m
          [36m</span>[39m
          [36m<span[39m
            
[33mclass[39m=[32m"value"[39m
          [36m>[39m
            [0mYBH361[0m
          [36m</span>[39m
        [36m</div>[39m
        [36m<div[39m
          [33mclass[39m=[32m"m
etadata-item"[39m
        [36m>[39m
          [36m<span[39m
            
[33mclass[39m=[32m"label"[39m
          [36m>[39m
            [0mOnkß╗ì╠Çw├⌐:[0m
          [36m</span>[39m
          [36m<span[39m
            
[33mclass[39m=[32m"value"[39m
          [36m>[39m
            [0mUnknown[0m
          [36m</span>[39m
        [36m</div>[39m
        [36m<div[39m
          [33mclass[39m=[32m"m
etadata-item"[39m
        [36m>[39m
          [36m<span[39m
            
[33mclass[39m=[32m"label"[39m
          [36m>[39m
            [0mAkß╗ì╠ümpose:[0m
          [36m</span>[39m
          [36m<span[39m
            
[33mclass[39m=[32m"value"[39m
          [36m>[39m
            [0mUnknown[0m
          [36m</span>[39m
        [36m</div>[39m
        [36m<div[39m
          [33mclass[39m=[32m"m
etadata-item"[39m
        [36m>[39m
          [36m<span[39m
            
[33mclass[39m=[32m"label"[39m
          [36m>[39m
            [0mTune:[0m
          [36m</span>[39m
          [36m<span[39m
            
[33mclass[39m=[32m"value"[39m
          [36m>[39m
            [0mUnknown[0m
          [36m</span>[39m
        [36m</div>[39m
        [36m<div[39m
          [33mclass[39m=[32m"m
etadata-item"[39m
        [36m>[39m
          [36m<span[39m
            
[33mclass[39m=[32m"label"[39m
          [36m>[39m
            [0mMeter:[0m
          [36m</span>[39m
          [36m<span[39m
            
[33mclass[39m=[32m"value"[39m
          [36m>[39m
            [0m8.7.8.7.D.[0m
          [36m</span>[39m
        [36m</div>[39m
        [36m<div[39m
          [33mclass[39m=[32m"m
etadata-item"[39m
        [36m>[39m
          [36m<span[39m
            
[33mclass[39m=[32m"label"[39m
          [36m>[39m
            [0mKey:[0m
          [36m</span>[39m
          [36m<span[39m
            
[33mclass[39m=[32m"value"[39m
          [36m>[39m
            [0mUnknown[0m
          [36m</span>[39m
        [36m</div>[39m
        [36m<div[39m
          [33mclass[39m=[32m"m
etadata-item"[39m
        [36m>[39m
          [36m<span[39m
            
[33mclass[39m=[32m"label"[39m
          [36m>[39m
            [0mß╗îd├║n:[0m
          [36m</span>[39m
          [36m<span[39m
            
[33mclass[39m=[32m"value"[39m
          [36m>[39m
            [0mTraditional[0m
          [36m</span>[39m
        [36m</div>[39m
        [36m<div[39m
          [33mclass[39m=[32m"m
etadata-item"[39m
          [33mdata-type[39m=[3
2m"scripture"[39m
        [36m>[39m
          [36m<span[39m
            
[33mclass[39m=[32m"label"[39m
          [36m>[39m
            [0m├îw├⌐ 
M├¡mß╗ì╠ü:[0m
          [36m</span>[39m
          [36m<span[39m
            
[33mclass[39m=[32m"value"[39m
          [36m>[39m
            [0mUnknown[0m
          [36m</span>[39m
        [36m</div>[39m
      [36m</div>[39m
      [36m<div[39m
        [33mclass[39m=[32m"lyr
ics"[39m
        [33mstyle[39m=[32m"use
r-select: text;"[39m
      [36m>[39m
        [36m<div[39m
          [33mclass[39m=[32m"s
tanza-container"[39m
          [33mstyle[39m=[32m"m
argin-top: 0px; margin-bottom: 
0px;"[39m
        [36m>[39m
          [36m<div[39m
            [33mclass[39m=[32m
"stanza"[39m
            [33mstyle[39m=[32m
"margin-top: 0px; margin-bottom: 
1px;"[39m
          [36m>[39m
            [36m<div[39m
              [33mclass[39m=[3
2m"music-signs "[39m
            [36m>[39m
              [0mf[0m
            [36m</div>[39m
            [36m<div[39m
              [33mclass[39m=[3
2m"stanza-number"[39m
            [36m>[39m
              [0m1.[0m
            [36m</div>[39m
            [36m<div[39m
              [33mclass[39m=[3
2m"stanza-text"[39m
            [36m>[39m
              [36m<div[39m
                
[33mclass[39m=[32m"line "[39m
                [33mstyle[39m=
[32m"margin-top: 0px; 
margin-bottom: 1px;"[39m
              [36m>[39m
                [0mOL├ÜWA, 
m├íß╣úe jß║╣╠ü kΓÇÖ ├í l├╣ 
ΓÇÿlß║╣╠Ç,[0m
              [36m</div>[39m
            [36m</div>[39m
          [36m</div>[39m
          [36m<div[39m
            [33mclass[39m=[32m
"stanza"[39m
            [33mstyle[39m=[32m
"margin-top: 0px; margin-bottom: 
1px;"[39m
          [36m>[39m
            [36m<div[39m
              [33mclass[39m=[3
2m"music-signs transparent"[39m
            [36m>[39m
              [0mx[0m
            [36m</div>[39m
            [36m<div[39m
              [33mclass[39m=[3
2m"stanza-number"[39m
            [36m/>[39m
            [36m<div[39m
              [33mclass[39m=[3
2m"stanza-text"[39m
            [36m>[39m
              [36m<div[39m
                
[33mclass[39m=[32m"line "[39m
                [33mstyle[39m=
[32m"margin-top: 0px; 
margin-bottom: 1px;"[39m
              [36m>[39m
                [0mN├¡n├║ 
├¼d├ínw├▓ ay├⌐ y├¼├¡;[0m
              [36m</div>[39m
            [36m</div>[39m
          [36m</div>[39m
          [36m<div[39m
            [33mclass[39m=[32m
"stanza"[39m
            [33mstyle[39m=[32m
"margin-top: 0px; margin-bottom: 
1px;"[39m
          [36m>[39m
            [36m<div[39m
              [33mclass[39m=[3
2m"music-signs transparent"[39m
            [36m>[39m
              [0mx[0m
            [36m</div>[39m
            [36m<div[39m
              [33mclass[39m=[3
2m"stanza-number"[39m
            [36m/>[39m
            [36m<div[39m
              [33mclass[39m=[3
2m"stanza-text"[39m
            [36m>[39m
              [36m<div[39m
                
[33mclass[39m=[32m"line "[39m
                [33mstyle[39m=
[32m"margin-top: 0px; 
margin-bottom: 1px;"[39m
              [36m>[39m
                [0mM├║ f├¼d├¡ 
wa m├║lß║╣╠Ç ß╣úinß╣úin,[0m
              [36m</div>[39m
            [36m</div>[39m
          [36m</div>[39m
          [36m<div[39m
            [33mclass[39m=[32m
"stanza"[39m
            [33mstyle[39m=[32m
"margin-top: 0px; margin-bottom: 
1px;"[39m
          [36m>[39m
            [36m<div[39m
              [33mclass[39m=[3
2m"music-signs transparent"[39m
            [36m>[39m
              [0mx[0m
            [36m</div>[39m
            [36m<div[39m
              [33mclass[39m=[3
2m"stanza-number"[39m
            [36m/>[39m
            [36m<div[39m
              [33mclass[39m=[3
2m"stanza-text"[39m
            [36m>[39m
              [36m<div[39m
                
[33mclass[39m=[32m"line "[39m
                [33mstyle[39m=
[32m"margin-top: 0px; 
margin-bottom: 1px;"[39m
              [36m>[39m
                [0mN├¡n├║ 
├¼fß║╣╠ü m├¡mß╗ì╠ü Rß║╣ nl├í.[0m
              [36m</div>[39m
            [36m</div>[39m
          [36m</div>[39m
        [36m</div>[39m
        [36m<div[39m
          [33mclass[39m=[32m"s
tanza-break"[39m
          [33mstyle[39m=[32m"m
argin-top: 0px; margin-bottom: 
2px;"[39m
        [36m/>[39m
        [36m<div[39m
          [33mclass[39m=[32m"s
tanza-container"[39m
          [33mstyle[39m=[32m"m
argin-top: 0px; margin-bottom: 
0px;"[39m
        [36m>[39m
          [36m<div[39m
            [33mclass[39m=[32m
"stanza"[39m
            [33mstyle[39m=[32m
"margin-top: 0px; margin-bottom: 
1px;"[39m
          [36m>[39m
            [36m<div[39m
              [33mclass[39m=[3
2m"music-signs "[39m
            [36m>[39m
              [0mf[0m
            [36m</div>[39m
            [36m<div[39m
              [33mclass[39m=[3
2m"stanza-number"[39m
            [36m>[39m
              [0m2.[0m
            [36m</div>[39m
            [36m<div[39m
              [33mclass[39m=[3
2m"stanza-text"[39m
            [36m>[39m
              [36m<div[39m
                
[33mclass[39m=[32m"line "[39m
                [33mstyle[39m=
[32m"margin-top: 0px; 
margin-bottom: 1px;"[39m
              [36m>[39m
                [0mBΓÇÖ 
├ád├ín├╣ b├í d├⌐ sΓÇÖ ß╗ì╠Çn├á 
wa,[0m
              [36m</div>[39m
            [36m</div>[39m
          [36m</div>[39m
          [36m<div[39m
            [33mclass[39m=[32m
"stanza"[39m
            [33mstyle[39m=[32m
"margin-top: 0px; margin-bottom: 
1px;"[39m
          [36m>[39m
            [36m<div[39m
              [33mclass[39m=[3
2m"music-signs transparent"[39m
            [36m>[39m
              [0mx[0m
            [36m</div>[39m
            [36m<div[39m
              [33mclass[39m=[3
2m"stanza-number"[39m
            [36m/>[39m
            [36m<div[39m
              [33mclass[39m=[3
2m"stanza-text"[39m
            [36m>[39m
              [36m<div[39m
                
[33mclass[39m=[32m"line "[39m
                [33mstyle[39m=
[32m"margin-top: 0px; 
margin-bottom: 1px;"[39m
              [36m>[39m
                [0mT├¡ ├¼j├¼ 
ay├⌐ s├¼ ┼äfß║╣╠ü l├⌐lß║╣╠Ç;[0m
              [36m</div>[39m
            [36m</div>[39m
          [36m</div>[39m
          [36m<div[39m
            [33mclass[39m=[32m
"stanza"[39m
            [33mstyle[39m=[32m
"margin-top: 0px; margin-bottom: 
1px;"[39m
          [36m>[39m
            [36m<div[39m
              [33mclass[39m=[3
2m"music-signs transparent"[39m
            [36m>[39m
              [0mx[0m
            [36m</div>[39m
            [36m<div[39m
              [33mclass[39m=[3
2m"stanza-number"[39m
            [36m/>[39m
            [36m<div[39m
              [33mclass[39m=[3
2m"stanza-text"[39m
            [36m>[39m
              [36m<div[39m
                
[33mclass[39m=[32m"line "[39m
                [33mstyle[39m=
[32m"margin-top: 0px; 
margin-bottom: 1px;"[39m
              [36m>[39m
                [0mJß╗ì╠Ç 
jß║╣╠ü kΓÇÖ ├í rΓÇÖ 
├¼r├ánlß╗ì╠üwß╗ì╠ü Rß║╣,[0m
              [36m</div>[39m
            [36m</div>[39m
          [36m</div>[39m
          [36m<div[39m
            [33mclass[39m=[32m
"stanza"[39m
            [33mstyle[39m=[32m
"margin-top: 0px; margin-bottom: 
1px;"[39m
          [36m>[39m
            [36m<div[39m
              [33mclass[39m=[3
2m"music-signs transparent"[39m
            [36m>[39m
              [0mx[0m
            [36m</div>[39m
            [36m<div[39m
              [33mclass[39m=[3
2m"stanza-number"[39m
            [36m/>[39m
            [36m<div[39m
              [33mclass[39m=[3
2m"stanza-text"[39m
            [36m>[39m
              [36m<div[39m
                
[33mclass[39m=[32m"line "[39m
                [33mstyle[39m=
[32m"margin-top: 0px; 
margin-bottom: 1px;"[39m
              [36m>[39m
                [0mKΓÇÖ ├í mΓÇÖ 
agb├íra Rß║╣ lΓÇÖ 
├▓joj├║mß╗ì╠ü.[0m
              [36m</div>[39m
            [36m</div>[39m
          [36m</div>[39m
        [36m</div>[39m
        [36m<div[39m
          [33mclass[39m=[32m"s
tanza-break"[39m
          [33mstyle[39m=[32m"m
argin-top: 0px; margin-bottom: 
2px;"[39m
        [36m/>[39m
        [36m<div[39m
          [33mclass[39m=[32m"s
tanza-container"[39m
          [33mstyle[39m=[32m"m
argin-top: 0px; margin-bottom: 
0px;"[39m
        [36m>[39m
          [36m<div[39m
            [33mclass[39m=[32m
"stanza"[39m
            [33mstyle[39m=[32m
"margin-top: 0px; margin-bottom: 
1px;"[39m
          [36m>[39m
            [36m<div[39m
              [33mclass[39m=[3
2m"music-signs "[39m
            [36m>[39m
              [0mf[0m
            [36m</div>[39m
            [36m<div[39m
              [33mclass[39m=[3
2m"stanza-number"[39m
            [36m>[39m
              [0m3.[0m
            [36m</div>[39m
            [36m<div[39m
              [33mclass[39m=[3
2m"stanza-text"[39m
            [36m>[39m
              [36m<div[39m
                
[33mclass[39m=[32m"line "[39m
                [33mstyle[39m=
[32m"margin-top: 0px; 
margin-bottom: 1px;"[39m
              [36m>[39m
                [0m├îwß╗ì lΓÇÖ 
Al├íb├▓├│ wa t├¡t├¡,[0m
              [36m</div>[39m
            [36m</div>[39m
          [36m</div>[39m
          [36m<div[39m
            [33mclass[39m=[32m
"stanza"[39m
            [33mstyle[39m=[32m
"margin-top: 0px; margin-bottom: 
1px;"[39m
          [36m>[39m
            [36m<div[39m
              [33mclass[39m=[3
2m"music-signs transparent"[39m
            [36m>[39m
              [0mx[0m
            [36m</div>[39m
            [36m<div[39m
              [33mclass[39m=[3
2m"stanza-number"[39m
            [36m/>[39m
            [36m<div[39m
              [33mclass[39m=[3
2m"stanza-text"[39m
            [36m>[39m
              [36m<div[39m
                
[33mclass[39m=[32m"line "[39m
                [33mstyle[39m=
[32m"margin-top: 0px; 
margin-bottom: 1px;"[39m
              [36m>[39m
                [0mß║╕niti k├¼ 
├¡ t├▓├▓gb├⌐ mß╗ì╠ü;[0m
              [36m</div>[39m
            [36m</div>[39m
          [36m</div>[39m
          [36m<div[39m
            [33mclass[39m=[32m
"stanza"[39m
            [33mstyle[39m=[32m
"margin-top: 0px; margin-bottom: 
1px;"[39m
          [36m>[39m
            [36m<div[39m
              [33mclass[39m=[3
2m"music-signs transparent"[39m
            [36m>[39m
              [0mx[0m
            [36m</div>[39m
            [36m<div[39m
              [33mclass[39m=[3
2m"stanza-number"[39m
            [36m/>[39m
            [36m<div[39m
              [33mclass[39m=[3
2m"stanza-text"[39m
            [36m>[39m
              [36m<div[39m
                
[33mclass[39m=[32m"line "[39m
                [33mstyle[39m=
[32m"margin-top: 0px; 
margin-bottom: 1px;"[39m
              [36m>[39m
                [0mM├║ wa la 
ewu ay├⌐ j├í,[0m
              [36m</div>[39m
            [36m</div>[39m
          [36m</div>[39m
          [36m<div[39m
            [33mclass[39m=[32m
"stanza"[39m
            [33mstyle[39m=[32m
"margin-top: 0px; margin-bottom: 
1px;"[39m
          [36m>[39m
            [36m<div[39m
              [33mclass[39m=[3
2m"music-signs transparent"[39m
            [36m>[39m
              [0mx[0m
            [36m</div>[39m
            [36m<div[39m
              [33mclass[39m=[3
2m"stanza-number"[39m
            [36m/>[39m
            [36m<div[39m
              [33mclass[39m=[3
2m"stanza-text"[39m
            [36m>[39m
              [36m<div[39m
                
[33mclass[39m=[32m"line "[39m
                [33mstyle[39m=
[32m"margin-top: 0px; 
margin-bottom: 1px;"[39m
              [36m>[39m
                [0mT├¡tΓÇÖ a ├│ 
fi d├⌐ ΓÇÿl├⌐ ├▓k├¿.[0m
              [36m</div>[39m
            [36m</div>[39m
          [36m</div>[39m
        [36m</div>[39m
        [36m<div[39m
          [33mclass[39m=[32m"s
tanza-break"[39m
          [33mstyle[39m=[32m"m
argin-top: 0px; margin-bottom: 
2px;"[39m
        [36m/>[39m
        [36m<div[39m
          [33mclass[39m=[32m"s
tanza-container"[39m
          [33mstyle[39m=[32m"m
argin-top: 0px; margin-bottom: 
0px;"[39m
        [36m>[39m
          [36m<div[39m
            [33mclass[39m=[32m
"stanza"[39m
            [33mstyle[39m=[32m
"margin-top: 0px; margin-bottom: 
1px;"[39m
          [36m>[39m
            [36m<div[39m
              [33mclass[39m=[3
2m"music-signs "[39m
            [36m>[39m
              [0mf[0m
            [36m</div>[39m
            [36m<div[39m
              [33mclass[39m=[3
2m"stanza-number"[39m
            [36m>[39m
              [0m4.[0m
            [36m</div>[39m
            [36m<div[39m
              [33mclass[39m=[3
2m"stanza-text"[39m
            [36m>[39m
              [36m<div[39m
                
[33mclass[39m=[32m"line "[39m
                [33mstyle[39m=
[32m"margin-top: 0px; 
margin-bottom: 1px;"[39m
              [36m>[39m
                [0m├Ægo f├║n 
B├áb├í atΓÇÖ ß╗îmß╗ì,[0m
              [36m</div>[39m
            [36m</div>[39m
          [36m</div>[39m
          [36m<div[39m
            [33mclass[39m=[32m
"stanza"[39m
            [33mstyle[39m=[32m
"margin-top: 0px; margin-bottom: 
1px;"[39m
          [36m>[39m
            [36m<div[39m
              [33mclass[39m=[3
2m"music-signs transparent"[39m
            [36m>[39m
              [0mx[0m
            [36m</div>[39m
            [36m<div[39m
              [33mclass[39m=[3
2m"stanza-number"[39m
            [36m/>[39m
            [36m<div[39m
              [33mclass[39m=[3
2m"stanza-text"[39m
            [36m>[39m
              [36m<div[39m
                
[33mclass[39m=[32m"line "[39m
                [33mstyle[39m=
[32m"margin-top: 0px; 
margin-bottom: 1px;"[39m
              [36m>[39m
                [0mAt├¡ f├║n 
ß║╕╠Çm├¡ M├¡mß╗ì╠ü rß║╣╠Ç;[0m
              [36m</div>[39m
            [36m</div>[39m
          [36m</div>[39m
          [36m<div[39m
            [33mclass[39m=[32m
"stanza"[39m
            [33mstyle[39m=[32m
"margin-top: 0px; margin-bottom: 
1px;"[39m
          [36m>[39m
            [36m<div[39m
              [33mclass[39m=[3
2m"music-signs transparent"[39m
            [36m>[39m
              [0mx[0m
            [36m</div>[39m
            [36m<div[39m
              [33mclass[39m=[3
2m"stanza-number"[39m
            [36m/>[39m
            [36m<div[39m
              [33mclass[39m=[3
2m"stanza-text"[39m
            [36m>[39m
              [36m<div[39m
                
[33mclass[39m=[32m"line "[39m
                [33mstyle[39m=
[32m"margin-top: 0px; 
margin-bottom: 1px;"[39m
              [36m>[39m
                [0mß║╕ jß║╣╠ü 
kΓÇÖ ├í fΓÇÖ orin ├¼y├¼n 
f├║n,[0m
              [36m</div>[39m
            [36m</div>[39m
          [36m</div>[39m
          [36m<div[39m
            [33mclass[39m=[32m
"stanza"[39m
            [33mstyle[39m=[32m
"margin-top: 0px; margin-bottom: 
1px;"[39m
          [36m>[39m
            [36m<div[39m
              [33mclass[39m=[3
2m"music-signs transparent"[39m
            [36m>[39m
              [0mx[0m
            [36m</div>[39m
            [36m<div[39m
              [33mclass[39m=[3
2m"stanza-number"[39m
            [36m/>[39m
            [36m<div[39m
              [33mclass[39m=[3
2m"stanza-text"[39m
            [36m>[39m
              [36m<div[39m
                
[33mclass[39m=[32m"line "[39m
                [33mstyle[39m=
[32m"margin-top: 0px; 
margin-bottom: 1px;"[39m
              [36m>[39m
                
[0mMetalß╗ì╠ükan t├¡t├¡ 
la├¡la├¡.[0m
              [36m</div>[39m
            [36m</div>[39m
          [36m</div>[39m
        [36m</div>[39m
      [36m</div>[39m
      [36m<div[39m
        [33mclass[39m=[32m"hym
n-history"[39m
      [36m>[39m
        [36m<h3>[39m
          [0m├ît├án[0m
        [36m</h3>[39m
        [36m<p>[39m
          [0mTraditional Yoruba 
hymn for divine protection and 
steadfastness.[0m
        [36m</p>[39m
      [36m</div>[39m
    [36m</div>[39m

    Ignored nodes: comments, 
script, style
    [36m<div[39m
      [33mclass[39m=[32m"navig
ation-arrows"[39m
    [36m>[39m
      [36m<button[39m
        
[33mclass[39m=[32m"nav-arrow 
prev-arrow"[39m
      [36m>[39m
        [36m<span[39m
          
[33mclass[39m=[32m"icon"[39m
        [36m>[39m
          [0mΓåÉ[0m
        [36m</span>[39m
      [36m</button>[39m
      [36m<button[39m
        
[33mclass[39m=[32m"nav-arrow 
next-arrow"[39m
      [36m>[39m
        [36m<span[39m
          
[33mclass[39m=[32m"icon"[39m
        [36m>[39m
          [0mΓåÆ[0m
        [36m</span>[39m
      [36m</button>[39m
    [36m</div>[39m

    Ignored nodes: comments, 
script, style
    [36m<span[39m
      
[33mclass[39m=[32m"icon"[39m
    [36m>[39m
      [0mΓåÉ[0m
    [36m</span>[39m

    Ignored nodes: comments, 
script, style
    [36m<span[39m
      
[33mclass[39m=[32m"icon"[39m
    [36m>[39m
      [0mΓåÆ[0m
    [36m</span>[39m

    Ignored nodes: comments, 
script, style
    [36m<div[39m
      [33mclass[39m=[32m"float
ing-share"[39m
    [36m>[39m
      [36m<button[39m
        
[33maria-label[39m=[32m"P├¡n 
orin"[39m
        [33mclass[39m=[32m"sha
re-button"[39m
      [36m>[39m
        [36m<span[39m
          
[33mclass[39m=[32m"icon"[39m
        [36m>[39m
          [0mΓåù∩╕Å[0m
        [36m</span>[39m
      [36m</button>[39m
    [36m</div>[39m

    Ignored nodes: comments, 
script, style
    [36m<span[39m
      
[33mclass[39m=[32m"icon"[39m
    [36m>[39m
      [0mΓåù∩╕Å[0m
    [36m</span>[39m

    Ignored nodes: comments, 
script, style
    [36m<div[39m
      [33mclass[39m=[32m"metad
ata-box"[39m
    [36m>[39m
      [36m<div[39m
        [33mclass[39m=[32m"met
adata-item"[39m
      [36m>[39m
        [36m<span[39m
          
[33mclass[39m=[32m"label"[39m
        [36m>[39m
          [0mNß╗ì╠ümb├á:[0m
        [36m</span>[39m
        [36m<span[39m
          
[33mclass[39m=[32m"value"[39m
        [36m>[39m
          [0mYBH361[0m
        [36m</span>[39m
      [36m</div>[39m
      [36m<div[39m
        [33mclass[39m=[32m"met
adata-item"[39m
      [36m>[39m
        [36m<span[39m
          
[33mclass[39m=[32m"label"[39m
        [36m>[39m
          [0mOnkß╗ì╠Çw├⌐:[0m
        [36m</span>[39m
        [36m<span[39m
          
[33mclass[39m=[32m"value"[39m
        [36m>[39m
          [0mUnknown[0m
        [36m</span>[39m
      [36m</div>[39m
      [36m<div[39m
        [33mclass[39m=[32m"met
adata-item"[39m
      [36m>[39m
        [36m<span[39m
          
[33mclass[39m=[32m"label"[39m
        [36m>[39m
          [0mAkß╗ì╠ümpose:[0m
        [36m</span>[39m
        [36m<span[39m
          
[33mclass[39m=[32m"value"[39m
        [36m>[39m
          [0mUnknown[0m
        [36m</span>[39m
      [36m</div>[39m
      [36m<div[39m
        [33mclass[39m=[32m"met
adata-item"[39m
      [36m>[39m
        [36m<span[39m
          
[33mclass[39m=[32m"label"[39m
        [36m>[39m
          [0mTune:[0m
        [36m</span>[39m
        [36m<span[39m
          
[33mclass[39m=[32m"value"[39m
        [36m>[39m
          [0mUnknown[0m
        [36m</span>[39m
      [36m</div>[39m
      [36m<div[39m
        [33mclass[39m=[32m"met
adata-item"[39m
      [36m>[39m
        [36m<span[39m
          
[33mclass[39m=[32m"label"[39m
        [36m>[39m
          [0mMeter:[0m
        [36m</span>[39m
        [36m<span[39m
          
[33mclass[39m=[32m"value"[39m
        [36m>[39m
          [0m8.7.8.7.D.[0m
        [36m</span>[39m
      [36m</div>[39m
      [36m<div[39m
        [33mclass[39m=[32m"met
adata-item"[39m
      [36m>[39m
        [36m<span[39m
          
[33mclass[39m=[32m"label"[39m
        [36m>[39m
          [0mKey:[0m
        [36m</span>[39m
        [36m<span[39m
          
[33mclass[39m=[32m"value"[39m
        [36m>[39m
          [0mUnknown[0m
        [36m</span>[39m
      [36m</div>[39m
      [36m<div[39m
        [33mclass[39m=[32m"met
adata-item"[39m
      [36m>[39m
        [36m<span[39m
          
[33mclass[39m=[32m"label"[39m
        [36m>[39m
          [0mß╗îd├║n:[0m
        [36m</span>[39m
        [36m<span[39m
          
[33mclass[39m=[32m"value"[39m
        [36m>[39m
          [0mTraditional[0m
        [36m</span>[39m
      [36m</div>[39m
      [36m<div[39m
        [33mclass[39m=[32m"met
adata-item"[39m
        [33mdata-type[39m=[32m
"scripture"[39m
      [36m>[39m
        [36m<span[39m
          
[33mclass[39m=[32m"label"[39m
        [36m>[39m
          [0m├îw├⌐ 
M├¡mß╗ì╠ü:[0m
        [36m</span>[39m
        [36m<span[39m
          
[33mclass[39m=[32m"value"[39m
        [36m>[39m
          [0mUnknown[0m
        [36m</span>[39m
      [36m</div>[39m
    [36m</div>[39m

    Ignored nodes: comments, 
script, style
    [36m<div[39m
      [33mclass[39m=[32m"metad
ata-item"[39m
    [36m>[39m
      [36m<span[39m
        
[33mclass[39m=[32m"label"[39m
      [36m>[39m
        [0mNß╗ì╠ümb├á:[0m
      [36m</span>[39m
      [36m<span[39m
        
[33mclass[39m=[32m"value"[39m
      [36m>[39m
        [0mYBH361[0m
      [36m</span>[39m
    [36m</div>[39m

    Ignored nodes: comments, 
script, style
    [36m<span[39m
      
[33mclass[39m=[32m"label"[39m
    [36m>[39m
      [0mNß╗ì╠ümb├á:[0m
    [36m</span>[39m

    Ignored nodes: comments, 
script, style
    [36m<span[39m
      
[33mclass[39m=[32m"value"[39m
    [36m>[39m
      [0mYBH361[0m
    [36m</span>[39m

    Ignored nodes: comments, 
script, style
    [36m<div[39m
      [33mclass[39m=[32m"metad
ata-item"[39m
    [36m>[39m
      [36m<span[39m
        
[33mclass[39m=[32m"label"[39m
      [36m>[39m
        [0mOnkß╗ì╠Çw├⌐:[0m
      [36m</span>[39m
      [36m<span[39m
        
[33mclass[39m=[32m"value"[39m
      [36m>[39m
        [0mUnknown[0m
      [36m</span>[39m
    [36m</div>[39m

    Ignored nodes: comments, 
script, style
    [36m<span[39m
      
[33mclass[39m=[32m"label"[39m
    [36m>[39m
      [0mOnkß╗ì╠Çw├⌐:[0m
    [36m</span>[39m

    Ignored nodes: comments, 
script, style
    [36m<span[39m
      
[33mclass[39m=[32m"value"[39m
    [36m>[39m
      [0mUnknown[0m
    [36m</span>[39m

    Ignored nodes: comments, 
script, style
    [36m<div[39m
      [33mclass[39m=[32m"metad
ata-item"[39m
    [36m>[39m
      [36m<span[39m
        
[33mclass[39m=[32m"label"[39m
      [36m>[39m
        [0mAkß╗ì╠ümpose:[0m
      [36m</span>[39m
      [36m<span[39m
        
[33mclass[39m=[32m"value"[39m
      [36m>[39m
        [0mUnknown[0m
      [36m</span>[39m
    [36m</div>[39m

    Ignored nodes: comments, 
script, style
    [36m<span[39m
      
[33mclass[39m=[32m"label"[39m
    [36m>[39m
      [0mAkß╗ì╠ümpose:[0m
    [36m</span>[39m

    Ignored nodes: comments, 
script, style
    [36m<span[39m
      
[33mclass[39m=[32m"value"[39m
    [36m>[39m
      [0mUnknown[0m
    [36m</span>[39m

    Ignored nodes: comments, 
script, style
    [36m<div[39m
      [33mclass[39m=[32m"metad
ata-item"[39m
    [36m>[39m
      [36m<span[39m
        
[33mclass[39m=[32m"label"[39m
      [36m>[39m
        [0mTune:[0m
      [36m</span>[39m
      [36m<span[39m
        
[33mclass[39m=[32m"value"[39m
      [36m>[39m
        [0mUnknown[0m
      [36m</span>[39m
    [36m</div>[39m

    Ignored nodes: comments, 
script, style
    [36m<span[39m
      
[33mclass[39m=[32m"label"[39m
    [36m>[39m
      [0mTune:[0m
    [36m</span>[39m

    Ignored nodes: comments, 
script, style
    [36m<span[39m
      
[33mclass[39m=[32m"value"[39m
    [36m>[39m
      [0mUnknown[0m
    [36m</span>[39m

    Ignored nodes: comments, 
script, style
    [36m<div[39m
      [33mclass[39m=[32m"metad
ata-item"[39m
    [36m>[39m
      [36m<span[39m
        
[33mclass[39m=[32m"label"[39m
      [36m>[39m
        [0mMeter:[0m
      [36m</span>[39m
      [36m<span[39m
        
[33mclass[39m=[32m"value"[39m
      [36m>[39m
        [0m8.7.8.7.D.[0m
      [36m</span>[39m
    [36m</div>[39m

    Ignored nodes: comments, 
script, style
    [36m<span[39m
      
[33mclass[39m=[32m"label"[39m
    [36m>[39m
      [0mMeter:[0m
    [36m</span>[39m

    Ignored nodes: comments, 
script, style
    [36m<span[39m
      
[33mclass[39m=[32m"value"[39m
    [36m>[39m
      [0m8.7.8.7.D.[0m
    [36m</span>[39m

    Ignored nodes: comments, 
script, style
    [36m<div[39m
      [33mclass[39m=[32m"metad
ata-item"[39m
    [36m>[39m
      [36m<span[39m
        
[33mclass[39m=[32m"label"[39m
      [36m>[39m
        [0mKey:[0m
      [36m</span>[39m
      [36m<span[39m
        
[33mclass[39m=[32m"value"[39m
      [36m>[39m
        [0mUnknown[0m
      [36m</span>[39m
    [36m</div>[39m

    Ignored nodes: comments, 
script, style
    [36m<span[39m
      
[33mclass[39m=[32m"label"[39m
    [36m>[39m
      [0mKey:[0m
    [36m</span>[39m

    Ignored nodes: comments, 
script, style
    [36m<span[39m
      
[33mclass[39m=[32m"value"[39m
    [36m>[39m
      [0mUnknown[0m
    [36m</span>[39m

    Ignored nodes: comments, 
script, style
    [36m<div[39m
      [33mclass[39m=[32m"metad
ata-item"[39m
    [36m>[39m
      [36m<span[39m
        
[33mclass[39m=[32m"label"[39m
      [36m>[39m
        [0mß╗îd├║n:[0m
      [36m</span>[39m
      [36m<span[39m
        
[33mclass[39m=[32m"value"[39m
      [36m>[39m
        [0mTraditional[0m
      [36m</span>[39m
    [36m</div>[39m

    Ignored nodes: comments, 
script, style
    [36m<span[39m
      
[33mclass[39m=[32m"label"[39m
    [36m>[39m
      [0mß╗îd├║n:[0m
    [36m</span>[39m

    Ignored nodes: comments, 
script, style
    [36m<span[39m
      
[33mclass[39m=[32m"value"[39m
    [36m>[39m
      [0mTraditional[0m
    [36m</span>[39m

    Ignored nodes: comments, 
script, style
    [36m<div[39m
      [33mclass[39m=[32m"metad
ata-item"[39m
      [33mdata-type[39m=[32m"s
cripture"[39m
    [36m>[39m
      [36m<span[39m
        
[33mclass[39m=[32m"label"[39m
      [36m>[39m
        [0m├îw├⌐ M├¡mß╗ì╠ü:[0m
      [36m</span>[39m
      [36m<span[39m
        
[33mclass[39m=[32m"value"[39m
      [36m>[39m
        [0mUnknown[0m
      [36m</span>[39m
    [36m</div>[39m

    Ignored nodes: comments, 
script, style
    [36m<span[39m
      
[33mclass[39m=[32m"label"[39m
    [36m>[39m
      [0m├îw├⌐ M├¡mß╗ì╠ü:[0m
    [36m</span>[39m

    Ignored nodes: comments, 
script, style
    [36m<span[39m
      
[33mclass[39m=[32m"value"[39m
    [36m>[39m
      [0mUnknown[0m
    [36m</span>[39m

    Ignored nodes: comments, 
script, style
    [36m<div[39m
      [33mclass[39m=[32m"lyric
s"[39m
      [33mstyle[39m=[32m"user-
select: text;"[39m
    [36m>[39m
      [36m<div[39m
        [33mclass[39m=[32m"sta
nza-container"[39m
        [33mstyle[39m=[32m"mar
gin-top: 0px; margin-bottom: 
0px;"[39m
      [36m>[39m
        [36m<div[39m
          [33mclass[39m=[32m"s
tanza"[39m
          [33mstyle[39m=[32m"m
argin-top: 0px; margin-bottom: 
1px;"[39m
        [36m>[39m
          [36m<div[39m
            [33mclass[39m=[32m
"music-signs "[39m
          [36m>[39m
            [0mf[0m
          [36m</div>[39m
          [36m<div[39m
            [33mclass[39m=[32m
"stanza-number"[39m
          [36m>[39m
            [0m1.[0m
          [36m</div>[39m
          [36m<div[39m
            [33mclass[39m=[32m
"stanza-text"[39m
          [36m>[39m
            [36m<div[39m
              
[33mclass[39m=[32m"line "[39m
              [33mstyle[39m=[3
2m"margin-top: 0px; 
margin-bottom: 1px;"[39m
            [36m>[39m
              [0mOL├ÜWA, 
m├íß╣úe jß║╣╠ü kΓÇÖ ├í l├╣ 
ΓÇÿlß║╣╠Ç,[0m
            [36m</div>[39m
          [36m</div>[39m
        [36m</div>[39m
        [36m<div[39m
          [33mclass[39m=[32m"s
tanza"[39m
          [33mstyle[39m=[32m"m
argin-top: 0px; margin-bottom: 
1px;"[39m
        [36m>[39m
          [36m<div[39m
            [33mclass[39m=[32m
"music-signs transparent"[39m
          [36m>[39m
            [0mx[0m
          [36m</div>[39m
          [36m<div[39m
            [33mclass[39m=[32m
"stanza-number"[39m
          [36m/>[39m
          [36m<div[39m
            [33mclass[39m=[32m
"stanza-text"[39m
          [36m>[39m
            [36m<div[39m
              
[33mclass[39m=[32m"line "[39m
              [33mstyle[39m=[3
2m"margin-top: 0px; 
margin-bottom: 1px;"[39m
            [36m>[39m
              [0mN├¡n├║ 
├¼d├ínw├▓ ay├⌐ y├¼├¡;[0m
            [36m</div>[39m
          [36m</div>[39m
        [36m</div>[39m
        [36m<div[39m
          [33mclass[39m=[32m"s
tanza"[39m
          [33mstyle[39m=[32m"m
argin-top: 0px; margin-bottom: 
1px;"[39m
        [36m>[39m
          [36m<div[39m
            [33mclass[39m=[32m
"music-signs transparent"[39m
          [36m>[39m
            [0mx[0m
          [36m</div>[39m
          [36m<div[39m
            [33mclass[39m=[32m
"stanza-number"[39m
          [36m/>[39m
          [36m<div[39m
            [33mclass[39m=[32m
"stanza-text"[39m
          [36m>[39m
            [36m<div[39m
              
[33mclass[39m=[32m"line "[39m
              [33mstyle[39m=[3
2m"margin-top: 0px; 
margin-bottom: 1px;"[39m
            [36m>[39m
              [0mM├║ f├¼d├¡ wa 
m├║lß║╣╠Ç ß╣úinß╣úin,[0m
            [36m</div>[39m
          [36m</div>[39m
        [36m</div>[39m
        [36m<div[39m
          [33mclass[39m=[32m"s
tanza"[39m
          [33mstyle[39m=[32m"m
argin-top: 0px; margin-bottom: 
1px;"[39m
        [36m>[39m
          [36m<div[39m
            [33mclass[39m=[32m
"music-signs transparent"[39m
          [36m>[39m
            [0mx[0m
          [36m</div>[39m
          [36m<div[39m
            [33mclass[39m=[32m
"stanza-number"[39m
          [36m/>[39m
          [36m<div[39m
            [33mclass[39m=[32m
"stanza-text"[39m
          [36m>[39m
            [36m<div[39m
              
[33mclass[39m=[32m"line "[39m
              [33mstyle[39m=[3
2m"margin-top: 0px; 
margin-bottom: 1px;"[39m
            [36m>[39m
              [0mN├¡n├║ 
├¼fß║╣╠ü m├¡mß╗ì╠ü Rß║╣ nl├í.[0m
            [36m</div>[39m
          [36m</div>[39m
        [36m</div>[39m
      [36m</div>[39m
      [36m<div[39m
        [33mclass[39m=[32m"sta
nza-break"[39m
        [33mstyle[39m=[32m"mar
gin-top: 0px; margin-bottom: 
2px;"[39m
      [36m/>[39m
      [36m<div[39m
        [33mclass[39m=[32m"sta
nza-container"[39m
        [33mstyle[39m=[32m"mar
gin-top: 0px; margin-bottom: 
0px;"[39m
      [36m>[39m
        [36m<div[39m
          [33mclass[39m=[32m"s
tanza"[39m
          [33mstyle[39m=[32m"m
argin-top: 0px; margin-bottom: 
1px;"[39m
        [36m>[39m
          [36m<div[39m
            [33mclass[39m=[32m
"music-signs "[39m
          [36m>[39m
            [0mf[0m
          [36m</div>[39m
          [36m<div[39m
            [33mclass[39m=[32m
"stanza-number"[39m
          [36m>[39m
            [0m2.[0m
          [36m</div>[39m
          [36m<div[39m
            [33mclass[39m=[32m
"stanza-text"[39m
          [36m>[39m
            [36m<div[39m
              
[33mclass[39m=[32m"line "[39m
              [33mstyle[39m=[3
2m"margin-top: 0px; 
margin-bottom: 1px;"[39m
            [36m>[39m
              [0mBΓÇÖ ├ád├ín├╣ 
b├í d├⌐ sΓÇÖ ß╗ì╠Çn├á wa,[0m
            [36m</div>[39m
          [36m</div>[39m
        [36m</div>[39m
        [36m<div[39m
          [33mclass[39m=[32m"s
tanza"[39m
          [33mstyle[39m=[32m"m
argin-top: 0px; margin-bottom: 
1px;"[39m
        [36m>[39m
          [36m<div[39m
            [33mclass[39m=[32m
"music-signs transparent"[39m
          [36m>[39m
            [0mx[0m
          [36m</div>[39m
          [36m<div[39m
            [33mclass[39m=[32m
"stanza-number"[39m
          [36m/>[39m
          [36m<div[39m
            [33mclass[39m=[32m
"stanza-text"[39m
          [36m>[39m
            [36m<div[39m
              
[33mclass[39m=[32m"line "[39m
              [33mstyle[39m=[3
2m"margin-top: 0px; 
margin-bottom: 1px;"[39m
            [36m>[39m
              [0mT├¡ ├¼j├¼ ay├⌐ 
s├¼ ┼äfß║╣╠ü l├⌐lß║╣╠Ç;[0m
            [36m</div>[39m
          [36m</div>[39m
        [36m</div>[39m
        [36m<div[39m
          [33mclass[39m=[32m"s
tanza"[39m
          [33mstyle[39m=[32m"m
argin-top: 0px; margin-bottom: 
1px;"[39m
        [36m>[39m
          [36m<div[39m
            [33mclass[39m=[32m
"music-signs transparent"[39m
          [36m>[39m
            [0mx[0m
          [36m</div>[39m
          [36m<div[39m
            [33mclass[39m=[32m
"stanza-number"[39m
          [36m/>[39m
          [36m<div[39m
            [33mclass[39m=[32m
"stanza-text"[39m
          [36m>[39m
            [36m<div[39m
              
[33mclass[39m=[32m"line "[39m
              [33mstyle[39m=[3
2m"margin-top: 0px; 
margin-bottom: 1px;"[39m
            [36m>[39m
              [0mJß╗ì╠Ç jß║╣╠ü 
kΓÇÖ ├í rΓÇÖ ├¼r├ánlß╗ì╠üwß╗ì╠ü 
Rß║╣,[0m
            [36m</div>[39m
          [36m</div>[39m
        [36m</div>[39m
        [36m<div[39m
          [33mclass[39m=[32m"s
tanza"[39m
          [33mstyle[39m=[32m"m
argin-top: 0px; margin-bottom: 
1px;"[39m
        [36m>[39m
          [36m<div[39m
            [33mclass[39m=[32m
"music-signs transparent"[39m
          [36m>[39m
            [0mx[0m
          [36m</div>[39m
          [36m<div[39m
            [33mclass[39m=[32m
"stanza-number"[39m
          [36m/>[39m
          [36m<div[39m
            [33mclass[39m=[32m
"stanza-text"[39m
          [36m>[39m
            [36m<div[39m
              
[33mclass[39m=[32m"line "[39m
              [33mstyle[39m=[3
2m"margin-top: 0px; 
margin-bottom: 1px;"[39m
            [36m>[39m
              [0mKΓÇÖ ├í mΓÇÖ 
agb├íra Rß║╣ lΓÇÖ 
├▓joj├║mß╗ì╠ü.[0m
            [36m</div>[39m
          [36m</div>[39m
        [36m</div>[39m
      [36m</div>[39m
      [36m<div[39m
        [33mclass[39m=[32m"sta
nza-break"[39m
        [33mstyle[39m=[32m"mar
gin-top: 0px; margin-bottom: 
2px;"[39m
      [36m/>[39m
      [36m<div[39m
        [33mclass[39m=[32m"sta
nza-container"[39m
        [33mstyle[39m=[32m"mar
gin-top: 0px; margin-bottom: 
0px;"[39m
      [36m>[39m
        [36m<div[39m
          [33mclass[39m=[32m"s
tanza"[39m
          [33mstyle[39m=[32m"m
argin-top: 0px; margin-bottom: 
1px;"[39m
        [36m>[39m
          [36m<div[39m
            [33mclass[39m=[32m
"music-signs "[39m
          [36m>[39m
            [0mf[0m
          [36m</div>[39m
          [36m<div[39m
            [33mclass[39m=[32m
"stanza-number"[39m
          [36m>[39m
            [0m3.[0m
          [36m</div>[39m
          [36m<div[39m
            [33mclass[39m=[32m
"stanza-text"[39m
          [36m>[39m
            [36m<div[39m
              
[33mclass[39m=[32m"line "[39m
              [33mstyle[39m=[3
2m"margin-top: 0px; 
margin-bottom: 1px;"[39m
            [36m>[39m
              [0m├îwß╗ì lΓÇÖ 
Al├íb├▓├│ wa t├¡t├¡,[0m
            [36m</div>[39m
          [36m</div>[39m
        [36m</div>[39m
        [36m<div[39m
          [33mclass[39m=[32m"s
tanza"[39m
          [33mstyle[39m=[32m"m
argin-top: 0px; margin-bottom: 
1px;"[39m
        [36m>[39m
          [36m<div[39m
            [33mclass[39m=[32m
"music-signs transparent"[39m
          [36m>[39m
            [0mx[0m
          [36m</div>[39m
          [36m<div[39m
            [33mclass[39m=[32m
"stanza-number"[39m
          [36m/>[39m
          [36m<div[39m
            [33mclass[39m=[32m
"stanza-text"[39m
          [36m>[39m
            [36m<div[39m
              
[33mclass[39m=[32m"line "[39m
              [33mstyle[39m=[3
2m"margin-top: 0px; 
margin-bottom: 1px;"[39m
            [36m>[39m
              [0mß║╕niti k├¼ ├¡ 
t├▓├▓gb├⌐ mß╗ì╠ü;[0m
            [36m</div>[39m
          [36m</div>[39m
        [36m</div>[39m
        [36m<div[39m
          [33mclass[39m=[32m"s
tanza"[39m
          [33mstyle[39m=[32m"m
argin-top: 0px; margin-bottom: 
1px;"[39m
        [36m>[39m
          [36m<div[39m
            [33mclass[39m=[32m
"music-signs transparent"[39m
          [36m>[39m
            [0mx[0m
          [36m</div>[39m
          [36m<div[39m
            [33mclass[39m=[32m
"stanza-number"[39m
          [36m/>[39m
          [36m<div[39m
            [33mclass[39m=[32m
"stanza-text"[39m
          [36m>[39m
            [36m<div[39m
              
[33mclass[39m=[32m"line "[39m
              [33mstyle[39m=[3
2m"margin-top: 0px; 
margin-bottom: 1px;"[39m
            [36m>[39m
              [0mM├║ wa la ewu 
ay├⌐ j├í,[0m
            [36m</div>[39m
          [36m</div>[39m
        [36m</div>[39m
        [36m<div[39m
          [33mclass[39m=[32m"s
tanza"[39m
          [33mstyle[39m=[32m"m
argin-top: 0px; margin-bottom: 
1px;"[39m
        [36m>[39m
          [36m<div[39m
            [33mclass[39m=[32m
"music-signs transparent"[39m
          [36m>[39m
            [0mx[0m
          [36m</div>[39m
          [36m<div[39m
            [33mclass[39m=[32m
"stanza-number"[39m
          [36m/>[39m
          [36m<div[39m
            [33mclass[39m=[32m
"stanza-text"[39m
          [36m>[39m
            [36m<div[39m
              
[33mclass[39m=[32m"line "[39m
              [33mstyle[39m=[3
2m"margin-top: 0px; 
margin-bottom: 1px;"[39m
            [36m>[39m
              [0mT├¡tΓÇÖ a ├│ 
fi d├⌐ ΓÇÿl├⌐ ├▓k├¿.[0m
            [36m</div>[39m
          [36m</div>[39m
        [36m</div>[39m
      [36m</div>[39m
      [36m<div[39m
        [33mclass[39m=[32m"sta
nza-break"[39m
        [33mstyle[39m=[32m"mar
gin-top: 0px; margin-bottom: 
2px;"[39m
      [36m/>[39m
      [36m<div[39m
        [33mclass[39m=[32m"sta
nza-container"[39m
        [33mstyle[39m=[32m"mar
gin-top: 0px; margin-bottom: 
0px;"[39m
      [36m>[39m
        [36m<div[39m
          [33mclass[39m=[32m"s
tanza"[39m
          [33mstyle[39m=[32m"m
argin-top: 0px; margin-bottom: 
1px;"[39m
        [36m>[39m
          [36m<div[39m
            [33mclass[39m=[32m
"music-signs "[39m
          [36m>[39m
            [0mf[0m
          [36m</div>[39m
          [36m<div[39m
            [33mclass[39m=[32m
"stanza-number"[39m
          [36m>[39m
            [0m4.[0m
          [36m</div>[39m
          [36m<div[39m
            [33mclass[39m=[32m
"stanza-text"[39m
          [36m>[39m
            [36m<div[39m
              
[33mclass[39m=[32m"line "[39m
              [33mstyle[39m=[3
2m"margin-top: 0px; 
margin-bottom: 1px;"[39m
            [36m>[39m
              [0m├Ægo f├║n 
B├áb├í atΓÇÖ ß╗îmß╗ì,[0m
            [36m</div>[39m
          [36m</div>[39m
        [36m</div>[39m
        [36m<div[39m
          [33mclass[39m=[32m"s
tanza"[39m
          [33mstyle[39m=[32m"m
argin-top: 0px; margin-bottom: 
1px;"[39m
        [36m>[39m
          [36m<div[39m
            [33mclass[39m=[32m
"music-signs transparent"[39m
          [36m>[39m
            [0mx[0m
          [36m</div>[39m
          [36m<div[39m
            [33mclass[39m=[32m
"stanza-number"[39m
          [36m/>[39m
          [36m<div[39m
            [33mclass[39m=[32m
"stanza-text"[39m
          [36m>[39m
            [36m<div[39m
              
[33mclass[39m=[32m"line "[39m
              [33mstyle[39m=[3
2m"margin-top: 0px; 
margin-bottom: 1px;"[39m
            [36m>[39m
              [0mAt├¡ f├║n 
ß║╕╠Çm├¡ M├¡mß╗ì╠ü rß║╣╠Ç;[0m
            [36m</div>[39m
          [36m</div>[39m
        [36m</div>[39m
        [36m<div[39m
          [33mclass[39m=[32m"s
tanza"[39m
          [33mstyle[39m=[32m"m
argin-top: 0px; margin-bottom: 
1px;"[39m
        [36m>[39m
          [36m<div[39m
            [33mclass[39m=[32m
"music-signs transparent"[39m
          [36m>[39m
            [0mx[0m
          [36m</div>[39m
          [36m<div[39m
            [33mclass[39m=[32m
"stanza-number"[39m
          [36m/>[39m
          [36m<div[39m
            [33mclass[39m=[32m
"stanza-text"[39m
          [36m>[39m
            [36m<div[39m
              
[33mclass[39m=[32m"line "[39m
              [33mstyle[39m=[3
2m"margin-top: 0px; 
margin-bottom: 1px;"[39m
            [36m>[39m
              [0mß║╕ jß║╣╠ü 
kΓÇÖ ├í fΓÇÖ orin ├¼y├¼n 
f├║n,[0m
            [36m</div>[39m
          [36m</div>[39m
        [36m</div>[39m
        [36m<div[39m
          [33mclass[39m=[32m"s
tanza"[39m
          [33mstyle[39m=[32m"m
argin-top: 0px; margin-bottom: 
1px;"[39m
        [36m>[39m
          [36m<div[39m
            [33mclass[39m=[32m
"music-signs transparent"[39m
          [36m>[39m
            [0mx[0m
          [36m</div>[39m
          [36m<div[39m
            [33mclass[39m=[32m
"stanza-number"[39m
          [36m/>[39m
          [36m<div[39m
            [33mclass[39m=[32m
"stanza-text"[39m
          [36m>[39m
            [36m<div[39m
              
[33mclass[39m=[32m"line "[39m
              [33mstyle[39m=[3
2m"margin-top: 0px; 
margin-bottom: 1px;"[39m
            [36m>[39m
              [0mMetalß╗ì╠ükan 
t├¡t├¡ la├¡la├¡.[0m
            [36m</div>[39m
          [36m</div>[39m
        [36m</div>[39m
      [36m</div>[39m
    [36m</div>[39m

    Ignored nodes: comments, 
script, style
    [36m<div[39m
      [33mclass[39m=[32m"stanz
a-container"[39m
      [33mstyle[39m=[32m"margi
n-top: 0px; margin-bottom: 
0px;"[39m
    [36m>[39m
      [36m<div[39m
        [33mclass[39m=[32m"sta
nza"[39m
        [33mstyle[39m=[32m"mar
gin-top: 0px; margin-bottom: 
1px;"[39m
      [36m>[39m
        [36m<div[39m
          [33mclass[39m=[32m"m
usic-signs "[39m
        [36m>[39m
          [0mf[0m
        [36m</div>[39m
        [36m<div[39m
          [33mclass[39m=[32m"s
tanza-number"[39m
        [36m>[39m
          [0m1.[0m
        [36m</div>[39m
        [36m<div[39m
          [33mclass[39m=[32m"s
tanza-text"[39m
        [36m>[39m
          [36m<div[39m
            
[33mclass[39m=[32m"line "[39m
            [33mstyle[39m=[32m
"margin-top: 0px; margin-bottom: 
1px;"[39m
          [36m>[39m
            [0mOL├ÜWA, m├íß╣úe 
jß║╣╠ü kΓÇÖ ├í l├╣ ΓÇÿlß║╣╠Ç,[0m
          [36m</div>[39m
        [36m</div>[39m
      [36m</div>[39m
      [36m<div[39m
        [33mclass[39m=[32m"sta
nza"[39m
        [33mstyle[39m=[32m"mar
gin-top: 0px; margin-bottom: 
1px;"[39m
      [36m>[39m
        [36m<div[39m
          [33mclass[39m=[32m"m
usic-signs transparent"[39m
        [36m>[39m
          [0mx[0m
        [36m</div>[39m
        [36m<div[39m
          [33mclass[39m=[32m"s
tanza-number"[39m
        [36m/>[39m
        [36m<div[39m
          [33mclass[39m=[32m"s
tanza-text"[39m
        [36m>[39m
          [36m<div[39m
            
[33mclass[39m=[32m"line "[39m
            [33mstyle[39m=[32m
"margin-top: 0px; margin-bottom: 
1px;"[39m
          [36m>[39m
            [0mN├¡n├║ ├¼d├ínw├▓ 
ay├⌐ y├¼├¡;[0m
          [36m</div>[39m
        [36m</div>[39m
      [36m</div>[39m
      [36m<div[39m
        [33mclass[39m=[32m"sta
nza"[39m
        [33mstyle[39m=[32m"mar
gin-top: 0px; margin-bottom: 
1px;"[39m
      [36m>[39m
        [36m<div[39m
          [33mclass[39m=[32m"m
usic-signs transparent"[39m
        [36m>[39m
          [0mx[0m
        [36m</div>[39m
        [36m<div[39m
          [33mclass[39m=[32m"s
tanza-number"[39m
        [36m/>[39m
        [36m<div[39m
          [33mclass[39m=[32m"s
tanza-text"[39m
        [36m>[39m
          [36m<div[39m
            
[33mclass[39m=[32m"line "[39m
            [33mstyle[39m=[32m
"margin-top: 0px; margin-bottom: 
1px;"[39m
          [36m>[39m
            [0mM├║ f├¼d├¡ wa 
m├║lß║╣╠Ç ß╣úinß╣úin,[0m
          [36m</div>[39m
        [36m</div>[39m
      [36m</div>[39m
      [36m<div[39m
        [33mclass[39m=[32m"sta
nza"[39m
        [33mstyle[39m=[32m"mar
gin-top: 0px; margin-bottom: 
1px;"[39m
      [36m>[39m
        [36m<div[39m
          [33mclass[39m=[32m"m
usic-signs transparent"[39m
        [36m>[39m
          [0mx[0m
        [36m</div>[39m
        [36m<div[39m
          [33mclass[39m=[32m"s
tanza-number"[39m
        [36m/>[39m
        [36m<div[39m
          [33mclass[39m=[32m"s
tanza-text"[39m
        [36m>[39m
          [36m<div[39m
            
[33mclass[39m=[32m"line "[39m
            [33mstyle[39m=[32m
"margin-top: 0px; margin-bottom: 
1px;"[39m
          [36m>[39m
            [0mN├¡n├║ ├¼fß║╣╠ü 
m├¡mß╗ì╠ü Rß║╣ nl├í.[0m
          [36m</div>[39m
        [36m</div>[39m
      [36m</div>[39m
    [36m</div>[39m

    Ignored nodes: comments, 
script, style
    [36m<div[39m
      [33mclass[39m=[32m"stanz
a"[39m
      [33mstyle[39m=[32m"margi
n-top: 0px; margin-bottom: 
1px;"[39m
    [36m>[39m
      [36m<div[39m
        [33mclass[39m=[32m"mus
ic-signs "[39m
      [36m>[39m
        [0mf[0m
      [36m</div>[39m
      [36m<div[39m
        [33mclass[39m=[32m"sta
nza-number"[39m
      [36m>[39m
        [0m1.[0m
      [36m</div>[39m
      [36m<div[39m
        [33mclass[39m=[32m"sta
nza-text"[39m
      [36m>[39m
        [36m<div[39m
          
[33mclass[39m=[32m"line "[39m
          [33mstyle[39m=[32m"m
argin-top: 0px; margin-bottom: 
1px;"[39m
        [36m>[39m
          [0mOL├ÜWA, m├íß╣úe 
jß║╣╠ü kΓÇÖ ├í l├╣ ΓÇÿlß║╣╠Ç,[0m
        [36m</div>[39m
      [36m</div>[39m
    [36m</div>[39m

    Ignored nodes: comments, 
script, style
    [36m<div[39m
      [33mclass[39m=[32m"music
-signs "[39m
    [36m>[39m
      [0mf[0m
    [36m</div>[39m

    Ignored nodes: comments, 
script, style
    [36m<div[39m
      [33mclass[39m=[32m"stanz
a-number"[39m
    [36m>[39m
      [0m1.[0m
    [36m</div>[39m

    Ignored nodes: comments, 
script, style
    [36m<div[39m
      [33mclass[39m=[32m"stanz
a-text"[39m
    [36m>[39m
      [36m<div[39m
        
[33mclass[39m=[32m"line "[39m
        [33mstyle[39m=[32m"mar
gin-top: 0px; margin-bottom: 
1px;"[39m
      [36m>[39m
        [0mOL├ÜWA, m├íß╣úe 
jß║╣╠ü kΓÇÖ ├í l├╣ ΓÇÿlß║╣╠Ç,[0m
      [36m</div>[39m
    [36m</div>[39m

    Ignored nodes: comments, 
script, style
    [36m<div[39m
      [33mclass[39m=[32m"line 
"[39m
      [33mstyle[39m=[32m"margi
n-top: 0px; margin-bottom: 
1px;"[39m
    [36m>[39m
      [0mOL├ÜWA, m├íß╣úe jß║╣╠ü 
kΓÇÖ ├í l├╣ ΓÇÿlß║╣╠Ç,[0m
    [36m</div>[39m

    Ignored nodes: comments, 
script, style
    [36m<div[39m
      [33mclass[39m=[32m"stanz
a"[39m
      [33mstyle[39m=[32m"margi
n-top: 0px; margin-bottom: 
1px;"[39m
    [36m>[39m
      [36m<div[39m
        [33mclass[39m=[32m"mus
ic-signs transparent"[39m
      [36m>[39m
        [0mx[0m
      [36m</div>[39m
      [36m<div[39m
        [33mclass[39m=[32m"sta
nza-number"[39m
      [36m/>[39m
      [36m<div[39m
        [33mclass[39m=[32m"sta
nza-text"[39m
      [36m>[39m
        [36m<div[39m
          
[33mclass[39m=[32m"line "[39m
          [33mstyle[39m=[32m"m
argin-top: 0px; margin-bottom: 
1px;"[39m
        [36m>[39m
          [0mN├¡n├║ ├¼d├ínw├▓ 
ay├⌐ y├¼├¡;[0m
        [36m</div>[39m
      [36m</div>[39m
    [36m</div>[39m

    Ignored nodes: comments, 
script, style
    [36m<div[39m
      [33mclass[39m=[32m"music
-signs transparent"[39m
    [36m>[39m
      [0mx[0m
    [36m</div>[39m

    Ignored nodes: comments, 
script, style
    [36m<div[39m
      [33mclass[39m=[32m"stanz
a-number"[39m
    [36m/>[39m

    Ignored nodes: comments, 
script, style
    [36m<div[39m
      [33mclass[39m=[32m"stanz
a-text"[39m
    [36m>[39m
      [36m<div[39m
        
[33mclass[39m=[32m"line "[39m
        [33mstyle[39m=[32m"mar
gin-top: 0px; margin-bottom: 
1px;"[39m
      [36m>[39m
        [0mN├¡n├║ ├¼d├ínw├▓ 
ay├⌐ y├¼├¡;[0m
      [36m</div>[39m
    [36m</div>[39m

    Ignored nodes: comments, 
script, style
    [36m<div[39m
      [33mclass[39m=[32m"line 
"[39m
      [33mstyle[39m=[32m"margi
n-top: 0px; margin-bottom: 
1px;"[39m
    [36m>[39m
      [0mN├¡n├║ ├¼d├ínw├▓ ay├⌐ 
y├¼├¡;[0m
    [36m</div>[39m

    Ignored nodes: comments, 
script, style
    [36m<div[39m
      [33mclass[39m=[32m"stanz
a"[39m
      [33mstyle[39m=[32m"margi
n-top: 0px; margin-bottom: 
1px;"[39m
    [36m>[39m
      [36m<div[39m
        [33mclass[39m=[32m"mus
ic-signs transparent"[39m
      [36m>[39m
        [0mx[0m
      [36m</div>[39m
      [36m<div[39m
        [33mclass[39m=[32m"sta
nza-number"[39m
      [36m/>[39m
      [36m<div[39m
        [33mclass[39m=[32m"sta
nza-text"[39m
      [36m>[39m
        [36m<div[39m
          
[33mclass[39m=[32m"line "[39m
          [33mstyle[39m=[32m"m
argin-top: 0px; margin-bottom: 
1px;"[39m
        [36m>[39m
          [0mM├║ f├¼d├¡ wa 
m├║lß║╣╠Ç ß╣úinß╣úin,[0m
        [36m</div>[39m
      [36m</div>[39m
    [36m</div>[39m

    Ignored nodes: comments, 
script, style
    [36m<div[39m
      [33mclass[39m=[32m"music
-signs transparent"[39m
    [36m>[39m
      [0mx[0m
    [36m</div>[39m

    Ignored nodes: comments, 
script, style
    [36m<div[39m
      [33mclass[39m=[32m"stanz
a-number"[39m
    [36m/>[39m

    Ignored nodes: comments, 
script, style
    [36m<div[39m
      [33mclass[39m=[32m"stanz
a-text"[39m
    [36m>[39m
      [36m<div[39m
        
[33mclass[39m=[32m"line "[39m
        [33mstyle[39m=[32m"mar
gin-top: 0px; margin-bottom: 
1px;"[39m
      [36m>[39m
        [0mM├║ f├¼d├¡ wa 
m├║lß║╣╠Ç ß╣úinß╣úin,[0m
      [36m</div>[39m
    [36m</div>[39m

    Ignored nodes: comments, 
script, style
    [36m<div[39m
      [33mclass[39m=[32m"line 
"[39m
      [33mstyle[39m=[32m"margi
n-top: 0px; margin-bottom: 
1px;"[39m
    [36m>[39m
      [0mM├║ f├¼d├¡ wa 
m├║lß║╣╠Ç ß╣úinß╣úin,[0m
    [36m</div>[39m

    Ignored nodes: comments, 
script, style
    [36m<div[39m
      [33mclass[39m=[32m"stanz
a"[39m
      [33mstyle[39m=[32m"margi
n-top: 0px; margin-bottom: 
1px;"[39m
    [36m>[39m
      [36m<div[39m
        [33mclass[39m=[32m"mus
ic-signs transparent"[39m
      [36m>[39m
        [0mx[0m
      [36m</div>[39m
      [36m<div[39m
        [33mclass[39m=[32m"sta
nza-number"[39m
      [36m/>[39m
      [36m<div[39m
        [33mclass[39m=[32m"sta
nza-text"[39m
      [36m>[39m
        [36m<div[39m
          
[33mclass[39m=[32m"line "[39m
          [33mstyle[39m=[32m"m
argin-top: 0px; margin-bottom: 
1px;"[39m
        [36m>[39m
          [0mN├¡n├║ ├¼fß║╣╠ü 
m├¡mß╗ì╠ü Rß║╣ nl├í.[0m
        [36m</div>[39m
      [36m</div>[39m
    [36m</div>[39m

    Ignored nodes: comments, 
script, style
    [36m<div[39m
      [33mclass[39m=[32m"music
-signs transparent"[39m
    [36m>[39m
      [0mx[0m
    [36m</div>[39m

    Ignored nodes: comments, 
script, style
    [36m<div[39m
      [33mclass[39m=[32m"stanz
a-number"[39m
    [36m/>[39m

    Ignored nodes: comments, 
script, style
    [36m<div[39m
      [33mclass[39m=[32m"stanz
a-text"[39m
    [36m>[39m
      [36m<div[39m
        
[33mclass[39m=[32m"line "[39m
        [33mstyle[39m=[32m"mar
gin-top: 0px; margin-bottom: 
1px;"[39m
      [36m>[39m
        [0mN├¡n├║ ├¼fß║╣╠ü 
m├¡mß╗ì╠ü Rß║╣ nl├í.[0m
      [36m</div>[39m
    [36m</div>[39m

    Ignored nodes: comments, 
script, style
    [36m<div[39m
      [33mclass[39m=[32m"line 
"[39m
      [33mstyle[39m=[32m"margi
n-top: 0px; margin-bottom: 
1px;"[39m
    [36m>[39m
      [0mN├¡n├║ ├¼fß║╣╠ü 
m├¡mß╗ì╠ü Rß║╣ nl├í.[0m
    [36m</div>[39m

    Ignored nodes: comments, 
script, style
    [36m<div[39m
      [33mclass[39m=[32m"stanz
a-break"[39m
      [33mstyle[39m=[32m"margi
n-top: 0px; margin-bottom: 
2px;"[39m
    [36m/>[39m

    Ignored nodes: comments, 
script, style
    [36m<div[39m
      [33mclass[39m=[32m"stanz
a-container"[39m
      [33mstyle[39m=[32m"margi
n-top: 0px; margin-bottom: 
0px;"[39m
    [36m>[39m
      [36m<div[39m
        [33mclass[39m=[32m"sta
nza"[39m
        [33mstyle[39m=[32m"mar
gin-top: 0px; margin-bottom: 
1px;"[39m
      [36m>[39m
        [36m<div[39m
          [33mclass[39m=[32m"m
usic-signs "[39m
        [36m>[39m
          [0mf[0m
        [36m</div>[39m
        [36m<div[39m
          [33mclass[39m=[32m"s
tanza-number"[39m
        [36m>[39m
          [0m2.[0m
        [36m</div>[39m
        [36m<div[39m
          [33mclass[39m=[32m"s
tanza-text"[39m
        [36m>[39m
          [36m<div[39m
            
[33mclass[39m=[32m"line "[39m
            [33mstyle[39m=[32m
"margin-top: 0px; margin-bottom: 
1px;"[39m
          [36m>[39m
            [0mBΓÇÖ ├ád├ín├╣ 
b├í d├⌐ sΓÇÖ ß╗ì╠Çn├á wa,[0m
          [36m</div>[39m
        [36m</div>[39m
      [36m</div>[39m
      [36m<div[39m
        [33mclass[39m=[32m"sta
nza"[39m
        [33mstyle[39m=[32m"mar
gin-top: 0px; margin-bottom: 
1px;"[39m
      [36m>[39m
        [36m<div[39m
          [33mclass[39m=[32m"m
usic-signs transparent"[39m
        [36m>[39m
          [0mx[0m
        [36m</div>[39m
        [36m<div[39m
          [33mclass[39m=[32m"s
tanza-number"[39m
        [36m/>[39m
        [36m<div[39m
          [33mclass[39m=[32m"s
tanza-text"[39m
        [36m>[39m
          [36m<div[39m
            
[33mclass[39m=[32m"line "[39m
            [33mstyle[39m=[32m
"margin-top: 0px; margin-bottom: 
1px;"[39m
          [36m>[39m
            [0mT├¡ ├¼j├¼ ay├⌐ 
s├¼ ┼äfß║╣╠ü l├⌐lß║╣╠Ç;[0m
          [36m</div>[39m
        [36m</div>[39m
      [36m</div>[39m
      [36m<div[39m
        [33mclass[39m=[32m"sta
nza"[39m
        [33mstyle[39m=[32m"mar
gin-top: 0px; margin-bottom: 
1px;"[39m
      [36m>[39m
        [36m<div[39m
          [33mclass[39m=[32m"m
usic-signs transparent"[39m
        [36m>[39m
          [0mx[0m
        [36m</div>[39m
        [36m<div[39m
          [33mclass[39m=[32m"s
tanza-number"[39m
        [36m/>[39m
        [36m<div[39m
          [33mclass[39m=[32m"s
tanza-text"[39m
        [36m>[39m
          [36m<div[39m
            
[33mclass[39m=[32m"line "[39m
            [33mstyle[39m=[32m
"margin-top: 0px; margin-bottom: 
1px;"[39m
          [36m>[39m
            [0mJß╗ì╠Ç jß║╣╠ü 
kΓÇÖ ├í rΓÇÖ ├¼r├ánlß╗ì╠üwß╗ì╠ü 
Rß║╣,[0m
          [36m</div>[39m
        [36m</div>[39m
      [36m</div>[39m
      [36m<div[39m
        [33mclass[39m=[32m"sta
nza"[39m
        [33mstyle[39m=[32m"mar
gin-top: 0px; margin-bottom: 
1px;"[39m
      [36m>[39m
        [36m<div[39m
          [33mclass[39m=[32m"m
usic-signs transparent"[39m
        [36m>[39m
          [0mx[0m
        [36m</div>[39m
        [36m<div[39m
          [33mclass[39m=[32m"s
tanza-number"[39m
        [36m/>[39m
        [36m<div[39m
          [33mclass[39m=[32m"s
tanza-text"[39m
        [36m>[39m
          [36m<div[39m
            
[33mclass[39m=[32m"line "[39m
            [33mstyle[39m=[32m
"margin-top: 0px; margin-bottom: 
1px;"[39m
          [36m>[39m
            [0mKΓÇÖ ├í mΓÇÖ 
agb├íra Rß║╣ lΓÇÖ 
├▓joj├║mß╗ì╠ü.[0m
          [36m</div>[39m
        [36m</div>[39m
      [36m</div>[39m
    [36m</div>[39m

    Ignored nodes: comments, 
script, style
    [36m<div[39m
      [33mclass[39m=[32m"stanz
a"[39m
      [33mstyle[39m=[32m"margi
n-top: 0px; margin-bottom: 
1px;"[39m
    [36m>[39m
      [36m<div[39m
        [33mclass[39m=[32m"mus
ic-signs "[39m
      [36m>[39m
        [0mf[0m
      [36m</div>[39m
      [36m<div[39m
        [33mclass[39m=[32m"sta
nza-number"[39m
      [36m>[39m
        [0m2.[0m
      [36m</div>[39m
      [36m<div[39m
        [33mclass[39m=[32m"sta
nza-text"[39m
      [36m>[39m
        [36m<div[39m
          
[33mclass[39m=[32m"line "[39m
          [33mstyle[39m=[32m"m
argin-top: 0px; margin-bottom: 
1px;"[39m
        [36m>[39m
          [0mBΓÇÖ ├ád├ín├╣ b├í 
d├⌐ sΓÇÖ ß╗ì╠Çn├á wa,[0m
        [36m</div>[39m
      [36m</div>[39m
    [36m</div>[39m

    Ignored nodes: comments, 
script, style
    [36m<div[39m
      [33mclass[39m=[32m"music
-signs "[39m
    [36m>[39m
      [0mf[0m
    [36m</div>[39m

    Ignored nodes: comments, 
script, style
    [36m<div[39m
      [33mclass[39m=[32m"stanz
a-number"[39m
    [36m>[39m
      [0m2.[0m
    [36m</div>[39m

    Ignored nodes: comments, 
script, style
    [36m<div[39m
      [33mclass[39m=[32m"stanz
a-text"[39m
    [36m>[39m
      [36m<div[39m
        
[33mclass[39m=[32m"line "[39m
        [33mstyle[39m=[32m"mar
gin-top: 0px; margin-bottom: 
1px;"[39m
      [36m>[39m
        [0mBΓÇÖ ├ád├ín├╣ b├í 
d├⌐ sΓÇÖ ß╗ì╠Çn├á wa,[0m
      [36m</div>[39m
    [36m</div>[39m

    Ignored nodes: comments, 
script, style
    [36m<div[39m
      [33mclass[39m=[32m"line 
"[39m
      [33mstyle[39m=[32m"margi
n-top: 0px; margin-bottom: 
1px;"[39m
    [36m>[39m
      [0mBΓÇÖ ├ád├ín├╣ b├í d├⌐ 
sΓÇÖ ß╗ì╠Çn├á wa,[0m
    [36m</div>[39m

    Ignored nodes: comments, 
script, style
    [36m<div[39m
      [33mclass[39m=[32m"stanz
a"[39m
      [33mstyle[39m=[32m"margi
n-top: 0px; margin-bottom: 
1px;"[39m
    [36m>[39m
      [36m<div[39m
        [33mclass[39m=[32m"mus
ic-signs transparent"[39m
      [36m>[39m
        [0mx[0m
      [36m</div>[39m
      [36m<div[39m
        [33mclass[39m=[32m"sta
nza-number"[39m
      [36m/>[39m
      [36m<div[39m
        [33mclass[39m=[32m"sta
nza-text"[39m
      [36m>[39m
        [36m<div[39m
          
[33mclass[39m=[32m"line "[39m
          [33mstyle[39m=[32m"m
argin-top: 0px; margin-bottom: 
1px;"[39m
        [36m>[39m
          [0mT├¡ ├¼j├¼ ay├⌐ s├¼ 
┼äfß║╣╠ü l├⌐lß║╣╠Ç;[0m
        [36m</div>[39m
      [36m</div>[39m
    [36m</div>[39m

    Ignored nodes: comments, 
script, style
    [36m<div[39m
      [33mclass[39m=[32m"music
-signs transparent"[39m
    [36m>[39m
      [0mx[0m
    [36m</div>[39m

    Ignored nodes: comments, 
script, style
    [36m<div[39m
      [33mclass[39m=[32m"stanz
a-number"[39m
    [36m/>[39m

    Ignored nodes: comments, 
script, style
    [36m<div[39m
      [33mclass[39m=[32m"stanz
a-text"[39m
    [36m>[39m
      [36m<div[39m
        
[33mclass[39m=[32m"line "[39m
        [33mstyle[39m=[32m"mar
gin-top: 0px; margin-bottom: 
1px;"[39m
      [36m>[39m
        [0mT├¡ ├¼j├¼ ay├⌐ s├¼ 
┼äfß║╣╠ü l├⌐lß║╣╠Ç;[0m
      [36m</div>[39m
    [36m</div>[39m

    Ignored nodes: comments, 
script, style
    [36m<div[39m
      [33mclass[39m=[32m"line 
"[39m
      [33mstyle[39m=[32m"margi
n-top: 0px; margin-bottom: 
1px;"[39m
    [36m>[39m
      [0mT├¡ ├¼j├¼ ay├⌐ s├¼ 
┼äfß║╣╠ü l├⌐lß║╣╠Ç;[0m
    [36m</div>[39m

    Ignored nodes: comments, 
script, style
    [36m<div[39m
      [33mclass[39m=[32m"stanz
a"[39m
      [33mstyle[39m=[32m"margi
n-top: 0px; margin-bottom: 
1px;"[39m
    [36m>[39m
      [36m<div[39m
        [33mclass[39m=[32m"mus
ic-signs transparent"[39m
      [36m>[39m
        [0mx[0m
      [36m</div>[39m
      [36m<div[39m
        [33mclass[39m=[32m"sta
nza-number"[39m
      [36m/>[39m
      [36m<div[39m
        [33mclass[39m=[32m"sta
nza-text"[39m
      [36m>[39m
        [36m<div[39m
          
[33mclass[39m=[32m"line "[39m
          [33mstyle[39m=[32m"m
argin-top: 0px; margin-bottom: 
1px;"[39m
        [36m>[39m
          [0mJß╗ì╠Ç jß║╣╠ü kΓÇÖ 
├í rΓÇÖ ├¼r├ánlß╗ì╠üwß╗ì╠ü 
Rß║╣,[0m
        [36m</div>[39m
      [36m</div>[39m
    [36m</div>[39m

    Ignored nodes: comments, 
script, style
    [36m<div[39m
      [33mclass[39m=[32m"music
-signs transparent"[39m
    [36m>[39m
      [0mx[0m
    [36m</div>[39m

    Ignored nodes: comments, 
script, style
    [36m<div[39m
      [33mclass[39m=[32m"stanz
a-number"[39m
    [36m/>[39m

    Ignored nodes: comments, 
script, style
    [36m<div[39m
      [33mclass[39m=[32m"stanz
a-text"[39m
    [36m>[39m
      [36m<div[39m
        
[33mclass[39m=[32m"line "[39m
        [33mstyle[39m=[32m"mar
gin-top: 0px; margin-bottom: 
1px;"[39m
      [36m>[39m
        [0mJß╗ì╠Ç jß║╣╠ü kΓÇÖ 
├í rΓÇÖ ├¼r├ánlß╗ì╠üwß╗ì╠ü 
Rß║╣,[0m
      [36m</div>[39m
    [36m</div>[39m

    Ignored nodes: comments, 
script, style
    [36m<div[39m
      [33mclass[39m=[32m"line 
"[39m
      [33mstyle[39m=[32m"margi
n-top: 0px; margin-bottom: 
1px;"[39m
    [36m>[39m
      [0mJß╗ì╠Ç jß║╣╠ü kΓÇÖ ├í 
rΓÇÖ ├¼r├ánlß╗ì╠üwß╗ì╠ü Rß║╣,[0m
    [36m</div>[39m

    Ignored nodes: comments, 
script, style
    [36m<div[39m
      [33mclass[39m=[32m"stanz
a"[39m
      [33mstyle[39m=[32m"margi
n-top: 0px; margin-bottom: 
1px;"[39m
    [36m>[39m
      [36m<div[39m
        [33mclass[39m=[32m"mus
ic-signs transparent"[39m
      [36m>[39m
        [0mx[0m
      [36m</div>[39m
      [36m<div[39m
        [33mclass[39m=[32m"sta
nza-number"[39m
      [36m/>[39m
      [36m<div[39m
        [33mclass[39m=[32m"sta
nza-text"[39m
      [36m>[39m
        [36m<div[39m
          
[33mclass[39m=[32m"line "[39m
          [33mstyle[39m=[32m"m
argin-top: 0px; margin-bottom: 
1px;"[39m
        [36m>[39m
          [0mKΓÇÖ ├í mΓÇÖ 
agb├íra Rß║╣ lΓÇÖ 
├▓joj├║mß╗ì╠ü.[0m
        [36m</div>[39m
      [36m</div>[39m
    [36m</div>[39m

    Ignored nodes: comments, 
script, style
    [36m<div[39m
      [33mclass[39m=[32m"music
-signs transparent"[39m
    [36m>[39m
      [0mx[0m
    [36m</div>[39m

    Ignored nodes: comments, 
script, style
    [36m<div[39m
      [33mclass[39m=[32m"stanz
a-number"[39m
    [36m/>[39m

    Ignored nodes: comments, 
script, style
    [36m<div[39m
      [33mclass[39m=[32m"stanz
a-text"[39m
    [36m>[39m
      [36m<div[39m
        
[33mclass[39m=[32m"line "[39m
        [33mstyle[39m=[32m"mar
gin-top: 0px; margin-bottom: 
1px;"[39m
      [36m>[39m
        [0mKΓÇÖ ├í mΓÇÖ agb├íra 
Rß║╣ lΓÇÖ ├▓joj├║mß╗ì╠ü.[0m
      [36m</div>[39m
    [36m</div>[39m

    Ignored nodes: comments, 
script, style
    [36m<div[39m
      [33mclass[39m=[32m"line 
"[39m
      [33mstyle[39m=[32m"margi
n-top: 0px; margin-bottom: 
1px;"[39m
    [36m>[39m
      [0mKΓÇÖ ├í mΓÇÖ agb├íra 
Rß║╣ lΓÇÖ ├▓joj├║mß╗ì╠ü.[0m
    [36m</div>[39m

    Ignored nodes: comments, 
script, style
    [36m<div[39m
      [33mclass[39m=[32m"stanz
a-break"[39m
      [33mstyle[39m=[32m"margi
n-top: 0px; margin-bottom: 
2px;"[39m
    [36m/>[39m

    Ignored nodes: comments, 
script, style
    [36m<div[39m
      [33mclass[39m=[32m"stanz
a-container"[39m
      [33mstyle[39m=[32m"margi
n-top: 0px; margin-bottom: 
0px;"[39m
    [36m>[39m
      [36m<div[39m
        [33mclass[39m=[32m"sta
nza"[39m
        [33mstyle[39m=[32m"mar
gin-top: 0px; margin-bottom: 
1px;"[39m
      [36m>[39m
        [36m<div[39m
          [33mclass[39m=[32m"m
usic-signs "[39m
        [36m>[39m
          [0mf[0m
        [36m</div>[39m
        [36m<div[39m
          [33mclass[39m=[32m"s
tanza-number"[39m
        [36m>[39m
          [0m3.[0m
        [36m</div>[39m
        [36m<div[39m
          [33mclass[39m=[32m"s
tanza-text"[39m
        [36m>[39m
          [36m<div[39m
            
[33mclass[39m=[32m"line "[39m
            [33mstyle[39m=[32m
"margin-top: 0px; margin-bottom: 
1px;"[39m
          [36m>[39m
            [0m├îwß╗ì lΓÇÖ 
Al├íb├▓├│ wa t├¡t├¡,[0m
          [36m</div>[39m
        [36m</div>[39m
      [36m</div>[39m
      [36m<div[39m
        [33mclass[39m=[32m"sta
nza"[39m
        [33mstyle[39m=[32m"mar
gin-top: 0px; margin-bottom: 
1px;"[39m
      [36m>[39m
        [36m<div[39m
          [33mclass[39m=[32m"m
usic-signs transparent"[39m
        [36m>[39m
          [0mx[0m
        [36m</div>[39m
        [36m<div[39m
          [33mclass[39m=[32m"s
tanza-number"[39m
        [36m/>[39m
        [36m<div[39m
          [33mclass[39m=[32m"s
tanza-text"[39m
        [36m>[39m
          [36m<div[39m
            
[33mclass[39m=[32m"line "[39m
            [33mstyle[39m=[32m
"margin-top: 0px; margin-bottom: 
1px;"[39m
          [36m>[39m
            [0mß║╕niti k├¼ ├¡ 
t├▓├▓gb├⌐ mß╗ì╠ü;[0m
          [36m</div>[39m
        [36m</div>[39m
      [36m</div>[39m
      [36m<div[39m
        [33mclass[39m=[32m"sta
nza"[39m
        [33mstyle[39m=[32m"mar
gin-top: 0px; margin-bottom: 
1px;"[39m
      [36m>[39m
        [36m<div[39m
          [33mclass[39m=[32m"m
usic-signs transparent"[39m
        [36m>[39m
          [0mx[0m
        [36m</div>[39m
        [36m<div[39m
          [33mclass[39m=[32m"s
tanza-number"[39m
        [36m/>[39m
        [36m<div[39m
          [33mclass[39m=[32m"s
tanza-text"[39m
        [36m>[39m
          [36m<div[39m
            
[33mclass[39m=[32m"line "[39m
            [33mstyle[39m=[32m
"margin-top: 0px; margin-bottom: 
1px;"[39m
          [36m>[39m
            [0mM├║ wa la ewu 
ay├⌐ j├í,[0m
          [36m</div>[39m
        [36m</div>[39m
      [36m</div>[39m
      [36m<div[39m
        [33mclass[39m=[32m"sta
nza"[39m
        [33mstyle[39m=[32m"mar
gin-top: 0px; margin-bottom: 
1px;"[39m
      [36m>[39m
        [36m<div[39m
          [33mclass[39m=[32m"m
usic-signs transparent"[39m
        [36m>[39m
          [0mx[0m
        [36m</div>[39m
        [36m<div[39m
          [33mclass[39m=[32m"s
tanza-number"[39m
        [36m/>[39m
        [36m<div[39m
          [33mclass[39m=[32m"s
tanza-text"[39m
        [36m>[39m
          [36m<div[39m
            
[33mclass[39m=[32m"line "[39m
            [33mstyle[39m=[32m
"margin-top: 0px; margin-bottom: 
1px;"[39m
          [36m>[39m
            [0mT├¡tΓÇÖ a ├│ fi 
d├⌐ ΓÇÿl├⌐ ├▓k├¿.[0m
          [36m</div>[39m
        [36m</div>[39m
      [36m</div>[39m
    [36m</div>[39m

    Ignored nodes: comments, 
script, style
    [36m<div[39m
      [33mclass[39m=[32m"stanz
a"[39m
      [33mstyle[39m=[32m"margi
n-top: 0px; margin-bottom: 
1px;"[39m
    [36m>[39m
      [36m<div[39m
        [33mclass[39m=[32m"mus
ic-signs "[39m
      [36m>[39m
        [0mf[0m
      [36m</div>[39m
      [36m<div[39m
        [33mclass[39m=[32m"sta
nza-number"[39m
      [36m>[39m
        [0m3.[0m
      [36m</div>[39m
      [36m<div[39m
        [33mclass[39m=[32m"sta
nza-text"[39m
      [36m>[39m
        [36m<div[39m
          
[33mclass[39m=[32m"line "[39m
          [33mstyle[39m=[32m"m
argin-top: 0px; margin-bottom: 
1px;"[39m
        [36m>[39m
          [0m├îwß╗ì lΓÇÖ 
Al├íb├▓├│ wa t├¡t├¡,[0m
        [36m</div>[39m
      [36m</div>[39m
    [36m</div>[39m

    Ignored nodes: comments, 
script, style
    [36m<div[39m
      [33mclass[39m=[32m"music
-signs "[39m
    [36m>[39m
      [0mf[0m
    [36m</div>[39m

    Ignored nodes: comments, 
script, style
    [36m<div[39m
      [33mclass[39m=[32m"stanz
a-number"[39m
    [36m>[39m
      [0m3.[0m
    [36m</div>[39m

    Ignored nodes: comments, 
script, style
    [36m<div[39m
      [33mclass[39m=[32m"stanz
a-text"[39m
    [36m>[39m
      [36m<div[39m
        
[33mclass[39m=[32m"line "[39m
        [33mstyle[39m=[32m"mar
gin-top: 0px; margin-bottom: 
1px;"[39m
      [36m>[39m
        [0m├îwß╗ì lΓÇÖ 
Al├íb├▓├│ wa t├¡t├¡,[0m
      [36m</div>[39m
    [36m</div>[39m

    Ignored nodes: comments, 
script, style
    [36m<div[39m
      [33mclass[39m=[32m"line 
"[39m
      [33mstyle[39m=[32m"margi
n-top: 0px; margin-bottom: 
1px;"[39m
    [36m>[39m
      [0m├îwß╗ì lΓÇÖ Al├íb├▓├│ 
wa t├¡t├¡,[0m
    [36m</div>[39m

    Ignored nodes: comments, 
script, style
    [36m<div[39m
      [33mclass[39m=[32m"stanz
a"[39m
      [33mstyle[39m=[32m"margi
n-top: 0px; margin-bottom: 
1px;"[39m
    [36m>[39m
      [36m<div[39m
        [33mclass[39m=[32m"mus
ic-signs transparent"[39m
      [36m>[39m
        [0mx[0m
      [36m</div>[39m
      [36m<div[39m
        [33mclass[39m=[32m"sta
nza-number"[39m
      [36m/>[39m
      [36m<div[39m
        [33mclass[39m=[32m"sta
nza-text"[39m
      [36m>[39m
        [36m<div[39m
          
[33mclass[39m=[32m"line "[39m
          [33mstyle[39m=[32m"m
argin-top: 0px; margin-bottom: 
1px;"[39m
        [36m>[39m
          [0mß║╕niti k├¼ ├¡ 
t├▓├▓gb├⌐ mß╗ì╠ü;[0m
        [36m</div>[39m
      [36m</div>[39m
    [36m</div>[39m

    Ignored nodes: comments, 
script, style
    [36m<div[39m
      [33mclass[39m=[32m"music
-signs transparent"[39m
    [36m>[39m
      [0mx[0m
    [36m</div>[39m

    Ignored nodes: comments, 
script, style
    [36m<div[39m
      [33mclass[39m=[32m"stanz
a-number"[39m
    [36m/>[39m

    Ignored nodes: comments, 
script, style
    [36m<div[39m
      [33mclass[39m=[32m"stanz
a-text"[39m
    [36m>[39m
      [36m<div[39m
        
[33mclass[39m=[32m"line "[39m
        [33mstyle[39m=[32m"mar
gin-top: 0px; margin-bottom: 
1px;"[39m
      [36m>[39m
        [0mß║╕niti k├¼ ├¡ 
t├▓├▓gb├⌐ mß╗ì╠ü;[0m
      [36m</div>[39m
    [36m</div>[39m

    Ignored nodes: comments, 
script, style
    [36m<div[39m
      [33mclass[39m=[32m"line 
"[39m
      [33mstyle[39m=[32m"margi
n-top: 0px; margin-bottom: 
1px;"[39m
    [36m>[39m
      [0mß║╕niti k├¼ ├¡ 
t├▓├▓gb├⌐ mß╗ì╠ü;[0m
    [36m</div>[39m

    Ignored nodes: comments, 
script, style
    [36m<div[39m
      [33mclass[39m=[32m"stanz
a"[39m
      [33mstyle[39m=[32m"margi
n-top: 0px; margin-bottom: 
1px;"[39m
    [36m>[39m
      [36m<div[39m
        [33mclass[39m=[32m"mus
ic-signs transparent"[39m
      [36m>[39m
        [0mx[0m
      [36m</div>[39m
      [36m<div[39m
        [33mclass[39m=[32m"sta
nza-number"[39m
      [36m/>[39m
      [36m<div[39m
        [33mclass[39m=[32m"sta
nza-text"[39m
      [36m>[39m
        [36m<div[39m
          
[33mclass[39m=[32m"line "[39m
          [33mstyle[39m=[32m"m
argin-top: 0px; margin-bottom: 
1px;"[39m
        [36m>[39m
          [0mM├║ wa la ewu ay├⌐ 
j├í,[0m
        [36m</div>[39m
      [36m</div>[39m
    [36m</div>[39m

    Ignored nodes: comments, 
script, style
    [36m<div[39m
      [33mclass[39m=[32m"music
-signs transparent"[39m
    [36m>[39m
      [0mx[0m
    [36m</div>[39m

    Ignored nodes: comments, 
script, style
    [36m<div[39m
      [33mclass[39m=[32m"stanz
a-number"[39m
    [36m/>[39m

    Ignored nodes: comments, 
script, style
    [36m<div[39m
      [33mclass[39m=[32m"stanz
a-text"[39m
    [36m>[39m
      [36m<div[39m
        
[33mclass[39m=[32m"line "[39m
        [33mstyle[39m=[32m"mar
gin-top: 0px; margin-bottom: 
1px;"[39m
      [36m>[39m
        [0mM├║ wa la ewu ay├⌐ 
j├í,[0m
      [36m</div>[39m
    [36m</div>[39m

    Ignored nodes: comments, 
script, style
    [36m<div[39m
      [33mclass[39m=[32m"line 
"[39m
      [33mstyle[39m=[32m"margi
n-top: 0px; margin-bottom: 
1px;"[39m
    [36m>[39m
      [0mM├║ wa la ewu ay├⌐ 
j├í,[0m
    [36m</div>[39m

    Ignored nodes: comments, 
script, style
    [36m<div[39m
      [33mclass[39m=[32m"stanz
a"[39m
      [33mstyle[39m=[32m"margi
n-top: 0px; margin-bottom: 
1px;"[39m
    [36m>[39m
      [36m<div[39m
        [33mclass[39m=[32m"mus
ic-signs transparent"[39m
      [36m>[39m
        [0mx[0m
      [36m</div>[39m
      [36m<div[39m
        [33mclass[39m=[32m"sta
nza-number"[39m
      [36m/>[39m
      [36m<div[39m
        [33mclass[39m=[32m"sta
nza-text"[39m
      [36m>[39m
        [36m<div[39m
          
[33mclass[39m=[32m"line "[39m
          [33mstyle[39m=[32m"m
argin-top: 0px; margin-bottom: 
1px;"[39m
        [36m>[39m
          [0mT├¡tΓÇÖ a ├│ fi 
d├⌐ ΓÇÿl├⌐ ├▓k├¿.[0m
        [36m</div>[39m
      [36m</div>[39m
    [36m</div>[39m

    Ignored nodes: comments, 
script, style
    [36m<div[39m
      [33mclass[39m=[32m"music
-signs transparent"[39m
    [36m>[39m
      [0mx[0m
    [36m</div>[39m

    Ignored nodes: comments, 
script, style
    [36m<div[39m
      [33mclass[39m=[32m"stanz
a-number"[39m
    [36m/>[39m

    Ignored nodes: comments, 
script, style
    [36m<div[39m
      [33mclass[39m=[32m"stanz
a-text"[39m
    [36m>[39m
      [36m<div[39m
        
[33mclass[39m=[32m"line "[39m
        [33mstyle[39m=[32m"mar
gin-top: 0px; margin-bottom: 
1px;"[39m
      [36m>[39m
        [0mT├¡tΓÇÖ a ├│ fi d├⌐ 
ΓÇÿl├⌐ ├▓k├¿.[0m
      [36m</div>[39m
    [36m</div>[39m

    Ignored nodes: comments, 
script, style
    [36m<div[39m
      [33mclass[39m=[32m"line 
"[39m
      [33mstyle[39m=[32m"margi
n-top: 0px; margin-bottom: 
1px;"[39m
    [36m>[39m
      [0mT├¡tΓÇÖ a ├│ fi d├⌐ 
ΓÇÿl├⌐ ├▓k├¿.[0m
    [36m</div>[39m

    Ignored nodes: comments, 
script, style
    [36m<div[39m
      [33mclass[39m=[32m"stanz
a-break"[39m
      [33mstyle[39m=[32m"margi
n-top: 0px; margin-bottom: 
2px;"[39m
    [36m/>[39m

    Ignored nodes: comments, 
script, style
    [36m<div[39m
      [33mclass[39m=[32m"stanz
a-container"[39m
      [33mstyle[39m=[32m"margi
n-top: 0px; margin-bottom: 
0px;"[39m
    [36m>[39m
      [36m<div[39m
        [33mclass[39m=[32m"sta
nza"[39m
        [33mstyle[39m=[32m"mar
gin-top: 0px; margin-bottom: 
1px;"[39m
      [36m>[39m
        [36m<div[39m
          [33mclass[39m=[32m"m
usic-signs "[39m
        [36m>[39m
          [0mf[0m
        [36m</div>[39m
        [36m<div[39m
          [33mclass[39m=[32m"s
tanza-number"[39m
        [36m>[39m
          [0m4.[0m
        [36m</div>[39m
        [36m<div[39m
          [33mclass[39m=[32m"s
tanza-text"[39m
        [36m>[39m
          [36m<div[39m
            
[33mclass[39m=[32m"line "[39m
            [33mstyle[39m=[32m
"margin-top: 0px; margin-bottom: 
1px;"[39m
          [36m>[39m
            [0m├Ægo f├║n B├áb├í 
atΓÇÖ ß╗îmß╗ì,[0m
          [36m</div>[39m
        [36m</div>[39m
      [36m</div>[39m
      [36m<div[39m
        [33mclass[39m=[32m"sta
nza"[39m
        [33mstyle[39m=[32m"mar
gin-top: 0px; margin-bottom: 
1px;"[39m
      [36m>[39m
        [36m<div[39m
          [33mclass[39m=[32m"m
usic-signs transparent"[39m
        [36m>[39m
          [0mx[0m
        [36m</div>[39m
        [36m<div[39m
          [33mclass[39m=[32m"s
tanza-number"[39m
        [36m/>[39m
        [36m<div[39m
          [33mclass[39m=[32m"s
tanza-text"[39m
        [36m>[39m
          [36m<div[39m
            
[33mclass[39m=[32m"line "[39m
            [33mstyle[39m=[32m
"margin-top: 0px; margin-bottom: 
1px;"[39m
          [36m>[39m
            [0mAt├¡ f├║n 
ß║╕╠Çm├¡ M├¡mß╗ì╠ü rß║╣╠Ç;[0m
          [36m</div>[39m
        [36m</div>[39m
      [36m</div>[39m
      [36m<div[39m
        [33mclass[39m=[32m"sta
nza"[39m
        [33mstyle[39m=[32m"mar
gin-top: 0px; margin-bottom: 
1px;"[39m
      [36m>[39m
        [36m<div[39m
          [33mclass[39m=[32m"m
usic-signs transparent"[39m
        [36m>[39m
          [0mx[0m
        [36m</div>[39m
        [36m<div[39m
          [33mclass[39m=[32m"s
tanza-number"[39m
        [36m/>[39m
        [36m<div[39m
          [33mclass[39m=[32m"s
tanza-text"[39m
        [36m>[39m
          [36m<div[39m
            
[33mclass[39m=[32m"line "[39m
            [33mstyle[39m=[32m
"margin-top: 0px; margin-bottom: 
1px;"[39m
          [36m>[39m
            [0mß║╕ jß║╣╠ü kΓÇÖ 
├í fΓÇÖ orin ├¼y├¼n f├║n,[0m
          [36m</div>[39m
        [36m</div>[39m
      [36m</div>[39m
      [36m<div[39m
        [33mclass[39m=[32m"sta
nza"[39m
        [33mstyle[39m=[32m"mar
gin-top: 0px; margin-bottom: 
1px;"[39m
      [36m>[39m
        [36m<div[39m
          [33mclass[39m=[32m"m
usic-signs transparent"[39m
        [36m>[39m
          [0mx[0m
        [36m</div>[39m
        [36m<div[39m
          [33mclass[39m=[32m"s
tanza-number"[39m
        [36m/>[39m
        [36m<div[39m
          [33mclass[39m=[32m"s
tanza-text"[39m
        [36m>[39m
          [36m<div[39m
            
[33mclass[39m=[32m"line "[39m
            [33mstyle[39m=[32m
"margin-top: 0px; margin-bottom: 
1px;"[39m
          [36m>[39m
            [0mMetalß╗ì╠ükan 
t├¡t├¡ la├¡la├¡.[0m
          [36m</div>[39m
        [36m</div>[39m
      [36m</div>[39m
    [36m</div>[39m

    Ignored nodes: comments, 
script, style
    [36m<div[39m
      [33mclass[39m=[32m"stanz
a"[39m
      [33mstyle[39m=[32m"margi
n-top: 0px; margin-bottom: 
1px;"[39m
    [36m>[39m
      [36m<div[39m
        [33mclass[39m=[32m"mus
ic-signs "[39m
      [36m>[39m
        [0mf[0m
      [36m</div>[39m
      [36m<div[39m
        [33mclass[39m=[32m"sta
nza-number"[39m
      [36m>[39m
        [0m4.[0m
      [36m</div>[39m
      [36m<div[39m
        [33mclass[39m=[32m"sta
nza-text"[39m
      [36m>[39m
        [36m<div[39m
          
[33mclass[39m=[32m"line "[39m
          [33mstyle[39m=[32m"m
argin-top: 0px; margin-bottom: 
1px;"[39m
        [36m>[39m
          [0m├Ægo f├║n B├áb├í 
atΓÇÖ ß╗îmß╗ì,[0m
        [36m</div>[39m
      [36m</div>[39m
    [36m</div>[39m

    Ignored nodes: comments, 
script, style
    [36m<div[39m
      [33mclass[39m=[32m"music
-signs "[39m
    [36m>[39m
      [0mf[0m
    [36m</div>[39m

    Ignored nodes: comments, 
script, style
    [36m<div[39m
      [33mclass[39m=[32m"stanz
a-number"[39m
    [36m>[39m
      [0m4.[0m
    [36m</div>[39m

    Ignored nodes: comments, 
script, style
    [36m<div[39m
      [33mclass[39m=[32m"stanz
a-text"[39m
    [36m>[39m
      [36m<div[39m
        
[33mclass[39m=[32m"line "[39m
        [33mstyle[39m=[32m"mar
gin-top: 0px; margin-bottom: 
1px;"[39m
      [36m>[39m
        [0m├Ægo f├║n B├áb├í 
atΓÇÖ ß╗îmß╗ì,[0m
      [36m</div>[39m
    [36m</div>[39m

    Ignored nodes: comments, 
script, style
    [36m<div[39m
      [33mclass[39m=[32m"line 
"[39m
      [33mstyle[39m=[32m"margi
n-top: 0px; margin-bottom: 
1px;"[39m
    [36m>[39m
      [0m├Ægo f├║n B├áb├í atΓÇÖ 
ß╗îmß╗ì,[0m
    [36m</div>[39m

    Ignored nodes: comments, 
script, style
    [36m<div[39m
      [33mclass[39m=[32m"stanz
a"[39m
      [33mstyle[39m=[32m"margi
n-top: 0px; margin-bottom: 
1px;"[39m
    [36m>[39m
      [36m<div[39m
        [33mclass[39m=[32m"mus
ic-signs transparent"[39m
      [36m>[39m
        [0mx[0m
      [36m</div>[39m
      [36m<div[39m
        [33mclass[39m=[32m"sta
nza-number"[39m
      [36m/>[39m
      [36m<div[39m
        [33mclass[39m=[32m"sta
nza-text"[39m
      [36m>[39m
        [36m<div[39m
          
[33mclass[39m=[32m"line "[39m
          [33mstyle[39m=[32m"m
argin-top: 0px; margin-bottom: 
1px;"[39m
        [36m>[39m
          [0mAt├¡ f├║n ß║╕╠Çm├¡ 
M├¡mß╗ì╠ü rß║╣╠Ç;[0m
        [36m</div>[39m
      [36m</div>[39m
    [36m</div>[39m

    Ignored nodes: comments, 
script, style
    [36m<div[39m
      [33mclass[39m=[32m"music
-signs transparent"[39m
    [36m>[39m
      [0mx[0m
    [36m</div>[39m

    Ignored nodes: comments, 
script, style
    [36m<div[39m
      [33mclass[39m=[32m"stanz
a-number"[39m
    [36m/>[39m

    Ignored nodes: comments, 
script, style
    [36m<div[39m
      [33mclass[39m=[32m"stanz
a-text"[39m
    [36m>[39m
      [36m<div[39m
        
[33mclass[39m=[32m"line "[39m
        [33mstyle[39m=[32m"mar
gin-top: 0px; margin-bottom: 
1px;"[39m
      [36m>[39m
        [0mAt├¡ f├║n ß║╕╠Çm├¡ 
M├¡mß╗ì╠ü rß║╣╠Ç;[0m
      [36m</div>[39m
    [36m</div>[39m

    Ignored nodes: comments, 
script, style
    [36m<div[39m
      [33mclass[39m=[32m"line 
"[39m
      [33mstyle[39m=[32m"margi
n-top: 0px; margin-bottom: 
1px;"[39m
    [36m>[39m
      [0mAt├¡ f├║n ß║╕╠Çm├¡ 
M├¡mß╗ì╠ü rß║╣╠Ç;[0m
    [36m</div>[39m

    Ignored nodes: comments, 
script, style
    [36m<div[39m
      [33mclass[39m=[32m"stanz
a"[39m
      [33mstyle[39m=[32m"margi
n-top: 0px; margin-bottom: 
1px;"[39m
    [36m>[39m
      [36m<div[39m
        [33mclass[39m=[32m"mus
ic-signs transparent"[39m
      [36m>[39m
        [0mx[0m
      [36m</div>[39m
      [36m<div[39m
        [33mclass[39m=[32m"sta
nza-number"[39m
      [36m/>[39m
      [36m<div[39m
        [33mclass[39m=[32m"sta
nza-text"[39m
      [36m>[39m
        [36m<div[39m
          
[33mclass[39m=[32m"line "[39m
          [33mstyle[39m=[32m"m
argin-top: 0px; margin-bottom: 
1px;"[39m
        [36m>[39m
          [0mß║╕ jß║╣╠ü kΓÇÖ ├í 
fΓÇÖ orin ├¼y├¼n f├║n,[0m
        [36m</div>[39m
      [36m</div>[39m
    [36m</div>[39m

    Ignored nodes: comments, 
script, style
    [36m<div[39m
      [33mclass[39m=[32m"music
-signs transparent"[39m
    [36m>[39m
      [0mx[0m
    [36m</div>[39m

    Ignored nodes: comments, 
script, style
    [36m<div[39m
      [33mclass[39m=[32m"stanz
a-number"[39m
    [36m/>[39m

    Ignored nodes: comments, 
script, style
    [36m<div[39m
      [33mclass[39m=[32m"stanz
a-text"[39m
    [36m>[39m
      [36m<div[39m
        
[33mclass[39m=[32m"line "[39m
        [33mstyle[39m=[32m"mar
gin-top: 0px; margin-bottom: 
1px;"[39m
      [36m>[39m
        [0mß║╕ jß║╣╠ü kΓÇÖ ├í 
fΓÇÖ orin ├¼y├¼n f├║n,[0m
      [36m</div>[39m
    [36m</div>[39m

    Ignored nodes: comments, 
script, style
    [36m<div[39m
      [33mclass[39m=[32m"line 
"[39m
      [33mstyle[39m=[32m"margi
n-top: 0px; margin-bottom: 
1px;"[39m
    [36m>[39m
      [0mß║╕ jß║╣╠ü kΓÇÖ ├í 
fΓÇÖ orin ├¼y├¼n f├║n,[0m
    [36m</div>[39m

    Ignored nodes: comments, 
script, style
    [36m<div[39m
      [33mclass[39m=[32m"stanz
a"[39m
      [33mstyle[39m=[32m"margi
n-top: 0px; margin-bottom: 
1px;"[39m
    [36m>[39m
      [36m<div[39m
        [33mclass[39m=[32m"mus
ic-signs transparent"[39m
      [36m>[39m
        [0mx[0m
      [36m</div>[39m
      [36m<div[39m
        [33mclass[39m=[32m"sta
nza-number"[39m
      [36m/>[39m
      [36m<div[39m
        [33mclass[39m=[32m"sta
nza-text"[39m
      [36m>[39m
        [36m<div[39m
          
[33mclass[39m=[32m"line "[39m
          [33mstyle[39m=[32m"m
argin-top: 0px; margin-bottom: 
1px;"[39m
        [36m>[39m
          [0mMetalß╗ì╠ükan 
t├¡t├¡ la├¡la├¡.[0m
        [36m</div>[39m
      [36m</div>[39m
    [36m</div>[39m

    Ignored nodes: comments, 
script, style
    [36m<div[39m
      [33mclass[39m=[32m"music
-signs transparent"[39m
    [36m>[39m
      [0mx[0m
    [36m</div>[39m

    Ignored nodes: comments, 
script, style
    [36m<div[39m
      [33mclass[39m=[32m"stanz
a-number"[39m
    [36m/>[39m

    Ignored nodes: comments, 
script, style
    [36m<div[39m
      [33mclass[39m=[32m"stanz
a-text"[39m
    [36m>[39m
      [36m<div[39m
        
[33mclass[39m=[32m"line "[39m
        [33mstyle[39m=[32m"mar
gin-top: 0px; margin-bottom: 
1px;"[39m
      [36m>[39m
        [0mMetalß╗ì╠ükan t├¡t├¡ 
la├¡la├¡.[0m
      [36m</div>[39m
    [36m</div>[39m

    Ignored nodes: comments, 
script, style
    [36m<div[39m
      [33mclass[39m=[32m"line 
"[39m
      [33mstyle[39m=[32m"margi
n-top: 0px; margin-bottom: 
1px;"[39m
    [36m>[39m
      [0mMetalß╗ì╠ükan t├¡t├¡ 
la├¡la├¡.[0m
    [36m</div>[39m

    Ignored nodes: comments, 
script, style
    [36m<div[39m
      [33mclass[39m=[32m"hymn-
history"[39m
    [36m>[39m
      [36m<h3>[39m
        [0m├ît├án[0m
      [36m</h3>[39m
      [36m<p>[39m
        [0mTraditional Yoruba 
hymn for divine protection and 
steadfastness.[0m
      [36m</p>[39m
    [36m</div>[39m

    Ignored nodes: comments, 
script, style
    [36m<div[39m
      [33mclass[39m=[32m"highl
ight-toolbar "[39m
    [36m>[39m
      [36m<div[39m
        [33mclass[39m=[32m"col
or-picker-title"[39m
      [36m>[39m
        [0mYan ├Çwß╗ì╠Ç 
Underline[0m
      [36m</div>[39m
      [36m<div[39m
        [33mclass[39m=[32m"col
or-grid"[39m
      [36m>[39m
        [36m<button[39m
          [33mclass[39m=[32m"c
olor-button yellow active"[39m
          [33mdata-color[39m=[
32m"Yellow"[39m
          
[33mtitle[39m=[32m"Yellow 
underline"[39m
        [36m/>[39m
        [36m<button[39m
          [33mclass[39m=[32m"c
olor-button red "[39m
          [33mdata-color[39m=[
32m"Red"[39m
          
[33mtitle[39m=[32m"Red 
underline"[39m
        [36m/>[39m
        [36m<button[39m
          [33mclass[39m=[32m"c
olor-button blue "[39m
          [33mdata-color[39m=[
32m"Blue"[39m
          
[33mtitle[39m=[32m"Blue 
underline"[39m
        [36m/>[39m
        [36m<button[39m
          [33mclass[39m=[32m"c
olor-button orange "[39m
          [33mdata-color[39m=[
32m"Orange"[39m
          
[33mtitle[39m=[32m"Orange 
underline"[39m
        [36m/>[39m
        [36m<button[39m
          [33mclass[39m=[32m"c
olor-button ash "[39m
          [33mdata-color[39m=[
32m"Ash"[39m
          
[33mtitle[39m=[32m"Ash 
underline"[39m
        [36m/>[39m
        [36m<button[39m
          [33mclass[39m=[32m"c
olor-button black "[39m
          [33mdata-color[39m=[
32m"Black"[39m
          
[33mtitle[39m=[32m"Black 
underline"[39m
        [36m/>[39m
      [36m</div>[39m
      [36m<div[39m
        [33mclass[39m=[32m"und
o-redo-buttons"[39m
      [36m>[39m
        [36m<button[39m
          [33mclass[39m=[32m"u
ndo-redo-button"[39m
          
[33mdisabled[39m=[32m""[39m
          
[33mtitle[39m=[32m"Pad├á 
sß║╣╠üy├¼n"[39m
        [36m>[39m
          [36m<span[39m
            
[33mclass[39m=[32m"icon"[39m
          [36m>[39m
            [0mΓå⌐[0m
          [36m</span>[39m
          [0m Pad├á[0m
        [36m</button>[39m
        [36m<button[39m
          [33mclass[39m=[32m"u
ndo-redo-button"[39m
          
[33mdisabled[39m=[32m""[39m
          
[33mtitle[39m=[32m"T├║n 
ß╣úe"[39m
        [36m>[39m
          [36m<span[39m
            
[33mclass[39m=[32m"icon"[39m
          [36m>[39m
            [0mΓå¬[0m
          [36m</span>[39m
          [0m T├║n ß╣úe[0m
        [36m</button>[39m
      [36m</div>[39m
    [36m</div>[39m

    Ignored nodes: comments, 
script, style
    [36m<div[39m
      [33mclass[39m=[32m"color
-picker-title"[39m
    [36m>[39m
      [0mYan ├Çwß╗ì╠Ç 
Underline[0m
    [36m</div>[39m

    Ignored nodes: comments, 
script, style
    [36m<div[39m
      [33mclass[39m=[32m"color
-grid"[39m
    [36m>[39m
      [36m<button[39m
        [33mclass[39m=[32m"col
or-button yellow active"[39m
        [33mdata-color[39m=[32
m"Yellow"[39m
        
[33mtitle[39m=[32m"Yellow 
underline"[39m
      [36m/>[39m
      [36m<button[39m
        [33mclass[39m=[32m"col
or-button red "[39m
        [33mdata-color[39m=[32
m"Red"[39m
        
[33mtitle[39m=[32m"Red 
underline"[39m
      [36m/>[39m
      [36m<button[39m
        [33mclass[39m=[32m"col
or-button blue "[39m
        [33mdata-color[39m=[32
m"Blue"[39m
        
[33mtitle[39m=[32m"Blue 
underline"[39m
      [36m/>[39m
      [36m<button[39m
        [33mclass[39m=[32m"col
or-button orange "[39m
        [33mdata-color[39m=[32
m"Orange"[39m
        
[33mtitle[39m=[32m"Orange 
underline"[39m
      [36m/>[39m
      [36m<button[39m
        [33mclass[39m=[32m"col
or-button ash "[39m
        [33mdata-color[39m=[32
m"Ash"[39m
        
[33mtitle[39m=[32m"Ash 
underline"[39m
      [36m/>[39m
      [36m<button[39m
        [33mclass[39m=[32m"col
or-button black "[39m
        [33mdata-color[39m=[32
m"Black"[39m
        
[33mtitle[39m=[32m"Black 
underline"[39m
      [36m/>[39m
    [36m</div>[39m

    Ignored nodes: comments, 
script, style
    [36m<div[39m
      [33mclass[39m=[32m"undo-
redo-buttons"[39m
    [36m>[39m
      [36m<button[39m
        [33mclass[39m=[32m"und
o-redo-button"[39m
        
[33mdisabled[39m=[32m""[39m
        
[33mtitle[39m=[32m"Pad├á 
sß║╣╠üy├¼n"[39m
      [36m>[39m
        [36m<span[39m
          
[33mclass[39m=[32m"icon"[39m
        [36m>[39m
          [0mΓå⌐[0m
        [36m</span>[39m
        [0m Pad├á[0m
      [36m</button>[39m
      [36m<button[39m
        [33mclass[39m=[32m"und
o-redo-button"[39m
        
[33mdisabled[39m=[32m""[39m
        
[33mtitle[39m=[32m"T├║n 
ß╣úe"[39m
      [36m>[39m
        [36m<span[39m
          
[33mclass[39m=[32m"icon"[39m
        [36m>[39m
          [0mΓå¬[0m
        [36m</span>[39m
        [0m T├║n ß╣úe[0m
      [36m</button>[39m
    [36m</div>[39m

    Ignored nodes: comments, 
script, style
    [36m<span[39m
      
[33mclass[39m=[32m"icon"[39m
    [36m>[39m
      [0mΓå⌐[0m
    [36m</span>[39m

    Ignored nodes: comments, 
script, style
    [36m<span[39m
      
[33mclass[39m=[32m"icon"[39m
    [36m>[39m
      [0mΓå¬[0m
    [36m</span>[39m

    (If this is intentional, 
then use the `*AllBy*` variant 
of the query (like 
`queryAllByText`, 
`getAllByText`, or 
`findAllByText`)).

    Ignored nodes: comments, 
script, style
    [36m<body>[39m
      [36m<div>[39m
        [36m<div[39m
          [33mclass[39m=[32m"h
ymn-detail-page 
theme-undefined"[39m
        [36m>[39m
          [36m<div[39m
            [33mclass[39m=[32m
"header-top-row"[39m
          [36m>[39m
            [36m<div[39m
              [33mclass[39m=[3
2m"header-spacer"[39m
            [36m/>[39m
          [36m</div>[39m
          [36m<div[39m
            [33mclass[39m=[32m
"hymn-topic-section"[39m
          [36m>[39m
            [36m<h1 />[39m
            [36m<div[39m
              [33mclass[39m=[3
2m"hymn-topic"[39m
            [36m>[39m
              
[0m├îy├ás├¡m├¡mß╗ì╠ü[0m
            [36m</div>[39m
            [36m<div[39m
              [33mclass[39m=[3
2m"hymn-source"[39m
            [36m>[39m
              [0mYoruba Baptist 
Hymnal[0m
            [36m</div>[39m
          [36m</div>[39m
          [36m<div[39m
            [33mclass[39m=[32m
"hymn-content"[39m
          [36m>[39m
            [36m<div[39m
              [33mclass[39m=[3
2m"navigation-arrows"[39m
            [36m>[39m
              [36m<button[39m
                
[33mclass[39m=[32m"nav-arrow 
prev-arrow"[39m
              [36m>[39m
                [36m<span[39m
                  
[33mclass[39m=[32m"icon"[39m
                [36m>[39m
                  [0mΓåÉ[0m
                [36m</span>[39m
              [36m</button>[39m
              [36m<button[39m
                
[33mclass[39m=[32m"nav-arrow 
next-arrow"[39m
              [36m>[39m
                [36m<span[39m
                  
[33mclass[39m=[32m"icon"[39m
                [36m>[39m
                  [0mΓåÆ[0m
                [36m</span>[39m
              [36m</button>[39m
            [36m</div>[39m
            [36m<div[39m
              [33mclass[39m=[3
2m"floating-share"[39m
            [36m>[39m
              [36m<button[39m
                
[33maria-label[39m=[32m"P├¡n 
orin"[39m
                [33mclass[39m=
[32m"share-button"[39m
              [36m>[39m
                [36m<span[39m
                  
[33mclass[39m=[32m"icon"[39m
                [36m>[39m
                  [0mΓåù∩╕Å[0m
                [36m</span>[39m
              [36m</button>[39m
            [36m</div>[39m
            [36m<div[39m
              [33mclass[39m=[3
2m"metadata-box"[39m
            [36m>[39m
              [36m<div[39m
                [33mclass[39m=
[32m"metadata-item"[39m
              [36m>[39m
                [36m<span[39m
                  
[33mclass[39m=[32m"label"[39m
                [36m>[39m
                  
[0mNß╗ì╠ümb├á:[0m
                [36m</span>[39m
                [36m<span[39m
                  
[33mclass[39m=[32m"value"[39m
                [36m>[39m
                  [0mYBH361[0m
                [36m</span>[39m
              [36m</div>[39m
              [36m<div[39m
                [33mclass[39m=
[32m"metadata-item"[39m
              [36m>[39m
                [36m<span[39m
                  
[33mclass[39m=[32m"label"[39m
                [36m>[39m
                  
[0mOnkß╗ì╠Çw├⌐:[0m
                [36m</span>[39m
                [36m<span[39m
                  
[33mclass[39m=[32m"value"[39m
                [36m>[39m
                  [0mUnknown[0m
                [36m</span>[39m
              [36m</div>[39m
              [36m<div[39m
                [33mclass[39m=
[32m"metadata-item"[39m
              [36m>[39m
                [36m<span[39m
                  
[33mclass[39m=[32m"label"[39m
                [36m>[39m
                  
[0mAkß╗ì╠ümpose:[0m
                [36m</span>[39m
                [36m<span[39m
                  
[33mclass[39m=[32m"value"[39m
                [36m>[39m
                  [0mUnknown[0m
                [36m</span>[39m
              [36m</div>[39m
              [36m<div[39m
                [33mclass[39m=
[32m"metadata-item"[39m
              [36m>[39m
                [36m<span[39m
                  
[33mclass[39m=[32m"label"[39m
                [36m>[39m
                  [0mTune:[0m
                [36m</span>[39m
                [36m<span[39m
                  
[33mclass[39m=[32m"value"[39m
                [36m>[39m
                  [0mUnknown[0m
                [36m</span>[39m
              [36m</div>[39m
              [36m<div[39m
                [33mclass[39m=
[32m"metadata-item"[39m
              [36m>[39m
                [36m<span[39m
                  
[33mclass[39m=[32m"label"[39m
                [36m>[39m
                  [0mMeter:[0m
                [36m</span>[39m
                [36m<span[39m
                  
[33mclass[39m=[32m"value"[39m
                [36m>[39m
                  
[0m8.7.8.7.D.[0m
                [36m</span>[39m
              [36m</div>[39m
              [36m<div[39m
                [33mclass[39m=
[32m"metadata-item"[39m
              [36m>[39m
                [36m<span[39m
                  
[33mclass[39m=[32m"label"[39m
                [36m>[39m
                  [0mKey:[0m
                [36m</span>[39m
                [36m<span[39m
                  
[33mclass[39m=[32m"value"[39m
                [36m>[39m
                  [0mUnknown[0m
                [36m</span>[39m
              [36m</div>[39m
              [36m<div[39m
                [33mclass[39m=
[32m"metadata-item"[39m
              [36m>[39m
                [36m<span[39m
                  
[33mclass[39m=[32m"label"[39m
                [36m>[39m
                  
[0mß╗îd├║n:[0m
                [36m</span>[39m
                [36m<span[39m
                  
[33mclass[39m=[32m"value"[39m
                [36m>[39m
                  
[0mTraditional[0m
                [36m</span>[39m
              [36m</div>[39m
              [36m<div[39m
                [33mclass[39m=
[32m"metadata-item"[39m
                [33mdata-type[3
9m=[32m"scripture"[39m
              [36m>[39m
                [36m<span[39m
                  
[33mclass[39m=[32m"label"[39m
                [36m>[39m
                  [0m├îw├⌐ 
M├¡mß╗ì╠ü:[0m
                [36m</span>[39m
                [36m<span[39m
                  
[33mclass[39m=[32m"value"[39m
                [36m>[39m
                  [0mUnknown[0m
                [36m</span>[39m
              [36m</div>[39m
            [36m</div>[39m
            [36m<div[39m
              [33mclass[39m=[3
2m"lyrics"[39m
              [33mstyle[39m=[3
2m"user-select: text;"[39m
            [36m>[39m
              [36m<div[39m
                [33mclass[39m=
[32m"stanza-container"[39m
                [33mstyle[39m=
[32m"margin-top: 0px; 
margin-bottom: 0px;"[39m
              [36m>[39m
                [36m<div[39m
                  [33mclass[39m
=[32m"stanza"[39m
                  [33mstyle[39m
=[32m"margin-top: 0px; 
margin-bottom: 1px;"[39m
                [36m>[39m
                  [36m<div[39m
                    [33mclass[3
9m=[32m"music-signs "[39m
                  [36m>[39m
                    [0mf[0m
                  
[36m</div>[39m
                  [36m<div[39m
                    [33mclass[3
9m=[32m"stanza-number"[39m
                  [36m>[39m
                    [0m1.[0m
                  
[36m</div>[39m
                  [36m<div[39m
                    [33mclass[3
9m=[32m"stanza-text"[39m
                  [36m>[39m
                    
[36m<div[39m
                      
[33mclass[39m=[32m"line "[39m
                      [33mstyle
[39m=[32m"margin-top: 0px; 
margin-bottom: 1px;"[39m
                    [36m>[39m
                      
[0mOL├ÜWA, m├íß╣úe ...

    [0m [90m 42 |[39m
     [90m 43 |[39m             
[90m// Check if lyrics section 
exists[39m
    [31m[1m>[22m[39m[90m 44 
|[39m             
[36mconst[39m lyricsElement 
[33m=[39m screen[33m.[39mgetB
yRole([32m'generic'[39m[33m,[
39m { name[33m:[39m 
[32m''[39m })[33m;[39m
     [90m    |[39m             
                             
[31m[1m^[22m[39m
     [90m 45 |[39m             
expect(lyricsElement)[33m.[39mt
oBeInTheDocument()[33m;[39m
     [90m 46 |[39m         
})[33m;[39m
     [90m 47 |[39m     
})[33m;[39m[0m

      at Object.getElementError (
node_modules/@testing-library/rea
ct/node_modules/@testing-library/
dom/dist/config.js:37:19)
      at getElementError (node_mo
dules/@testing-library/react/node
_modules/@testing-library/dom/dis
t/query-helpers.js:20:35)
      at 
getMultipleElementsFoundError (no
de_modules/@testing-library/react
/node_modules/@testing-library/do
m/dist/query-helpers.js:23:10)
      at node_modules/@testing-li
brary/react/node_modules/@testing
-library/dom/dist/query-helpers.j
s:55:13
      at getByRole (node_modules/
@testing-library/react/node_modul
es/@testing-library/dom/dist/quer
y-helpers.js:95:19)
      at Object.<anonymous> (src/
components/VerifyYorubaHymns_341_
400.test.js:44:42)

  ΓùÅ YorubaHymnDetail 
Verification (Hymns 341-400) ΓÇ║ 
renders hymn 370 correctly

    TestingLibraryElementError: 
Unable to find an element with 
the text: /├îWß╗î lΓÇÖ ß╗îba 
ay├⌐ray├⌐/i. This could be 
because the text is broken up by 
multiple elements. In this case, 
you can provide a function for 
your text matcher to make your 
matcher more flexible.

    Ignored nodes: comments, 
script, style
    [36m<body>[39m
      [36m<div>[39m
        [36m<div[39m
          [33mclass[39m=[32m"h
ymn-detail-page 
theme-undefined"[39m
        [36m>[39m
          [36m<div[39m
            [33mclass[39m=[32m
"header-top-row"[39m
          [36m>[39m
            [36m<div[39m
              [33mclass[39m=[3
2m"header-spacer"[39m
            [36m/>[39m
          [36m</div>[39m
          [36m<div[39m
            [33mclass[39m=[32m
"hymn-topic-section"[39m
          [36m>[39m
            [36m<h1>[39m
              [0m├Çw├í Jß║╣╠ü 
Ajagun J├⌐s├╣[0m
            [36m</h1>[39m
            [36m<div[39m
              [33mclass[39m=[3
2m"hymn-topic"[39m
            [36m>[39m
              
[0m├îy├ás├¡m├¡mß╗ì╠ü[0m
            [36m</div>[39m
            [36m<div[39m
              [33mclass[39m=[3
2m"hymn-source"[39m
            [36m>[39m
              [0mYoruba Baptist 
Hymnal[0m
            [36m</div>[39m
          [36m</div>[39m
          [36m<div[39m
            [33mclass[39m=[32m
"hymn-content"[39m
          [36m>[39m
            [36m<div[39m
              [33mclass[39m=[3
2m"navigation-arrows"[39m
            [36m>[39m
              [36m<button[39m
                
[33mclass[39m=[32m"nav-arrow 
prev-arrow"[39m
              [36m>[39m
                [36m<span[39m
                  
[33mclass[39m=[32m"icon"[39m
                [36m>[39m
                  [0mΓåÉ[0m
                [36m</span>[39m
              [36m</button>[39m
              [36m<button[39m
                
[33mclass[39m=[32m"nav-arrow 
next-arrow"[39m
              [36m>[39m
                [36m<span[39m
                  
[33mclass[39m=[32m"icon"[39m
                [36m>[39m
                  [0mΓåÆ[0m
                [36m</span>[39m
              [36m</button>[39m
            [36m</div>[39m
            [36m<div[39m
              [33mclass[39m=[3
2m"floating-share"[39m
            [36m>[39m
              [36m<button[39m
                
[33maria-label[39m=[32m"P├¡n 
orin"[39m
                [33mclass[39m=
[32m"share-button"[39m
              [36m>[39m
                [36m<span[39m
                  
[33mclass[39m=[32m"icon"[39m
                [36m>[39m
                  [0mΓåù∩╕Å[0m
                [36m</span>[39m
              [36m</button>[39m
            [36m</div>[39m
            [36m<div[39m
              [33mclass[39m=[3
2m"metadata-box"[39m
            [36m>[39m
              [36m<div[39m
                [33mclass[39m=
[32m"metadata-item"[39m
              [36m>[39m
                [36m<span[39m
                  
[33mclass[39m=[32m"label"[39m
                [36m>[39m
                  
[0mNß╗ì╠ümb├á:[0m
                [36m</span>[39m
                [36m<span[39m
                  
[33mclass[39m=[32m"value"[39m
                [36m>[39m
                  [0mYBH370[0m
                [36m</span>[39m
              [36m</div>[39m
              [36m<div[39m
                [33mclass[39m=
[32m"metadata-item"[39m
              [36m>[39m
                [36m<span[39m
                  
[33mclass[39m=[32m"label"[39m
                [36m>[39m
                  
[0mOnkß╗ì╠Çw├⌐:[0m
                [36m</span>[39m
                [36m<span[39m
                  
[33mclass[39m=[32m"value"[39m
                [36m>[39m
                  [0mUnknown[0m
                [36m</span>[39m
              [36m</div>[39m
              [36m<div[39m
                [33mclass[39m=
[32m"metadata-item"[39m
              [36m>[39m
                [36m<span[39m
                  
[33mclass[39m=[32m"label"[39m
                [36m>[39m
                  
[0mAkß╗ì╠ümpose:[0m
                [36m</span>[39m
                [36m<span[39m
                  
[33mclass[39m=[32m"value"[39m
                [36m>[39m
                  [0mUnknown[0m
                [36m</span>[39m
              [36m</div>[39m
              [36m<div[39m
                [33mclass[39m=
[32m"metadata-item"[39m
              [36m>[39m
                [36m<span[39m
                  
[33mclass[39m=[32m"label"[39m
                [36m>[39m
                  [0mTune:[0m
                [36m</span>[39m
                [36m<span[39m
                  
[33mclass[39m=[32m"value"[39m
                [36m>[39m
                  [0mUnknown[0m
                [36m</span>[39m
              [36m</div>[39m
              [36m<div[39m
                [33mclass[39m=
[32m"metadata-item"[39m
              [36m>[39m
                [36m<span[39m
                  
[33mclass[39m=[32m"label"[39m
                [36m>[39m
                  [0mMeter:[0m
                [36m</span>[39m
                [36m<span[39m
                  
[33mclass[39m=[32m"value"[39m
                [36m>[39m
                  
[0m8.7.8.7.D.[0m
                [36m</span>[39m
              [36m</div>[39m
              [36m<div[39m
                [33mclass[39m=
[32m"metadata-item"[39m
              [36m>[39m
                [36m<span[39m
                  
[33mclass[39m=[32m"label"[39m
                [36m>[39m
                  [0mKey:[0m
                [36m</span>[39m
                [36m<span[39m
                  
[33mclass[39m=[32m"value"[39m
                [36m>[39m
                  [0mUnknown[0m
                [36m</span>[39m
              [36m</div>[39m
              [36m<div[39m
                [33mclass[39m=
[32m"metadata-item"[39m
              [36m>[39m
                [36m<span[39m
                  
[33mclass[39m=[32m"label"[39m
                [36m>[39m
                  
[0mß╗îd├║n:[0m
                [36m</span>[39m
                [36m<span[39m
                  
[33mclass[39m=[32m"value"[39m
                [36m>[39m
                  
[0mTraditional[0m
                [36m</span>[39m
              [36m</div>[39m
              [36m<div[39m
                [33mclass[39m=
[32m"metadata-item"[39m
                [33mdata-type[3
9m=[32m"scripture"[39m
              [36m>[39m
                [36m<span[39m
                  
[33mclass[39m=[32m"label"[39m
                [36m>[39m
                  [0m├îw├⌐ 
M├¡mß╗ì╠ü:[0m
                [36m</span>[39m
                [36m<span[39m
                  
[33mclass[39m=[32m"value"[39m
                [36m>[39m
                  [0mUnknown[0m
                [36m</span>[39m
              [36m</div>[39m
            [36m</div>[39m
            [36m<div[39m
              [33mclass[39m=[3
2m"lyrics"[39m
              [33mstyle[39m=[3
2m"user-select: text;"[39m
            [36m>[39m
              [36m<div[39m
                [33mclass[39m=
[32m"stanza-container"[39m
                [33mstyle[39m=
[32m"margin-top: 0px; 
margin-bottom: 0px;"[39m
              [36m>[39m
                [36m<div[39m
                  [33mclass[39m
=[32m"stanza"[39m
                  [33mstyle[39m
=[32m"margin-top: 0px; 
margin-bottom: 1px;"[39m
                [36m>[39m
                  [36m<div[39m
                    [33mclass[3
9m=[32m"music-signs "[39m
                  [36m>[39m
                    [0mf[0m
                  
[36m</div>[39m
                  [36m<div[39m
                    [33mclass[3
9m=[32m"stanza-number"[39m
                  [36m>[39m
                    [0m1.[0m
                  
[36m</div>[39m
                  [36m<div[39m
                    [33mclass[3
9m=[32m"stanza-text"[39m
                  [36m>[39m
                    
[36m<div[39m
                      
[33mclass[39m=[32m"line "[39m
                      [33mstyle
[39m=[32m"margin-top: 0px; 
margin-bottom: 1px;"[39m
      ...

    [0m [90m 31 |[39m
     [90m 32 |[39m             
[90m// Check title (ignoring 
case for flexibility)[39m
    [31m[1m>[22m[39m[90m 33 
|[39m             
[36mconst[39m titleElement 
[33m=[39m screen[33m.[39mgetB
yText([36mnew[39m [33mRegExp[
39m(title[33m,[39m 
[32m'i'[39m))[33m;[39m
     [90m    |[39m             
                            
[31m[1m^[22m[39m
     [90m 34 |[39m             
expect(titleElement)[33m.[39mto
BeInTheDocument()[33m;[39m
     [90m 35 |[39m
     [90m 36 |[39m             
[90m// Check for presence of 
"Yoruba Baptist Hymnal"[39m[0m

      at Object.getElementError (
node_modules/@testing-library/rea
ct/node_modules/@testing-library/
dom/dist/config.js:37:19)
      at node_modules/@testing-li
brary/react/node_modules/@testing
-library/dom/dist/query-helpers.j
s:76:38
      at node_modules/@testing-li
brary/react/node_modules/@testing
-library/dom/dist/query-helpers.j
s:52:17
      at getByText (node_modules/
@testing-library/react/node_modul
es/@testing-library/dom/dist/quer
y-helpers.js:95:19)
      at Object.<anonymous> (src/
components/VerifyYorubaHymns_341_
400.test.js:33:41)

  ΓùÅ YorubaHymnDetail 
Verification (Hymns 341-400) ΓÇ║ 
renders hymn 380 correctly

    TestingLibraryElementError: 
Unable to find an element with 
the text: /M├üß╣óE jß║╣╠ü kΓÇÖ 
├í dß║╣ ╠übi/i. This could be 
because the text is broken up by 
multiple elements. In this case, 
you can provide a function for 
your text matcher to make your 
matcher more flexible.

    Ignored nodes: comments, 
script, style
    [36m<body>[39m
      [36m<div>[39m
        [36m<div[39m
          [33mclass[39m=[32m"h
ymn-detail-page 
theme-undefined"[39m
        [36m>[39m
          [36m<div[39m
            [33mclass[39m=[32m
"header-top-row"[39m
          [36m>[39m
            [36m<div[39m
              [33mclass[39m=[3
2m"header-spacer"[39m
            [36m/>[39m
          [36m</div>[39m
          [36m<div[39m
            [33mclass[39m=[32m
"hymn-topic-section"[39m
          [36m>[39m
            [36m<h1>[39m
              [0mM├íß╣úe Jß║╣╠ü 
KΓÇÖ ├ü Dß║╣╠übi[0m
            [36m</h1>[39m
            [36m<div[39m
              [33mclass[39m=[3
2m"hymn-topic"[39m
            [36m>[39m
              
[0m├îy├ás├¡m├¡mß╗ì╠ü[0m
            [36m</div>[39m
            [36m<div[39m
              [33mclass[39m=[3
2m"hymn-source"[39m
            [36m>[39m
              [0mYoruba Baptist 
Hymnal[0m
            [36m</div>[39m
          [36m</div>[39m
          [36m<div[39m
            [33mclass[39m=[32m
"hymn-content"[39m
          [36m>[39m
            [36m<div[39m
              [33mclass[39m=[3
2m"navigation-arrows"[39m
            [36m>[39m
              [36m<button[39m
                
[33mclass[39m=[32m"nav-arrow 
prev-arrow"[39m
              [36m>[39m
                [36m<span[39m
                  
[33mclass[39m=[32m"icon"[39m
                [36m>[39m
                  [0mΓåÉ[0m
                [36m</span>[39m
              [36m</button>[39m
              [36m<button[39m
                
[33mclass[39m=[32m"nav-arrow 
next-arrow"[39m
              [36m>[39m
                [36m<span[39m
                  
[33mclass[39m=[32m"icon"[39m
                [36m>[39m
                  [0mΓåÆ[0m
                [36m</span>[39m
              [36m</button>[39m
            [36m</div>[39m
            [36m<div[39m
              [33mclass[39m=[3
2m"floating-share"[39m
            [36m>[39m
              [36m<button[39m
                
[33maria-label[39m=[32m"P├¡n 
orin"[39m
                [33mclass[39m=
[32m"share-button"[39m
              [36m>[39m
                [36m<span[39m
                  
[33mclass[39m=[32m"icon"[39m
                [36m>[39m
                  [0mΓåù∩╕Å[0m
                [36m</span>[39m
              [36m</button>[39m
            [36m</div>[39m
            [36m<div[39m
              [33mclass[39m=[3
2m"metadata-box"[39m
            [36m>[39m
              [36m<div[39m
                [33mclass[39m=
[32m"metadata-item"[39m
              [36m>[39m
                [36m<span[39m
                  
[33mclass[39m=[32m"label"[39m
                [36m>[39m
                  
[0mNß╗ì╠ümb├á:[0m
                [36m</span>[39m
                [36m<span[39m
                  
[33mclass[39m=[32m"value"[39m
                [36m>[39m
                  [0mYBH380[0m
                [36m</span>[39m
              [36m</div>[39m
              [36m<div[39m
                [33mclass[39m=
[32m"metadata-item"[39m
              [36m>[39m
                [36m<span[39m
                  
[33mclass[39m=[32m"label"[39m
                [36m>[39m
                  
[0mOnkß╗ì╠Çw├⌐:[0m
                [36m</span>[39m
                [36m<span[39m
                  
[33mclass[39m=[32m"value"[39m
                [36m>[39m
                  [0mUnknown[0m
                [36m</span>[39m
              [36m</div>[39m
              [36m<div[39m
                [33mclass[39m=
[32m"metadata-item"[39m
              [36m>[39m
                [36m<span[39m
                  
[33mclass[39m=[32m"label"[39m
                [36m>[39m
                  
[0mAkß╗ì╠ümpose:[0m
                [36m</span>[39m
                [36m<span[39m
                  
[33mclass[39m=[32m"value"[39m
                [36m>[39m
                  [0mUnknown[0m
                [36m</span>[39m
              [36m</div>[39m
              [36m<div[39m
                [33mclass[39m=
[32m"metadata-item"[39m
              [36m>[39m
                [36m<span[39m
                  
[33mclass[39m=[32m"label"[39m
                [36m>[39m
                  [0mTune:[0m
                [36m</span>[39m
                [36m<span[39m
                  
[33mclass[39m=[32m"value"[39m
                [36m>[39m
                  [0mUnknown[0m
                [36m</span>[39m
              [36m</div>[39m
              [36m<div[39m
                [33mclass[39m=
[32m"metadata-item"[39m
              [36m>[39m
                [36m<span[39m
                  
[33mclass[39m=[32m"label"[39m
                [36m>[39m
                  [0mMeter:[0m
                [36m</span>[39m
                [36m<span[39m
                  
[33mclass[39m=[32m"value"[39m
                [36m>[39m
                  [0mS.M.[0m
                [36m</span>[39m
              [36m</div>[39m
              [36m<div[39m
                [33mclass[39m=
[32m"metadata-item"[39m
              [36m>[39m
                [36m<span[39m
                  
[33mclass[39m=[32m"label"[39m
                [36m>[39m
                  [0mKey:[0m
                [36m</span>[39m
                [36m<span[39m
                  
[33mclass[39m=[32m"value"[39m
                [36m>[39m
                  [0mUnknown[0m
                [36m</span>[39m
              [36m</div>[39m
              [36m<div[39m
                [33mclass[39m=
[32m"metadata-item"[39m
              [36m>[39m
                [36m<span[39m
                  
[33mclass[39m=[32m"label"[39m
                [36m>[39m
                  
[0mß╗îd├║n:[0m
                [36m</span>[39m
                [36m<span[39m
                  
[33mclass[39m=[32m"value"[39m
                [36m>[39m
                  
[0mTraditional[0m
                [36m</span>[39m
              [36m</div>[39m
              [36m<div[39m
                [33mclass[39m=
[32m"metadata-item"[39m
                [33mdata-type[3
9m=[32m"scripture"[39m
              [36m>[39m
                [36m<span[39m
                  
[33mclass[39m=[32m"label"[39m
                [36m>[39m
                  [0m├îw├⌐ 
M├¡mß╗ì╠ü:[0m
                [36m</span>[39m
                [36m<span[39m
                  
[33mclass[39m=[32m"value"[39m
                [36m>[39m
                  [0mUnknown[0m
                [36m</span>[39m
              [36m</div>[39m
            [36m</div>[39m
            [36m<div[39m
              [33mclass[39m=[3
2m"lyrics"[39m
              [33mstyle[39m=[3
2m"user-select: text;"[39m
            [36m>[39m
              [36m<div[39m
                [33mclass[39m=
[32m"stanza-container"[39m
                [33mstyle[39m=
[32m"margin-top: 0px; 
margin-bottom: 0px;"[39m
              [36m>[39m
                [36m<div[39m
                  [33mclass[39m
=[32m"stanza"[39m
                  [33mstyle[39m
=[32m"margin-top: 0px; 
margin-bottom: 1px;"[39m
                [36m>[39m
                  [36m<div[39m
                    [33mclass[3
9m=[32m"music-signs "[39m
                  [36m>[39m
                    [0mf[0m
                  
[36m</div>[39m
                  [36m<div[39m
                    [33mclass[3
9m=[32m"stanza-number"[39m
                  [36m>[39m
                    [0m1.[0m
                  
[36m</div>[39m
                  [36m<div[39m
                    [33mclass[3
9m=[32m"stanza-text"[39m
                  [36m>[39m
                    
[36m<div[39m
                      
[33mclass[39m=[32m"line "[39m
                      [33mstyle
[39m=[32m"margin-top: 0px; 
margin-bottom: 1px;"[39m
            ...

    [0m [90m 31 |[39m
     [90m 32 |[39m             
[90m// Check title (ignoring 
case for flexibility)[39m
    [31m[1m>[22m[39m[90m 33 
|[39m             
[36mconst[39m titleElement 
[33m=[39m screen[33m.[39mgetB
yText([36mnew[39m [33mRegExp[
39m(title[33m,[39m 
[32m'i'[39m))[33m;[39m
     [90m    |[39m             
                            
[31m[1m^[22m[39m
     [90m 34 |[39m             
expect(titleElement)[33m.[39mto
BeInTheDocument()[33m;[39m
     [90m 35 |[39m
     [90m 36 |[39m             
[90m// Check for presence of 
"Yoruba Baptist Hymnal"[39m[0m

      at Object.getElementError (
node_modules/@testing-library/rea
ct/node_modules/@testing-library/
dom/dist/config.js:37:19)
      at node_modules/@testing-li
brary/react/node_modules/@testing
-library/dom/dist/query-helpers.j
s:76:38
      at node_modules/@testing-li
brary/react/node_modules/@testing
-library/dom/dist/query-helpers.j
s:52:17
      at getByText (node_modules/
@testing-library/react/node_modul
es/@testing-library/dom/dist/quer
y-helpers.js:95:19)
      at Object.<anonymous> (src/
components/VerifyYorubaHymns_341_
400.test.js:33:41)

  ΓùÅ YorubaHymnDetail 
Verification (Hymns 341-400) ΓÇ║ 
renders hymn 390 correctly

    TestingLibraryElementError: 
Found multiple elements with the 
text: /├îWß╗î lΓÇÖ ß╗îlß╗ì╠ürun 
Al├í├á├ín├║/i

    Here are the matching 
elements:

    Ignored nodes: comments, 
script, style
    [36m<h1>[39m
      [0m├îwß╗ì LΓÇÖ 
ß╗îlß╗ì╠ürun Al├í├á├ín├║[0m
    [36m</h1>[39m

    Ignored nodes: comments, 
script, style
    [36m<div[39m
      [33mclass[39m=[32m"line 
"[39m
      [33mstyle[39m=[32m"margi
n-top: 0px; margin-bottom: 
1px;"[39m
    [36m>[39m
      [0m├îWß╗î lΓÇÖ 
ß╗îlß╗ì╠ürun Al├í├á├ín├║,[0m
    [36m</div>[39m

    (If this is intentional, 
then use the `*AllBy*` variant 
of the query (like 
`queryAllByText`, 
`getAllByText`, or 
`findAllByText`)).

    Ignored nodes: comments, 
script, style
    [36m<body>[39m
      [36m<div>[39m
        [36m<div[39m
          [33mclass[39m=[32m"h
ymn-detail-page 
theme-undefined"[39m
        [36m>[39m
          [36m<div[39m
            [33mclass[39m=[32m
"header-top-row"[39m
          [36m>[39m
            [36m<div[39m
              [33mclass[39m=[3
2m"header-spacer"[39m
            [36m/>[39m
          [36m</div>[39m
          [36m<div[39m
            [33mclass[39m=[32m
"hymn-topic-section"[39m
          [36m>[39m
            [36m<h1>[39m
              [0m├îwß╗ì LΓÇÖ 
ß╗îlß╗ì╠ürun Al├í├á├ín├║[0m
            [36m</h1>[39m
            [36m<div[39m
              [33mclass[39m=[3
2m"hymn-topic"[39m
            [36m>[39m
              
[0m├îy├ás├¡m├¡mß╗ì╠ü[0m
            [36m</div>[39m
            [36m<div[39m
              [33mclass[39m=[3
2m"hymn-source"[39m
            [36m>[39m
              [0mYoruba Baptist 
Hymnal[0m
            [36m</div>[39m
          [36m</div>[39m
          [36m<div[39m
            [33mclass[39m=[32m
"hymn-content"[39m
          [36m>[39m
            [36m<div[39m
              [33mclass[39m=[3
2m"navigation-arrows"[39m
            [36m>[39m
              [36m<button[39m
                
[33mclass[39m=[32m"nav-arrow 
prev-arrow"[39m
              [36m>[39m
                [36m<span[39m
                  
[33mclass[39m=[32m"icon"[39m
                [36m>[39m
                  [0mΓåÉ[0m
                [36m</span>[39m
              [36m</button>[39m
              [36m<button[39m
                
[33mclass[39m=[32m"nav-arrow 
next-arrow"[39m
              [36m>[39m
                [36m<span[39m
                  
[33mclass[39m=[32m"icon"[39m
                [36m>[39m
                  [0mΓåÆ[0m
                [36m</span>[39m
              [36m</button>[39m
            [36m</div>[39m
            [36m<div[39m
              [33mclass[39m=[3
2m"floating-share"[39m
            [36m>[39m
              [36m<button[39m
                
[33maria-label[39m=[32m"P├¡n 
orin"[39m
                [33mclass[39m=
[32m"share-button"[39m
              [36m>[39m
                [36m<span[39m
                  
[33mclass[39m=[32m"icon"[39m
                [36m>[39m
                  [0mΓåù∩╕Å[0m
                [36m</span>[39m
              [36m</button>[39m
            [36m</div>[39m
            [36m<div[39m
              [33mclass[39m=[3
2m"metadata-box"[39m
            [36m>[39m
              [36m<div[39m
                [33mclass[39m=
[32m"metadata-item"[39m
              [36m>[39m
                [36m<span[39m
                  
[33mclass[39m=[32m"label"[39m
                [36m>[39m
                  
[0mNß╗ì╠ümb├á:[0m
                [36m</span>[39m
                [36m<span[39m
                  
[33mclass[39m=[32m"value"[39m
                [36m>[39m
                  [0mYBH390[0m
                [36m</span>[39m
              [36m</div>[39m
              [36m<div[39m
                [33mclass[39m=
[32m"metadata-item"[39m
              [36m>[39m
                [36m<span[39m
                  
[33mclass[39m=[32m"label"[39m
                [36m>[39m
                  
[0mOnkß╗ì╠Çw├⌐:[0m
                [36m</span>[39m
                [36m<span[39m
                  
[33mclass[39m=[32m"value"[39m
                [36m>[39m
                  [0mUnknown[0m
                [36m</span>[39m
              [36m</div>[39m
              [36m<div[39m
                [33mclass[39m=
[32m"metadata-item"[39m
              [36m>[39m
                [36m<span[39m
                  
[33mclass[39m=[32m"label"[39m
                [36m>[39m
                  
[0mAkß╗ì╠ümpose:[0m
                [36m</span>[39m
                [36m<span[39m
                  
[33mclass[39m=[32m"value"[39m
                [36m>[39m
                  [0mUnknown[0m
                [36m</span>[39m
              [36m</div>[39m
              [36m<div[39m
                [33mclass[39m=
[32m"metadata-item"[39m
              [36m>[39m
                [36m<span[39m
                  
[33mclass[39m=[32m"label"[39m
                [36m>[39m
                  [0mTune:[0m
                [36m</span>[39m
                [36m<span[39m
                  
[33mclass[39m=[32m"value"[39m
                [36m>[39m
                  [0mUnknown[0m
                [36m</span>[39m
              [36m</div>[39m
              [36m<div[39m
                [33mclass[39m=
[32m"metadata-item"[39m
              [36m>[39m
                [36m<span[39m
                  
[33mclass[39m=[32m"label"[39m
                [36m>[39m
                  [0mMeter:[0m
                [36m</span>[39m
                [36m<span[39m
                  
[33mclass[39m=[32m"value"[39m
                [36m>[39m
                  [0mC.M.[0m
                [36m</span>[39m
              [36m</div>[39m
              [36m<div[39m
                [33mclass[39m=
[32m"metadata-item"[39m
              [36m>[39m
                [36m<span[39m
                  
[33mclass[39m=[32m"label"[39m
                [36m>[39m
                  [0mKey:[0m
                [36m</span>[39m
                [36m<span[39m
                  
[33mclass[39m=[32m"value"[39m
                [36m>[39m
                  [0mUnknown[0m
                [36m</span>[39m
              [36m</div>[39m
              [36m<div[39m
                [33mclass[39m=
[32m"metadata-item"[39m
              [36m>[39m
                [36m<span[39m
                  
[33mclass[39m=[32m"label"[39m
                [36m>[39m
                  
[0mß╗îd├║n:[0m
                [36m</span>[39m
                [36m<span[39m
                  
[33mclass[39m=[32m"value"[39m
                [36m>[39m
                  
[0mTraditional[0m
                [36m</span>[39m
              [36m</div>[39m
              [36m<div[39m
                [33mclass[39m=
[32m"metadata-item"[39m
                [33mdata-type[3
9m=[32m"scripture"[39m
              [36m>[39m
                [36m<span[39m
                  
[33mclass[39m=[32m"label"[39m
                [36m>[39m
                  [0m├îw├⌐ 
M├¡mß╗ì╠ü:[0m
                [36m</span>[39m
                [36m<span[39m
                  
[33mclass[39m=[32m"value"[39m
                [36m>[39m
                  [0mUnknown[0m
                [36m</span>[39m
              [36m</div>[39m
            [36m</div>[39m
            [36m<div[39m
              [33mclass[39m=[3
2m"lyrics"[39m
              [33mstyle[39m=[3
2m"user-select: text;"[39m
            [36m>[39m
              [36m<div[39m
                [33mclass[39m=
[32m"stanza-container"[39m
                [33mstyle[39m=
[32m"margin-top: 0px; 
margin-bottom: 0px;"[39m
              [36m>[39m
                [36m<div[39m
                  [33mclass[39m
=[32m"stanza"[39m
                  [33mstyle[39m
=[32m"margin-top: 0px; 
margin-bottom: 1px;"[39m
                [36m>[39m
                  [36m<div[39m
                    [33mclass[3
9m=[32m"music-signs "[39m
                  [36m>[39m
                    [0mf[0m
                  
[36m</div>[39m
                  [36m<div[39m
                    [33mclass[3
9m=[32m"stanza-number"[39m
                  [36m>[39m
                    [0m1.[0m
                  
[36m</div>[39m
                  [36m<div[39m
                    [33mclass[3
9m=[32m"stanza-text"[39m
                  [36m>[39m
                    
[36m<div[39m
                      
[33mclass[39m=[32m"line "[39m
                      [33mstyle
[39m=[32m"margin-top: 0px; 
margin-bottom: 1px;"[39m
         ...

    [0m [90m 31 |[39m
     [90m 32 |[39m             
[90m// Check title (ignoring 
case for flexibility)[39m
    [31m[1m>[22m[39m[90m 33 
|[39m             
[36mconst[39m titleElement 
[33m=[39m screen[33m.[39mgetB
yText([36mnew[39m [33mRegExp[
39m(title[33m,[39m 
[32m'i'[39m))[33m;[39m
     [90m    |[39m             
                            
[31m[1m^[22m[39m
     [90m 34 |[39m             
expect(titleElement)[33m.[39mto
BeInTheDocument()[33m;[39m
     [90m 35 |[39m
     [90m 36 |[39m             
[90m// Check for presence of 
"Yoruba Baptist Hymnal"[39m[0m

      at Object.getElementError (
node_modules/@testing-library/rea
ct/node_modules/@testing-library/
dom/dist/config.js:37:19)
      at getElementError (node_mo
dules/@testing-library/react/node
_modules/@testing-library/dom/dis
t/query-helpers.js:20:35)
      at 
getMultipleElementsFoundError (no
de_modules/@testing-library/react
/node_modules/@testing-library/do
m/dist/query-helpers.js:23:10)
      at node_modules/@testing-li
brary/react/node_modules/@testing
-library/dom/dist/query-helpers.j
s:55:13
      at getByText (node_modules/
@testing-library/react/node_modul
es/@testing-library/dom/dist/quer
y-helpers.js:95:19)
      at Object.<anonymous> (src/
components/VerifyYorubaHymns_341_
400.test.js:33:41)

  ΓùÅ YorubaHymnDetail 
Verification (Hymns 341-400) ΓÇ║ 
renders hymn 400 correctly

    TestingLibraryElementError: 
Found multiple elements with the 
text: /├ÇW├ü fΓÇÖ ├▓go f├║n 
ß╗îl├í Rß║╣/i

    Here are the matching 
elements:

    Ignored nodes: comments, 
script, style
    [36m<h1>[39m
      [0m├Çw├í FΓÇÖ ├Ægo F├║n 
ß╗îl├í Rß║╣[0m
    [36m</h1>[39m

    Ignored nodes: comments, 
script, style
    [36m<div[39m
      [33mclass[39m=[32m"line 
"[39m
      [33mstyle[39m=[32m"margi
n-top: 0px; margin-bottom: 
1px;"[39m
    [36m>[39m
      [0m├ÇW├ü fΓÇÖ ├▓go f├║n 
ß╗îl├í Rß║╣,[0m
    [36m</div>[39m

    (If this is intentional, 
then use the `*AllBy*` variant 
of the query (like 
`queryAllByText`, 
`getAllByText`, or 
`findAllByText`)).

    Ignored nodes: comments, 
script, style
    [36m<body>[39m
      [36m<div>[39m
        [36m<div[39m
          [33mclass[39m=[32m"h
ymn-detail-page 
theme-undefined"[39m
        [36m>[39m
          [36m<div[39m
            [33mclass[39m=[32m
"header-top-row"[39m
          [36m>[39m
            [36m<div[39m
              [33mclass[39m=[3
2m"header-spacer"[39m
            [36m/>[39m
          [36m</div>[39m
          [36m<div[39m
            [33mclass[39m=[32m
"hymn-topic-section"[39m
          [36m>[39m
            [36m<h1>[39m
              [0m├Çw├í FΓÇÖ 
├Ægo F├║n ß╗îl├í Rß║╣[0m
            [36m</h1>[39m
            [36m<div[39m
              [33mclass[39m=[3
2m"hymn-topic"[39m
            [36m>[39m
              
[0m├îy├ás├¡m├¡mß╗ì╠ü[0m
            [36m</div>[39m
            [36m<div[39m
              [33mclass[39m=[3
2m"hymn-source"[39m
            [36m>[39m
              [0mYoruba Baptist 
Hymnal[0m
            [36m</div>[39m
          [36m</div>[39m
          [36m<div[39m
            [33mclass[39m=[32m
"hymn-content"[39m
          [36m>[39m
            [36m<div[39m
              [33mclass[39m=[3
2m"navigation-arrows"[39m
            [36m>[39m
              [36m<button[39m
                
[33mclass[39m=[32m"nav-arrow 
prev-arrow"[39m
              [36m>[39m
                [36m<span[39m
                  
[33mclass[39m=[32m"icon"[39m
                [36m>[39m
                  [0mΓåÉ[0m
                [36m</span>[39m
              [36m</button>[39m
              [36m<button[39m
                
[33mclass[39m=[32m"nav-arrow 
next-arrow"[39m
              [36m>[39m
                [36m<span[39m
                  
[33mclass[39m=[32m"icon"[39m
                [36m>[39m
                  [0mΓåÆ[0m
                [36m</span>[39m
              [36m</button>[39m
            [36m</div>[39m
            [36m<div[39m
              [33mclass[39m=[3
2m"floating-share"[39m
            [36m>[39m
              [36m<button[39m
                
[33maria-label[39m=[32m"P├¡n 
orin"[39m
                [33mclass[39m=
[32m"share-button"[39m
              [36m>[39m
                [36m<span[39m
                  
[33mclass[39m=[32m"icon"[39m
                [36m>[39m
                  [0mΓåù∩╕Å[0m
                [36m</span>[39m
              [36m</button>[39m
            [36m</div>[39m
            [36m<div[39m
              [33mclass[39m=[3
2m"metadata-box"[39m
            [36m>[39m
              [36m<div[39m
                [33mclass[39m=
[32m"metadata-item"[39m
              [36m>[39m
                [36m<span[39m
                  
[33mclass[39m=[32m"label"[39m
                [36m>[39m
                  
[0mNß╗ì╠ümb├á:[0m
                [36m</span>[39m
                [36m<span[39m
                  
[33mclass[39m=[32m"value"[39m
                [36m>[39m
                  [0mYBH400[0m
                [36m</span>[39m
              [36m</div>[39m
              [36m<div[39m
                [33mclass[39m=
[32m"metadata-item"[39m
              [36m>[39m
                [36m<span[39m
                  
[33mclass[39m=[32m"label"[39m
                [36m>[39m
                  
[0mOnkß╗ì╠Çw├⌐:[0m
                [36m</span>[39m
                [36m<span[39m
                  
[33mclass[39m=[32m"value"[39m
                [36m>[39m
                  [0mUnknown[0m
                [36m</span>[39m
              [36m</div>[39m
              [36m<div[39m
                [33mclass[39m=
[32m"metadata-item"[39m
              [36m>[39m
                [36m<span[39m
                  
[33mclass[39m=[32m"label"[39m
                [36m>[39m
                  
[0mAkß╗ì╠ümpose:[0m
                [36m</span>[39m
                [36m<span[39m
                  
[33mclass[39m=[32m"value"[39m
                [36m>[39m
                  [0mUnknown[0m
                [36m</span>[39m
              [36m</div>[39m
              [36m<div[39m
                [33mclass[39m=
[32m"metadata-item"[39m
              [36m>[39m
                [36m<span[39m
                  
[33mclass[39m=[32m"label"[39m
                [36m>[39m
                  [0mTune:[0m
                [36m</span>[39m
                [36m<span[39m
                  
[33mclass[39m=[32m"value"[39m
                [36m>[39m
                  [0mUnknown[0m
                [36m</span>[39m
              [36m</div>[39m
              [36m<div[39m
                [33mclass[39m=
[32m"metadata-item"[39m
              [36m>[39m
                [36m<span[39m
                  
[33mclass[39m=[32m"label"[39m
                [36m>[39m
                  [0mMeter:[0m
                [36m</span>[39m
                [36m<span[39m
                  
[33mclass[39m=[32m"value"[39m
                [36m>[39m
                  
[0m8.7.8.7.D.[0m
                [36m</span>[39m
              [36m</div>[39m
              [36m<div[39m
                [33mclass[39m=
[32m"metadata-item"[39m
              [36m>[39m
                [36m<span[39m
                  
[33mclass[39m=[32m"label"[39m
                [36m>[39m
                  [0mKey:[0m
                [36m</span>[39m
                [36m<span[39m
                  
[33mclass[39m=[32m"value"[39m
                [36m>[39m
                  [0mUnknown[0m
                [36m</span>[39m
              [36m</div>[39m
              [36m<div[39m
                [33mclass[39m=
[32m"metadata-item"[39m
              [36m>[39m
                [36m<span[39m
                  
[33mclass[39m=[32m"label"[39m
                [36m>[39m
                  
[0mß╗îd├║n:[0m
                [36m</span>[39m
                [36m<span[39m
                  
[33mclass[39m=[32m"value"[39m
                [36m>[39m
                  
[0mTraditional[0m
                [36m</span>[39m
              [36m</div>[39m
              [36m<div[39m
                [33mclass[39m=
[32m"metadata-item"[39m
                [33mdata-type[3
9m=[32m"scripture"[39m
              [36m>[39m
                [36m<span[39m
                  
[33mclass[39m=[32m"label"[39m
                [36m>[39m
                  [0m├îw├⌐ 
M├¡mß╗ì╠ü:[0m
                [36m</span>[39m
                [36m<span[39m
                  
[33mclass[39m=[32m"value"[39m
                [36m>[39m
                  [0mUnknown[0m
                [36m</span>[39m
              [36m</div>[39m
            [36m</div>[39m
            [36m<div[39m
              [33mclass[39m=[3
2m"lyrics"[39m
              [33mstyle[39m=[3
2m"user-select: text;"[39m
            [36m>[39m
              [36m<div[39m
                [33mclass[39m=
[32m"stanza-container"[39m
                [33mstyle[39m=
[32m"margin-top: 0px; 
margin-bottom: 0px;"[39m
              [36m>[39m
                [36m<div[39m
                  [33mclass[39m
=[32m"stanza"[39m
                  [33mstyle[39m
=[32m"margin-top: 0px; 
margin-bottom: 1px;"[39m
                [36m>[39m
                  [36m<div[39m
                    [33mclass[3
9m=[32m"music-signs "[39m
                  [36m>[39m
                    [0mf[0m
                  
[36m</div>[39m
                  [36m<div[39m
                    [33mclass[3
9m=[32m"stanza-number"[39m
                  [36m>[39m
                    [0m1.[0m
                  
[36m</div>[39m
                  [36m<div[39m
                    [33mclass[3
9m=[32m"stanza-text"[39m
                  [36m>[39m
                    
[36m<div[39m
                      
[33mclass[39m=[32m"line "[39m
                      [33mstyle
[39m=[32m"margin-top: 0px; 
margin-bottom: 1px;"[39m
    ...

    [0m [90m 31 |[39m
     [90m 32 |[39m             
[90m// Check title (ignoring 
case for flexibility)[39m
    [31m[1m>[22m[39m[90m 33 
|[39m             
[36mconst[39m titleElement 
[33m=[39m screen[33m.[39mgetB
yText([36mnew[39m [33mRegExp[
39m(title[33m,[39m 
[32m'i'[39m))[33m;[39m
     [90m    |[39m             
                            
[31m[1m^[22m[39m
     [90m 34 |[39m             
expect(titleElement)[33m.[39mto
BeInTheDocument()[33m;[39m
     [90m 35 |[39m
     [90m 36 |[39m             
[90m// Check for presence of 
"Yoruba Baptist Hymnal"[39m[0m

      at Object.getElementError (
node_modules/@testing-library/rea
ct/node_modules/@testing-library/
dom/dist/config.js:37:19)
      at getElementError (node_mo
dules/@testing-library/react/node
_modules/@testing-library/dom/dis
t/query-helpers.js:20:35)
      at 
getMultipleElementsFoundError (no
de_modules/@testing-library/react
/node_modules/@testing-library/do
m/dist/query-helpers.js:23:10)
      at node_modules/@testing-li
brary/react/node_modules/@testing
-library/dom/dist/query-helpers.j
s:55:13
      at getByText (node_modules/
@testing-library/react/node_modul
es/@testing-library/dom/dist/quer
y-helpers.js:95:19)
      at Object.<anonymous> (src/
components/VerifyYorubaHymns_341_
400.test.js:33:41)

  ΓùÅ YorubaHymnDetail 
Verification (Hymns 341-400) ΓÇ║ 
verifies specific content for 
hymn 400

    TestingLibraryElementError: 
Found multiple elements with the 
text: /├ÇW├ü fΓÇÖ ├▓go f├║n 
ß╗îl├í Rß║╣/i

    Here are the matching 
elements:

    Ignored nodes: comments, 
script, style
    [36m<h1>[39m
      [0m├Çw├í FΓÇÖ ├Ægo F├║n 
ß╗îl├í Rß║╣[0m
    [36m</h1>[39m

    Ignored nodes: comments, 
script, style
    [36m<div[39m
      [33mclass[39m=[32m"line 
"[39m
      [33mstyle[39m=[32m"margi
n-top: 0px; margin-bottom: 
1px;"[39m
    [36m>[39m
      [0m├ÇW├ü fΓÇÖ ├▓go f├║n 
ß╗îl├í Rß║╣,[0m
    [36m</div>[39m

    (If this is intentional, 
then use the `*AllBy*` variant 
of the query (like 
`queryAllByText`, 
`getAllByText`, or 
`findAllByText`)).

    Ignored nodes: comments, 
script, style
    [36m<body>[39m
      [36m<div>[39m
        [36m<div[39m
          [33mclass[39m=[32m"h
ymn-detail-page 
theme-undefined"[39m
        [36m>[39m
          [36m<div[39m
            [33mclass[39m=[32m
"header-top-row"[39m
          [36m>[39m
            [36m<div[39m
              [33mclass[39m=[3
2m"header-spacer"[39m
            [36m/>[39m
          [36m</div>[39m
          [36m<div[39m
            [33mclass[39m=[32m
"hymn-topic-section"[39m
          [36m>[39m
            [36m<h1>[39m
              [0m├Çw├í FΓÇÖ 
├Ægo F├║n ß╗îl├í Rß║╣[0m
            [36m</h1>[39m
            [36m<div[39m
              [33mclass[39m=[3
2m"hymn-topic"[39m
            [36m>[39m
              
[0m├îy├ás├¡m├¡mß╗ì╠ü[0m
            [36m</div>[39m
            [36m<div[39m
              [33mclass[39m=[3
2m"hymn-source"[39m
            [36m>[39m
              [0mYoruba Baptist 
Hymnal[0m
            [36m</div>[39m
          [36m</div>[39m
          [36m<div[39m
            [33mclass[39m=[32m
"hymn-content"[39m
          [36m>[39m
            [36m<div[39m
              [33mclass[39m=[3
2m"navigation-arrows"[39m
            [36m>[39m
              [36m<button[39m
                
[33mclass[39m=[32m"nav-arrow 
prev-arrow"[39m
              [36m>[39m
                [36m<span[39m
                  
[33mclass[39m=[32m"icon"[39m
                [36m>[39m
                  [0mΓåÉ[0m
                [36m</span>[39m
              [36m</button>[39m
              [36m<button[39m
                
[33mclass[39m=[32m"nav-arrow 
next-arrow"[39m
              [36m>[39m
                [36m<span[39m
                  
[33mclass[39m=[32m"icon"[39m
                [36m>[39m
                  [0mΓåÆ[0m
                [36m</span>[39m
              [36m</button>[39m
            [36m</div>[39m
            [36m<div[39m
              [33mclass[39m=[3
2m"floating-share"[39m
            [36m>[39m
              [36m<button[39m
                
[33maria-label[39m=[32m"P├¡n 
orin"[39m
                [33mclass[39m=
[32m"share-button"[39m
              [36m>[39m
                [36m<span[39m
                  
[33mclass[39m=[32m"icon"[39m
                [36m>[39m
                  [0mΓåù∩╕Å[0m
                [36m</span>[39m
              [36m</button>[39m
            [36m</div>[39m
            [36m<div[39m
              [33mclass[39m=[3
2m"metadata-box"[39m
            [36m>[39m
              [36m<div[39m
                [33mclass[39m=
[32m"metadata-item"[39m
              [36m>[39m
                [36m<span[39m
                  
[33mclass[39m=[32m"label"[39m
                [36m>[39m
                  
[0mNß╗ì╠ümb├á:[0m
                [36m</span>[39m
                [36m<span[39m
                  
[33mclass[39m=[32m"value"[39m
                [36m>[39m
                  [0mYBH400[0m
                [36m</span>[39m
              [36m</div>[39m
              [36m<div[39m
                [33mclass[39m=
[32m"metadata-item"[39m
              [36m>[39m
                [36m<span[39m
                  
[33mclass[39m=[32m"label"[39m
                [36m>[39m
                  
[0mOnkß╗ì╠Çw├⌐:[0m
                [36m</span>[39m
                [36m<span[39m
                  
[33mclass[39m=[32m"value"[39m
                [36m>[39m
                  [0mUnknown[0m
                [36m</span>[39m
              [36m</div>[39m
              [36m<div[39m
                [33mclass[39m=
[32m"metadata-item"[39m
              [36m>[39m
                [36m<span[39m
                  
[33mclass[39m=[32m"label"[39m
                [36m>[39m
                  
[0mAkß╗ì╠ümpose:[0m
                [36m</span>[39m
                [36m<span[39m
                  
[33mclass[39m=[32m"value"[39m
                [36m>[39m
                  [0mUnknown[0m
                [36m</span>[39m
              [36m</div>[39m
              [36m<div[39m
                [33mclass[39m=
[32m"metadata-item"[39m
              [36m>[39m
                [36m<span[39m
                  
[33mclass[39m=[32m"label"[39m
                [36m>[39m
                  [0mTune:[0m
                [36m</span>[39m
                [36m<span[39m
                  
[33mclass[39m=[32m"value"[39m
                [36m>[39m
                  [0mUnknown[0m
                [36m</span>[39m
              [36m</div>[39m
              [36m<div[39m
                [33mclass[39m=
[32m"metadata-item"[39m
              [36m>[39m
                [36m<span[39m
                  
[33mclass[39m=[32m"label"[39m
                [36m>[39m
                  [0mMeter:[0m
                [36m</span>[39m
                [36m<span[39m
                  
[33mclass[39m=[32m"value"[39m
                [36m>[39m
                  
[0m8.7.8.7.D.[0m
                [36m</span>[39m
              [36m</div>[39m
              [36m<div[39m
                [33mclass[39m=
[32m"metadata-item"[39m
              [36m>[39m
                [36m<span[39m
                  
[33mclass[39m=[32m"label"[39m
                [36m>[39m
                  [0mKey:[0m
                [36m</span>[39m
                [36m<span[39m
                  
[33mclass[39m=[32m"value"[39m
                [36m>[39m
                  [0mUnknown[0m
                [36m</span>[39m
              [36m</div>[39m
              [36m<div[39m
                [33mclass[39m=
[32m"metadata-item"[39m
              [36m>[39m
                [36m<span[39m
                  
[33mclass[39m=[32m"label"[39m
                [36m>[39m
                  
[0mß╗îd├║n:[0m
                [36m</span>[39m
                [36m<span[39m
                  
[33mclass[39m=[32m"value"[39m
                [36m>[39m
                  
[0mTraditional[0m
                [36m</span>[39m
              [36m</div>[39m
              [36m<div[39m
                [33mclass[39m=
[32m"metadata-item"[39m
                [33mdata-type[3
9m=[32m"scripture"[39m
              [36m>[39m
                [36m<span[39m
                  
[33mclass[39m=[32m"label"[39m
                [36m>[39m
                  [0m├îw├⌐ 
M├¡mß╗ì╠ü:[0m
                [36m</span>[39m
                [36m<span[39m
                  
[33mclass[39m=[32m"value"[39m
                [36m>[39m
                  [0mUnknown[0m
                [36m</span>[39m
              [36m</div>[39m
            [36m</div>[39m
            [36m<div[39m
              [33mclass[39m=[3
2m"lyrics"[39m
              [33mstyle[39m=[3
2m"user-select: text;"[39m
            [36m>[39m
              [36m<div[39m
                [33mclass[39m=
[32m"stanza-container"[39m
                [33mstyle[39m=
[32m"margin-top: 0px; 
margin-bottom: 0px;"[39m
              [36m>[39m
                [36m<div[39m
                  [33mclass[39m
=[32m"stanza"[39m
                  [33mstyle[39m
=[32m"margin-top: 0px; 
margin-bottom: 1px;"[39m
                [36m>[39m
                  [36m<div[39m
                    [33mclass[3
9m=[32m"music-signs "[39m
                  [36m>[39m
                    [0mf[0m
                  
[36m</div>[39m
                  [36m<div[39m
                    [33mclass[3
9m=[32m"stanza-number"[39m
                  [36m>[39m
                    [0m1.[0m
                  
[36m</div>[39m
                  [36m<div[39m
                    [33mclass[3
9m=[32m"stanza-text"[39m
                  [36m>[39m
                    
[36m<div[39m
                      
[33mclass[39m=[32m"line "[39m
                      [33mstyle
[39m=[32m"margin-top: 0px; 
margin-bottom: 1px;"[39m
    ...

    [0m [90m 55 |[39m     
test([32m'verifies specific 
content for hymn 
400'[39m[33m,[39m () 
[33m=>[39m {
     [90m 56 |[39m         rend
erHymn([32m'400'[39m)[33m;[39
m
    [31m[1m>[22m[39m[90m 57 
|[39m         expect(screen[33m
.[39mgetByText([35m/├ÇW├ü fΓÇÖ 
├▓go f├║n ß╗îl├í Rß║╣/i[39m))[3
3m.[39mtoBeInTheDocument()[33m;
[39m
     [90m    |[39m             
          [31m[1m^[22m[39m
     [90m 58 |[39m         expe
ct(screen[33m.[39mgetByText([3
5m/Ol├║wa ├¼gb├ál├á wa/i[39m))[
33m.[39mtoBeInTheDocument()[33m
;[39m
     [90m 59 |[39m     
})[33m;[39m
     [90m 60 |[39m 
})[33m;[39m[0m

      at Object.getElementError (
node_modules/@testing-library/rea
ct/node_modules/@testing-library/
dom/dist/config.js:37:19)
      at getElementError (node_mo
dules/@testing-library/react/node
_modules/@testing-library/dom/dis
t/query-helpers.js:20:35)
      at 
getMultipleElementsFoundError (no
de_modules/@testing-library/react
/node_modules/@testing-library/do
m/dist/query-helpers.js:23:10)
      at node_modules/@testing-li
brary/react/node_modules/@testing
-library/dom/dist/query-helpers.j
s:55:13
      at getByText (node_modules/
@testing-library/react/node_modul
es/@testing-library/dom/dist/quer
y-helpers.js:95:19)
      at Object.<anonymous> (src/
components/VerifyYorubaHymns_341_
400.test.js:57:23)


A worker process has failed to 
exit gracefully and has been 
force exited. This is likely 
caused by tests leaking due to 
improper teardown. Try running 
with --detectOpenHandles to find 
leaks. Active timers can also 
cause this, ensure that .unref() 
was called on them.
Test Suites: 1 failed, 1 total
Tests:       9 failed, 1 passed, 
10 total
Snapshots:   0 total
Time:        121.304 s
Ran all test suites matching /src
\\components\\VerifyYorubaHymns_3
41_400.test.js/i.
